[INFO] Scanning for projects...
[INFO]                                                                         
[INFO] ------------------------------------------------------------------------
[INFO] Building cert-examples 1.0-SNAPSHOT
[INFO] ------------------------------------------------------------------------
[INFO] 
[INFO] --- maven-clean-plugin:2.5:clean (default-clean) @ cert-examples ---
[INFO] Deleting e:\projects\open\branches\mkitchin\cert-examples\target
[INFO] 
[INFO] --- maven-resources-plugin:2.6:resources (default-resources) @ cert-examples ---
[WARNING] Using platform encoding (Cp1252 actually) to copy filtered resources, i.e. build is platform dependent!
[INFO] Copying 0 resource
[INFO] 
[INFO] --- maven-compiler-plugin:3.3:compile (default-compile) @ cert-examples ---
[INFO] Changes detected - recompiling the module!
[WARNING] File encoding has not been set, using platform encoding Cp1252, i.e. build is platform dependent!
[INFO] Compiling 7 source files to e:\projects\open\branches\mkitchin\cert-examples\target\classes
[INFO] /e:/projects/open/branches/mkitchin/cert-examples/src/main/java/com/opsysinc/learning/cert/examples/util/ReaderWriterBase.java: e:\projects\open\branches\mkitchin\cert-examples\src\main\java\com\opsysinc\learning\cert\examples\util\ReaderWriterBase.java uses unchecked or unsafe operations.
[INFO] /e:/projects/open/branches/mkitchin/cert-examples/src/main/java/com/opsysinc/learning/cert/examples/util/ReaderWriterBase.java: Recompile with -Xlint:unchecked for details.
[INFO] 
[INFO] --- maven-resources-plugin:2.6:testResources (default-testResources) @ cert-examples ---
[WARNING] Using platform encoding (Cp1252 actually) to copy filtered resources, i.e. build is platform dependent!
[INFO] skip non existing resourceDirectory e:\projects\open\branches\mkitchin\cert-examples\src\test\resources
[INFO] 
[INFO] --- maven-compiler-plugin:3.3:testCompile (default-testCompile) @ cert-examples ---
[INFO] Nothing to compile - all classes are up to date
[INFO] 
[INFO] --- maven-surefire-plugin:2.12.4:test (default-test) @ cert-examples ---
[INFO] No tests to run.
[INFO] 
[INFO] --- maven-jar-plugin:2.4:jar (default-jar) @ cert-examples ---
[INFO] Building jar: e:\projects\open\branches\mkitchin\cert-examples\target\cert-examples-1.0-SNAPSHOT.jar
[INFO] 
[INFO] --- maven-install-plugin:2.4:install (default-install) @ cert-examples ---
[INFO] Installing e:\projects\open\branches\mkitchin\cert-examples\target\cert-examples-1.0-SNAPSHOT.jar to C:\Users\Michael\.m2\repository\com\opsysinc\learning\cert-examples\1.0-SNAPSHOT\cert-examples-1.0-SNAPSHOT.jar
[INFO] Installing e:\projects\open\branches\mkitchin\cert-examples\pom.xml to C:\Users\Michael\.m2\repository\com\opsysinc\learning\cert-examples\1.0-SNAPSHOT\cert-examples-1.0-SNAPSHOT.pom
[INFO] 
[INFO] --- exec-maven-plugin:1.4.0:java (default-cli) @ cert-examples ---

VNA00J: Non-Compliant.

Executing 200 tests...
OOO / Test #4 / 1439449709709 / readers=[0, 0, 0, 0, 0, 0, 0, 0, 0, 0] / writers=[1]
OOO / Test #14 / 1439449709709 / readers=[2, 2, 2, 2, 2, 2, 2, 2, 2, 1] / writers=[2]
OOO / Test #2 / 1439449709709 / readers=[2, 2, 2, 2, 2, 2, 2, 2, 2, 1] / writers=[2]
OOO / Test #14 / 1439449709709 / readers=[3, 3, 3, 3, 3, 3, 3, 3, 2, 2] / writers=[3]
OOO / Test #2 / 1439449709709 / readers=[3, 2, 3, 3, 3, 3, 3, 3, 3, 2] / writers=[3]
OOO / Test #14 / 1439449709709 / readers=[3, 4, 4, 4, 4, 4, 4, 4, 3, 3] / writers=[4]
OOO / Test #2 / 1439449709710 / readers=[4, 3, 4, 4, 4, 4, 4, 4, 4, 3] / writers=[4]
OOO / Test #14 / 1439449709710 / readers=[4, 5, 5, 5, 5, 5, 5, 4, 4, 4] / writers=[5]
OOO / Test #4 / 1439449709710 / readers=[3, 3, 3, 3, 3, 3, 3, 3, 2, 3] / writers=[3]
OOO / Test #3 / 1439449709710 / readers=[2, 2, 2, 2, 2, 2, 2, 2, 2, 1] / writers=[2]
OOO / Test #11 / 1439449709710 / readers=[2, 2, 2, 2, 2, 2, 2, 2, 2, 1] / writers=[2]
OOO / Test #5 / 1439449709710 / readers=[2, 2, 2, 2, 2, 2, 2, 2, 2, 1] / writers=[2]
OOO / Test #2 / 1439449709710 / readers=[5, 4, 5, 5, 5, 5, 5, 5, 4, 4] / writers=[5]
OOO / Test #14 / 1439449709710 / readers=[5, 6, 6, 6, 6, 6, 5, 5, 5, 5] / writers=[6]
OOO / Test #6 / 1439449709710 / readers=[2, 2, 2, 2, 2, 2, 2, 2, 2, 1] / writers=[2]
OOO / Test #4 / 1439449709710 / readers=[4, 4, 4, 4, 4, 4, 4, 3, 3, 4] / writers=[4]
OOO / Test #12 / 1439449709710 / readers=[2, 2, 2, 2, 2, 2, 2, 2, 2, 1] / writers=[2]
OOO / Test #11 / 1439449709710 / readers=[3, 3, 3, 3, 3, 3, 3, 3, 2, 2] / writers=[3]
OOO / Test #3 / 1439449709710 / readers=[3, 3, 3, 3, 3, 3, 3, 3, 2, 2] / writers=[3]
OOO / Test #5 / 1439449709710 / readers=[3, 3, 3, 3, 3, 3, 3, 3, 2, 2] / writers=[3]
OOO / Test #14 / 1439449709710 / readers=[6, 7, 7, 7, 7, 6, 6, 6, 6, 6] / writers=[7]
OOO / Test #2 / 1439449709710 / readers=[6, 5, 6, 6, 6, 6, 6, 5, 5, 5] / writers=[6]
OOO / Test #6 / 1439449709710 / readers=[3, 3, 3, 3, 3, 3, 3, 3, 2, 2] / writers=[3]
OOO / Test #4 / 1439449709711 / readers=[5, 5, 5, 5, 5, 5, 4, 4, 4, 5] / writers=[5]
OOO / Test #12 / 1439449709711 / readers=[3, 3, 3, 3, 3, 3, 3, 3, 2, 2] / writers=[3]
OOO / Test #11 / 1439449709711 / readers=[4, 4, 4, 4, 4, 4, 4, 3, 3, 3] / writers=[4]
OOO / Test #14 / 1439449709711 / readers=[7, 8, 8, 8, 7, 7, 7, 7, 7, 7] / writers=[8]
OOO / Test #5 / 1439449709711 / readers=[4, 4, 4, 4, 4, 4, 4, 3, 3, 3] / writers=[4]
OOO / Test #3 / 1439449709711 / readers=[4, 4, 4, 4, 4, 4, 4, 3, 3, 3] / writers=[4]
OOO / Test #2 / 1439449709711 / readers=[7, 6, 7, 7, 7, 7, 6, 6, 6, 6] / writers=[7]
OOO / Test #6 / 1439449709711 / readers=[4, 4, 4, 4, 4, 4, 4, 3, 3, 3] / writers=[4]
OOO / Test #4 / 1439449709711 / readers=[6, 6, 6, 6, 6, 5, 5, 5, 5, 6] / writers=[6]
OOO / Test #8 / 1439449709711 / readers=[2, 2, 2, 2, 2, 2, 2, 2, 2, 1] / writers=[2]
OOO / Test #12 / 1439449709711 / readers=[4, 4, 4, 4, 4, 4, 4, 3, 3, 3] / writers=[4]
OOO / Test #11 / 1439449709711 / readers=[5, 5, 5, 5, 5, 5, 4, 4, 4, 4] / writers=[5]
OOO / Test #5 / 1439449709711 / readers=[5, 5, 5, 5, 5, 5, 4, 4, 4, 4] / writers=[5]
OOO / Test #13 / 1439449709711 / readers=[2, 2, 2, 2, 2, 2, 2, 2, 2, 1] / writers=[2]
OOO / Test #14 / 1439449709711 / readers=[8, 9, 9, 8, 8, 8, 8, 8, 8, 8] / writers=[9]
OOO / Test #3 / 1439449709711 / readers=[5, 5, 5, 5, 5, 5, 4, 4, 4, 4] / writers=[5]
OOO / Test #2 / 1439449709711 / readers=[8, 7, 8, 8, 8, 8, 7, 7, 7, 7] / writers=[8]
OOO / Test #12 / 1439449709711 / readers=[5, 5, 5, 5, 5, 5, 4, 4, 4, 4] / writers=[5]
OOO / Test #6 / 1439449709712 / readers=[5, 5, 5, 5, 5, 5, 4, 4, 4, 4] / writers=[5]
OOO / Test #8 / 1439449709712 / readers=[3, 3, 3, 3, 3, 3, 3, 3, 2, 2] / writers=[3]
OOO / Test #4 / 1439449709712 / readers=[7, 7, 7, 7, 6, 6, 6, 6, 6, 7] / writers=[7]
OOO / Test #5 / 1439449709712 / readers=[6, 6, 6, 6, 6, 5, 5, 5, 5, 5] / writers=[6]
OOO / Test #11 / 1439449709712 / readers=[6, 6, 6, 6, 6, 5, 5, 5, 5, 5] / writers=[6]
OOO / Test #3 / 1439449709712 / readers=[6, 6, 6, 6, 6, 5, 5, 5, 5, 5] / writers=[6]
OOO / Test #13 / 1439449709712 / readers=[3, 3, 3, 3, 3, 3, 3, 3, 2, 2] / writers=[3]
OOO / Test #14 / 1439449709712 / readers=[9, 10, 9, 9, 9, 9, 9, 9, 9, 9] / writers=[10]
OOO / Test #2 / 1439449709712 / readers=[9, 8, 9, 9, 9, 8, 8, 8, 8, 8] / writers=[9]
OOO / Test #14 / 1439449709728 / readers=[10, 10, 10, 10, 10, 10, 10, 10, 10, 10] / writers=[11]
OOO / Test #3 / 1439449709728 / readers=[7, 7, 7, 7, 6, 6, 6, 6, 6, 6] / writers=[7]
OOO / Test #13 / 1439449709728 / readers=[4, 4, 4, 4, 4, 4, 4, 3, 3, 3] / writers=[4]
OOO / Test #11 / 1439449709728 / readers=[7, 7, 7, 7, 6, 6, 6, 6, 6, 6] / writers=[7]
OOO / Test #5 / 1439449709728 / readers=[7, 7, 7, 7, 6, 6, 6, 6, 6, 6] / writers=[7]
OOO / Test #4 / 1439449709728 / readers=[8, 8, 8, 7, 7, 7, 7, 7, 7, 8] / writers=[8]
OOO / Test #13 / 1439449709728 / readers=[4, 5, 5, 5, 5, 5, 5, 4, 4, 4] / writers=[5]
OOO / Test #5 / 1439449709728 / readers=[7, 8, 8, 8, 7, 7, 7, 7, 7, 7] / writers=[8]
OOO / Test #6 / 1439449709728 / readers=[6, 6, 6, 6, 6, 5, 5, 5, 5, 5] / writers=[6]
OOO / Test #14 / 1439449709728 / readers=[13, 13, 13, 13, 13, 13, 13, 13, 13, 12] / writers=[13]
OOO / Test #9 / 1439449709728 / readers=[2, 2, 2, 2, 2, 2, 2, 2, 2, 1] / writers=[2]
OOO / Test #12 / 1439449709728 / readers=[6, 6, 6, 6, 6, 5, 5, 5, 5, 5] / writers=[6]
OOO / Test #8 / 1439449709728 / readers=[4, 4, 4, 4, 4, 4, 4, 3, 3, 3] / writers=[4]
OOO / Test #3 / 1439449709729 / readers=[8, 9, 9, 9, 9, 9, 9, 9, 9, 9] / writers=[9]
OOO / Test #11 / 1439449709729 / readers=[8, 9, 9, 9, 9, 9, 9, 9, 9, 9] / writers=[9]
OOO / Test #5 / 1439449709729 / readers=[8, 8, 9, 9, 8, 8, 8, 8, 8, 8] / writers=[9]
OOO / Test #13 / 1439449709729 / readers=[5, 5, 6, 6, 6, 6, 6, 5, 5, 5] / writers=[6]
OOO / Test #12 / 1439449709729 / readers=[7, 7, 7, 7, 6, 6, 6, 6, 6, 6] / writers=[7]
OOO / Test #6 / 1439449709729 / readers=[6, 7, 7, 7, 7, 6, 6, 6, 6, 6] / writers=[7]
OOO / Test #4 / 1439449709729 / readers=[9, 9, 9, 8, 8, 8, 8, 8, 8, 8] / writers=[9]
OOO / Test #15 / 1439449709730 / readers=[2, 2, 2, 2, 2, 2, 2, 2, 2, 1] / writers=[2]
OOO / Test #14 / 1439449709730 / readers=[14, 14, 14, 14, 14, 14, 14, 14, 13, 13] / writers=[14]
OOO / Test #9 / 1439449709730 / readers=[2, 3, 3, 3, 3, 3, 3, 3, 3, 2] / writers=[3]
OOO / Test #8 / 1439449709730 / readers=[5, 4, 5, 5, 5, 5, 5, 4, 4, 4] / writers=[5]
OOO / Test #3 / 1439449709730 / readers=[9, 9, 10, 10, 10, 10, 10, 10, 10, 10] / writers=[10]
OOO / Test #11 / 1439449709730 / readers=[9, 9, 10, 10, 10, 10, 10, 10, 10, 10] / writers=[10]
OOO / Test #13 / 1439449709730 / readers=[6, 6, 6, 7, 7, 7, 7, 6, 6, 6] / writers=[7]
OOO / Test #12 / 1439449709730 / readers=[8, 7, 8, 8, 7, 7, 7, 7, 7, 7] / writers=[8]
OOO / Test #5 / 1439449709730 / readers=[9, 9, 9, 10, 9, 9, 9, 9, 9, 9] / writers=[10]
OOO / Test #6 / 1439449709730 / readers=[7, 7, 8, 8, 8, 7, 7, 7, 7, 7] / writers=[8]
OOO / Test #15 / 1439449709730 / readers=[3, 3, 3, 3, 3, 3, 3, 3, 2, 2] / writers=[3]
OOO / Test #4 / 1439449709730 / readers=[9, 10, 10, 9, 9, 9, 9, 9, 9, 9] / writers=[10]
OOO / Test #14 / 1439449709731 / readers=[14, 15, 15, 15, 15, 15, 15, 15, 14, 14] / writers=[15]
OOO / Test #8 / 1439449709731 / readers=[6, 5, 5, 6, 6, 6, 6, 5, 5, 5] / writers=[6]
OOO / Test #9 / 1439449709731 / readers=[3, 3, 4, 4, 4, 4, 4, 4, 4, 3] / writers=[4]
OOO / Test #11 / 1439449709731 / readers=[10, 10, 10, 11, 11, 11, 11, 11, 11, 11] / writers=[11]
OOO / Test #13 / 1439449709731 / readers=[7, 7, 7, 7, 8, 8, 8, 7, 7, 7] / writers=[8]
OOO / Test #5 / 1439449709731 / readers=[10, 10, 10, 10, 10, 10, 10, 10, 10, 10] / writers=[11]
OOO / Test #3 / 1439449709731 / readers=[10, 10, 10, 11, 11, 11, 11, 11, 11, 11] / writers=[11]
OOO / Test #12 / 1439449709731 / readers=[9, 8, 9, 8, 8, 8, 8, 8, 8, 8] / writers=[9]
OOO / Test #4 / 1439449709731 / readers=[10, 10, 11, 10, 10, 10, 10, 10, 10, 10] / writers=[11]
OOO / Test #6 / 1439449709731 / readers=[8, 8, 8, 9, 9, 8, 8, 8, 8, 8] / writers=[9]
OOO / Test #15 / 1439449709731 / readers=[4, 4, 4, 4, 4, 4, 4, 3, 3, 3] / writers=[4]
OOO / Test #14 / 1439449709731 / readers=[15, 16, 16, 16, 16, 16, 16, 15, 15, 15] / writers=[16]
OOO / Test #11 / 1439449709731 / readers=[11, 11, 11, 11, 12, 12, 12, 12, 12, 12] / writers=[12]
OOO / Test #13 / 1439449709731 / readers=[8, 8, 8, 8, 8, 9, 9, 8, 8, 8] / writers=[9]
OOO / Test #8 / 1439449709731 / readers=[7, 6, 6, 6, 7, 7, 7, 6, 6, 6] / writers=[7]
OOO / Test #9 / 1439449709731 / readers=[4, 4, 4, 5, 5, 5, 5, 5, 5, 4] / writers=[5]
OOO / Test #12 / 1439449709731 / readers=[10, 9, 9, 9, 9, 9, 9, 9, 9, 9] / writers=[10]
OOO / Test #4 / 1439449709732 / readers=[11, 11, 11, 11, 11, 11, 11, 11, 11, 11] / writers=[12]
OOO / Test #3 / 1439449709732 / readers=[11, 11, 11, 11, 12, 12, 12, 12, 12, 12] / writers=[12]
OOO / Test #6 / 1439449709732 / readers=[9, 9, 9, 9, 10, 9, 9, 9, 9, 9] / writers=[10]
OOO / Test #15 / 1439449709732 / readers=[5, 5, 5, 5, 5, 5, 4, 4, 4, 4] / writers=[5]
OOO / Test #5 / 1439449709732 / readers=[13, 13, 13, 13, 13, 13, 13, 13, 12, 13] / writers=[13]
OOO / Test #14 / 1439449709732 / readers=[16, 17, 17, 17, 17, 17, 16, 16, 16, 16] / writers=[17]
OOO / Test #9 / 1439449709732 / readers=[5, 5, 5, 5, 6, 6, 6, 6, 6, 5] / writers=[6]
OOO / Test #11 / 1439449709732 / readers=[12, 12, 12, 12, 13, 13, 13, 13, 13, 12] / writers=[13]
OOO / Test #8 / 1439449709732 / readers=[8, 7, 7, 7, 7, 8, 8, 7, 7, 7] / writers=[8]
OOO / Test #12 / 1439449709732 / readers=[10, 10, 10, 10, 10, 10, 10, 10, 10, 10] / writers=[11]
OOO / Test #13 / 1439449709732 / readers=[9, 9, 9, 9, 9, 9, 10, 9, 9, 9] / writers=[10]
OOO / Test #3 / 1439449709732 / readers=[12, 12, 12, 12, 13, 13, 13, 13, 13, 12] / writers=[13]
OOO / Test #6 / 1439449709732 / readers=[10, 10, 10, 10, 10, 10, 10, 10, 10, 10] / writers=[11]
OOO / Test #15 / 1439449709733 / readers=[6, 6, 6, 6, 6, 5, 5, 5, 5, 5] / writers=[6]
OOO / Test #5 / 1439449709733 / readers=[14, 14, 14, 14, 14, 14, 14, 13, 13, 14] / writers=[14]
OOO / Test #11 / 1439449709733 / readers=[13, 13, 13, 13, 14, 14, 14, 14, 13, 13] / writers=[14]
OOO / Test #9 / 1439449709733 / readers=[6, 6, 6, 6, 6, 7, 7, 7, 7, 6] / writers=[7]
OOO / Test #14 / 1439449709733 / readers=[17, 18, 18, 18, 18, 17, 17, 17, 17, 17] / writers=[18]
OOO / Test #4 / 1439449709733 / readers=[14, 14, 14, 14, 14, 14, 14, 14, 13, 14] / writers=[14]
OOO / Test #13 / 1439449709733 / readers=[10, 10, 10, 10, 10, 10, 10, 10, 10, 10] / writers=[11]
OOO / Test #8 / 1439449709733 / readers=[9, 8, 8, 8, 8, 8, 9, 8, 8, 8] / writers=[9]
OOO / Test #3 / 1439449709733 / readers=[13, 13, 13, 13, 14, 14, 14, 14, 13, 13] / writers=[14]
OOO / Test #15 / 1439449709733 / readers=[7, 7, 7, 7, 6, 6, 6, 6, 6, 6] / writers=[7]
OOO / Test #11 / 1439449709734 / readers=[14, 14, 14, 14, 15, 15, 15, 14, 14, 14] / writers=[15]
OOO / Test #9 / 1439449709734 / readers=[7, 7, 7, 7, 7, 7, 8, 8, 8, 7] / writers=[8]
OOO / Test #5 / 1439449709734 / readers=[15, 15, 15, 15, 15, 15, 14, 14, 14, 15] / writers=[15]
OOO / Test #25 / 1439449709734 / readers=[0, 0, 0, 0, 0, 0, 0, 0, 0, 0] / writers=[1]
OOO / Test #14 / 1439449709735 / readers=[18, 19, 19, 19, 18, 18, 18, 18, 18, 18] / writers=[19]
OOO / Test #12 / 1439449709736 / readers=[13, 13, 13, 13, 13, 13, 13, 13, 13, 12] / writers=[13]
OOO / Test #8 / 1439449709737 / readers=[10, 9, 9, 9, 9, 9, 9, 9, 9, 9] / writers=[10]
OOO / Test #6 / 1439449709737 / readers=[13, 13, 13, 13, 13, 13, 13, 13, 13, 12] / writers=[13]
OOO / Test #5 / 1439449709737 / readers=[16, 16, 16, 16, 16, 15, 15, 15, 15, 16] / writers=[16]
OOO / Test #4 / 1439449709737 / readers=[15, 15, 15, 15, 15, 15, 15, 14, 14, 15] / writers=[15]
OOO / Test #11 / 1439449709737 / readers=[15, 15, 15, 15, 16, 16, 15, 15, 15, 15] / writers=[16]
OOO / Test #3 / 1439449709737 / readers=[14, 14, 14, 14, 15, 15, 15, 14, 14, 14] / writers=[15]
OOO / Test #15 / 1439449709737 / readers=[8, 8, 8, 7, 7, 7, 7, 7, 7, 7] / writers=[8]
OOO / Test #21 / 1439449709737 / readers=[2, 2, 2, 2, 2, 2, 2, 2, 2, 1] / writers=[2]
OOO / Test #9 / 1439449709738 / readers=[8, 8, 8, 8, 8, 8, 8, 9, 9, 8] / writers=[9]
OOO / Test #21 / 1439449709738 / readers=[3, 3, 3, 3, 3, 3, 3, 3, 2, 2] / writers=[3]
OOO / Test #13 / 1439449709738 / readers=[13, 13, 13, 13, 13, 13, 13, 13, 13, 12] / writers=[13]
OOO / Test #14 / 1439449709738 / readers=[19, 20, 20, 19, 19, 19, 19, 19, 19, 19] / writers=[20]
OOO / Test #12 / 1439449709738 / readers=[14, 14, 14, 14, 14, 14, 14, 14, 13, 13] / writers=[14]
OOO / Test #11 / 1439449709738 / readers=[16, 16, 16, 16, 17, 16, 16, 16, 16, 16] / writers=[17]
OOO / Test #6 / 1439449709738 / readers=[14, 14, 14, 14, 14, 14, 14, 14, 13, 13] / writers=[14]
OOO / Test #8 / 1439449709739 / readers=[10, 10, 10, 10, 10, 10, 10, 10, 10, 10] / writers=[11]
OOO / Test #5 / 1439449709739 / readers=[17, 17, 17, 17, 17, 16, 16, 16, 16, 16] / writers=[17]
OOO / Test #9 / 1439449709739 / readers=[9, 9, 9, 9, 9, 9, 9, 9, 10, 9] / writers=[10]
OOO / Test #4 / 1439449709739 / readers=[16, 16, 16, 16, 16, 16, 15, 15, 15, 16] / writers=[16]
OOO / Test #3 / 1439449709739 / readers=[15, 15, 15, 15, 16, 16, 15, 15, 15, 15] / writers=[16]
OOO / Test #25 / 1439449709739 / readers=[3, 3, 3, 3, 3, 3, 3, 3, 3, 2] / writers=[3]
OOO / Test #6 / 1439449709739 / readers=[15, 15, 15, 15, 15, 15, 15, 14, 14, 14] / writers=[15]
OOO / Test #15 / 1439449709740 / readers=[9, 9, 8, 8, 8, 8, 8, 8, 8, 8] / writers=[9]
OOO / Test #21 / 1439449709740 / readers=[4, 4, 4, 4, 4, 4, 4, 3, 3, 3] / writers=[4]
OOO / Test #13 / 1439449709740 / readers=[14, 14, 14, 14, 14, 14, 14, 14, 13, 13] / writers=[14]
OOO / Test #11 / 1439449709740 / readers=[17, 17, 17, 17, 17, 17, 17, 17, 17, 17] / writers=[18]
OOO / Test #14 / 1439449709740 / readers=[20, 21, 20, 20, 20, 20, 20, 20, 20, 20] / writers=[21]
OOO / Test #12 / 1439449709740 / readers=[15, 15, 15, 15, 15, 15, 15, 14, 14, 14] / writers=[15]
OOO / Test #9 / 1439449709740 / readers=[10, 10, 10, 10, 10, 10, 10, 10, 10, 10] / writers=[11]
OOO / Test #5 / 1439449709740 / readers=[18, 18, 18, 18, 17, 17, 17, 17, 17, 17] / writers=[18]
OOO / Test #13 / 1439449709741 / readers=[15, 15, 15, 15, 15, 15, 15, 14, 14, 14] / writers=[15]
OOO / Test #14 / 1439449709741 / readers=[21, 21, 21, 21, 21, 21, 21, 21, 21, 21] / writers=[22]
OOO / Test #5 / 1439449709741 / readers=[18, 19, 19, 19, 18, 18, 18, 18, 18, 18] / writers=[19]
OOO / Test #13 / 1439449709741 / readers=[15, 16, 16, 16, 16, 16, 16, 15, 15, 15] / writers=[16]
OOO / Test #6 / 1439449709759 / readers=[16, 16, 16, 16, 16, 16, 15, 15, 15, 15] / writers=[16]
OOO / Test #3 / 1439449709760 / readers=[16, 16, 16, 16, 17, 16, 16, 16, 16, 16] / writers=[17]
OOO / Test #15 / 1439449709759 / readers=[10, 9, 9, 9, 9, 9, 9, 9, 9, 9] / writers=[10]
OOO / Test #25 / 1439449709760 / readers=[4, 4, 4, 4, 4, 4, 4, 3, 4, 3] / writers=[4]
OOO / Test #12 / 1439449709759 / readers=[16, 16, 16, 16, 16, 16, 15, 15, 15, 15] / writers=[16]
OOO / Test #9 / 1439449709760 / readers=[13, 13, 13, 13, 13, 13, 13, 13, 13, 12] / writers=[13]
OOO / Test #4 / 1439449709760 / readers=[17, 17, 17, 17, 17, 16, 16, 16, 16, 17] / writers=[17]
OOO / Test #21 / 1439449709760 / readers=[5, 5, 5, 5, 5, 5, 4, 4, 4, 4] / writers=[5]
OOO / Test #7 / 1439449709760 / readers=[0, 1, 1, 1, 1, 1, 1, 1, 1, 1] / writers=[1]
OOO / Test #6 / 1439449709760 / readers=[17, 17, 17, 17, 17, 16, 16, 16, 16, 16] / writers=[17]
OOO / Test #8 / 1439449709760 / readers=[13, 13, 13, 13, 13, 13, 13, 13, 13, 12] / writers=[13]
OOO / Test #18 / 1439449709760 / readers=[2, 2, 2, 2, 2, 2, 2, 2, 1, 2] / writers=[2]
OOO / Test #25 / 1439449709760 / readers=[5, 5, 5, 4, 5, 5, 5, 4, 5, 4] / writers=[5]
OOO / Test #3 / 1439449709760 / readers=[17, 17, 17, 17, 17, 17, 17, 17, 17, 17] / writers=[18]
OOO / Test #12 / 1439449709761 / readers=[17, 17, 17, 17, 17, 16, 16, 16, 16, 16] / writers=[17]
OOO / Test #11 / 1439449709741 / readers=[19, 20, 20, 20, 20, 20, 20, 20, 20, 20] / writers=[20]
OOO / Test #24 / 1439449709760 / readers=[0, 0, 0, 0, 0, 0, 0, 1, 1, 0] / writers=[1]
OOO / Test #16 / 1439449709761 / readers=[2, 2, 2, 2, 2, 2, 2, 2, 2, 1] / writers=[2]
OOO / Test #5 / 1439449709741 / readers=[19, 19, 20, 20, 19, 19, 19, 19, 19, 19] / writers=[20]
OOO / Test #15 / 1439449709761 / readers=[11, 12, 12, 12, 12, 12, 12, 12, 12, 12] / writers=[12]
OOO / Test #21 / 1439449709761 / readers=[6, 6, 6, 5, 6, 6, 5, 5, 5, 5] / writers=[6]
OOO / Test #17 / 1439449709761 / readers=[2, 2, 2, 2, 2, 2, 2, 2, 2, 1] / writers=[2]
OOO / Test #25 / 1439449709761 / readers=[6, 6, 6, 5, 5, 6, 6, 5, 6, 5] / writers=[6]
OOO / Test #12 / 1439449709761 / readers=[18, 18, 18, 18, 17, 17, 17, 17, 17, 17] / writers=[18]
OOO / Test #9 / 1439449709760 / readers=[13, 14, 14, 14, 14, 14, 14, 14, 14, 13] / writers=[14]
OOO / Test #16 / 1439449709761 / readers=[3, 3, 3, 3, 3, 3, 3, 3, 2, 2] / writers=[3]
OOO / Test #18 / 1439449709761 / readers=[3, 3, 3, 3, 3, 3, 3, 3, 2, 2] / writers=[3]
OOO / Test #15 / 1439449709761 / readers=[12, 13, 13, 13, 13, 13, 13, 13, 13, 12] / writers=[13]
OOO / Test #6 / 1439449709761 / readers=[17, 18, 18, 18, 18, 17, 17, 17, 17, 17] / writers=[18]
OOO / Test #7 / 1439449709761 / readers=[1, 2, 2, 2, 2, 2, 2, 2, 2, 1] / writers=[2]
OOO / Test #3 / 1439449709762 / readers=[19, 20, 20, 20, 20, 20, 20, 20, 20, 20] / writers=[20]
OOO / Test #8 / 1439449709761 / readers=[14, 14, 14, 14, 14, 14, 14, 13, 14, 13] / writers=[14]
OOO / Test #4 / 1439449709761 / readers=[18, 18, 18, 18, 17, 17, 17, 17, 17, 18] / writers=[18]
OOO / Test #18 / 1439449709762 / readers=[4, 4, 4, 4, 4, 4, 4, 3, 3, 3] / writers=[4]
OOO / Test #16 / 1439449709762 / readers=[4, 4, 4, 4, 4, 4, 4, 3, 3, 3] / writers=[4]
OOO / Test #9 / 1439449709762 / readers=[14, 14, 15, 15, 15, 15, 15, 15, 15, 14] / writers=[15]
OOO / Test #12 / 1439449709762 / readers=[19, 18, 19, 19, 18, 18, 18, 18, 18, 18] / writers=[19]
OOO / Test #6 / 1439449709762 / readers=[18, 18, 19, 19, 19, 18, 18, 18, 18, 18] / writers=[19]
OOO / Test #25 / 1439449709762 / readers=[7, 7, 7, 6, 6, 6, 7, 6, 7, 6] / writers=[7]
OOO / Test #17 / 1439449709762 / readers=[3, 3, 3, 3, 3, 3, 3, 3, 2, 2] / writers=[3]
OOO / Test #3 / 1439449709762 / readers=[20, 20, 21, 21, 21, 21, 21, 21, 21, 21] / writers=[21]
OOO / Test #8 / 1439449709762 / readers=[15, 15, 15, 15, 15, 15, 15, 14, 14, 14] / writers=[15]
OOO / Test #16 / 1439449709762 / readers=[5, 5, 5, 5, 5, 5, 4, 4, 4, 4] / writers=[5]
OOO / Test #18 / 1439449709762 / readers=[5, 5, 5, 5, 5, 5, 4, 4, 4, 4] / writers=[5]
OOO / Test #21 / 1439449709761 / readers=[7, 7, 7, 6, 6, 7, 6, 6, 6, 6] / writers=[7]
OOO / Test #11 / 1439449709761 / readers=[20, 20, 21, 21, 21, 21, 21, 21, 21, 21] / writers=[21]
OOO / Test #17 / 1439449709763 / readers=[4, 4, 4, 4, 4, 4, 4, 3, 3, 3] / writers=[4]
OOO / Test #5 / 1439449709761 / readers=[20, 20, 21, 21, 20, 20, 20, 20, 20, 20] / writers=[21]
OOO / Test #25 / 1439449709763 / readers=[8, 8, 8, 7, 7, 7, 7, 7, 8, 7] / writers=[8]
OOO / Test #3 / 1439449709763 / readers=[21, 21, 21, 22, 22, 22, 22, 22, 22, 22] / writers=[22]
OOO / Test #16 / 1439449709763 / readers=[6, 6, 6, 6, 6, 5, 5, 5, 5, 5] / writers=[6]
OOO / Test #6 / 1439449709763 / readers=[19, 19, 19, 20, 20, 19, 19, 19, 19, 19] / writers=[20]
OOO / Test #9 / 1439449709763 / readers=[15, 15, 15, 16, 16, 16, 16, 16, 16, 15] / writers=[16]
OOO / Test #12 / 1439449709762 / readers=[20, 19, 20, 19, 19, 19, 19, 19, 19, 19] / writers=[20]
OOO / Test #5 / 1439449709763 / readers=[21, 21, 21, 22, 21, 21, 21, 21, 21, 21] / writers=[22]
OOO / Test #11 / 1439449709763 / readers=[21, 21, 21, 22, 22, 22, 22, 22, 22, 22] / writers=[22]
OOO / Test #4 / 1439449709762 / readers=[19, 19, 19, 18, 18, 18, 18, 18, 18, 19] / writers=[19]
OOO / Test #17 / 1439449709764 / readers=[5, 5, 5, 5, 5, 5, 4, 4, 4, 4] / writers=[5]
OOO / Test #7 / 1439449709762 / readers=[2, 3, 3, 3, 3, 3, 3, 3, 2, 2] / writers=[3]
OOO / Test #15 / 1439449709762 / readers=[13, 14, 14, 14, 14, 14, 14, 14, 13, 13] / writers=[14]
OOO / Test #25 / 1439449709764 / readers=[9, 9, 8, 8, 8, 8, 8, 8, 9, 8] / writers=[9]
OOO / Test #3 / 1439449709764 / readers=[22, 22, 22, 22, 23, 23, 23, 23, 23, 23] / writers=[23]
OOO / Test #6 / 1439449709764 / readers=[20, 20, 20, 20, 21, 20, 20, 20, 20, 20] / writers=[21]
OOO / Test #21 / 1439449709763 / readers=[8, 8, 8, 7, 7, 7, 7, 7, 7, 7] / writers=[8]
OOO / Test #18 / 1439449709763 / readers=[6, 6, 6, 6, 6, 5, 5, 5, 5, 5] / writers=[6]
OOO / Test #8 / 1439449709763 / readers=[16, 15, 16, 16, 16, 16, 16, 15, 15, 15] / writers=[16]
OOO / Test #12 / 1439449709764 / readers=[21, 20, 20, 20, 20, 20, 20, 20, 20, 20] / writers=[21]
OOO / Test #4 / 1439449709764 / readers=[20, 20, 20, 19, 19, 19, 19, 19, 19, 19] / writers=[20]
OOO / Test #9 / 1439449709764 / readers=[16, 16, 16, 16, 17, 17, 17, 17, 17, 16] / writers=[17]
OOO / Test #16 / 1439449709764 / readers=[7, 7, 7, 7, 6, 6, 6, 6, 6, 6] / writers=[7]
OOO / Test #5 / 1439449709764 / readers=[22, 22, 22, 22, 22, 22, 22, 22, 22, 22] / writers=[23]
OOO / Test #17 / 1439449709764 / readers=[6, 6, 6, 6, 6, 5, 5, 5, 5, 5] / writers=[6]
OOO / Test #25 / 1439449709765 / readers=[10, 9, 9, 9, 9, 9, 9, 9, 10, 9] / writers=[10]
OOO / Test #11 / 1439449709764 / readers=[22, 22, 22, 22, 23, 23, 23, 23, 23, 23] / writers=[23]
OOO / Test #6 / 1439449709765 / readers=[21, 21, 21, 21, 21, 21, 21, 21, 21, 21] / writers=[22]
OOO / Test #21 / 1439449709765 / readers=[9, 9, 8, 8, 8, 8, 8, 8, 8, 8] / writers=[9]
OOO / Test #7 / 1439449709765 / readers=[3, 4, 4, 4, 4, 4, 4, 3, 3, 3] / writers=[4]
OOO / Test #19 / 1439449709767 / readers=[2, 2, 2, 2, 2, 2, 2, 2, 2, 1] / writers=[2]
OOO / Test #10 / 1439449709767 / readers=[2, 2, 2, 2, 2, 2, 2, 2, 2, 1] / writers=[2]
OOO / Test #14 / 1439449709767 / readers=[25, 25, 25, 25, 25, 25, 25, 25, 25, 24] / writers=[25]
OOO / Test #13 / 1439449709766 / readers=[16, 16, 17, 17, 17, 17, 17, 16, 16, 16] / writers=[17]
OOO / Test #2 / 1439449709766 / readers=[10, 9, 10, 10, 9, 9, 9, 9, 9, 9] / writers=[10]
OOO / Test #6 / 1439449709766 / readers=[24, 24, 24, 24, 24, 24, 24, 24, 24, 23] / writers=[24]
OOO / Test #5 / 1439449709766 / readers=[25, 25, 25, 25, 25, 25, 25, 25, 24, 25] / writers=[25]
OOO / Test #21 / 1439449709766 / readers=[10, 9, 9, 9, 9, 9, 9, 9, 9, 9] / writers=[10]
OOO / Test #11 / 1439449709766 / readers=[23, 23, 23, 23, 24, 24, 24, 24, 24, 23] / writers=[24]
OOO / Test #10 / 1439449709768 / readers=[3, 3, 3, 3, 3, 3, 3, 3, 2, 2] / writers=[3]
OOO / Test #7 / 1439449709768 / readers=[4, 5, 5, 5, 5, 5, 4, 4, 4, 4] / writers=[5]
OOO / Test #19 / 1439449709768 / readers=[3, 3, 3, 3, 3, 3, 3, 3, 2, 2] / writers=[3]
OOO / Test #25 / 1439449709765 / readers=[10, 10, 10, 10, 10, 10, 10, 10, 11, 10] / writers=[11]
OOO / Test #17 / 1439449709765 / readers=[7, 7, 7, 7, 6, 6, 6, 6, 6, 6] / writers=[7]
OOO / Test #8 / 1439449709765 / readers=[17, 16, 16, 17, 17, 17, 17, 16, 16, 16] / writers=[17]
OOO / Test #16 / 1439449709765 / readers=[8, 8, 8, 7, 7, 7, 7, 7, 7, 7] / writers=[8]
OOO / Test #18 / 1439449709765 / readers=[7, 7, 7, 7, 6, 6, 6, 6, 6, 6] / writers=[7]
OOO / Test #9 / 1439449709765 / readers=[17, 17, 17, 17, 17, 18, 18, 18, 18, 17] / writers=[18]
OOO / Test #4 / 1439449709765 / readers=[20, 21, 21, 20, 20, 20, 20, 20, 20, 20] / writers=[21]
OOO / Test #3 / 1439449709765 / readers=[23, 23, 23, 23, 24, 24, 24, 24, 24, 23] / writers=[24]
OOO / Test #15 / 1439449709765 / readers=[14, 15, 15, 15, 15, 15, 15, 14, 14, 14] / writers=[15]
OOO / Test #12 / 1439449709765 / readers=[21, 21, 21, 21, 21, 21, 21, 21, 21, 21] / writers=[22]
OOO / Test #14 / 1439449709768 / readers=[26, 26, 26, 26, 26, 26, 26, 26, 25, 25] / writers=[26]
OOO / Test #13 / 1439449709789 / readers=[17, 17, 17, 18, 18, 18, 18, 17, 17, 17] / writers=[18]
OOO / Test #6 / 1439449709789 / readers=[25, 25, 25, 25, 25, 25, 25, 25, 24, 24] / writers=[25]
OOO / Test #11 / 1439449709789 / readers=[24, 24, 25, 24, 25, 25, 25, 25, 24, 24] / writers=[25]
OOO / Test #2 / 1439449709789 / readers=[10, 10, 11, 11, 10, 10, 10, 10, 10, 10] / writers=[11]
OOO / Test #7 / 1439449709789 / readers=[5, 6, 6, 6, 6, 5, 5, 5, 5, 5] / writers=[6]
OOO / Test #10 / 1439449709789 / readers=[4, 4, 4, 4, 4, 4, 4, 3, 3, 3] / writers=[4]
OOO / Test #13 / 1439449709789 / readers=[18, 18, 18, 18, 19, 19, 19, 18, 18, 18] / writers=[19]
OOO / Test #11 / 1439449709790 / readers=[25, 25, 26, 25, 26, 26, 26, 26, 25, 25] / writers=[26]
OOO / Test #44 / 1439449709789 / readers=[0, 0, 0, 0, 0, 0, 0, 0, 0, 0] / writers=[1]
OOO / Test #10 / 1439449709790 / readers=[5, 5, 5, 5, 5, 5, 4, 4, 4, 5] / writers=[5]
OOO / Test #6 / 1439449709789 / readers=[26, 26, 26, 26, 26, 26, 26, 25, 25, 25] / writers=[26]
OOO / Test #16 / 1439449709809 / readers=[9, 9, 8, 8, 8, 8, 8, 8, 8, 8] / writers=[9]
OOO / Test #25 / 1439449709809 / readers=[13, 13, 13, 12, 13, 13, 13, 13, 13, 13] / writers=[13]
OOO / Test #18 / 1439449709809 / readers=[8, 8, 8, 7, 7, 7, 7, 7, 7, 7] / writers=[8]
OOO / Test #1 / 1439449709809 / readers=[2, 2, 2, 2, 2, 2, 2, 1, 2, 2] / writers=[2]
OOO / Test #17 / 1439449709809 / readers=[7, 7, 7, 8, 8, 8, 8, 8, 8, 8] / writers=[8]
OOO / Test #8 / 1439449709809 / readers=[17, 18, 18, 18, 17, 17, 17, 18, 18, 18] / writers=[18]
OOO / Test #19 / 1439449709809 / readers=[4, 4, 4, 4, 4, 4, 4, 3, 3, 3] / writers=[4]
OOO / Test #24 / 1439449709808 / readers=[1, 1, 1, 1, 1, 1, 1, 1, 2, 1] / writers=[2]
OOO / Test #6 / 1439449709810 / readers=[27, 27, 27, 27, 27, 27, 26, 26, 26, 26] / writers=[27]
OOO / Test #14 / 1439449709808 / readers=[26, 27, 27, 27, 27, 27, 27, 27, 26, 26] / writers=[27]
OOO / Test #5 / 1439449709791 / readers=[26, 26, 26, 26, 26, 26, 26, 25, 25, 26] / writers=[26]
OOO / Test #29 / 1439449709791 / readers=[0, 0, 1, 1, 1, 1, 1, 1, 1, 1] / writers=[1]
OOO / Test #21 / 1439449709791 / readers=[10, 10, 10, 10, 10, 10, 10, 10, 10, 10] / writers=[11]
OOO / Test #9 / 1439449709791 / readers=[18, 18, 18, 18, 18, 18, 19, 19, 19, 18] / writers=[19]
OOO / Test #18 / 1439449709810 / readers=[8, 9, 9, 8, 8, 8, 8, 8, 8, 8] / writers=[9]
OOO / Test #8 / 1439449709810 / readers=[18, 19, 19, 19, 18, 18, 18, 19, 18, 19] / writers=[19]
OOO / Test #17 / 1439449709810 / readers=[8, 8, 8, 9, 9, 9, 9, 9, 8, 9] / writers=[9]
OOO / Test #39 / 1439449709810 / readers=[0, 0, 0, 0, 0, 0, 0, 0, 0, 0] / writers=[1]
OOO / Test #12 / 1439449709791 / readers=[24, 24, 24, 24, 24, 24, 24, 24, 24, 23] / writers=[24]
OOO / Test #24 / 1439449709811 / readers=[2, 2, 3, 3, 3, 3, 3, 2, 2, 3] / writers=[3]
OOO / Test #14 / 1439449709811 / readers=[27, 28, 28, 28, 28, 28, 27, 28, 27, 27] / writers=[28]
OOO / Test #20 / 1439449709790 / readers=[0, 0, 0, 0, 0, 0, 0, 0, 0, 0] / writers=[1]
OOO / Test #4 / 1439449709790 / readers=[21, 21, 22, 21, 21, 21, 21, 21, 21, 21] / writers=[22]
OOO / Test #15 / 1439449709790 / readers=[15, 16, 16, 16, 16, 16, 15, 15, 15, 15] / writers=[16]
OOO / Test #3 / 1439449709790 / readers=[24, 24, 24, 24, 25, 25, 25, 25, 24, 24] / writers=[25]
OOO / Test #11 / 1439449709790 / readers=[26, 26, 27, 26, 27, 27, 27, 26, 26, 26] / writers=[27]
OOO / Test #13 / 1439449709790 / readers=[19, 19, 19, 19, 19, 20, 20, 19, 19, 19] / writers=[20]
OOO / Test #45 / 1439449709790 / readers=[1, 0, 0, 1, 1, 0, 0, 0, 1, 0] / writers=[1]
OOO / Test #15 / 1439449709824 / readers=[16, 17, 17, 17, 17, 16, 16, 16, 16, 16] / writers=[17]
OOO / Test #7 / 1439449709790 / readers=[6, 7, 7, 7, 7, 6, 6, 6, 6, 6] / writers=[7]
OOO / Test #2 / 1439449709790 / readers=[11, 11, 12, 11, 11, 11, 11, 11, 11, 11] / writers=[12]
OOO / Test #4 / 1439449709824 / readers=[22, 22, 22, 22, 22, 22, 22, 22, 22, 22] / writers=[23]
OOO / Test #28 / 1439449709823 / readers=[1, 2, 1, 2, 2, 2, 2, 2, 1, 2] / writers=[2]
OOO / Test #23 / 1439449709823 / readers=[2, 2, 2, 2, 2, 2, 2, 2, 1, 1] / writers=[2]
OOO / Test #35 / 1439449709823 / readers=[1, 1, 1, 1, 1, 1, 1, 1, 0, 1] / writers=[1]
OOO / Test #26 / 1439449709823 / readers=[0, 0, 0, 0, 0, 1, 0, 0, 1, 0] / writers=[1]
OOO / Test #39 / 1439449709812 / readers=[3, 3, 3, 3, 3, 3, 2, 3, 3, 3] / writers=[3]
OOO / Test #41 / 1439449709811 / readers=[0, 1, 1, 1, 0, 1, 1, 1, 1, 1] / writers=[1]
OOO / Test #18 / 1439449709811 / readers=[9, 9, 10, 9, 9, 9, 9, 9, 9, 9] / writers=[10]
OOO / Test #12 / 1439449709811 / readers=[25, 25, 25, 25, 25, 25, 25, 25, 24, 24] / writers=[25]
OOO / Test #23 / 1439449709826 / readers=[3, 3, 3, 3, 3, 3, 3, 2, 2, 2] / writers=[3]
OOO / Test #14 / 1439449709811 / readers=[28, 29, 29, 29, 29, 29, 28, 28, 28, 28] / writers=[29]
OOO / Test #4 / 1439449709826 / readers=[25, 25, 25, 25, 25, 25, 25, 25, 24, 25] / writers=[25]
OOO / Test #24 / 1439449709811 / readers=[3, 3, 4, 4, 4, 4, 3, 3, 3, 4] / writers=[4]
OOO / Test #17 / 1439449709811 / readers=[9, 9, 9, 10, 10, 10, 10, 9, 9, 10] / writers=[10]
OOO / Test #8 / 1439449709811 / readers=[19, 19, 20, 20, 19, 19, 19, 20, 19, 20] / writers=[20]
OOO / Test #9 / 1439449709811 / readers=[19, 19, 19, 19, 19, 19, 19, 20, 20, 19] / writers=[20]
OOO / Test #29 / 1439449709811 / readers=[1, 1, 2, 2, 2, 1, 2, 2, 2, 2] / writers=[2]
OOO / Test #5 / 1439449709811 / readers=[27, 26, 27, 27, 27, 27, 27, 26, 26, 27] / writers=[27]
OOO / Test #21 / 1439449709811 / readers=[11, 11, 11, 11, 11, 11, 11, 11, 11, 11] / writers=[12]
OOO / Test #6 / 1439449709811 / readers=[28, 28, 28, 28, 28, 27, 27, 27, 27, 27] / writers=[28]
OOO / Test #19 / 1439449709811 / readers=[4, 4, 4, 4, 4, 4, 4, 4, 5, 5] / writers=[5]
OOO / Test #8 / 1439449709835 / readers=[20, 20, 20, 21, 20, 20, 20, 21, 20, 21] / writers=[21]
OOO / Test #1 / 1439449709810 / readers=[3, 3, 3, 3, 3, 2, 3, 2, 3, 3] / writers=[3]
OOO / Test #9 / 1439449709835 / readers=[20, 20, 20, 20, 20, 20, 20, 20, 21, 20] / writers=[21]
OOO / Test #25 / 1439449709810 / readers=[14, 14, 14, 13, 13, 14, 14, 14, 14, 14] / writers=[14]
OOO / Test #16 / 1439449709810 / readers=[10, 9, 9, 9, 9, 9, 9, 9, 9, 9] / writers=[10]
OOO / Test #10 / 1439449709810 / readers=[6, 6, 6, 6, 6, 5, 5, 5, 5, 6] / writers=[6]
OOO / Test #21 / 1439449709836 / readers=[14, 14, 14, 14, 14, 14, 14, 14, 13, 14] / writers=[14]
OOO / Test #8 / 1439449709836 / readers=[21, 21, 21, 21, 21, 21, 21, 22, 21, 22] / writers=[22]
OOO / Test #1 / 1439449709836 / readers=[4, 4, 4, 4, 4, 3, 4, 3, 3, 4] / writers=[4]
OOO / Test #6 / 1439449709836 / readers=[28, 29, 29, 29, 29, 28, 28, 28, 28, 28] / writers=[29]
OOO / Test #9 / 1439449709858 / readers=[21, 21, 21, 21, 21, 21, 21, 21, 21, 21] / writers=[22]
OOO / Test #19 / 1439449709836 / readers=[5, 5, 5, 5, 5, 5, 5, 5, 5, 6] / writers=[6]
OOO / Test #16 / 1439449709859 / readers=[10, 10, 10, 10, 10, 10, 10, 10, 10, 10] / writers=[11]
OOO / Test #5 / 1439449709835 / readers=[28, 27, 28, 28, 28, 28, 27, 27, 27, 28] / writers=[28]
OOO / Test #29 / 1439449709835 / readers=[2, 2, 2, 3, 3, 2, 3, 3, 3, 3] / writers=[3]
OOO / Test #21 / 1439449709859 / readers=[15, 15, 15, 15, 15, 15, 15, 15, 14, 14] / writers=[15]
OOO / Test #17 / 1439449709835 / readers=[10, 10, 10, 11, 11, 11, 10, 10, 10, 11] / writers=[11]
OOO / Test #24 / 1439449709835 / readers=[4, 4, 4, 5, 5, 5, 4, 4, 4, 5] / writers=[5]
OOO / Test #6 / 1439449709859 / readers=[29, 29, 30, 30, 30, 29, 29, 29, 29, 29] / writers=[30]
OOO / Test #10 / 1439449709859 / readers=[7, 7, 7, 7, 6, 6, 6, 6, 6, 7] / writers=[7]
OOO / Test #8 / 1439449709859 / readers=[22, 22, 22, 22, 22, 22, 22, 22, 22, 23] / writers=[23]
OOO / Test #48 / 1439449709833 / readers=[2, 2, 2, 2, 2, 2, 2, 2, 2, 1] / writers=[2]
OOO / Test #19 / 1439449709859 / readers=[6, 6, 6, 6, 6, 6, 6, 6, 6, 6] / writers=[7]
OOO / Test #37 / 1439449709832 / readers=[2, 2, 2, 2, 2, 2, 2, 2, 2, 1] / writers=[2]
OOO / Test #21 / 1439449709859 / readers=[16, 16, 16, 16, 15, 16, 16, 16, 15, 15] / writers=[16]
OOO / Test #38 / 1439449709832 / readers=[2, 2, 2, 2, 2, 2, 2, 1, 2, 2] / writers=[2]
OOO / Test #58 / 1439449709831 / readers=[2, 2, 2, 2, 2, 2, 2, 2, 2, 1] / writers=[2]
OOO / Test #56 / 1439449709829 / readers=[2, 2, 2, 1, 2, 2, 2, 2, 2, 2] / writers=[2]
OOO / Test #42 / 1439449709829 / readers=[2, 2, 2, 2, 2, 2, 2, 2, 2, 1] / writers=[2]
OOO / Test #52 / 1439449709829 / readers=[2, 2, 2, 2, 2, 2, 2, 2, 2, 1] / writers=[2]
OOO / Test #21 / 1439449709861 / readers=[17, 17, 17, 16, 16, 17, 17, 17, 16, 16] / writers=[17]
OOO / Test #38 / 1439449709861 / readers=[3, 3, 3, 3, 3, 3, 3, 2, 3, 2] / writers=[3]
OOO / Test #32 / 1439449709828 / readers=[0, 0, 0, 0, 0, 0, 0, 0, 0, 0] / writers=[1]
OOO / Test #57 / 1439449709828 / readers=[2, 2, 2, 2, 2, 2, 2, 2, 2, 1] / writers=[2]
OOO / Test #58 / 1439449709861 / readers=[3, 3, 3, 3, 3, 3, 3, 3, 2, 2] / writers=[3]
OOO / Test #56 / 1439449709861 / readers=[3, 3, 3, 2, 3, 3, 3, 3, 3, 2] / writers=[3]
OOO / Test #45 / 1439449709828 / readers=[2, 1, 1, 2, 2, 1, 1, 1, 1, 1] / writers=[2]
OOO / Test #46 / 1439449709827 / readers=[0, 0, 0, 1, 1, 0, 1, 1, 1, 1] / writers=[1]
OOO / Test #35 / 1439449709826 / readers=[2, 1, 2, 2, 2, 2, 2, 2, 1, 2] / writers=[2]
OOO / Test #41 / 1439449709826 / readers=[1, 2, 2, 2, 1, 2, 2, 1, 2, 2] / writers=[2]
OOO / Test #34 / 1439449709826 / readers=[2, 2, 2, 2, 2, 2, 2, 2, 2, 1] / writers=[2]
OOO / Test #4 / 1439449709826 / readers=[26, 26, 26, 26, 26, 26, 26, 25, 25, 26] / writers=[26]
OOO / Test #14 / 1439449709826 / readers=[29, 30, 30, 30, 30, 29, 29, 29, 29, 29] / writers=[30]
OOO / Test #46 / 1439449709871 / readers=[1, 1, 1, 2, 2, 1, 1, 2, 2, 2] / writers=[2]
OOO / Test #23 / 1439449709826 / readers=[4, 4, 4, 4, 4, 4, 3, 3, 3, 3] / writers=[4]
OOO / Test #12 / 1439449709826 / readers=[26, 26, 26, 26, 26, 26, 26, 25, 25, 25] / writers=[26]
OOO / Test #35 / 1439449709871 / readers=[2, 2, 3, 3, 3, 3, 3, 3, 2, 3] / writers=[3]
OOO / Test #18 / 1439449709826 / readers=[10, 10, 10, 10, 10, 10, 10, 10, 10, 10] / writers=[11]
OOO / Test #39 / 1439449709826 / readers=[4, 4, 4, 4, 4, 4, 3, 3, 4, 4] / writers=[4]
OOO / Test #26 / 1439449709826 / readers=[1, 1, 1, 1, 1, 1, 1, 1, 2, 1] / writers=[2]
OOO / Test #51 / 1439449709826 / readers=[2, 2, 1, 1, 1, 2, 1, 2, 2, 2] / writers=[2]
OOO / Test #28 / 1439449709826 / readers=[2, 3, 2, 3, 3, 2, 3, 3, 2, 3] / writers=[3]
OOO / Test #22 / 1439449709825 / readers=[1, 2, 2, 2, 2, 2, 2, 2, 1, 2] / writers=[2]
OOO / Test #50 / 1439449709825 / readers=[0, 0, 0, 0, 0, 0, 0, 0, 0, 0] / writers=[1]
OOO / Test #44 / 1439449709825 / readers=[3, 3, 3, 3, 3, 3, 3, 2, 3, 3] / writers=[3]
OOO / Test #40 / 1439449709825 / readers=[0, 0, 0, 0, 0, 0, 0, 1, 0, 0] / writers=[1]
OOO / Test #39 / 1439449709880 / readers=[5, 5, 5, 5, 5, 5, 4, 4, 4, 5] / writers=[5]
OOO / Test #36 / 1439449709825 / readers=[0, 0, 0, 0, 0, 0, 0, 0, 1, 1] / writers=[1]
OOO / Test #53 / 1439449709825 / readers=[0, 0, 0, 0, 0, 0, 0, 0, 0, 1] / writers=[1]
OOO / Test #47 / 1439449709825 / readers=[0, 0, 0, 0, 0, 0, 0, 0, 0, 0] / writers=[1]
OOO / Test #27 / 1439449709825 / readers=[0, 0, 0, 0, 0, 0, 0, 0, 0, 1] / writers=[1]
OOO / Test #54 / 1439449709825 / readers=[0, 0, 0, 0, 0, 0, 1, 1, 0, 0] / writers=[1]
OOO / Test #43 / 1439449709825 / readers=[0, 0, 0, 0, 1, 1, 0, 0, 0, 0] / writers=[1]
OOO / Test #31 / 1439449709824 / readers=[1, 0, 0, 0, 1, 0, 0, 1, 1, 0] / writers=[1]
OOO / Test #20 / 1439449709824 / readers=[4, 4, 3, 4, 4, 4, 4, 4, 4, 4] / writers=[4]
OOO / Test #2 / 1439449709824 / readers=[12, 12, 12, 12, 12, 12, 12, 12, 12, 12] / writers=[13]
OOO / Test #7 / 1439449709824 / readers=[7, 8, 8, 8, 7, 7, 7, 7, 7, 7] / writers=[8]
OOO / Test #15 / 1439449709824 / readers=[17, 18, 18, 18, 17, 17, 17, 17, 17, 17] / writers=[18]
OOO / Test #13 / 1439449709824 / readers=[20, 20, 20, 20, 20, 20, 21, 20, 20, 20] / writers=[21]
OOO / Test #43 / 1439449709891 / readers=[1, 1, 1, 1, 1, 2, 1, 1, 1, 1] / writers=[2]
OOO / Test #11 / 1439449709824 / readers=[27, 27, 28, 27, 28, 28, 27, 27, 27, 27] / writers=[28]
OOO / Test #3 / 1439449709824 / readers=[25, 25, 25, 25, 26, 26, 26, 25, 25, 25] / writers=[26]
OOO / Test #47 / 1439449709897 / readers=[4, 4, 4, 3, 4, 4, 4, 4, 4, 4] / writers=[4]
OOO / Test #53 / 1439449709897 / readers=[1, 1, 1, 1, 1, 1, 1, 1, 1, 1] / writers=[2]
OOO / Test #31 / 1439449709897 / readers=[1, 1, 1, 1, 2, 1, 1, 2, 1, 2] / writers=[2]
OOO / Test #2 / 1439449709891 / readers=[15, 14, 15, 15, 15, 15, 15, 15, 15, 15] / writers=[15]
OOO / Test #43 / 1439449709891 / readers=[2, 2, 2, 2, 2, 2, 2, 2, 2, 2] / writers=[3]
OOO / Test #13 / 1439449709891 / readers=[21, 21, 21, 21, 21, 21, 21, 21, 21, 21] / writers=[22]
OOO / Test #15 / 1439449709891 / readers=[18, 19, 19, 18, 18, 18, 18, 18, 18, 18] / writers=[19]
OOO / Test #47 / 1439449709901 / readers=[5, 5, 4, 4, 5, 5, 5, 5, 5, 5] / writers=[5]
OOO / Test #7 / 1439449709891 / readers=[8, 9, 9, 8, 8, 8, 8, 8, 8, 8] / writers=[9]
OOO / Test #31 / 1439449709901 / readers=[2, 2, 2, 2, 3, 2, 2, 2, 2, 3] / writers=[3]
OOO / Test #20 / 1439449709891 / readers=[5, 5, 4, 5, 5, 5, 5, 4, 5, 5] / writers=[5]
OOO / Test #54 / 1439449709891 / readers=[1, 2, 1, 1, 1, 2, 1, 2, 1, 1] / writers=[2]
OOO / Test #27 / 1439449709891 / readers=[1, 1, 1, 1, 1, 1, 1, 1, 1, 1] / writers=[2]
OOO / Test #95 / 1439449709887 / readers=[0, 1, 0, 0, 1, 1, 0, 0, 1, 0] / writers=[1]
OOO / Test #30 / 1439449709884 / readers=[0, 0, 0, 0, 0, 0, 0, 0, 0, 1] / writers=[1]
OOO / Test #60 / 1439449709883 / readers=[0, 1, 1, 1, 1, 1, 1, 1, 1, 0] / writers=[1]
OOO / Test #50 / 1439449709882 / readers=[3, 3, 3, 3, 3, 3, 3, 3, 3, 2] / writers=[3]
OOO / Test #20 / 1439449709912 / readers=[6, 6, 5, 6, 6, 6, 5, 5, 6, 6] / writers=[6]
OOO / Test #40 / 1439449709882 / readers=[1, 1, 1, 1, 1, 1, 1, 1, 1, 1] / writers=[2]
OOO / Test #36 / 1439449709882 / readers=[1, 1, 1, 1, 1, 1, 1, 1, 1, 2] / writers=[2]
OOO / Test #61 / 1439449709881 / readers=[0, 1, 1, 1, 1, 1, 1, 1, 1, 1] / writers=[1]
OOO / Test #62 / 1439449709881 / readers=[0, 1, 1, 1, 1, 1, 1, 1, 1, 1] / writers=[1]
OOO / Test #39 / 1439449709880 / readers=[6, 6, 6, 6, 5, 6, 5, 5, 5, 6] / writers=[6]
OOO / Test #44 / 1439449709880 / readers=[4, 4, 4, 4, 4, 4, 3, 3, 4, 4] / writers=[4]
OOO / Test #28 / 1439449709880 / readers=[3, 4, 3, 4, 3, 3, 4, 4, 3, 4] / writers=[4]
OOO / Test #22 / 1439449709880 / readers=[2, 3, 3, 3, 3, 3, 2, 3, 2, 3] / writers=[3]
OOO / Test #18 / 1439449709880 / readers=[13, 13, 13, 13, 13, 13, 13, 13, 12, 13] / writers=[13]
OOO / Test #51 / 1439449709880 / readers=[3, 3, 2, 2, 2, 3, 2, 2, 3, 3] / writers=[3]
OOO / Test #26 / 1439449709880 / readers=[2, 2, 2, 2, 2, 2, 2, 2, 2, 2] / writers=[3]
OOO / Test #39 / 1439449709923 / readers=[7, 7, 6, 7, 6, 7, 6, 6, 6, 7] / writers=[7]
OOO / Test #49 / 1439449709878 / readers=[0, 0, 0, 0, 0, 0, 0, 0, 0, 0] / writers=[1]
OOO / Test #59 / 1439449709878 / readers=[1, 1, 1, 1, 1, 1, 1, 0, 0, 1] / writers=[1]
OOO / Test #22 / 1439449709923 / readers=[3, 4, 4, 4, 4, 4, 3, 3, 3, 4] / writers=[4]
OOO / Test #55 / 1439449709876 / readers=[2, 2, 2, 2, 2, 2, 2, 2, 2, 1] / writers=[2]
OOO / Test #45 / 1439449709875 / readers=[3, 2, 2, 3, 2, 2, 2, 2, 2, 2] / writers=[3]
OOO / Test #23 / 1439449709871 / readers=[5, 5, 5, 5, 5, 4, 4, 4, 4, 4] / writers=[5]
OOO / Test #12 / 1439449709871 / readers=[27, 27, 27, 27, 27, 27, 26, 26, 26, 26] / writers=[27]
OOO / Test #35 / 1439449709871 / readers=[3, 3, 4, 4, 3, 4, 4, 4, 3, 4] / writers=[4]
OOO / Test #14 / 1439449709871 / readers=[30, 31, 31, 31, 30, 30, 30, 30, 30, 30] / writers=[31]
OOO / Test #46 / 1439449709871 / readers=[2, 2, 3, 2, 3, 2, 2, 3, 3, 3] / writers=[3]
OOO / Test #45 / 1439449709935 / readers=[4, 3, 3, 3, 3, 3, 3, 4, 3, 3] / writers=[4]
OOO / Test #4 / 1439449709871 / readers=[27, 27, 27, 27, 27, 27, 26, 26, 26, 27] / writers=[27]
OOO / Test #34 / 1439449709871 / readers=[3, 3, 3, 3, 3, 3, 3, 2, 3, 2] / writers=[3]
OOO / Test #41 / 1439449709871 / readers=[2, 3, 3, 3, 2, 3, 3, 2, 2, 3] / writers=[3]
OOO / Test #56 / 1439449709871 / readers=[4, 4, 3, 3, 4, 4, 4, 4, 4, 3] / writers=[4]
OOO / Test #33 / 1439449709870 / readers=[2, 2, 2, 2, 2, 2, 2, 2, 2, 1] / writers=[2]
OOO / Test #32 / 1439449709862 / readers=[3, 3, 3, 3, 3, 3, 3, 3, 3, 2] / writers=[3]
OOO / Test #57 / 1439449709861 / readers=[3, 3, 3, 3, 3, 3, 3, 3, 2, 2] / writers=[3]
OOO / Test #58 / 1439449709861 / readers=[4, 4, 4, 4, 4, 4, 3, 4, 3, 3] / writers=[4]
OOO / Test #38 / 1439449709861 / readers=[4, 4, 4, 4, 4, 3, 4, 3, 4, 3] / writers=[4]
OOO / Test #21 / 1439449709861 / readers=[18, 18, 18, 17, 17, 18, 18, 17, 17, 17] / writers=[18]
OOO / Test #56 / 1439449709944 / readers=[5, 5, 4, 4, 4, 5, 5, 5, 5, 4] / writers=[5]
OOO / Test #52 / 1439449709861 / readers=[3, 3, 3, 3, 3, 3, 2, 3, 3, 2] / writers=[3]
OOO / Test #42 / 1439449709861 / readers=[3, 3, 3, 3, 3, 3, 3, 3, 2, 2] / writers=[3]
OOO / Test #19 / 1439449709860 / readers=[9, 8, 9, 9, 9, 9, 9, 9, 9, 9] / writers=[9]
OOO / Test #16 / 1439449709860 / readers=[13, 13, 13, 13, 13, 13, 13, 13, 13, 12] / writers=[13]
OOO / Test #17 / 1439449709860 / readers=[11, 11, 11, 12, 12, 11, 11, 11, 11, 12] / writers=[12]
OOO / Test #24 / 1439449709860 / readers=[5, 5, 5, 5, 6, 6, 5, 5, 5, 6] / writers=[6]
OOO / Test #8 / 1439449709860 / readers=[23, 23, 23, 23, 23, 23, 23, 23, 23, 23] / writers=[24]
OOO / Test #10 / 1439449709860 / readers=[8, 8, 8, 7, 7, 7, 7, 7, 7, 8] / writers=[8]
OOO / Test #48 / 1439449709860 / readers=[3, 3, 3, 3, 3, 3, 3, 3, 2, 2] / writers=[3]
OOO / Test #9 / 1439449709860 / readers=[24, 24, 24, 24, 24, 24, 24, 24, 23, 23] / writers=[24]
OOO / Test #37 / 1439449709860 / readers=[3, 3, 2, 3, 3, 3, 3, 3, 3, 2] / writers=[3]
OOO / Test #16 / 1439449709959 / readers=[14, 14, 14, 14, 14, 14, 14, 14, 13, 13] / writers=[14]
OOO / Test #6 / 1439449709860 / readers=[30, 30, 30, 31, 31, 30, 30, 30, 30, 30] / writers=[31]
OOO / Test #29 / 1439449709860 / readers=[3, 3, 3, 4, 4, 3, 3, 4, 4, 4] / writers=[4]
OOO / Test #5 / 1439449709860 / readers=[29, 28, 29, 29, 29, 28, 28, 28, 28, 29] / writers=[29]
OOO / Test #1 / 1439449709859 / readers=[5, 5, 5, 5, 5, 4, 5, 4, 4, 4] / writers=[5]
OOO / Test #25 / 1439449709858 / readers=[15, 15, 15, 14, 14, 14, 15, 15, 15, 15] / writers=[15]
OOO / Test #72 / 1439449709977 / readers=[2, 2, 2, 2, 2, 2, 2, 2, 2, 1] / writers=[2]
OOO / Test #94 / 1439449709977 / readers=[0, 0, 1, 1, 1, 1, 1, 1, 1, 0] / writers=[1]
OOO / Test #98 / 1439449709977 / readers=[2, 2, 2, 2, 2, 2, 2, 2, 2, 1] / writers=[2]
OOO / Test #103 / 1439449709976 / readers=[2, 2, 2, 2, 2, 2, 2, 2, 2, 1] / writers=[2]
OOO / Test #121 / 1439449709973 / readers=[2, 2, 2, 2, 2, 2, 2, 2, 2, 1] / writers=[2]
OOO / Test #126 / 1439449709972 / readers=[0, 0, 0, 0, 0, 0, 0, 0, 0, 0] / writers=[1]
OOO / Test #140 / 1439449709972 / readers=[2, 2, 2, 2, 2, 2, 2, 2, 2, 1] / writers=[2]
OOO / Test #131 / 1439449709971 / readers=[2, 2, 2, 2, 2, 2, 2, 2, 2, 1] / writers=[2]
OOO / Test #142 / 1439449709971 / readers=[0, 0, 1, 1, 1, 1, 1, 1, 1, 1] / writers=[1]
OOO / Test #134 / 1439449709971 / readers=[1, 2, 2, 2, 2, 2, 2, 2, 2, 1] / writers=[2]
OOO / Test #136 / 1439449709971 / readers=[2, 2, 2, 2, 2, 2, 2, 2, 2, 1] / writers=[2]
OOO / Test #141 / 1439449709971 / readers=[2, 2, 2, 2, 2, 2, 2, 2, 2, 1] / writers=[2]
OOO / Test #132 / 1439449709970 / readers=[2, 2, 2, 2, 2, 2, 2, 2, 2, 1] / writers=[2]
OOO / Test #129 / 1439449709969 / readers=[0, 0, 0, 0, 0, 0, 0, 0, 0, 0] / writers=[1]
OOO / Test #112 / 1439449709969 / readers=[2, 2, 2, 2, 2, 2, 2, 2, 2, 1] / writers=[2]
OOO / Test #113 / 1439449709967 / readers=[2, 2, 2, 2, 2, 2, 2, 2, 2, 1] / writers=[2]
OOO / Test #134 / 1439449709993 / readers=[2, 3, 3, 3, 3, 3, 3, 2, 3, 2] / writers=[3]
OOO / Test #92 / 1439449709966 / readers=[2, 2, 2, 2, 2, 2, 2, 2, 2, 1] / writers=[2]
OOO / Test #135 / 1439449709966 / readers=[0, 0, 0, 0, 0, 0, 0, 0, 0, 0] / writers=[1]
OOO / Test #141 / 1439449709993 / readers=[3, 3, 3, 3, 3, 3, 3, 3, 2, 2] / writers=[3]
OOO / Test #77 / 1439449709965 / readers=[2, 2, 2, 2, 2, 2, 2, 2, 2, 1] / writers=[2]
OOO / Test #90 / 1439449709963 / readers=[2, 2, 2, 2, 2, 2, 2, 2, 2, 1] / writers=[2]
OOO / Test #101 / 1439449709962 / readers=[0, 0, 1, 1, 1, 1, 1, 1, 1, 0] / writers=[1]
OOO / Test #109 / 1439449709962 / readers=[2, 2, 2, 2, 2, 2, 2, 2, 2, 1] / writers=[2]
OOO / Test #128 / 1439449709962 / readers=[2, 2, 2, 2, 2, 2, 2, 2, 2, 1] / writers=[2]
OOO / Test #65 / 1439449709960 / readers=[2, 2, 2, 2, 2, 2, 2, 2, 2, 1] / writers=[2]
OOO / Test #29 / 1439449709960 / readers=[4, 4, 4, 5, 5, 4, 4, 5, 4, 5] / writers=[5]
OOO / Test #8 / 1439449709960 / readers=[26, 26, 26, 26, 26, 26, 25, 26, 26, 26] / writers=[26]
OOO / Test #122 / 1439449709960 / readers=[2, 2, 2, 2, 2, 2, 2, 2, 2, 1] / writers=[2]
OOO / Test #9 / 1439449709960 / readers=[24, 25, 25, 25, 25, 25, 25, 25, 24, 24] / writers=[25]
OOO / Test #16 / 1439449709960 / readers=[15, 15, 15, 15, 15, 15, 15, 14, 14, 14] / writers=[15]
OOO / Test #6 / 1439449709960 / readers=[31, 31, 31, 31, 32, 31, 31, 31, 31, 31] / writers=[32]
OOO / Test #109 / 1439449710008 / readers=[3, 3, 3, 3, 3, 3, 3, 3, 2, 2] / writers=[3]
OOO / Test #10 / 1439449709960 / readers=[9, 9, 8, 8, 8, 8, 8, 8, 8, 9] / writers=[9]
OOO / Test #37 / 1439449709960 / readers=[4, 4, 3, 4, 4, 4, 4, 4, 3, 3] / writers=[4]
OOO / Test #48 / 1439449709960 / readers=[4, 4, 4, 4, 4, 4, 4, 3, 3, 3] / writers=[4]
OOO / Test #17 / 1439449709959 / readers=[12, 12, 12, 13, 12, 12, 12, 12, 12, 13] / writers=[13]
OOO / Test #24 / 1439449709959 / readers=[6, 6, 6, 6, 6, 7, 6, 6, 6, 7] / writers=[7]
OOO / Test #84 / 1439449709956 / readers=[0, 0, 0, 1, 1, 1, 1, 1, 1, 1] / writers=[1]
OOO / Test #80 / 1439449709955 / readers=[2, 2, 2, 2, 2, 2, 2, 1, 2, 2] / writers=[2]
OOO / Test #139 / 1439449709953 / readers=[2, 2, 2, 2, 2, 2, 2, 2, 2, 1] / writers=[2]
OOO / Test #48 / 1439449710021 / readers=[5, 5, 5, 5, 5, 4, 5, 4, 4, 4] / writers=[5]
OOO / Test #73 / 1439449709944 / readers=[0, 0, 0, 0, 0, 0, 1, 1, 1, 0] / writers=[1]
OOO / Test #19 / 1439449709944 / readers=[9, 9, 10, 10, 10, 10, 10, 10, 10, 10] / writers=[10]
OOO / Test #42 / 1439449709944 / readers=[4, 4, 4, 4, 4, 4, 4, 3, 3, 3] / writers=[4]
OOO / Test #21 / 1439449709944 / readers=[19, 19, 19, 18, 18, 19, 18, 18, 18, 18] / writers=[19]
OOO / Test #38 / 1439449709944 / readers=[5, 5, 5, 5, 5, 4, 5, 4, 4, 4] / writers=[5]
OOO / Test #52 / 1439449709944 / readers=[4, 4, 4, 4, 4, 3, 3, 4, 4, 3] / writers=[4]
OOO / Test #56 / 1439449709944 / readers=[6, 6, 5, 5, 5, 6, 5, 6, 6, 5] / writers=[6]
OOO / Test #57 / 1439449709944 / readers=[4, 4, 4, 4, 4, 4, 4, 3, 3, 3] / writers=[4]
OOO / Test #42 / 1439449710033 / readers=[5, 5, 5, 5, 5, 5, 4, 4, 4, 4] / writers=[5]
OOO / Test #58 / 1439449709944 / readers=[5, 5, 5, 5, 5, 4, 4, 5, 4, 4] / writers=[5]
OOO / Test #32 / 1439449709944 / readers=[4, 4, 4, 4, 4, 4, 3, 4, 4, 3] / writers=[4]
OOO / Test #38 / 1439449710033 / readers=[6, 6, 6, 6, 6, 5, 5, 5, 5, 5] / writers=[6]
OOO / Test #33 / 1439449709944 / readers=[3, 3, 3, 3, 3, 3, 3, 3, 2, 2] / writers=[3]
OOO / Test #56 / 1439449710033 / readers=[7, 7, 6, 6, 6, 6, 6, 7, 7, 6] / writers=[7]
OOO / Test #41 / 1439449709935 / readers=[3, 4, 4, 3, 3, 4, 4, 3, 3, 4] / writers=[4]
OOO / Test #34 / 1439449709935 / readers=[3, 4, 4, 4, 4, 4, 4, 3, 4, 3] / writers=[4]
OOO / Test #4 / 1439449709935 / readers=[28, 28, 28, 28, 28, 27, 27, 27, 27, 28] / writers=[28]
OOO / Test #46 / 1439449709935 / readers=[3, 3, 3, 3, 4, 3, 3, 4, 4, 4] / writers=[4]
OOO / Test #45 / 1439449709935 / readers=[5, 4, 4, 4, 4, 4, 4, 4, 4, 4] / writers=[5]
OOO / Test #14 / 1439449709935 / readers=[31, 32, 32, 31, 31, 31, 31, 31, 31, 31] / writers=[32]
OOO / Test #34 / 1439449710043 / readers=[4, 5, 5, 4, 5, 5, 5, 4, 5, 4] / writers=[5]
OOO / Test #35 / 1439449709935 / readers=[4, 4, 5, 5, 4, 4, 5, 5, 4, 5] / writers=[5]
OOO / Test #12 / 1439449709935 / readers=[28, 28, 28, 28, 28, 27, 27, 27, 27, 27] / writers=[28]
OOO / Test #23 / 1439449709935 / readers=[6, 6, 6, 5, 6, 5, 5, 5, 5, 5] / writers=[6]
OOO / Test #45 / 1439449710043 / readers=[5, 5, 5, 5, 5, 5, 5, 5, 5, 5] / writers=[6]
OOO / Test #55 / 1439449709935 / readers=[2, 3, 3, 3, 3, 3, 3, 3, 3, 2] / writers=[3]
OOO / Test #22 / 1439449709934 / readers=[4, 5, 5, 4, 5, 5, 4, 4, 4, 5] / writers=[5]
OOO / Test #26 / 1439449709923 / readers=[5, 5, 5, 5, 5, 5, 4, 5, 5, 5] / writers=[5]
OOO / Test #49 / 1439449709923 / readers=[3, 3, 3, 3, 3, 3, 3, 3, 2, 3] / writers=[3]
OOO / Test #59 / 1439449709923 / readers=[2, 2, 2, 2, 2, 2, 2, 1, 1, 1] / writers=[2]
OOO / Test #39 / 1439449709923 / readers=[8, 7, 7, 8, 7, 8, 7, 7, 7, 8] / writers=[8]
OOO / Test #55 / 1439449710054 / readers=[3, 4, 4, 4, 4, 4, 4, 4, 3, 3] / writers=[4]
OOO / Test #22 / 1439449710054 / readers=[5, 5, 6, 5, 6, 6, 5, 5, 5, 6] / writers=[6]
OOO / Test #51 / 1439449709923 / readers=[4, 4, 3, 3, 3, 4, 3, 3, 3, 4] / writers=[4]
OOO / Test #18 / 1439449709923 / readers=[14, 14, 14, 14, 14, 14, 14, 14, 13, 13] / writers=[14]
OOO / Test #49 / 1439449710054 / readers=[4, 4, 4, 4, 4, 4, 4, 3, 3, 4] / writers=[4]
OOO / Test #28 / 1439449709923 / readers=[4, 5, 4, 5, 4, 4, 4, 5, 4, 5] / writers=[5]
OOO / Test #44 / 1439449709923 / readers=[5, 5, 5, 5, 5, 5, 4, 4, 5, 4] / writers=[5]
OOO / Test #62 / 1439449709923 / readers=[1, 1, 2, 2, 2, 2, 2, 2, 2, 2] / writers=[2]
OOO / Test #100 / 1439449709915 / readers=[2, 2, 2, 2, 2, 2, 2, 2, 1, 2] / writers=[2]
OOO / Test #64 / 1439449709914 / readers=[2, 2, 2, 2, 2, 2, 2, 2, 2, 1] / writers=[2]
OOO / Test #97 / 1439449709914 / readers=[1, 1, 1, 1, 1, 1, 1, 0, 1, 1] / writers=[1]
OOO / Test #30 / 1439449709913 / readers=[1, 1, 1, 1, 1, 1, 1, 1, 1, 1] / writers=[2]
OOO / Test #61 / 1439449709912 / readers=[1, 2, 1, 2, 2, 2, 2, 2, 2, 2] / writers=[2]
OOO / Test #28 / 1439449710065 / readers=[5, 6, 5, 6, 5, 5, 5, 5, 5, 6] / writers=[6]
OOO / Test #36 / 1439449709912 / readers=[2, 2, 2, 2, 2, 2, 2, 2, 2, 3] / writers=[3]
OOO / Test #27 / 1439449709912 / readers=[4, 4, 4, 4, 4, 4, 4, 3, 4, 4] / writers=[4]
OOO / Test #40 / 1439449709912 / readers=[2, 2, 2, 2, 2, 2, 2, 2, 2, 2] / writers=[3]
OOO / Test #100 / 1439449710066 / readers=[3, 3, 3, 3, 3, 3, 3, 3, 2, 2] / writers=[3]
OOO / Test #178 / 1439449710079 / readers=[2, 2, 2, 2, 2, 2, 1, 2, 2, 2] / writers=[2]
OOO / Test #20 / 1439449709912 / readers=[7, 7, 6, 7, 7, 6, 6, 6, 7, 7] / writers=[7]
OOO / Test #50 / 1439449709912 / readers=[4, 4, 4, 3, 4, 4, 4, 4, 4, 3] / writers=[4]
OOO / Test #60 / 1439449709912 / readers=[1, 1, 2, 2, 2, 2, 2, 2, 2, 1] / writers=[2]
OOO / Test #95 / 1439449709912 / readers=[1, 2, 1, 1, 2, 2, 1, 1, 1, 1] / writers=[2]
OOO / Test #31 / 1439449709912 / readers=[3, 3, 3, 3, 3, 3, 3, 3, 3, 4] / writers=[4]
OOO / Test #54 / 1439449709912 / readers=[2, 3, 2, 2, 2, 3, 2, 2, 2, 2] / writers=[3]
OOO / Test #15 / 1439449709902 / readers=[21, 21, 20, 21, 21, 21, 21, 21, 21, 21] / writers=[21]
OOO / Test #13 / 1439449709902 / readers=[24, 24, 24, 24, 24, 24, 24, 24, 24, 23] / writers=[24]
OOO / Test #43 / 1439449709902 / readers=[4, 5, 5, 5, 5, 5, 5, 5, 5, 5] / writers=[5]
OOO / Test #50 / 1439449710079 / readers=[5, 5, 5, 4, 4, 5, 5, 5, 5, 4] / writers=[5]
OOO / Test #47 / 1439449709902 / readers=[6, 6, 5, 5, 6, 6, 6, 5, 6, 6] / writers=[6]
OOO / Test #53 / 1439449709902 / readers=[4, 4, 4, 4, 3, 4, 4, 4, 4, 4] / writers=[4]
OOO / Test #7 / 1439449709902 / readers=[9, 9, 10, 9, 9, 9, 9, 9, 9, 9] / writers=[10]
OOO / Test #2 / 1439449709901 / readers=[16, 15, 16, 16, 16, 16, 16, 15, 16, 16] / writers=[16]
OOO / Test #11 / 1439449709901 / readers=[28, 28, 29, 28, 29, 28, 28, 28, 28, 28] / writers=[29]
OOO / Test #172 / 1439449710094 / readers=[2, 2, 2, 2, 2, 2, 2, 2, 2, 1] / writers=[2]
OOO / Test #3 / 1439449709901 / readers=[26, 26, 26, 26, 27, 27, 26, 26, 26, 26] / writers=[27]
OOO / Test #50 / 1439449710094 / readers=[6, 6, 6, 5, 5, 5, 6, 6, 6, 5] / writers=[6]
OOO / Test #175 / 1439449710093 / readers=[2, 2, 2, 2, 2, 2, 2, 2, 2, 1] / writers=[2]
OOO / Test #195 / 1439449710093 / readers=[2, 2, 2, 2, 2, 2, 2, 2, 2, 1] / writers=[2]
OOO / Test #179 / 1439449710092 / readers=[2, 2, 2, 2, 2, 2, 2, 2, 2, 1] / writers=[2]
OOO / Test #7 / 1439449710094 / readers=[10, 10, 10, 10, 10, 10, 10, 10, 10, 10] / writers=[11]
OOO / Test #181 / 1439449710092 / readers=[2, 2, 2, 2, 2, 2, 2, 2, 2, 1] / writers=[2]
OOO / Test #190 / 1439449710092 / readers=[2, 2, 2, 2, 2, 2, 2, 2, 2, 1] / writers=[2]
OOO / Test #192 / 1439449710092 / readers=[2, 2, 2, 2, 2, 2, 2, 2, 1, 2] / writers=[2]
OOO / Test #182 / 1439449710091 / readers=[2, 2, 2, 2, 2, 2, 2, 2, 2, 1] / writers=[2]
OOO / Test #177 / 1439449710091 / readers=[2, 2, 2, 2, 2, 2, 2, 2, 2, 1] / writers=[2]
OOO / Test #156 / 1439449710089 / readers=[0, 0, 0, 0, 0, 0, 0, 0, 0, 0] / writers=[1]
OOO / Test #158 / 1439449710088 / readers=[2, 2, 2, 2, 2, 2, 2, 2, 2, 1] / writers=[2]
OOO / Test #173 / 1439449710088 / readers=[2, 2, 2, 2, 2, 2, 2, 2, 2, 1] / writers=[2]
OOO / Test #166 / 1439449710087 / readers=[2, 2, 2, 2, 2, 2, 2, 2, 2, 1] / writers=[2]
OOO / Test #168 / 1439449710087 / readers=[2, 2, 2, 2, 2, 2, 2, 2, 2, 1] / writers=[2]
OOO / Test #181 / 1439449710108 / readers=[3, 3, 3, 3, 3, 3, 3, 3, 2, 2] / writers=[3]
OOO / Test #161 / 1439449710086 / readers=[2, 2, 2, 2, 2, 2, 2, 2, 2, 1] / writers=[2]
OOO / Test #163 / 1439449710086 / readers=[2, 2, 2, 2, 2, 2, 2, 2, 2, 1] / writers=[2]
OOO / Test #160 / 1439449710083 / readers=[2, 2, 2, 2, 2, 2, 2, 2, 2, 1] / writers=[2]
OOO / Test #43 / 1439449710080 / readers=[5, 6, 6, 6, 6, 6, 6, 6, 6, 5] / writers=[6]
OOO / Test #13 / 1439449710080 / readers=[25, 25, 25, 25, 25, 25, 25, 24, 25, 24] / writers=[25]
OOO / Test #15 / 1439449710080 / readers=[22, 21, 21, 22, 22, 22, 22, 22, 22, 22] / writers=[22]
OOO / Test #60 / 1439449710079 / readers=[2, 2, 2, 3, 3, 3, 3, 3, 3, 2] / writers=[3]
OOO / Test #54 / 1439449710079 / readers=[3, 4, 3, 3, 3, 3, 3, 3, 3, 3] / writers=[4]
OOO / Test #31 / 1439449710079 / readers=[4, 4, 4, 4, 4, 4, 4, 4, 4, 4] / writers=[5]
OOO / Test #95 / 1439449710079 / readers=[2, 3, 2, 2, 2, 3, 2, 2, 2, 2] / writers=[3]
OOO / Test #160 / 1439449710118 / readers=[3, 3, 3, 3, 3, 3, 3, 3, 2, 2] / writers=[3]
OOO / Test #20 / 1439449710079 / readers=[8, 8, 7, 8, 7, 7, 7, 7, 8, 8] / writers=[8]
OOO / Test #178 / 1439449710079 / readers=[3, 3, 3, 3, 3, 3, 2, 2, 3, 3] / writers=[3]
OOO / Test #100 / 1439449710079 / readers=[4, 4, 4, 4, 4, 4, 4, 3, 3, 3] / writers=[4]
OOO / Test #153 / 1439449710079 / readers=[0, 0, 0, 0, 0, 0, 0, 0, 0, 0] / writers=[1]
OOO / Test #150 / 1439449710077 / readers=[2, 2, 2, 2, 2, 2, 2, 2, 2, 1] / writers=[2]
OOO / Test #180 / 1439449710076 / readers=[2, 2, 2, 2, 2, 2, 2, 2, 1, 2] / writers=[2]
OOO / Test #152 / 1439449710076 / readers=[2, 2, 2, 2, 2, 1, 2, 2, 2, 2] / writers=[2]
OOO / Test #162 / 1439449710074 / readers=[2, 2, 2, 2, 2, 2, 2, 2, 2, 1] / writers=[2]
OOO / Test #178 / 1439449710127 / readers=[4, 4, 4, 4, 4, 4, 3, 3, 4, 3] / writers=[4]
OOO / Test #164 / 1439449710071 / readers=[2, 2, 2, 2, 2, 2, 2, 2, 1, 2] / writers=[2]
OOO / Test #40 / 1439449710066 / readers=[4, 5, 5, 5, 5, 5, 5, 5, 5, 5] / writers=[5]
OOO / Test #30 / 1439449710066 / readers=[4, 4, 4, 4, 4, 4, 4, 3, 4, 4] / writers=[4]
OOO / Test #27 / 1439449710066 / readers=[5, 5, 5, 5, 5, 5, 4, 4, 5, 5] / writers=[5]
OOO / Test #36 / 1439449710066 / readers=[3, 3, 3, 3, 3, 3, 3, 3, 3, 3] / writers=[4]
OOO / Test #28 / 1439449710066 / readers=[6, 6, 6, 7, 6, 6, 6, 6, 6, 7] / writers=[7]
OOO / Test #61 / 1439449710066 / readers=[2, 2, 2, 3, 3, 3, 3, 3, 3, 3] / writers=[3]
OOO / Test #97 / 1439449710066 / readers=[2, 1, 2, 2, 2, 2, 2, 1, 2, 2] / writers=[2]
OOO / Test #64 / 1439449710066 / readers=[3, 3, 3, 3, 3, 2, 3, 3, 3, 2] / writers=[3]
OOO / Test #62 / 1439449710065 / readers=[2, 2, 2, 3, 3, 3, 3, 3, 3, 3] / writers=[3]
OOO / Test #44 / 1439449710065 / readers=[6, 6, 6, 6, 6, 6, 5, 5, 5, 5] / writers=[6]
OOO / Test #167 / 1439449710064 / readers=[2, 2, 2, 2, 2, 2, 2, 2, 2, 1] / writers=[2]
OOO / Test #148 / 1439449710063 / readers=[0, 0, 0, 0, 0, 0, 0, 0, 0, 0] / writers=[1]
OOO / Test #147 / 1439449710060 / readers=[0, 0, 0, 0, 1, 1, 0, 0, 1, 1] / writers=[1]
OOO / Test #62 / 1439449710138 / readers=[3, 3, 3, 3, 4, 4, 4, 4, 4, 4] / writers=[4]
OOO / Test #157 / 1439449710055 / readers=[2, 2, 2, 2, 2, 2, 2, 2, 2, 1] / writers=[2]
OOO / Test #49 / 1439449710054 / readers=[5, 5, 5, 5, 5, 5, 4, 4, 4, 5] / writers=[5]
OOO / Test #18 / 1439449710054 / readers=[15, 15, 15, 15, 15, 15, 15, 14, 14, 14] / writers=[15]
OOO / Test #51 / 1439449710054 / readers=[5, 5, 4, 4, 4, 5, 4, 4, 4, 4] / writers=[5]
OOO / Test #22 / 1439449710054 / readers=[6, 6, 7, 6, 7, 7, 6, 6, 6, 6] / writers=[7]
OOO / Test #39 / 1439449710054 / readers=[9, 8, 8, 9, 8, 8, 8, 8, 8, 9] / writers=[9]
OOO / Test #55 / 1439449710054 / readers=[4, 5, 5, 5, 5, 5, 5, 4, 4, 4] / writers=[5]
OOO / Test #157 / 1439449710148 / readers=[3, 3, 3, 3, 3, 3, 3, 3, 2, 2] / writers=[3]
OOO / Test #59 / 1439449710054 / readers=[3, 3, 3, 3, 3, 3, 2, 2, 2, 2] / writers=[3]
OOO / Test #26 / 1439449710054 / readers=[6, 6, 6, 6, 6, 6, 5, 5, 6, 6] / writers=[6]
OOO / Test #146 / 1439449710054 / readers=[0, 0, 0, 0, 0, 0, 0, 0, 0, 0] / writers=[1]
OOO / Test #145 / 1439449710050 / readers=[0, 1, 0, 1, 1, 0, 0, 0, 0, 0] / writers=[1]
OOO / Test #198 / 1439449710045 / readers=[0, 0, 1, 0, 0, 0, 0, 0, 0, 0] / writers=[1]
OOO / Test #45 / 1439449710043 / readers=[8, 8, 8, 8, 8, 7, 8, 8, 8, 8] / writers=[8]
OOO / Test #12 / 1439449710043 / readers=[29, 29, 29, 29, 28, 28, 28, 28, 28, 28] / writers=[29]
OOO / Test #23 / 1439449710043 / readers=[7, 7, 7, 6, 6, 6, 6, 6, 6, 6] / writers=[7]
OOO / Test #35 / 1439449710043 / readers=[5, 5, 6, 6, 5, 5, 6, 6, 5, 5] / writers=[6]
OOO / Test #14 / 1439449710043 / readers=[32, 33, 32, 32, 32, 32, 32, 32, 32, 32] / writers=[33]
OOO / Test #34 / 1439449710043 / readers=[5, 6, 6, 5, 5, 6, 6, 5, 6, 5] / writers=[6]
OOO / Test #46 / 1439449710043 / readers=[4, 4, 4, 4, 4, 4, 4, 5, 5, 5] / writers=[5]
OOO / Test #45 / 1439449710156 / readers=[9, 9, 9, 9, 9, 8, 9, 9, 9, 8] / writers=[9]
OOO / Test #145 / 1439449710156 / readers=[1, 2, 1, 2, 1, 1, 1, 1, 1, 1] / writers=[2]
OOO / Test #4 / 1439449710043 / readers=[29, 29, 29, 29, 28, 28, 28, 28, 28, 29] / writers=[29]
OOO / Test #41 / 1439449710043 / readers=[4, 4, 5, 4, 4, 5, 5, 4, 4, 5] / writers=[5]
OOO / Test #56 / 1439449710043 / readers=[8, 8, 7, 7, 7, 7, 7, 7, 8, 7] / writers=[8]
OOO / Test #33 / 1439449710034 / readers=[4, 4, 4, 4, 4, 4, 4, 3, 3, 3] / writers=[4]
OOO / Test #32 / 1439449710034 / readers=[5, 5, 5, 4, 5, 5, 4, 5, 5, 4] / writers=[5]
OOO / Test #58 / 1439449710034 / readers=[6, 6, 5, 6, 6, 5, 5, 6, 5, 5] / writers=[6]
OOO / Test #38 / 1439449710034 / readers=[7, 7, 7, 7, 6, 6, 6, 6, 6, 6] / writers=[7]
OOO / Test #42 / 1439449710033 / readers=[6, 6, 5, 6, 6, 6, 5, 5, 5, 5] / writers=[6]
OOO / Test #57 / 1439449710033 / readers=[5, 5, 4, 5, 5, 5, 5, 4, 4, 4] / writers=[5]
OOO / Test #52 / 1439449710033 / readers=[5, 5, 5, 5, 5, 4, 4, 5, 4, 4] / writers=[5]
OOO / Test #21 / 1439449710033 / readers=[20, 20, 19, 19, 19, 20, 19, 19, 19, 19] / writers=[20]
OOO / Test #19 / 1439449710033 / readers=[10, 10, 10, 11, 11, 11, 11, 11, 11, 11] / writers=[11]
OOO / Test #155 / 1439449710031 / readers=[2, 2, 2, 2, 2, 2, 2, 2, 2, 1] / writers=[2]
OOO / Test #154 / 1439449710029 / readers=[2, 2, 2, 2, 2, 2, 2, 2, 2, 1] / writers=[2]
OOO / Test #149 / 1439449710028 / readers=[0, 0, 0, 0, 0, 0, 0, 0, 0, 0] / writers=[1]
OOO / Test #127 / 1439449710028 / readers=[0, 0, 0, 0, 0, 0, 0, 0, 0, 0] / writers=[1]
OOO / Test #133 / 1439449710026 / readers=[0, 0, 0, 0, 1, 0, 0, 0, 0, 0] / writers=[1]
OOO / Test #73 / 1439449710023 / readers=[1, 1, 1, 1, 1, 1, 2, 2, 1, 1] / writers=[2]
OOO / Test #84 / 1439449710023 / readers=[3, 3, 3, 3, 3, 3, 3, 2, 3, 3] / writers=[3]
OOO / Test #139 / 1439449710021 / readers=[3, 3, 3, 3, 3, 3, 3, 3, 2, 2] / writers=[3]
OOO / Test #48 / 1439449710021 / readers=[6, 6, 6, 6, 6, 5, 5, 5, 5, 5] / writers=[6]
OOO / Test #80 / 1439449710021 / readers=[3, 3, 3, 3, 3, 3, 2, 2, 3, 3] / writers=[3]
OOO / Test #24 / 1439449710021 / readers=[7, 7, 7, 7, 7, 8, 7, 7, 7, 7] / writers=[8]
OOO / Test #17 / 1439449710021 / readers=[13, 13, 13, 13, 13, 13, 13, 13, 13, 14] / writers=[14]
OOO / Test #37 / 1439449710021 / readers=[5, 5, 4, 5, 5, 4, 5, 5, 4, 4] / writers=[5]
OOO / Test #10 / 1439449710021 / readers=[10, 9, 9, 9, 9, 9, 9, 9, 9, 10] / writers=[10]
OOO / Test #109 / 1439449710021 / readers=[4, 4, 4, 4, 4, 4, 4, 3, 3, 3] / writers=[4]
OOO / Test #101 / 1439449710010 / readers=[1, 1, 2, 2, 2, 2, 2, 2, 1, 1] / writers=[2]
OOO / Test #9 / 1439449710008 / readers=[25, 25, 26, 26, 26, 26, 26, 26, 25, 25] / writers=[26]
OOO / Test #6 / 1439449710008 / readers=[32, 32, 32, 32, 32, 32, 32, 32, 32, 32] / writers=[33]
OOO / Test #16 / 1439449710008 / readers=[16, 16, 16, 16, 16, 16, 15, 15, 15, 15] / writers=[16]
OOO / Test #122 / 1439449710008 / readers=[3, 3, 3, 3, 3, 3, 3, 3, 2, 2] / writers=[3]
OOO / Test #37 / 1439449710181 / readers=[6, 6, 5, 6, 6, 5, 5, 6, 5, 5] / writers=[6]
OOO / Test #9 / 1439449710181 / readers=[26, 26, 26, 27, 27, 27, 27, 27, 26, 26] / writers=[27]
OOO / Test #29 / 1439449710008 / readers=[5, 5, 5, 5, 6, 5, 5, 6, 5, 6] / writers=[6]
OOO / Test #8 / 1439449710008 / readers=[26, 27, 27, 27, 27, 27, 26, 27, 27, 27] / writers=[27]
OOO / Test #65 / 1439449710008 / readers=[3, 3, 3, 3, 3, 3, 3, 3, 2, 2] / writers=[3]
OOO / Test #128 / 1439449710008 / readers=[3, 3, 3, 3, 3, 3, 3, 3, 2, 2] / writers=[3]
OOO / Test #90 / 1439449710007 / readers=[3, 3, 3, 3, 3, 3, 3, 3, 2, 2] / writers=[3]
OOO / Test #144 / 1439449710000 / readers=[2, 2, 2, 2, 2, 2, 2, 2, 2, 1] / writers=[2]
OOO / Test #29 / 1439449710187 / readers=[6, 6, 6, 6, 6, 6, 6, 7, 6, 7] / writers=[7]
OOO / Test #151 / 1439449709999 / readers=[2, 2, 2, 2, 2, 2, 2, 2, 2, 1] / writers=[2]
OOO / Test #137 / 1439449709997 / readers=[2, 2, 2, 2, 2, 2, 2, 2, 2, 1] / writers=[2]
OOO / Test #66 / 1439449709996 / readers=[2, 2, 2, 2, 2, 2, 2, 2, 2, 1] / writers=[2]
OOO / Test #118 / 1439449709996 / readers=[0, 0, 0, 0, 0, 0, 0, 0, 0, 0] / writers=[1]
OOO / Test #114 / 1439449709996 / readers=[2, 2, 2, 2, 2, 2, 2, 2, 2, 1] / writers=[2]
OOO / Test #29 / 1439449710188 / readers=[7, 7, 7, 7, 7, 7, 7, 7, 7, 8] / writers=[8]
OOO / Test #116 / 1439449709996 / readers=[2, 2, 2, 2, 2, 2, 2, 2, 2, 1] / writers=[2]
OOO / Test #75 / 1439449709996 / readers=[2, 2, 2, 2, 2, 2, 2, 2, 2, 1] / writers=[2]
OOO / Test #85 / 1439449709996 / readers=[2, 2, 2, 2, 2, 2, 2, 2, 2, 1] / writers=[2]
OOO / Test #76 / 1439449709995 / readers=[2, 2, 2, 2, 2, 2, 2, 2, 2, 1] / writers=[2]
OOO / Test #63 / 1439449709995 / readers=[2, 2, 2, 2, 2, 2, 2, 2, 2, 1] / writers=[2]
OOO / Test #117 / 1439449709994 / readers=[2, 2, 2, 2, 2, 2, 2, 2, 2, 1] / writers=[2]
OOO / Test #91 / 1439449709994 / readers=[2, 2, 2, 2, 2, 2, 2, 2, 2, 1] / writers=[2]
OOO / Test #124 / 1439449709994 / readers=[2, 2, 2, 2, 2, 2, 2, 2, 2, 1] / writers=[2]
OOO / Test #125 / 1439449709994 / readers=[2, 2, 2, 2, 2, 2, 2, 2, 2, 1] / writers=[2]
OOO / Test #93 / 1439449709994 / readers=[0, 0, 0, 0, 0, 0, 0, 0, 0, 0] / writers=[1]
OOO / Test #76 / 1439449710194 / readers=[3, 3, 3, 3, 3, 3, 3, 3, 2, 2] / writers=[3]
OOO / Test #117 / 1439449710194 / readers=[3, 3, 3, 3, 3, 3, 3, 3, 2, 2] / writers=[3]
OOO / Test #96 / 1439449709994 / readers=[2, 2, 2, 2, 2, 2, 2, 2, 2, 1] / writers=[2]
OOO / Test #130 / 1439449709994 / readers=[2, 2, 2, 2, 2, 2, 2, 2, 2, 1] / writers=[2]
OOO / Test #106 / 1439449709994 / readers=[2, 2, 2, 2, 2, 2, 2, 2, 2, 1] / writers=[2]
OOO / Test #88 / 1439449709994 / readers=[2, 2, 2, 2, 2, 2, 2, 2, 2, 1] / writers=[2]
OOO / Test #86 / 1439449709993 / readers=[2, 2, 2, 2, 2, 2, 2, 2, 2, 1] / writers=[2]
OOO / Test #68 / 1439449709993 / readers=[2, 2, 2, 2, 2, 2, 2, 2, 2, 1] / writers=[2]
OOO / Test #117 / 1439449710201 / readers=[4, 4, 4, 4, 4, 4, 4, 3, 3, 3] / writers=[4]
OOO / Test #135 / 1439449709993 / readers=[3, 3, 3, 3, 3, 3, 3, 3, 3, 2] / writers=[3]
OOO / Test #129 / 1439449709993 / readers=[3, 3, 3, 3, 3, 3, 3, 3, 3, 2] / writers=[3]
OOO / Test #77 / 1439449709993 / readers=[3, 3, 3, 3, 3, 3, 3, 3, 2, 2] / writers=[3]
OOO / Test #141 / 1439449709993 / readers=[4, 4, 4, 4, 4, 4, 4, 3, 3, 3] / writers=[4]
OOO / Test #92 / 1439449709993 / readers=[3, 3, 3, 3, 3, 3, 3, 3, 2, 2] / writers=[3]
OOO / Test #78 / 1439449709993 / readers=[2, 2, 2, 2, 2, 2, 2, 2, 2, 1] / writers=[2]
OOO / Test #113 / 1439449709993 / readers=[3, 3, 3, 3, 3, 3, 3, 3, 2, 2] / writers=[3]
OOO / Test #87 / 1439449709993 / readers=[2, 2, 2, 2, 2, 2, 2, 2, 2, 1] / writers=[2]
OOO / Test #82 / 1439449709993 / readers=[2, 2, 2, 2, 2, 2, 2, 2, 2, 1] / writers=[2]
OOO / Test #67 / 1439449709993 / readers=[2, 2, 2, 2, 2, 2, 2, 2, 2, 1] / writers=[2]
OOO / Test #92 / 1439449710209 / readers=[4, 4, 4, 4, 4, 4, 4, 3, 3, 3] / writers=[4]
OOO / Test #71 / 1439449709993 / readers=[2, 2, 2, 2, 2, 2, 2, 2, 2, 1] / writers=[2]
OOO / Test #112 / 1439449709993 / readers=[3, 3, 3, 3, 3, 3, 3, 3, 2, 2] / writers=[3]
OOO / Test #132 / 1439449709993 / readers=[3, 3, 3, 3, 3, 3, 3, 3, 2, 2] / writers=[3]
OOO / Test #134 / 1439449709993 / readers=[3, 4, 4, 4, 4, 4, 3, 3, 4, 3] / writers=[4]
OOO / Test #136 / 1439449709993 / readers=[3, 3, 3, 3, 3, 3, 3, 3, 2, 2] / writers=[3]
OOO / Test #74 / 1439449709992 / readers=[2, 2, 2, 2, 2, 2, 2, 2, 2, 1] / writers=[2]
OOO / Test #81 / 1439449709992 / readers=[2, 2, 2, 2, 2, 2, 2, 2, 2, 1] / writers=[2]
OOO / Test #69 / 1439449709992 / readers=[2, 2, 2, 2, 2, 2, 2, 2, 2, 1] / writers=[2]
OOO / Test #79 / 1439449709992 / readers=[2, 2, 2, 2, 2, 2, 2, 2, 2, 1] / writers=[2]
OOO / Test #89 / 1439449709992 / readers=[2, 2, 2, 2, 2, 2, 2, 2, 2, 1] / writers=[2]
OOO / Test #136 / 1439449710216 / readers=[4, 4, 4, 4, 4, 4, 4, 3, 3, 3] / writers=[4]
OOO / Test #108 / 1439449709991 / readers=[2, 2, 2, 2, 2, 2, 2, 2, 2, 1] / writers=[2]
OOO / Test #111 / 1439449709991 / readers=[2, 2, 2, 2, 2, 2, 2, 2, 1, 2] / writers=[2]
OOO / Test #99 / 1439449709991 / readers=[2, 2, 2, 2, 2, 2, 2, 2, 2, 1] / writers=[2]
OOO / Test #102 / 1439449709990 / readers=[2, 2, 2, 2, 2, 2, 2, 2, 2, 1] / writers=[2]
OOO / Test #108 / 1439449710216 / readers=[3, 3, 3, 3, 3, 3, 3, 3, 2, 2] / writers=[3]
OOO / Test #111 / 1439449710216 / readers=[3, 3, 3, 3, 3, 3, 3, 3, 2, 2] / writers=[3]
OOO / Test #120 / 1439449709989 / readers=[2, 2, 2, 2, 2, 2, 2, 2, 2, 1] / writers=[2]
OOO / Test #119 / 1439449709989 / readers=[0, 0, 0, 0, 0, 0, 0, 0, 1, 0] / writers=[1]
OOO / Test #107 / 1439449709989 / readers=[2, 2, 2, 2, 2, 2, 2, 2, 2, 1] / writers=[2]
OOO / Test #123 / 1439449709989 / readers=[2, 2, 2, 2, 2, 2, 2, 2, 2, 1] / writers=[2]
OOO / Test #115 / 1439449709988 / readers=[2, 2, 2, 2, 2, 2, 2, 2, 2, 1] / writers=[2]
OOO / Test #143 / 1439449709987 / readers=[2, 2, 2, 2, 2, 2, 2, 2, 2, 1] / writers=[2]
OOO / Test #138 / 1439449709987 / readers=[2, 2, 2, 2, 2, 2, 2, 2, 1, 2] / writers=[2]
OOO / Test #104 / 1439449709986 / readers=[2, 2, 2, 2, 2, 2, 2, 2, 2, 1] / writers=[2]
OOO / Test #110 / 1439449709984 / readers=[2, 2, 2, 2, 2, 2, 2, 2, 2, 1] / writers=[2]
OOO / Test #107 / 1439449710224 / readers=[3, 3, 3, 3, 3, 3, 3, 3, 3, 2] / writers=[3]
OOO / Test #105 / 1439449709984 / readers=[2, 2, 2, 2, 2, 2, 2, 2, 2, 1] / writers=[2]
OOO / Test #138 / 1439449710224 / readers=[3, 3, 3, 3, 3, 3, 3, 3, 2, 2] / writers=[3]
OOO / Test #83 / 1439449709982 / readers=[2, 2, 2, 2, 2, 2, 2, 2, 2, 1] / writers=[2]
OOO / Test #70 / 1439449709981 / readers=[2, 2, 2, 2, 2, 2, 2, 2, 2, 1] / writers=[2]
OOO / Test #126 / 1439449709980 / readers=[3, 3, 3, 3, 3, 3, 3, 3, 2, 3] / writers=[3]
OOO / Test #142 / 1439449709980 / readers=[1, 2, 2, 2, 2, 2, 2, 2, 2, 1] / writers=[2]
OOO / Test #140 / 1439449709980 / readers=[3, 3, 3, 3, 3, 2, 3, 3, 3, 2] / writers=[3]
OOO / Test #70 / 1439449710230 / readers=[3, 3, 3, 3, 3, 3, 3, 3, 2, 2] / writers=[3]
OOO / Test #131 / 1439449709980 / readers=[3, 3, 3, 3, 3, 3, 3, 3, 2, 2] / writers=[3]
OOO / Test #121 / 1439449709980 / readers=[3, 3, 3, 3, 3, 3, 3, 3, 2, 2] / writers=[3]
OOO / Test #142 / 1439449710230 / readers=[2, 3, 3, 3, 3, 3, 3, 3, 2, 2] / writers=[3]
OOO / Test #103 / 1439449709980 / readers=[3, 3, 3, 3, 3, 3, 3, 3, 2, 2] / writers=[3]
OOO / Test #98 / 1439449709980 / readers=[3, 3, 3, 3, 3, 3, 3, 3, 2, 2] / writers=[3]
OOO / Test #94 / 1439449709980 / readers=[1, 1, 2, 2, 2, 2, 2, 2, 1, 1] / writers=[2]
OOO / Test #72 / 1439449709980 / readers=[3, 3, 3, 3, 3, 3, 3, 2, 3, 2] / writers=[3]
OOO / Test #25 / 1439449709980 / readers=[16, 16, 16, 15, 15, 15, 15, 16, 16, 16] / writers=[16]
OOO / Test #1 / 1439449709980 / readers=[6, 5, 6, 6, 6, 5, 6, 5, 5, 5] / writers=[6]
OOO / Test #5 / 1439449709980 / readers=[30, 29, 30, 30, 30, 29, 29, 29, 29, 29] / writers=[30]
OOO / Test #98 / 1439449710237 / readers=[4, 4, 4, 4, 4, 4, 3, 4, 3, 3] / writers=[4]
OOO / Test #103 / 1439449710230 / readers=[4, 4, 4, 4, 4, 4, 4, 3, 3, 3] / writers=[4]
OOO / Test #121 / 1439449710230 / readers=[4, 4, 4, 4, 4, 4, 4, 3, 3, 4] / writers=[4]
OOO / Test #142 / 1439449710230 / readers=[3, 4, 4, 4, 4, 4, 4, 3, 3, 3] / writers=[4]
OOO / Test #131 / 1439449710230 / readers=[4, 3, 4, 4, 4, 4, 4, 4, 3, 3] / writers=[4]
OOO / Test #70 / 1439449710230 / readers=[4, 4, 4, 4, 4, 4, 4, 3, 3, 3] / writers=[4]
OOO / Test #140 / 1439449710230 / readers=[4, 4, 4, 4, 4, 3, 4, 4, 3, 3] / writers=[4]
OOO / Test #126 / 1439449710230 / readers=[4, 4, 4, 4, 4, 4, 4, 3, 3, 4] / writers=[4]
OOO / Test #83 / 1439449710230 / readers=[3, 3, 3, 3, 3, 3, 3, 3, 2, 2] / writers=[3]
OOO / Test #138 / 1439449710230 / readers=[4, 4, 4, 4, 4, 4, 4, 3, 3, 3] / writers=[4]
OOO / Test #105 / 1439449710224 / readers=[3, 3, 3, 3, 3, 3, 3, 3, 2, 2] / writers=[3]
OOO / Test #107 / 1439449710224 / readers=[4, 4, 4, 4, 4, 4, 4, 3, 4, 3] / writers=[4]
OOO / Test #110 / 1439449710224 / readers=[3, 3, 3, 3, 3, 3, 3, 3, 2, 2] / writers=[3]
OOO / Test #140 / 1439449710244 / readers=[5, 5, 5, 5, 5, 4, 4, 5, 4, 4] / writers=[5]
OOO / Test #104 / 1439449710224 / readers=[3, 3, 3, 3, 3, 3, 3, 3, 2, 2] / writers=[3]
OOO / Test #107 / 1439449710244 / readers=[5, 5, 5, 5, 5, 5, 4, 4, 5, 4] / writers=[5]
OOO / Test #143 / 1439449710224 / readers=[3, 3, 3, 3, 3, 3, 3, 3, 2, 2] / writers=[3]
OOO / Test #115 / 1439449710224 / readers=[3, 3, 3, 3, 3, 3, 3, 3, 2, 2] / writers=[3]
OOO / Test #123 / 1439449710224 / readers=[3, 3, 3, 3, 3, 3, 3, 2, 3, 2] / writers=[3]
OOO / Test #119 / 1439449710223 / readers=[1, 1, 1, 1, 1, 1, 1, 1, 1, 1] / writers=[2]
OOO / Test #120 / 1439449710223 / readers=[3, 3, 3, 3, 3, 3, 3, 3, 2, 2] / writers=[3]
OOO / Test #111 / 1439449710223 / readers=[4, 4, 4, 4, 4, 4, 4, 3, 3, 3] / writers=[4]
OOO / Test #108 / 1439449710216 / readers=[4, 4, 4, 4, 4, 4, 4, 3, 3, 3] / writers=[4]
OOO / Test #102 / 1439449710216 / readers=[3, 3, 3, 3, 3, 3, 3, 3, 2, 2] / writers=[3]
OOO / Test #99 / 1439449710216 / readers=[3, 3, 3, 3, 3, 3, 3, 3, 2, 2] / writers=[3]
OOO / Test #89 / 1439449710216 / readers=[3, 3, 3, 3, 3, 3, 3, 3, 2, 2] / writers=[3]
OOO / Test #136 / 1439449710216 / readers=[5, 5, 5, 5, 5, 5, 4, 4, 4, 4] / writers=[5]
OOO / Test #111 / 1439449710254 / readers=[5, 5, 5, 5, 5, 5, 4, 4, 4, 4] / writers=[5]
OOO / Test #79 / 1439449710216 / readers=[3, 3, 3, 3, 3, 3, 3, 3, 2, 2] / writers=[3]
OOO / Test #69 / 1439449710216 / readers=[3, 3, 3, 3, 3, 3, 3, 3, 2, 2] / writers=[3]
OOO / Test #81 / 1439449710216 / readers=[3, 3, 3, 3, 3, 3, 3, 2, 3, 2] / writers=[3]
OOO / Test #74 / 1439449710216 / readers=[3, 3, 3, 3, 3, 3, 3, 3, 2, 2] / writers=[3]
OOO / Test #134 / 1439449710210 / readers=[4, 5, 5, 5, 5, 4, 4, 4, 5, 4] / writers=[5]
OOO / Test #132 / 1439449710210 / readers=[4, 4, 4, 4, 4, 4, 4, 3, 3, 3] / writers=[4]
OOO / Test #112 / 1439449710210 / readers=[4, 4, 4, 4, 4, 4, 4, 3, 3, 3] / writers=[4]
OOO / Test #69 / 1439449710262 / readers=[3, 3, 3, 3, 4, 4, 4, 3, 3, 3] / writers=[4]
OOO / Test #71 / 1439449710210 / readers=[3, 3, 3, 3, 3, 3, 3, 3, 2, 2] / writers=[3]
OOO / Test #92 / 1439449710210 / readers=[5, 5, 5, 5, 5, 5, 4, 4, 4, 4] / writers=[5]
OOO / Test #67 / 1439449710210 / readers=[3, 3, 3, 3, 3, 3, 3, 3, 2, 2] / writers=[3]
OOO / Test #87 / 1439449710210 / readers=[3, 3, 3, 3, 3, 3, 3, 3, 2, 2] / writers=[3]
OOO / Test #82 / 1439449710210 / readers=[3, 3, 3, 3, 3, 3, 3, 3, 2, 2] / writers=[3]
OOO / Test #113 / 1439449710209 / readers=[4, 4, 4, 4, 4, 4, 4, 3, 3, 3] / writers=[4]
OOO / Test #78 / 1439449710209 / readers=[3, 3, 3, 3, 3, 3, 3, 2, 3, 2] / writers=[3]
OOO / Test #141 / 1439449710209 / readers=[5, 5, 5, 5, 5, 5, 4, 4, 4, 4] / writers=[5]
OOO / Test #129 / 1439449710202 / readers=[4, 4, 4, 4, 4, 4, 4, 4, 3, 3] / writers=[4]
OOO / Test #77 / 1439449710202 / readers=[4, 4, 4, 4, 4, 4, 4, 3, 3, 3] / writers=[4]
OOO / Test #135 / 1439449710202 / readers=[4, 4, 4, 4, 4, 4, 4, 4, 3, 3] / writers=[4]
OOO / Test #68 / 1439449710202 / readers=[3, 3, 3, 3, 3, 3, 3, 3, 2, 2] / writers=[3]
OOO / Test #117 / 1439449710202 / readers=[5, 5, 5, 5, 5, 5, 4, 4, 4, 4] / writers=[5]
OOO / Test #86 / 1439449710202 / readers=[3, 3, 3, 3, 3, 3, 3, 3, 2, 2] / writers=[3]
OOO / Test #88 / 1439449710201 / readers=[3, 3, 3, 3, 3, 3, 3, 3, 2, 2] / writers=[3]
OOO / Test #106 / 1439449710201 / readers=[3, 2, 3, 3, 3, 3, 3, 3, 3, 2] / writers=[3]
OOO / Test #96 / 1439449710201 / readers=[3, 3, 3, 3, 3, 3, 3, 3, 2, 2] / writers=[3]
OOO / Test #130 / 1439449710201 / readers=[3, 3, 3, 3, 3, 3, 3, 3, 2, 2] / writers=[3]
OOO / Test #93 / 1439449710194 / readers=[3, 3, 3, 3, 3, 3, 3, 3, 3, 2] / writers=[3]
OOO / Test #76 / 1439449710194 / readers=[4, 4, 4, 4, 4, 4, 4, 3, 3, 3] / writers=[4]
OOO / Test #125 / 1439449710194 / readers=[3, 3, 3, 3, 3, 3, 3, 2, 3, 2] / writers=[3]
OOO / Test #124 / 1439449710194 / readers=[3, 3, 3, 3, 3, 3, 3, 3, 2, 2] / writers=[3]
OOO / Test #91 / 1439449710194 / readers=[3, 3, 3, 3, 3, 3, 3, 3, 2, 2] / writers=[3]
OOO / Test #130 / 1439449710278 / readers=[4, 4, 4, 3, 4, 4, 4, 4, 3, 3] / writers=[4]
OOO / Test #125 / 1439449710278 / readers=[4, 4, 4, 4, 4, 4, 3, 3, 4, 3] / writers=[4]
OOO / Test #124 / 1439449710278 / readers=[4, 4, 4, 4, 4, 4, 4, 3, 3, 3] / writers=[4]
OOO / Test #63 / 1439449710194 / readers=[3, 3, 3, 3, 3, 3, 3, 3, 2, 2] / writers=[3]
OOO / Test #75 / 1439449710194 / readers=[3, 3, 3, 3, 3, 3, 3, 3, 2, 2] / writers=[3]
OOO / Test #85 / 1439449710194 / readers=[3, 3, 3, 3, 3, 3, 2, 3, 3, 2] / writers=[3]
OOO / Test #29 / 1439449710194 / readers=[8, 8, 8, 8, 8, 8, 8, 8, 8, 8] / writers=[9]
OOO / Test #116 / 1439449710194 / readers=[3, 3, 3, 3, 3, 3, 3, 3, 2, 2] / writers=[3]
OOO / Test #118 / 1439449710188 / readers=[3, 3, 3, 3, 3, 3, 3, 3, 3, 2] / writers=[3]
OOO / Test #114 / 1439449710188 / readers=[3, 3, 3, 3, 3, 3, 3, 3, 2, 2] / writers=[3]
OOO / Test #66 / 1439449710188 / readers=[3, 3, 3, 3, 3, 3, 3, 3, 2, 2] / writers=[3]
OOO / Test #151 / 1439449710188 / readers=[3, 3, 3, 3, 3, 3, 3, 3, 2, 2] / writers=[3]
OOO / Test #137 / 1439449710188 / readers=[3, 3, 3, 3, 3, 3, 3, 3, 2, 2] / writers=[3]
OOO / Test #144 / 1439449710188 / readers=[3, 3, 3, 3, 3, 3, 3, 2, 3, 2] / writers=[3]
OOO / Test #114 / 1439449710284 / readers=[4, 4, 4, 4, 4, 4, 4, 3, 3, 3] / writers=[4]
OOO / Test #90 / 1439449710188 / readers=[4, 4, 4, 4, 4, 4, 4, 3, 3, 3] / writers=[4]
OOO / Test #151 / 1439449710284 / readers=[4, 4, 4, 4, 4, 4, 4, 3, 3, 3] / writers=[4]
OOO / Test #128 / 1439449710188 / readers=[4, 4, 4, 4, 4, 4, 4, 3, 3, 3] / writers=[4]
OOO / Test #65 / 1439449710187 / readers=[4, 4, 4, 4, 4, 4, 4, 3, 3, 3] / writers=[4]
OOO / Test #8 / 1439449710187 / readers=[27, 28, 28, 28, 28, 27, 27, 28, 28, 28] / writers=[28]
OOO / Test #9 / 1439449710181 / readers=[27, 27, 27, 27, 28, 28, 28, 28, 27, 27] / writers=[28]
OOO / Test #37 / 1439449710181 / readers=[7, 7, 6, 7, 7, 6, 6, 6, 6, 6] / writers=[7]
OOO / Test #16 / 1439449710181 / readers=[17, 17, 17, 17, 17, 16, 16, 16, 16, 16] / writers=[17]
OOO / Test #65 / 1439449710292 / readers=[5, 5, 5, 5, 5, 5, 4, 4, 4, 4] / writers=[5]
OOO / Test #122 / 1439449710181 / readers=[4, 4, 4, 4, 4, 4, 4, 3, 3, 3] / writers=[4]
OOO / Test #8 / 1439449710292 / readers=[28, 29, 29, 29, 28, 28, 28, 29, 29, 29] / writers=[29]
OOO / Test #6 / 1439449710181 / readers=[35, 35, 35, 35, 35, 35, 35, 35, 35, 34] / writers=[35]
OOO / Test #16 / 1439449710292 / readers=[18, 18, 18, 18, 17, 17, 17, 17, 17, 17] / writers=[18]
OOO / Test #101 / 1439449710181 / readers=[2, 2, 3, 3, 3, 3, 3, 2, 2, 2] / writers=[3]
OOO / Test #109 / 1439449710181 / readers=[5, 5, 5, 5, 5, 5, 4, 4, 4, 4] / writers=[5]
OOO / Test #10 / 1439449710181 / readers=[10, 10, 10, 10, 10, 10, 10, 10, 10, 11] / writers=[11]
OOO / Test #17 / 1439449710181 / readers=[14, 14, 14, 14, 14, 14, 14, 14, 14, 14] / writers=[15]
OOO / Test #80 / 1439449710174 / readers=[4, 4, 4, 4, 4, 4, 3, 3, 4, 3] / writers=[4]
OOO / Test #24 / 1439449710174 / readers=[8, 8, 8, 8, 8, 8, 8, 8, 8, 8] / writers=[9]
OOO / Test #48 / 1439449710174 / readers=[7, 7, 7, 7, 6, 6, 6, 6, 6, 6] / writers=[7]
OOO / Test #109 / 1439449710298 / readers=[6, 6, 6, 6, 6, 5, 5, 5, 5, 5] / writers=[6]
OOO / Test #139 / 1439449710174 / readers=[4, 4, 4, 4, 4, 4, 4, 3, 3, 3] / writers=[4]
OOO / Test #127 / 1439449710174 / readers=[3, 3, 3, 3, 3, 3, 3, 3, 3, 2] / writers=[3]
OOO / Test #84 / 1439449710174 / readers=[4, 4, 4, 4, 4, 4, 3, 3, 4, 4] / writers=[4]
OOO / Test #17 / 1439449710299 / readers=[16, 17, 17, 17, 17, 17, 17, 17, 17, 17] / writers=[17]
OOO / Test #73 / 1439449710174 / readers=[2, 2, 2, 2, 2, 2, 3, 2, 2, 2] / writers=[3]
OOO / Test #149 / 1439449710174 / readers=[3, 3, 3, 3, 3, 3, 2, 3, 3, 3] / writers=[3]
OOO / Test #133 / 1439449710174 / readers=[1, 1, 1, 1, 1, 1, 1, 1, 1, 1] / writers=[2]
OOO / Test #155 / 1439449710174 / readers=[3, 3, 3, 3, 3, 3, 3, 3, 2, 2] / writers=[3]
OOO / Test #154 / 1439449710174 / readers=[3, 3, 3, 3, 3, 3, 3, 3, 2, 2] / writers=[3]
OOO / Test #19 / 1439449710163 / readers=[11, 11, 11, 11, 12, 12, 12, 12, 12, 12] / writers=[12]
OOO / Test #21 / 1439449710163 / readers=[21, 20, 20, 20, 20, 21, 20, 20, 20, 20] / writers=[21]
OOO / Test #52 / 1439449710163 / readers=[6, 6, 6, 6, 6, 5, 5, 5, 5, 5] / writers=[6]
OOO / Test #57 / 1439449710163 / readers=[6, 6, 5, 6, 6, 6, 5, 5, 5, 5] / writers=[6]
OOO / Test #42 / 1439449710163 / readers=[7, 7, 6, 7, 6, 7, 6, 6, 6, 6] / writers=[7]
OOO / Test #38 / 1439449710163 / readers=[8, 8, 8, 7, 7, 7, 7, 7, 7, 7] / writers=[8]
OOO / Test #58 / 1439449710163 / readers=[7, 6, 6, 7, 7, 6, 6, 7, 6, 6] / writers=[7]
OOO / Test #32 / 1439449710163 / readers=[6, 6, 6, 5, 6, 6, 5, 6, 5, 5] / writers=[6]
OOO / Test #33 / 1439449710163 / readers=[5, 5, 5, 5, 5, 5, 4, 4, 4, 4] / writers=[5]
OOO / Test #41 / 1439449710163 / readers=[5, 5, 6, 5, 5, 6, 6, 5, 5, 5] / writers=[6]
OOO / Test #56 / 1439449710163 / readers=[9, 9, 8, 8, 8, 8, 8, 8, 8, 8] / writers=[9]
OOO / Test #4 / 1439449710163 / readers=[30, 30, 30, 29, 29, 29, 29, 29, 29, 30] / writers=[30]
OOO / Test #45 / 1439449710156 / readers=[10, 10, 10, 10, 10, 9, 9, 10, 10, 9] / writers=[10]
OOO / Test #34 / 1439449710156 / readers=[6, 7, 6, 6, 6, 7, 7, 6, 7, 6] / writers=[7]
OOO / Test #145 / 1439449710156 / readers=[2, 3, 2, 2, 2, 2, 2, 2, 2, 2] / writers=[3]
OOO / Test #46 / 1439449710156 / readers=[5, 5, 5, 5, 5, 5, 5, 6, 5, 6] / writers=[6]
OOO / Test #4 / 1439449710312 / readers=[31, 31, 31, 30, 30, 30, 30, 30, 30, 30] / writers=[31]
OOO / Test #14 / 1439449710156 / readers=[33, 33, 33, 33, 33, 33, 33, 33, 33, 33] / writers=[34]
OOO / Test #23 / 1439449710156 / readers=[8, 8, 7, 7, 7, 7, 7, 7, 7, 7] / writers=[8]
OOO / Test #35 / 1439449710156 / readers=[6, 6, 6, 7, 6, 6, 7, 7, 6, 6] / writers=[7]
OOO / Test #12 / 1439449710156 / readers=[30, 29, 30, 30, 29, 29, 29, 29, 29, 29] / writers=[30]
OOO / Test #198 / 1439449710156 / readers=[1, 1, 1, 1, 1, 1, 1, 1, 1, 1] / writers=[2]
OOO / Test #146 / 1439449710148 / readers=[3, 3, 3, 3, 3, 3, 3, 3, 2, 3] / writers=[3]
OOO / Test #26 / 1439449710148 / readers=[7, 7, 7, 7, 6, 7, 6, 6, 7, 7] / writers=[7]
OOO / Test #35 / 1439449710320 / readers=[7, 7, 7, 7, 7, 7, 8, 8, 7, 7] / writers=[8]
OOO / Test #59 / 1439449710148 / readers=[4, 4, 4, 4, 4, 3, 3, 3, 3, 3] / writers=[4]
OOO / Test #157 / 1439449710148 / readers=[4, 4, 4, 4, 4, 4, 4, 3, 3, 3] / writers=[4]
OOO / Test #55 / 1439449710148 / readers=[5, 6, 6, 6, 6, 6, 5, 5, 5, 5] / writers=[6]
OOO / Test #39 / 1439449710148 / readers=[10, 9, 9, 10, 9, 9, 9, 9, 9, 9] / writers=[10]
OOO / Test #51 / 1439449710148 / readers=[5, 6, 5, 5, 5, 6, 5, 5, 5, 5] / writers=[6]
OOO / Test #22 / 1439449710148 / readers=[7, 7, 8, 7, 8, 7, 7, 7, 7, 7] / writers=[8]
OOO / Test #18 / 1439449710148 / readers=[16, 16, 16, 16, 16, 16, 15, 15, 15, 15] / writers=[16]
OOO / Test #62 / 1439449710148 / readers=[4, 4, 4, 4, 5, 5, 4, 5, 5, 5] / writers=[5]
OOO / Test #49 / 1439449710148 / readers=[6, 6, 6, 6, 6, 5, 5, 5, 5, 6] / writers=[6]
OOO / Test #51 / 1439449710327 / readers=[6, 6, 6, 6, 6, 7, 6, 6, 6, 6] / writers=[7]
OOO / Test #148 / 1439449710138 / readers=[3, 3, 3, 3, 3, 3, 3, 2, 3, 3] / writers=[3]
OOO / Test #147 / 1439449710138 / readers=[1, 1, 1, 1, 2, 2, 1, 1, 2, 1] / writers=[2]
OOO / Test #62 / 1439449710327 / readers=[5, 5, 5, 5, 5, 6, 5, 6, 6, 6] / writers=[6]
OOO / Test #49 / 1439449710327 / readers=[6, 6, 6, 7, 6, 6, 6, 6, 6, 6] / writers=[7]
OOO / Test #167 / 1439449710138 / readers=[3, 3, 3, 3, 3, 3, 3, 2, 3, 2] / writers=[3]
OOO / Test #44 / 1439449710138 / readers=[7, 7, 7, 7, 7, 6, 6, 6, 6, 6] / writers=[7]
OOO / Test #36 / 1439449710138 / readers=[6, 6, 6, 5, 6, 6, 6, 6, 6, 6] / writers=[6]
OOO / Test #64 / 1439449710138 / readers=[4, 4, 4, 4, 4, 3, 4, 4, 3, 3] / writers=[4]
OOO / Test #61 / 1439449710138 / readers=[3, 3, 3, 3, 4, 4, 4, 4, 4, 4] / writers=[4]
OOO / Test #97 / 1439449710138 / readers=[3, 2, 3, 3, 3, 3, 3, 2, 2, 3] / writers=[3]
OOO / Test #28 / 1439449710138 / readers=[7, 7, 7, 7, 7, 7, 7, 7, 7, 8] / writers=[8]
OOO / Test #30 / 1439449710138 / readers=[5, 5, 5, 5, 5, 5, 4, 4, 5, 5] / writers=[5]
OOO / Test #27 / 1439449710138 / readers=[6, 6, 6, 6, 6, 5, 5, 5, 6, 6] / writers=[6]
OOO / Test #40 / 1439449710128 / readers=[5, 6, 6, 6, 6, 5, 6, 6, 6, 6] / writers=[6]
OOO / Test #61 / 1439449710334 / readers=[4, 4, 4, 4, 4, 5, 5, 5, 5, 5] / writers=[5]
OOO / Test #153 / 1439449710128 / readers=[3, 3, 3, 3, 3, 3, 3, 3, 3, 2] / writers=[3]
OOO / Test #164 / 1439449710128 / readers=[3, 3, 3, 3, 3, 3, 3, 2, 2, 3] / writers=[3]
OOO / Test #162 / 1439449710128 / readers=[2, 3, 3, 3, 3, 3, 3, 3, 3, 2] / writers=[3]
OOO / Test #178 / 1439449710128 / readers=[5, 5, 5, 5, 5, 5, 4, 4, 4, 4] / writers=[5]
OOO / Test #152 / 1439449710128 / readers=[3, 3, 3, 3, 3, 2, 3, 3, 3, 2] / writers=[3]
OOO / Test #180 / 1439449710128 / readers=[3, 3, 3, 3, 3, 3, 3, 2, 2, 3] / writers=[3]
OOO / Test #150 / 1439449710128 / readers=[3, 3, 3, 2, 3, 3, 3, 3, 3, 2] / writers=[3]
OOO / Test #100 / 1439449710128 / readers=[5, 5, 5, 5, 4, 5, 5, 4, 4, 4] / writers=[5]
OOO / Test #178 / 1439449710342 / readers=[6, 6, 6, 6, 6, 5, 5, 5, 5, 5] / writers=[6]
OOO / Test #20 / 1439449710127 / readers=[9, 9, 8, 8, 8, 8, 8, 8, 9, 9] / writers=[9]
OOO / Test #31 / 1439449710118 / readers=[6, 7, 7, 7, 7, 7, 7, 7, 7, 7] / writers=[7]
OOO / Test #150 / 1439449710342 / readers=[4, 4, 4, 3, 4, 4, 4, 4, 3, 3] / writers=[4]
OOO / Test #54 / 1439449710118 / readers=[4, 4, 4, 4, 4, 4, 4, 4, 4, 4] / writers=[5]
OOO / Test #95 / 1439449710118 / readers=[3, 4, 3, 3, 3, 3, 3, 3, 3, 3] / writers=[4]
OOO / Test #60 / 1439449710118 / readers=[3, 3, 3, 3, 4, 4, 4, 4, 4, 3] / writers=[4]
OOO / Test #160 / 1439449710118 / readers=[4, 4, 4, 4, 4, 4, 4, 3, 3, 3] / writers=[4]
OOO / Test #43 / 1439449710118 / readers=[6, 7, 7, 7, 7, 7, 7, 6, 7, 6] / writers=[7]
OOO / Test #15 / 1439449710118 / readers=[22, 22, 22, 23, 23, 23, 23, 23, 23, 23] / writers=[23]
OOO / Test #13 / 1439449710118 / readers=[26, 26, 26, 26, 26, 26, 26, 25, 25, 25] / writers=[26]
OOO / Test #161 / 1439449710118 / readers=[3, 3, 3, 3, 3, 3, 3, 3, 2, 2] / writers=[3]
OOO / Test #163 / 1439449710118 / readers=[3, 3, 3, 3, 3, 3, 3, 3, 2, 2] / writers=[3]
OOO / Test #181 / 1439449710118 / readers=[4, 4, 4, 4, 4, 4, 4, 3, 3, 3] / writers=[4]
OOO / Test #156 / 1439449710108 / readers=[3, 3, 3, 3, 3, 3, 3, 3, 3, 2] / writers=[3]
OOO / Test #166 / 1439449710108 / readers=[3, 3, 3, 3, 3, 3, 3, 3, 2, 2] / writers=[3]
OOO / Test #173 / 1439449710108 / readers=[3, 3, 3, 3, 3, 3, 3, 3, 2, 2] / writers=[3]
OOO / Test #168 / 1439449710108 / readers=[3, 3, 3, 3, 3, 3, 3, 3, 2, 2] / writers=[3]
OOO / Test #158 / 1439449710108 / readers=[3, 3, 3, 3, 3, 3, 3, 2, 3, 2] / writers=[3]
OOO / Test #177 / 1439449710108 / readers=[3, 3, 3, 3, 3, 3, 3, 3, 2, 2] / writers=[3]
OOO / Test #7 / 1439449710108 / readers=[12, 13, 13, 13, 13, 13, 13, 13, 13, 13] / writers=[13]
OOO / Test #182 / 1439449710108 / readers=[3, 3, 3, 3, 3, 3, 3, 3, 2, 2] / writers=[3]
OOO / Test #192 / 1439449710108 / readers=[3, 3, 3, 3, 3, 3, 3, 3, 2, 2] / writers=[3]
OOO / Test #190 / 1439449710108 / readers=[2, 3, 3, 3, 3, 3, 3, 3, 3, 2] / writers=[3]
OOO / Test #196 / 1439449710101 / readers=[2, 2, 2, 2, 2, 2, 2, 2, 2, 1] / writers=[2]
OOO / Test #7 / 1439449710358 / readers=[13, 14, 14, 14, 14, 14, 14, 14, 14, 13] / writers=[14]
OOO / Test #176 / 1439449710100 / readers=[2, 2, 2, 2, 2, 2, 2, 2, 2, 1] / writers=[2]
OOO / Test #171 / 1439449710099 / readers=[0, 0, 0, 0, 0, 0, 0, 0, 0, 0] / writers=[1]
OOO / Test #191 / 1439449710099 / readers=[2, 2, 2, 2, 2, 2, 2, 2, 2, 1] / writers=[2]
OOO / Test #170 / 1439449710099 / readers=[2, 2, 2, 2, 2, 2, 2, 2, 2, 1] / writers=[2]
OOO / Test #159 / 1439449710098 / readers=[0, 0, 0, 0, 0, 0, 0, 0, 0, 0] / writers=[1]
OOO / Test #169 / 1439449710098 / readers=[2, 2, 2, 2, 2, 2, 2, 2, 2, 1] / writers=[2]
OOO / Test #174 / 1439449710098 / readers=[2, 2, 2, 2, 2, 2, 2, 2, 2, 1] / writers=[2]
OOO / Test #199 / 1439449710098 / readers=[2, 2, 2, 2, 2, 2, 2, 2, 2, 1] / writers=[2]
OOO / Test #187 / 1439449710098 / readers=[2, 2, 2, 2, 2, 2, 2, 2, 2, 1] / writers=[2]
OOO / Test #200 / 1439449710097 / readers=[2, 2, 2, 2, 2, 2, 2, 2, 2, 1] / writers=[2]
OOO / Test #165 / 1439449710097 / readers=[1, 1, 1, 1, 1, 1, 1, 1, 1, 0] / writers=[1]
OOO / Test #197 / 1439449710097 / readers=[2, 2, 2, 2, 2, 2, 2, 2, 2, 1] / writers=[2]
OOO / Test #199 / 1439449710367 / readers=[3, 3, 3, 3, 3, 3, 3, 3, 2, 2] / writers=[3]
OOO / Test #186 / 1439449710097 / readers=[2, 2, 2, 2, 2, 2, 2, 2, 2, 1] / writers=[2]
OOO / Test #159 / 1439449710367 / readers=[3, 3, 3, 3, 3, 3, 3, 3, 3, 2] / writers=[3]
OOO / Test #184 / 1439449710097 / readers=[2, 2, 2, 2, 2, 2, 2, 2, 2, 1] / writers=[2]
OOO / Test #185 / 1439449710096 / readers=[2, 2, 2, 2, 2, 2, 2, 2, 2, 1] / writers=[2]
OOO / Test #194 / 1439449710096 / readers=[2, 2, 2, 2, 2, 2, 2, 2, 2, 1] / writers=[2]
OOO / Test #188 / 1439449710096 / readers=[2, 2, 2, 2, 2, 2, 2, 2, 2, 1] / writers=[2]
OOO / Test #183 / 1439449710095 / readers=[2, 2, 2, 2, 2, 2, 2, 2, 2, 1] / writers=[2]
OOO / Test #193 / 1439449710095 / readers=[2, 2, 2, 2, 2, 2, 2, 2, 2, 1] / writers=[2]
OOO / Test #179 / 1439449710095 / readers=[3, 3, 3, 3, 3, 3, 3, 3, 2, 2] / writers=[3]
OOO / Test #195 / 1439449710095 / readers=[3, 3, 3, 3, 3, 3, 3, 3, 2, 2] / writers=[3]
OOO / Test #172 / 1439449710095 / readers=[3, 3, 3, 3, 3, 3, 3, 3, 2, 2] / writers=[3]
OOO / Test #11 / 1439449710095 / readers=[29, 29, 29, 29, 30, 29, 29, 29, 29, 29] / writers=[30]
OOO / Test #175 / 1439449710095 / readers=[3, 3, 3, 3, 3, 3, 3, 3, 2, 2] / writers=[3]
OOO / Test #189 / 1439449710095 / readers=[2, 2, 2, 2, 2, 2, 2, 2, 2, 1] / writers=[2]
OOO / Test #50 / 1439449710095 / readers=[7, 7, 7, 6, 6, 6, 6, 7, 7, 6] / writers=[7]
OOO / Test #2 / 1439449710095 / readers=[17, 16, 17, 17, 17, 17, 17, 16, 17, 16] / writers=[17]
OOO / Test #3 / 1439449710095 / readers=[27, 27, 27, 27, 28, 27, 27, 27, 27, 27] / writers=[28]
OOO / Test #53 / 1439449710095 / readers=[5, 4, 5, 5, 4, 5, 5, 5, 5, 5] / writers=[5]
OOO / Test #47 / 1439449710095 / readers=[7, 7, 6, 6, 6, 7, 7, 6, 7, 7] / writers=[7]
OOO / Test #50 / 1439449710381 / readers=[8, 8, 8, 7, 7, 7, 7, 7, 8, 7] / writers=[8]
OOO / Test #3 / 1439449710381 / readers=[28, 28, 28, 28, 28, 28, 28, 28, 28, 28] / writers=[29]
OOO / Test #189 / 1439449710381 / readers=[3, 3, 3, 3, 3, 3, 3, 3, 2, 2] / writers=[3]
OOO / Test #47 / 1439449710381 / readers=[8, 8, 7, 7, 7, 8, 8, 7, 8, 7] / writers=[8]
OOO / Test #50 / 1439449710381 / readers=[8, 9, 9, 8, 8, 8, 8, 8, 9, 8] / writers=[9]
OOO / Test #11 / 1439449710375 / readers=[30, 30, 30, 30, 30, 30, 30, 30, 30, 30] / writers=[31]
OOO / Test #175 / 1439449710375 / readers=[4, 4, 4, 4, 4, 4, 4, 3, 3, 3] / writers=[4]
OOO / Test #172 / 1439449710375 / readers=[4, 4, 4, 4, 4, 4, 4, 3, 3, 3] / writers=[4]
OOO / Test #183 / 1439449710374 / readers=[3, 3, 3, 2, 3, 3, 3, 3, 3, 2] / writers=[3]
OOO / Test #188 / 1439449710374 / readers=[3, 3, 3, 3, 3, 3, 3, 3, 2, 2] / writers=[3]
OOO / Test #179 / 1439449710374 / readers=[4, 4, 4, 4, 4, 4, 4, 3, 3, 3] / writers=[4]
OOO / Test #185 / 1439449710374 / readers=[3, 3, 3, 3, 3, 3, 3, 3, 2, 2] / writers=[3]
OOO / Test #195 / 1439449710374 / readers=[4, 4, 4, 4, 4, 4, 4, 3, 3, 3] / writers=[4]
OOO / Test #194 / 1439449710374 / readers=[3, 3, 3, 3, 3, 3, 3, 3, 2, 2] / writers=[3]
OOO / Test #184 / 1439449710374 / readers=[3, 3, 3, 3, 3, 3, 3, 3, 2, 2] / writers=[3]
OOO / Test #179 / 1439449710388 / readers=[5, 5, 5, 5, 5, 5, 4, 4, 4, 4] / writers=[5]
OOO / Test #193 / 1439449710374 / readers=[3, 3, 3, 3, 3, 3, 3, 3, 2, 2] / writers=[3]
OOO / Test #159 / 1439449710374 / readers=[4, 4, 4, 4, 4, 4, 4, 4, 3, 3] / writers=[4]
OOO / Test #186 / 1439449710367 / readers=[3, 3, 3, 3, 3, 3, 3, 3, 2, 2] / writers=[3]
OOO / Test #199 / 1439449710367 / readers=[3, 3, 3, 3, 4, 4, 3, 3, 3, 3] / writers=[4]
OOO / Test #197 / 1439449710367 / readers=[3, 3, 3, 3, 3, 3, 3, 3, 2, 2] / writers=[3]
OOO / Test #165 / 1439449710367 / readers=[2, 2, 2, 2, 2, 2, 2, 2, 1, 1] / writers=[2]
OOO / Test #200 / 1439449710367 / readers=[3, 3, 3, 3, 3, 3, 3, 3, 2, 2] / writers=[3]
OOO / Test #187 / 1439449710367 / readers=[3, 3, 3, 3, 3, 3, 3, 3, 2, 2] / writers=[3]
OOO / Test #174 / 1439449710367 / readers=[3, 3, 3, 3, 3, 3, 3, 3, 2, 2] / writers=[3]
OOO / Test #169 / 1439449710367 / readers=[3, 3, 3, 3, 3, 3, 3, 3, 2, 2] / writers=[3]
OOO / Test #170 / 1439449710367 / readers=[3, 3, 3, 3, 3, 3, 3, 3, 2, 2] / writers=[3]
OOO / Test #191 / 1439449710367 / readers=[3, 3, 3, 2, 3, 3, 3, 3, 3, 2] / writers=[3]
OOO / Test #171 / 1439449710359 / readers=[3, 3, 3, 3, 3, 3, 3, 3, 3, 2] / writers=[3]
OOO / Test #176 / 1439449710359 / readers=[3, 3, 3, 3, 3, 3, 2, 3, 3, 2] / writers=[3]
OOO / Test #7 / 1439449710359 / readers=[14, 15, 15, 15, 15, 15, 15, 15, 14, 14] / writers=[15]
OOO / Test #196 / 1439449710358 / readers=[3, 3, 3, 3, 3, 3, 3, 3, 2, 2] / writers=[3]
OOO / Test #192 / 1439449710358 / readers=[4, 4, 4, 4, 4, 4, 3, 4, 3, 3] / writers=[4]
OOO / Test #190 / 1439449710358 / readers=[3, 4, 4, 4, 4, 4, 4, 4, 3, 3] / writers=[4]
OOO / Test #7 / 1439449710401 / readers=[15, 16, 16, 16, 16, 16, 16, 15, 15, 15] / writers=[16]
OOO / Test #182 / 1439449710358 / readers=[4, 4, 4, 4, 4, 4, 4, 3, 3, 3] / writers=[4]
OOO / Test #177 / 1439449710358 / readers=[4, 4, 4, 4, 4, 4, 4, 3, 3, 3] / writers=[4]
OOO / Test #168 / 1439449710358 / readers=[4, 4, 4, 4, 4, 4, 4, 3, 3, 3] / writers=[4]
OOO / Test #158 / 1439449710358 / readers=[4, 4, 4, 4, 4, 4, 4, 3, 3, 3] / writers=[4]
OOO / Test #190 / 1439449710402 / readers=[4, 5, 5, 5, 5, 5, 5, 4, 4, 4] / writers=[5]
OOO / Test #173 / 1439449710349 / readers=[4, 4, 4, 4, 4, 4, 4, 3, 3, 3] / writers=[4]
OOO / Test #166 / 1439449710349 / readers=[4, 4, 4, 4, 4, 4, 4, 3, 3, 3] / writers=[4]
OOO / Test #156 / 1439449710349 / readers=[4, 4, 4, 4, 4, 4, 4, 4, 3, 3] / writers=[4]
OOO / Test #181 / 1439449710349 / readers=[5, 5, 5, 5, 5, 4, 5, 4, 4, 4] / writers=[5]
OOO / Test #163 / 1439449710349 / readers=[4, 4, 4, 4, 4, 4, 4, 3, 3, 3] / writers=[4]
OOO / Test #161 / 1439449710349 / readers=[4, 4, 4, 4, 4, 4, 4, 3, 3, 3] / writers=[4]
OOO / Test #13 / 1439449710349 / readers=[26, 27, 27, 27, 27, 27, 27, 26, 26, 26] / writers=[27]
OOO / Test #15 / 1439449710349 / readers=[23, 23, 23, 24, 24, 24, 24, 24, 24, 23] / writers=[24]
OOO / Test #43 / 1439449710349 / readers=[7, 8, 7, 8, 8, 8, 8, 7, 8, 7] / writers=[8]
OOO / Test #160 / 1439449710349 / readers=[5, 5, 5, 5, 5, 5, 4, 4, 4, 4] / writers=[5]
OOO / Test #60 / 1439449710349 / readers=[4, 4, 4, 4, 4, 5, 5, 5, 5, 4] / writers=[5]
OOO / Test #54 / 1439449710342 / readers=[7, 7, 7, 7, 6, 7, 7, 7, 7, 7] / writers=[7]
OOO / Test #95 / 1439449710342 / readers=[4, 4, 4, 4, 4, 4, 4, 4, 4, 4] / writers=[5]
OOO / Test #31 / 1439449710342 / readers=[7, 8, 8, 8, 8, 8, 7, 8, 8, 8] / writers=[8]
OOO / Test #150 / 1439449710342 / readers=[5, 5, 5, 4, 5, 5, 5, 4, 4, 4] / writers=[5]
OOO / Test #54 / 1439449710414 / readers=[8, 8, 8, 8, 7, 8, 8, 8, 7, 8] / writers=[8]
OOO / Test #20 / 1439449710342 / readers=[10, 9, 9, 9, 9, 9, 9, 9, 10, 10] / writers=[10]
OOO / Test #178 / 1439449710342 / readers=[7, 7, 7, 7, 6, 6, 6, 6, 6, 6] / writers=[7]
OOO / Test #31 / 1439449710414 / readers=[8, 9, 8, 9, 9, 9, 8, 9, 9, 9] / writers=[9]
OOO / Test #54 / 1439449710414 / readers=[9, 9, 9, 9, 8, 9, 9, 9, 8, 8] / writers=[9]
OOO / Test #100 / 1439449710342 / readers=[6, 6, 6, 5, 5, 6, 6, 5, 5, 5] / writers=[6]
OOO / Test #180 / 1439449710342 / readers=[4, 4, 4, 4, 4, 4, 3, 3, 3, 4] / writers=[4]
OOO / Test #152 / 1439449710342 / readers=[4, 4, 4, 4, 4, 3, 4, 4, 3, 3] / writers=[4]
OOO / Test #162 / 1439449710342 / readers=[3, 4, 4, 4, 4, 4, 4, 4, 3, 3] / writers=[4]
OOO / Test #164 / 1439449710334 / readers=[4, 4, 4, 4, 4, 4, 4, 3, 3, 3] / writers=[4]
OOO / Test #40 / 1439449710334 / readers=[6, 7, 7, 7, 6, 6, 7, 7, 7, 7] / writers=[7]
OOO / Test #30 / 1439449710334 / readers=[7, 7, 7, 7, 7, 7, 7, 6, 7, 7] / writers=[7]
OOO / Test #153 / 1439449710334 / readers=[4, 4, 4, 4, 4, 4, 4, 4, 3, 3] / writers=[4]
OOO / Test #162 / 1439449710421 / readers=[4, 5, 5, 5, 5, 5, 5, 4, 4, 4] / writers=[5]
OOO / Test #61 / 1439449710334 / readers=[5, 5, 5, 5, 5, 5, 6, 6, 6, 6] / writers=[6]
OOO / Test #40 / 1439449710421 / readers=[7, 7, 8, 8, 7, 7, 8, 8, 8, 8] / writers=[8]
OOO / Test #153 / 1439449710421 / readers=[5, 5, 5, 5, 5, 5, 5, 4, 4, 4] / writers=[5]
OOO / Test #27 / 1439449710334 / readers=[7, 7, 7, 7, 6, 6, 6, 6, 7, 7] / writers=[7]
OOO / Test #28 / 1439449710334 / readers=[8, 8, 8, 8, 8, 8, 8, 8, 8, 8] / writers=[9]
OOO / Test #64 / 1439449710334 / readers=[5, 5, 5, 5, 5, 4, 5, 4, 4, 4] / writers=[5]
OOO / Test #97 / 1439449710334 / readers=[4, 3, 4, 4, 3, 4, 4, 3, 3, 4] / writers=[4]
OOO / Test #44 / 1439449710333 / readers=[8, 8, 8, 8, 7, 7, 7, 7, 7, 7] / writers=[8]
OOO / Test #36 / 1439449710333 / readers=[7, 7, 7, 6, 6, 7, 7, 7, 7, 7] / writers=[7]
OOO / Test #167 / 1439449710327 / readers=[4, 4, 4, 4, 4, 4, 4, 3, 3, 3] / writers=[4]
OOO / Test #49 / 1439449710327 / readers=[7, 7, 7, 7, 7, 7, 7, 7, 7, 7] / writers=[8]
OOO / Test #147 / 1439449710327 / readers=[2, 2, 2, 2, 3, 3, 2, 2, 2, 2] / writers=[3]
OOO / Test #62 / 1439449710327 / readers=[6, 6, 6, 6, 6, 6, 6, 7, 7, 7] / writers=[7]
OOO / Test #148 / 1439449710327 / readers=[4, 4, 4, 4, 4, 4, 4, 3, 3, 4] / writers=[4]
OOO / Test #51 / 1439449710327 / readers=[7, 7, 7, 7, 7, 7, 7, 7, 7, 7] / writers=[8]
OOO / Test #18 / 1439449710327 / readers=[17, 17, 17, 17, 17, 16, 16, 16, 16, 16] / writers=[17]
OOO / Test #22 / 1439449710327 / readers=[8, 8, 9, 8, 8, 8, 8, 8, 8, 8] / writers=[9]
OOO / Test #157 / 1439449710320 / readers=[5, 5, 5, 5, 5, 5, 4, 4, 4, 4] / writers=[5]
OOO / Test #39 / 1439449710320 / readers=[10, 10, 10, 11, 10, 10, 10, 10, 10, 10] / writers=[11]
OOO / Test #55 / 1439449710320 / readers=[6, 7, 7, 7, 7, 6, 6, 6, 6, 6] / writers=[7]
OOO / Test #59 / 1439449710320 / readers=[5, 5, 5, 5, 4, 4, 4, 4, 4, 4] / writers=[5]
OOO / Test #35 / 1439449710320 / readers=[8, 8, 8, 8, 8, 8, 9, 8, 8, 8] / writers=[9]
OOO / Test #26 / 1439449710320 / readers=[8, 8, 8, 7, 7, 8, 7, 7, 8, 8] / writers=[8]
OOO / Test #198 / 1439449710320 / readers=[4, 4, 4, 4, 4, 4, 4, 4, 4, 3] / writers=[4]
OOO / Test #146 / 1439449710320 / readers=[4, 4, 4, 4, 4, 4, 4, 3, 3, 4] / writers=[4]
OOO / Test #14 / 1439449710320 / readers=[36, 36, 36, 36, 36, 36, 36, 36, 36, 35] / writers=[36]
OOO / Test #12 / 1439449710320 / readers=[31, 30, 31, 30, 30, 30, 30, 30, 30, 30] / writers=[31]
OOO / Test #198 / 1439449710435 / readers=[5, 5, 5, 5, 5, 5, 5, 5, 4, 4] / writers=[5]
OOO / Test #23 / 1439449710320 / readers=[9, 8, 8, 8, 8, 8, 8, 8, 8, 8] / writers=[9]
OOO / Test #46 / 1439449710313 / readers=[6, 6, 6, 6, 6, 6, 6, 6, 6, 7] / writers=[7]
OOO / Test #4 / 1439449710313 / readers=[31, 32, 32, 31, 31, 31, 31, 31, 31, 31] / writers=[32]
OOO / Test #145 / 1439449710313 / readers=[3, 3, 3, 3, 3, 3, 3, 3, 3, 3] / writers=[4]
OOO / Test #34 / 1439449710313 / readers=[7, 7, 7, 7, 7, 8, 8, 7, 8, 7] / writers=[8]
OOO / Test #45 / 1439449710313 / readers=[11, 10, 11, 11, 11, 10, 10, 11, 11, 10] / writers=[11]
OOO / Test #56 / 1439449710312 / readers=[9, 10, 9, 9, 9, 9, 9, 9, 9, 9] / writers=[10]
OOO / Test #41 / 1439449710312 / readers=[6, 6, 7, 6, 6, 6, 7, 6, 6, 6] / writers=[7]
OOO / Test #33 / 1439449710312 / readers=[6, 6, 6, 6, 6, 5, 5, 5, 5, 5] / writers=[6]
OOO / Test #56 / 1439449710444 / readers=[10, 10, 10, 10, 10, 10, 10, 10, 10, 10] / writers=[11]
OOO / Test #32 / 1439449710312 / readers=[7, 7, 7, 6, 7, 7, 6, 6, 6, 6] / writers=[7]
OOO / Test #58 / 1439449710312 / readers=[8, 7, 7, 8, 8, 7, 7, 7, 7, 7] / writers=[8]
OOO / Test #38 / 1439449710306 / readers=[9, 9, 8, 8, 8, 8, 8, 8, 8, 8] / writers=[9]
OOO / Test #42 / 1439449710306 / readers=[8, 8, 7, 8, 7, 7, 7, 7, 7, 7] / writers=[8]
OOO / Test #57 / 1439449710306 / readers=[7, 7, 6, 7, 7, 6, 6, 6, 6, 6] / writers=[7]
OOO / Test #52 / 1439449710306 / readers=[7, 7, 7, 7, 6, 6, 6, 6, 6, 6] / writers=[7]
OOO / Test #21 / 1439449710306 / readers=[21, 21, 21, 21, 21, 22, 21, 21, 21, 21] / writers=[22]
OOO / Test #38 / 1439449710450 / readers=[10, 9, 9, 9, 9, 9, 9, 9, 9, 9] / writers=[10]
OOO / Test #155 / 1439449710306 / readers=[5, 5, 5, 5, 5, 5, 5, 4, 5, 5] / writers=[5]
OOO / Test #57 / 1439449710451 / readers=[8, 7, 7, 8, 8, 7, 7, 7, 7, 7] / writers=[8]
OOO / Test #19 / 1439449710306 / readers=[12, 12, 12, 12, 12, 13, 13, 13, 13, 13] / writers=[13]
OOO / Test #154 / 1439449710306 / readers=[4, 4, 4, 4, 4, 4, 4, 3, 3, 3] / writers=[4]
OOO / Test #133 / 1439449710306 / readers=[4, 4, 4, 4, 4, 4, 4, 4, 3, 4] / writers=[4]
OOO / Test #21 / 1439449710451 / readers=[22, 22, 22, 22, 22, 22, 22, 22, 22, 22] / writers=[23]
OOO / Test #149 / 1439449710306 / readers=[4, 4, 4, 4, 4, 4, 3, 4, 4, 3] / writers=[4]
OOO / Test #73 / 1439449710306 / readers=[3, 3, 3, 3, 3, 3, 3, 3, 3, 3] / writers=[4]
OOO / Test #17 / 1439449710306 / readers=[17, 17, 18, 18, 18, 18, 18, 18, 18, 18] / writers=[18]
OOO / Test #84 / 1439449710299 / readers=[5, 5, 5, 5, 5, 5, 4, 4, 5, 4] / writers=[5]
OOO / Test #21 / 1439449710461 / readers=[25, 25, 25, 25, 25, 25, 25, 25, 24, 25] / writers=[25]
OOO / Test #127 / 1439449710299 / readers=[4, 4, 4, 4, 4, 4, 4, 3, 4, 3] / writers=[4]
OOO / Test #24 / 1439449710299 / readers=[11, 11, 11, 11, 11, 11, 11, 11, 10, 11] / writers=[11]
OOO / Test #17 / 1439449710461 / readers=[18, 18, 18, 19, 19, 19, 19, 19, 19, 19] / writers=[19]
OOO / Test #139 / 1439449710299 / readers=[4, 5, 5, 5, 5, 5, 5, 4, 4, 4] / writers=[5]
OOO / Test #109 / 1439449710299 / readers=[7, 7, 7, 7, 6, 6, 6, 6, 6, 6] / writers=[7]
OOO / Test #48 / 1439449710299 / readers=[7, 8, 8, 8, 7, 7, 7, 7, 7, 7] / writers=[8]
OOO / Test #80 / 1439449710298 / readers=[5, 5, 5, 5, 5, 5, 4, 4, 4, 4] / writers=[5]
OOO / Test #10 / 1439449710298 / readers=[11, 11, 11, 11, 11, 11, 11, 11, 11, 11] / writers=[12]
OOO / Test #101 / 1439449710298 / readers=[3, 3, 4, 4, 4, 4, 3, 3, 3, 3] / writers=[4]
OOO / Test #6 / 1439449710292 / readers=[36, 36, 36, 36, 36, 36, 36, 36, 35, 35] / writers=[36]
OOO / Test #16 / 1439449710292 / readers=[19, 19, 19, 18, 18, 18, 18, 18, 18, 18] / writers=[19]
OOO / Test #8 / 1439449710292 / readers=[29, 30, 30, 30, 29, 29, 29, 30, 29, 30] / writers=[30]
OOO / Test #10 / 1439449710470 / readers=[14, 14, 14, 14, 14, 14, 14, 14, 13, 14] / writers=[14]
OOO / Test #6 / 1439449710471 / readers=[37, 37, 37, 37, 37, 37, 37, 36, 36, 36] / writers=[37]
OOO / Test #122 / 1439449710292 / readers=[5, 5, 5, 5, 5, 5, 4, 4, 4, 4] / writers=[5]
OOO / Test #8 / 1439449710471 / readers=[30, 30, 31, 31, 30, 30, 30, 31, 30, 31] / writers=[31]
OOO / Test #65 / 1439449710292 / readers=[6, 6, 6, 6, 6, 5, 5, 5, 5, 5] / writers=[6]
OOO / Test #37 / 1439449710292 / readers=[8, 8, 7, 8, 7, 7, 7, 7, 7, 7] / writers=[8]
OOO / Test #9 / 1439449710292 / readers=[28, 28, 28, 28, 28, 29, 29, 29, 28, 28] / writers=[29]
OOO / Test #128 / 1439449710292 / readers=[5, 5, 5, 5, 5, 5, 4, 4, 4, 4] / writers=[5]
OOO / Test #90 / 1439449710284 / readers=[5, 5, 5, 5, 5, 5, 4, 4, 4, 4] / writers=[5]
OOO / Test #151 / 1439449710284 / readers=[5, 5, 5, 5, 5, 5, 4, 4, 4, 4] / writers=[5]
OOO / Test #114 / 1439449710284 / readers=[5, 5, 5, 5, 5, 5, 4, 4, 4, 4] / writers=[5]
OOO / Test #9 / 1439449710477 / readers=[29, 29, 29, 29, 29, 29, 30, 30, 29, 29] / writers=[30]
OOO / Test #90 / 1439449710477 / readers=[6, 6, 6, 6, 6, 5, 5, 5, 5, 5] / writers=[6]
OOO / Test #144 / 1439449710284 / readers=[4, 4, 4, 4, 4, 4, 4, 3, 3, 3] / writers=[4]
OOO / Test #9 / 1439449710478 / readers=[30, 30, 30, 30, 30, 30, 30, 31, 30, 30] / writers=[31]
OOO / Test #66 / 1439449710284 / readers=[4, 4, 4, 4, 4, 4, 4, 3, 3, 3] / writers=[4]
OOO / Test #114 / 1439449710478 / readers=[6, 6, 6, 6, 6, 5, 5, 5, 5, 5] / writers=[6]
OOO / Test #137 / 1439449710284 / readers=[4, 4, 4, 4, 4, 4, 4, 3, 3, 3] / writers=[4]
OOO / Test #29 / 1439449710284 / readers=[10, 11, 11, 11, 11, 11, 11, 11, 11, 11] / writers=[11]
OOO / Test #116 / 1439449710284 / readers=[4, 4, 4, 4, 4, 4, 4, 3, 3, 3] / writers=[4]
OOO / Test #118 / 1439449710284 / readers=[4, 4, 4, 4, 4, 4, 4, 4, 3, 3] / writers=[4]
OOO / Test #85 / 1439449710284 / readers=[4, 4, 4, 4, 4, 4, 3, 4, 3, 3] / writers=[4]
OOO / Test #75 / 1439449710278 / readers=[4, 4, 4, 4, 4, 4, 4, 3, 3, 3] / writers=[4]
OOO / Test #63 / 1439449710278 / readers=[4, 4, 4, 4, 4, 4, 4, 3, 3, 3] / writers=[4]
OOO / Test #124 / 1439449710278 / readers=[5, 5, 5, 5, 5, 5, 4, 4, 4, 4] / writers=[5]
OOO / Test #125 / 1439449710278 / readers=[5, 5, 5, 5, 5, 4, 4, 4, 5, 4] / writers=[5]
OOO / Test #85 / 1439449710486 / readers=[5, 5, 5, 5, 5, 5, 4, 4, 4, 4] / writers=[5]
OOO / Test #130 / 1439449710278 / readers=[5, 5, 5, 4, 5, 5, 5, 4, 4, 4] / writers=[5]
OOO / Test #91 / 1439449710278 / readers=[4, 4, 4, 4, 4, 4, 4, 3, 3, 3] / writers=[4]
OOO / Test #76 / 1439449710278 / readers=[5, 5, 5, 5, 5, 5, 4, 4, 4, 4] / writers=[5]
OOO / Test #93 / 1439449710278 / readers=[4, 4, 4, 4, 4, 4, 4, 4, 3, 3] / writers=[4]
OOO / Test #96 / 1439449710278 / readers=[4, 4, 4, 4, 4, 4, 4, 3, 3, 3] / writers=[4]
OOO / Test #106 / 1439449710270 / readers=[4, 3, 4, 4, 4, 4, 4, 4, 3, 3] / writers=[4]
OOO / Test #88 / 1439449710270 / readers=[4, 4, 4, 4, 4, 4, 4, 3, 3, 3] / writers=[4]
OOO / Test #86 / 1439449710270 / readers=[4, 4, 4, 4, 4, 4, 4, 3, 3, 3] / writers=[4]
OOO / Test #117 / 1439449710270 / readers=[6, 6, 6, 6, 6, 5, 5, 5, 5, 5] / writers=[6]
OOO / Test #68 / 1439449710270 / readers=[4, 4, 4, 4, 4, 4, 4, 3, 3, 3] / writers=[4]
OOO / Test #106 / 1439449710493 / readers=[5, 4, 5, 5, 5, 5, 5, 4, 4, 4] / writers=[5]
OOO / Test #135 / 1439449710270 / readers=[5, 5, 5, 5, 5, 5, 5, 4, 4, 4] / writers=[5]
OOO / Test #117 / 1439449710493 / readers=[7, 7, 7, 7, 6, 6, 6, 6, 6, 6] / writers=[7]
OOO / Test #77 / 1439449710270 / readers=[5, 5, 5, 5, 5, 5, 4, 4, 4, 4] / writers=[5]
OOO / Test #129 / 1439449710270 / readers=[5, 5, 5, 5, 5, 5, 5, 4, 4, 4] / writers=[5]
OOO / Test #78 / 1439449710270 / readers=[4, 4, 4, 4, 4, 4, 4, 3, 3, 3] / writers=[4]
OOO / Test #141 / 1439449710270 / readers=[6, 6, 6, 6, 6, 5, 5, 5, 5, 5] / writers=[6]
OOO / Test #113 / 1439449710270 / readers=[5, 5, 5, 5, 5, 5, 4, 4, 4, 4] / writers=[5]
OOO / Test #82 / 1439449710262 / readers=[4, 4, 4, 4, 4, 4, 4, 3, 3, 3] / writers=[4]
OOO / Test #87 / 1439449710262 / readers=[4, 4, 4, 4, 4, 4, 4, 3, 3, 3] / writers=[4]
OOO / Test #78 / 1439449710503 / readers=[5, 5, 5, 5, 5, 5, 4, 4, 4, 4] / writers=[5]
OOO / Test #67 / 1439449710262 / readers=[4, 4, 4, 4, 4, 4, 4, 3, 3, 3] / writers=[4]
OOO / Test #92 / 1439449710262 / readers=[6, 6, 6, 6, 6, 5, 5, 5, 5, 5] / writers=[6]
OOO / Test #71 / 1439449710262 / readers=[4, 4, 4, 4, 4, 4, 4, 3, 3, 3] / writers=[4]
OOO / Test #69 / 1439449710262 / readers=[4, 4, 4, 4, 5, 5, 4, 4, 4, 4] / writers=[5]
OOO / Test #112 / 1439449710262 / readers=[5, 5, 5, 5, 5, 5, 4, 4, 4, 4] / writers=[5]
OOO / Test #134 / 1439449710262 / readers=[5, 6, 6, 6, 5, 5, 5, 5, 6, 5] / writers=[6]
OOO / Test #74 / 1439449710262 / readers=[4, 4, 4, 4, 4, 4, 4, 3, 3, 3] / writers=[4]
OOO / Test #132 / 1439449710262 / readers=[5, 5, 5, 5, 5, 5, 4, 4, 4, 4] / writers=[5]
OOO / Test #81 / 1439449710262 / readers=[4, 4, 4, 4, 4, 4, 4, 3, 3, 3] / writers=[4]
OOO / Test #79 / 1439449710254 / readers=[4, 4, 4, 4, 4, 4, 4, 3, 3, 3] / writers=[4]
OOO / Test #111 / 1439449710254 / readers=[6, 6, 6, 6, 6, 5, 5, 5, 5, 5] / writers=[6]
OOO / Test #132 / 1439449710509 / readers=[6, 6, 6, 6, 6, 5, 5, 5, 5, 5] / writers=[6]
OOO / Test #136 / 1439449710254 / readers=[6, 6, 6, 6, 5, 6, 5, 5, 5, 5] / writers=[6]
OOO / Test #89 / 1439449710254 / readers=[4, 4, 4, 4, 4, 4, 4, 3, 3, 3] / writers=[4]
OOO / Test #99 / 1439449710254 / readers=[4, 4, 4, 4, 4, 4, 4, 3, 3, 3] / writers=[4]
OOO / Test #102 / 1439449710254 / readers=[4, 4, 4, 4, 4, 4, 4, 3, 3, 3] / writers=[4]
OOO / Test #108 / 1439449710254 / readers=[5, 5, 5, 5, 5, 5, 4, 4, 4, 4] / writers=[5]
OOO / Test #119 / 1439449710254 / readers=[4, 4, 4, 4, 4, 4, 4, 3, 4, 4] / writers=[4]
OOO / Test #120 / 1439449710254 / readers=[4, 4, 4, 4, 4, 4, 4, 3, 3, 3] / writers=[4]
OOO / Test #115 / 1439449710254 / readers=[4, 4, 4, 4, 4, 4, 4, 3, 3, 3] / writers=[4]
OOO / Test #123 / 1439449710254 / readers=[4, 4, 4, 4, 4, 4, 3, 3, 4, 3] / writers=[4]
OOO / Test #119 / 1439449710515 / readers=[5, 5, 5, 5, 5, 5, 4, 5, 5, 5] / writers=[5]
OOO / Test #120 / 1439449710515 / readers=[5, 5, 5, 5, 4, 5, 5, 4, 4, 4] / writers=[5]
OOO / Test #115 / 1439449710515 / readers=[5, 5, 5, 5, 5, 5, 4, 4, 4, 4] / writers=[5]
OOO / Test #143 / 1439449710245 / readers=[4, 4, 4, 4, 4, 4, 4, 3, 3, 3] / writers=[4]
OOO / Test #104 / 1439449710245 / readers=[4, 4, 4, 4, 4, 4, 4, 3, 3, 3] / writers=[4]
OOO / Test #120 / 1439449710516 / readers=[6, 6, 6, 6, 5, 6, 5, 5, 5, 5] / writers=[6]
OOO / Test #107 / 1439449710245 / readers=[6, 6, 6, 6, 6, 5, 5, 5, 6, 5] / writers=[6]
OOO / Test #140 / 1439449710245 / readers=[6, 6, 6, 6, 5, 5, 5, 6, 5, 5] / writers=[6]
OOO / Test #110 / 1439449710245 / readers=[4, 4, 4, 4, 4, 4, 4, 3, 3, 3] / writers=[4]
OOO / Test #105 / 1439449710244 / readers=[4, 4, 4, 4, 4, 4, 4, 3, 3, 3] / writers=[4]
OOO / Test #140 / 1439449710523 / readers=[7, 7, 7, 6, 6, 6, 6, 7, 6, 6] / writers=[7]
OOO / Test #138 / 1439449710244 / readers=[5, 5, 5, 5, 5, 5, 4, 4, 4, 4] / writers=[5]
OOO / Test #110 / 1439449710523 / readers=[5, 5, 5, 5, 5, 5, 4, 4, 5, 4] / writers=[5]
OOO / Test #83 / 1439449710244 / readers=[4, 4, 4, 4, 4, 4, 4, 3, 3, 3] / writers=[4]
OOO / Test #126 / 1439449710244 / readers=[5, 5, 5, 5, 5, 5, 4, 4, 4, 5] / writers=[5]
OOO / Test #138 / 1439449710523 / readers=[6, 6, 6, 6, 6, 5, 5, 5, 5, 5] / writers=[6]
OOO / Test #70 / 1439449710237 / readers=[5, 5, 5, 5, 5, 5, 4, 4, 4, 4] / writers=[5]
OOO / Test #83 / 1439449710523 / readers=[5, 5, 5, 5, 5, 5, 4, 4, 4, 4] / writers=[5]
OOO / Test #131 / 1439449710237 / readers=[5, 4, 5, 5, 5, 5, 5, 4, 4, 4] / writers=[5]
OOO / Test #142 / 1439449710237 / readers=[4, 5, 5, 5, 5, 5, 4, 4, 4, 4] / writers=[5]
OOO / Test #83 / 1439449710531 / readers=[6, 6, 6, 6, 6, 5, 5, 5, 5, 5] / writers=[6]
OOO / Test #121 / 1439449710237 / readers=[6, 6, 6, 6, 6, 6, 5, 6, 6, 6] / writers=[6]
OOO / Test #103 / 1439449710237 / readers=[5, 5, 5, 5, 5, 5, 4, 4, 4, 4] / writers=[5]
OOO / Test #98 / 1439449710237 / readers=[5, 5, 5, 5, 5, 5, 4, 4, 4, 4] / writers=[5]
OOO / Test #5 / 1439449710237 / readers=[30, 30, 31, 31, 31, 30, 30, 30, 30, 30] / writers=[31]
OOO / Test #1 / 1439449710237 / readers=[7, 6, 7, 7, 7, 7, 6, 6, 6, 6] / writers=[7]
OOO / Test #98 / 1439449710532 / readers=[6, 6, 6, 6, 6, 5, 5, 5, 5, 5] / writers=[6]
OOO / Test #25 / 1439449710237 / readers=[17, 16, 17, 16, 16, 16, 16, 17, 17, 17] / writers=[17]
OOO / Test #94 / 1439449710237 / readers=[2, 2, 3, 3, 3, 3, 3, 2, 2, 2] / writers=[3]
OOO / Test #72 / 1439449710237 / readers=[4, 4, 4, 4, 4, 4, 4, 3, 3, 3] / writers=[4]
OOO / Test #94 / 1439449710539 / readers=[3, 3, 4, 4, 4, 4, 3, 3, 3, 3] / writers=[4]
OOO / Test #25 / 1439449710532 / readers=[18, 17, 17, 17, 17, 17, 17, 18, 18, 18] / writers=[18]
OOO / Test #98 / 1439449710532 / readers=[7, 7, 7, 7, 6, 6, 6, 6, 6, 6] / writers=[7]
OOO / Test #1 / 1439449710532 / readers=[8, 7, 8, 8, 7, 8, 7, 7, 7, 7] / writers=[8]
OOO / Test #72 / 1439449710539 / readers=[5, 5, 5, 5, 5, 5, 5, 4, 4, 4] / writers=[5]
OOO / Test #25 / 1439449710539 / readers=[18, 18, 18, 18, 18, 18, 18, 19, 19, 19] / writers=[19]
OOO / Test #5 / 1439449710532 / readers=[31, 31, 32, 32, 31, 31, 31, 31, 31, 31] / writers=[32]
OOO / Test #1 / 1439449710539 / readers=[9, 8, 8, 9, 8, 9, 8, 8, 8, 8] / writers=[9]
OOO / Test #103 / 1439449710532 / readers=[6, 6, 6, 6, 6, 5, 5, 5, 5, 5] / writers=[6]
OOO / Test #121 / 1439449710532 / readers=[7, 7, 7, 7, 7, 6, 6, 7, 7, 7] / writers=[7]
OOO / Test #142 / 1439449710531 / readers=[5, 6, 6, 6, 6, 5, 5, 5, 5, 5] / writers=[6]
OOO / Test #83 / 1439449710531 / readers=[7, 7, 6, 7, 7, 6, 6, 6, 6, 6] / writers=[7]
OOO / Test #131 / 1439449710531 / readers=[6, 5, 6, 6, 6, 6, 5, 5, 5, 5] / writers=[6]
OOO / Test #70 / 1439449710523 / readers=[6, 6, 6, 6, 6, 5, 5, 5, 5, 5] / writers=[6]
OOO / Test #138 / 1439449710523 / readers=[7, 7, 7, 7, 6, 6, 6, 6, 6, 6] / writers=[7]
OOO / Test #126 / 1439449710523 / readers=[6, 6, 6, 6, 6, 5, 5, 5, 5, 6] / writers=[6]
OOO / Test #110 / 1439449710523 / readers=[6, 6, 6, 6, 6, 5, 5, 5, 6, 5] / writers=[6]
OOO / Test #140 / 1439449710523 / readers=[8, 8, 7, 7, 7, 7, 7, 8, 7, 7] / writers=[8]
OOO / Test #126 / 1439449710546 / readers=[7, 7, 7, 7, 6, 6, 6, 6, 6, 7] / writers=[7]
OOO / Test #105 / 1439449710523 / readers=[5, 5, 5, 5, 5, 5, 4, 4, 4, 4] / writers=[5]
OOO / Test #107 / 1439449710523 / readers=[7, 7, 7, 7, 6, 6, 6, 6, 7, 6] / writers=[7]
OOO / Test #120 / 1439449710523 / readers=[7, 7, 7, 7, 6, 6, 6, 6, 6, 6] / writers=[7]
OOO / Test #104 / 1439449710516 / readers=[5, 5, 5, 5, 5, 5, 4, 4, 4, 4] / writers=[5]
OOO / Test #143 / 1439449710516 / readers=[5, 5, 5, 5, 5, 5, 4, 4, 4, 4] / writers=[5]
OOO / Test #115 / 1439449710516 / readers=[6, 6, 6, 6, 6, 5, 5, 5, 5, 5] / writers=[6]
OOO / Test #119 / 1439449710516 / readers=[6, 6, 6, 6, 6, 5, 5, 6, 6, 6] / writers=[6]
OOO / Test #123 / 1439449710516 / readers=[5, 5, 5, 5, 5, 4, 4, 4, 5, 4] / writers=[5]
OOO / Test #104 / 1439449710553 / readers=[6, 6, 6, 6, 6, 5, 5, 5, 5, 5] / writers=[6]
OOO / Test #108 / 1439449710515 / readers=[6, 6, 6, 6, 6, 5, 5, 5, 5, 5] / writers=[6]
OOO / Test #102 / 1439449710515 / readers=[5, 5, 5, 5, 5, 5, 4, 4, 4, 4] / writers=[5]
OOO / Test #99 / 1439449710515 / readers=[5, 5, 4, 5, 5, 5, 5, 4, 4, 4] / writers=[5]
OOO / Test #89 / 1439449710509 / readers=[5, 5, 5, 5, 5, 5, 4, 4, 4, 4] / writers=[5]
OOO / Test #108 / 1439449710554 / readers=[7, 7, 7, 7, 6, 6, 6, 6, 6, 6] / writers=[7]
OOO / Test #102 / 1439449710554 / readers=[6, 6, 6, 6, 6, 5, 5, 5, 5, 5] / writers=[6]
OOO / Test #136 / 1439449710509 / readers=[7, 7, 7, 6, 6, 7, 6, 6, 6, 6] / writers=[7]
OOO / Test #111 / 1439449710509 / readers=[7, 7, 7, 7, 6, 6, 6, 6, 6, 6] / writers=[7]
OOO / Test #132 / 1439449710509 / readers=[7, 7, 7, 7, 6, 6, 6, 6, 6, 6] / writers=[7]
OOO / Test #79 / 1439449710509 / readers=[5, 5, 5, 5, 5, 5, 4, 4, 4, 4] / writers=[5]
OOO / Test #81 / 1439449710509 / readers=[5, 5, 5, 5, 5, 4, 5, 4, 4, 4] / writers=[5]
OOO / Test #136 / 1439449710561 / readers=[8, 8, 7, 7, 7, 8, 7, 7, 7, 7] / writers=[8]
OOO / Test #74 / 1439449710509 / readers=[5, 5, 5, 5, 5, 5, 4, 4, 4, 4] / writers=[5]
OOO / Test #134 / 1439449710509 / readers=[6, 7, 7, 6, 6, 6, 6, 6, 7, 6] / writers=[7]
OOO / Test #112 / 1439449710509 / readers=[6, 6, 6, 6, 6, 5, 5, 5, 5, 5] / writers=[6]
OOO / Test #69 / 1439449710509 / readers=[5, 5, 5, 5, 6, 5, 5, 5, 5, 5] / writers=[6]
OOO / Test #74 / 1439449710561 / readers=[6, 6, 6, 6, 5, 6, 5, 5, 5, 5] / writers=[6]
OOO / Test #71 / 1439449710503 / readers=[5, 5, 5, 5, 5, 5, 4, 4, 4, 4] / writers=[5]
OOO / Test #92 / 1439449710503 / readers=[7, 7, 7, 7, 6, 6, 6, 6, 6, 6] / writers=[7]
OOO / Test #67 / 1439449710503 / readers=[5, 5, 5, 5, 5, 5, 4, 4, 4, 4] / writers=[5]
OOO / Test #78 / 1439449710503 / readers=[6, 6, 6, 6, 6, 5, 5, 5, 5, 5] / writers=[6]
OOO / Test #82 / 1439449710503 / readers=[5, 5, 5, 5, 5, 5, 4, 4, 4, 4] / writers=[5]
OOO / Test #87 / 1439449710503 / readers=[5, 5, 5, 5, 5, 5, 4, 4, 4, 4] / writers=[5]
OOO / Test #113 / 1439449710503 / readers=[6, 6, 6, 6, 6, 5, 5, 5, 5, 5] / writers=[6]
OOO / Test #141 / 1439449710503 / readers=[7, 7, 7, 6, 7, 6, 7, 6, 6, 6] / writers=[7]
OOO / Test #77 / 1439449710503 / readers=[6, 6, 6, 6, 6, 5, 5, 5, 5, 5] / writers=[6]
OOO / Test #129 / 1439449710503 / readers=[6, 6, 6, 6, 5, 6, 6, 5, 5, 5] / writers=[6]
OOO / Test #117 / 1439449710502 / readers=[8, 8, 8, 7, 7, 7, 7, 7, 7, 7] / writers=[8]
OOO / Test #141 / 1439449710569 / readers=[8, 8, 7, 7, 8, 7, 8, 7, 7, 7] / writers=[8]
OOO / Test #135 / 1439449710493 / readers=[6, 6, 5, 6, 6, 6, 6, 5, 5, 5] / writers=[6]
OOO / Test #106 / 1439449710493 / readers=[6, 5, 6, 6, 6, 6, 5, 5, 5, 5] / writers=[6]
OOO / Test #68 / 1439449710493 / readers=[5, 5, 5, 5, 5, 5, 4, 4, 4, 4] / writers=[5]
OOO / Test #86 / 1439449710493 / readers=[5, 5, 5, 5, 5, 5, 4, 4, 4, 4] / writers=[5]
OOO / Test #88 / 1439449710493 / readers=[5, 5, 5, 5, 5, 5, 4, 4, 4, 4] / writers=[5]
OOO / Test #96 / 1439449710493 / readers=[5, 5, 5, 5, 5, 5, 4, 4, 4, 4] / writers=[5]
OOO / Test #68 / 1439449710576 / readers=[6, 6, 6, 6, 6, 5, 5, 5, 5, 5] / writers=[6]
OOO / Test #93 / 1439449710493 / readers=[5, 5, 5, 5, 5, 5, 5, 4, 4, 4] / writers=[5]
OOO / Test #76 / 1439449710493 / readers=[6, 6, 6, 6, 6, 5, 5, 5, 5, 5] / writers=[6]
OOO / Test #86 / 1439449710576 / readers=[6, 6, 6, 6, 6, 5, 5, 5, 5, 5] / writers=[6]
OOO / Test #91 / 1439449710493 / readers=[5, 5, 5, 5, 5, 5, 4, 4, 4, 4] / writers=[5]
OOO / Test #86 / 1439449710576 / readers=[7, 7, 7, 7, 6, 6, 6, 6, 6, 6] / writers=[7]
OOO / Test #130 / 1439449710493 / readers=[6, 6, 6, 5, 6, 6, 5, 5, 5, 5] / writers=[6]
OOO / Test #125 / 1439449710487 / readers=[6, 6, 6, 6, 5, 5, 5, 5, 6, 5] / writers=[6]
OOO / Test #85 / 1439449710487 / readers=[6, 6, 6, 6, 6, 5, 5, 5, 5, 5] / writers=[6]
OOO / Test #124 / 1439449710487 / readers=[6, 6, 6, 6, 6, 5, 5, 5, 5, 5] / writers=[6]
OOO / Test #63 / 1439449710487 / readers=[5, 5, 5, 5, 5, 5, 4, 4, 4, 4] / writers=[5]
OOO / Test #125 / 1439449710583 / readers=[7, 7, 6, 7, 6, 6, 6, 6, 7, 6] / writers=[7]
OOO / Test #85 / 1439449710583 / readers=[7, 7, 7, 7, 6, 6, 6, 6, 6, 6] / writers=[7]
OOO / Test #75 / 1439449710486 / readers=[5, 5, 5, 5, 5, 5, 4, 4, 4, 4] / writers=[5]
OOO / Test #118 / 1439449710486 / readers=[5, 5, 5, 5, 5, 5, 5, 4, 4, 4] / writers=[5]
OOO / Test #116 / 1439449710486 / readers=[5, 4, 5, 5, 5, 5, 5, 4, 4, 4] / writers=[5]
OOO / Test #29 / 1439449710486 / readers=[11, 11, 12, 12, 12, 12, 12, 12, 12, 12] / writers=[12]
OOO / Test #75 / 1439449710584 / readers=[6, 6, 6, 6, 6, 5, 5, 5, 5, 5] / writers=[6]
OOO / Test #137 / 1439449710486 / readers=[5, 5, 5, 5, 5, 5, 4, 4, 4, 4] / writers=[5]
OOO / Test #114 / 1439449710486 / readers=[7, 7, 7, 7, 6, 6, 6, 6, 6, 6] / writers=[7]
OOO / Test #66 / 1439449710478 / readers=[5, 5, 5, 5, 5, 5, 4, 4, 4, 4] / writers=[5]
OOO / Test #9 / 1439449710478 / readers=[31, 31, 31, 31, 31, 31, 31, 31, 31, 31] / writers=[32]
OOO / Test #144 / 1439449710478 / readers=[5, 5, 5, 5, 5, 5, 4, 4, 4, 4] / writers=[5]
OOO / Test #90 / 1439449710478 / readers=[7, 7, 6, 7, 7, 6, 6, 6, 6, 6] / writers=[7]
OOO / Test #151 / 1439449710478 / readers=[6, 6, 6, 6, 6, 5, 5, 5, 5, 5] / writers=[6]
OOO / Test #128 / 1439449710477 / readers=[6, 6, 6, 6, 6, 5, 5, 5, 5, 5] / writers=[6]
OOO / Test #37 / 1439449710477 / readers=[9, 9, 8, 8, 8, 8, 8, 8, 8, 8] / writers=[9]
OOO / Test #90 / 1439449710590 / readers=[8, 8, 7, 8, 7, 7, 7, 7, 7, 7] / writers=[8]
OOO / Test #65 / 1439449710477 / readers=[7, 7, 7, 7, 6, 6, 6, 6, 6, 6] / writers=[7]
OOO / Test #122 / 1439449710471 / readers=[6, 6, 6, 6, 5, 6, 5, 5, 5, 5] / writers=[6]
OOO / Test #8 / 1439449710471 / readers=[31, 31, 31, 32, 31, 31, 31, 32, 31, 32] / writers=[32]
OOO / Test #6 / 1439449710471 / readers=[38, 38, 38, 38, 38, 38, 37, 37, 37, 37] / writers=[38]
OOO / Test #10 / 1439449710471 / readers=[15, 15, 15, 15, 15, 15, 15, 14, 14, 15] / writers=[15]
OOO / Test #122 / 1439449710596 / readers=[7, 7, 7, 7, 6, 6, 6, 6, 6, 6] / writers=[7]
OOO / Test #16 / 1439449710471 / readers=[20, 20, 19, 19, 19, 19, 19, 19, 19, 19] / writers=[20]
OOO / Test #101 / 1439449710470 / readers=[4, 4, 5, 5, 5, 4, 4, 4, 4, 4] / writers=[5]
OOO / Test #80 / 1439449710470 / readers=[6, 6, 6, 6, 6, 5, 5, 5, 5, 5] / writers=[6]
OOO / Test #48 / 1439449710470 / readers=[8, 9, 8, 9, 8, 8, 8, 8, 8, 8] / writers=[9]
OOO / Test #109 / 1439449710461 / readers=[8, 7, 8, 8, 7, 7, 7, 7, 7, 7] / writers=[8]
OOO / Test #139 / 1439449710461 / readers=[5, 6, 6, 6, 6, 5, 6, 5, 5, 5] / writers=[6]
OOO / Test #17 / 1439449710461 / readers=[19, 19, 19, 20, 20, 20, 20, 20, 19, 20] / writers=[20]
OOO / Test #24 / 1439449710461 / readers=[11, 12, 12, 12, 12, 12, 12, 12, 11, 12] / writers=[12]
OOO / Test #127 / 1439449710461 / readers=[5, 5, 5, 5, 5, 4, 5, 4, 5, 4] / writers=[5]
OOO / Test #17 / 1439449710604 / readers=[20, 20, 20, 21, 21, 21, 21, 20, 20, 21] / writers=[21]
OOO / Test #21 / 1439449710461 / readers=[26, 26, 26, 26, 26, 26, 26, 26, 25, 25] / writers=[26]
OOO / Test #84 / 1439449710461 / readers=[6, 6, 6, 6, 6, 6, 5, 5, 5, 5] / writers=[6]
OOO / Test #73 / 1439449710461 / readers=[6, 6, 6, 6, 6, 5, 6, 6, 6, 6] / writers=[6]
OOO / Test #149 / 1439449710461 / readers=[5, 5, 5, 5, 5, 5, 4, 5, 4, 4] / writers=[5]
OOO / Test #21 / 1439449710604 / readers=[27, 27, 27, 27, 26, 27, 27, 27, 26, 26] / writers=[27]
OOO / Test #133 / 1439449710451 / readers=[5, 5, 5, 5, 5, 5, 5, 4, 4, 5] / writers=[5]
OOO / Test #154 / 1439449710451 / readers=[5, 5, 5, 5, 5, 5, 4, 4, 4, 4] / writers=[5]
OOO / Test #19 / 1439449710451 / readers=[13, 13, 13, 13, 13, 13, 14, 14, 14, 14] / writers=[14]
OOO / Test #57 / 1439449710451 / readers=[9, 8, 8, 9, 8, 8, 8, 8, 8, 8] / writers=[9]
OOO / Test #155 / 1439449710451 / readers=[6, 6, 6, 6, 6, 6, 5, 5, 6, 6] / writers=[6]
OOO / Test #38 / 1439449710451 / readers=[10, 10, 10, 10, 10, 10, 10, 10, 10, 10] / writers=[11]
OOO / Test #52 / 1439449710451 / readers=[8, 8, 8, 7, 7, 7, 7, 7, 7, 7] / writers=[8]
OOO / Test #42 / 1439449710451 / readers=[9, 9, 8, 8, 8, 8, 8, 8, 8, 8] / writers=[9]
OOO / Test #155 / 1439449710613 / readers=[7, 7, 7, 7, 7, 6, 6, 6, 7, 7] / writers=[7]
OOO / Test #56 / 1439449710445 / readers=[13, 13, 13, 12, 13, 13, 13, 13, 13, 13] / writers=[13]
OOO / Test #58 / 1439449710445 / readers=[9, 8, 8, 8, 9, 8, 8, 8, 8, 8] / writers=[9]
OOO / Test #32 / 1439449710445 / readers=[8, 7, 8, 7, 7, 7, 7, 7, 7, 7] / writers=[8]
OOO / Test #33 / 1439449710444 / readers=[7, 7, 7, 7, 6, 6, 6, 6, 6, 6] / writers=[7]
OOO / Test #41 / 1439449710444 / readers=[7, 7, 8, 7, 7, 7, 7, 7, 7, 7] / writers=[8]
OOO / Test #145 / 1439449710444 / readers=[6, 6, 6, 6, 6, 6, 6, 6, 6, 5] / writers=[6]
OOO / Test #45 / 1439449710444 / readers=[12, 11, 11, 12, 12, 11, 11, 12, 12, 11] / writers=[12]
OOO / Test #34 / 1439449710444 / readers=[8, 8, 8, 8, 8, 8, 9, 8, 9, 8] / writers=[9]
OOO / Test #4 / 1439449710444 / readers=[32, 32, 33, 32, 32, 32, 32, 32, 32, 32] / writers=[33]
OOO / Test #45 / 1439449710620 / readers=[13, 12, 12, 13, 13, 12, 12, 13, 12, 12] / writers=[13]
OOO / Test #46 / 1439449710444 / readers=[7, 7, 7, 7, 7, 7, 7, 7, 7, 7] / writers=[8]
OOO / Test #4 / 1439449710620 / readers=[33, 33, 33, 33, 33, 33, 33, 33, 33, 33] / writers=[34]
OOO / Test #23 / 1439449710444 / readers=[9, 9, 9, 9, 9, 9, 9, 9, 9, 9] / writers=[10]
OOO / Test #198 / 1439449710435 / readers=[6, 6, 6, 6, 6, 6, 6, 5, 5, 5] / writers=[6]
OOO / Test #12 / 1439449710435 / readers=[32, 31, 31, 31, 31, 31, 31, 31, 31, 31] / writers=[32]
OOO / Test #4 / 1439449710621 / readers=[36, 36, 36, 36, 36, 36, 36, 36, 35, 36] / writers=[36]
OOO / Test #14 / 1439449710435 / readers=[37, 37, 37, 37, 37, 37, 37, 37, 36, 36] / writers=[37]
OOO / Test #146 / 1439449710435 / readers=[5, 5, 5, 5, 5, 5, 5, 4, 4, 4] / writers=[5]
OOO / Test #26 / 1439449710435 / readers=[9, 9, 8, 8, 8, 9, 8, 8, 9, 9] / writers=[9]
OOO / Test #35 / 1439449710435 / readers=[9, 9, 9, 9, 9, 9, 9, 9, 9, 9] / writers=[10]
OOO / Test #59 / 1439449710435 / readers=[6, 6, 6, 5, 5, 5, 5, 5, 5, 5] / writers=[6]
OOO / Test #55 / 1439449710435 / readers=[7, 8, 8, 8, 7, 7, 7, 7, 7, 7] / writers=[8]
OOO / Test #157 / 1439449710435 / readers=[6, 6, 5, 6, 6, 6, 5, 5, 5, 5] / writers=[6]
OOO / Test #39 / 1439449710435 / readers=[11, 11, 11, 11, 11, 11, 11, 11, 11, 11] / writers=[12]
OOO / Test #51 / 1439449710428 / readers=[10, 10, 9, 10, 10, 10, 10, 10, 10, 10] / writers=[10]
OOO / Test #22 / 1439449710428 / readers=[9, 9, 9, 9, 9, 9, 9, 9, 9, 9] / writers=[10]
OOO / Test #55 / 1439449710628 / readers=[8, 8, 9, 9, 8, 8, 8, 8, 8, 8] / writers=[9]
OOO / Test #18 / 1439449710428 / readers=[18, 18, 18, 18, 17, 17, 17, 17, 17, 17] / writers=[18]
OOO / Test #49 / 1439449710428 / readers=[10, 10, 9, 10, 10, 10, 10, 10, 10, 10] / writers=[10]
OOO / Test #148 / 1439449710428 / readers=[5, 5, 5, 4, 5, 5, 5, 4, 4, 5] / writers=[5]
OOO / Test #62 / 1439449710428 / readers=[7, 7, 7, 7, 7, 7, 7, 7, 8, 8] / writers=[8]
OOO / Test #147 / 1439449710428 / readers=[3, 3, 3, 3, 4, 3, 3, 3, 3, 3] / writers=[4]
OOO / Test #167 / 1439449710428 / readers=[5, 5, 5, 5, 5, 4, 5, 4, 4, 4] / writers=[5]
OOO / Test #148 / 1439449710637 / readers=[6, 6, 6, 5, 5, 6, 6, 5, 5, 6] / writers=[6]
OOO / Test #36 / 1439449710428 / readers=[8, 8, 8, 7, 7, 7, 8, 8, 8, 8] / writers=[8]
OOO / Test #64 / 1439449710427 / readers=[6, 6, 6, 6, 6, 5, 5, 5, 5, 5] / writers=[6]
OOO / Test #167 / 1439449710637 / readers=[6, 6, 6, 6, 5, 5, 6, 5, 5, 5] / writers=[6]
OOO / Test #97 / 1439449710427 / readers=[5, 4, 5, 4, 4, 5, 5, 4, 4, 5] / writers=[5]
OOO / Test #44 / 1439449710428 / readers=[9, 9, 8, 9, 8, 8, 8, 8, 8, 8] / writers=[9]
OOO / Test #28 / 1439449710421 / readers=[10, 11, 11, 11, 11, 11, 11, 11, 11, 11] / writers=[11]
OOO / Test #27 / 1439449710421 / readers=[8, 8, 8, 7, 7, 7, 7, 7, 8, 8] / writers=[8]
OOO / Test #40 / 1439449710421 / readers=[8, 8, 9, 9, 8, 8, 9, 9, 8, 9] / writers=[9]
OOO / Test #153 / 1439449710421 / readers=[6, 6, 6, 6, 6, 6, 5, 5, 5, 5] / writers=[6]
OOO / Test #61 / 1439449710421 / readers=[6, 6, 6, 6, 6, 6, 6, 7, 7, 7] / writers=[7]
OOO / Test #27 / 1439449710644 / readers=[9, 9, 8, 8, 8, 8, 8, 8, 9, 9] / writers=[9]
OOO / Test #153 / 1439449710644 / readers=[7, 7, 7, 7, 6, 7, 6, 6, 6, 6] / writers=[7]
OOO / Test #162 / 1439449710421 / readers=[5, 6, 6, 6, 6, 6, 5, 5, 5, 5] / writers=[6]
OOO / Test #30 / 1439449710421 / readers=[8, 8, 8, 8, 8, 7, 8, 7, 8, 8] / writers=[8]
OOO / Test #164 / 1439449710421 / readers=[5, 5, 5, 5, 5, 5, 4, 4, 4, 4] / writers=[5]
OOO / Test #153 / 1439449710644 / readers=[8, 8, 8, 7, 7, 8, 7, 7, 7, 7] / writers=[8]
OOO / Test #152 / 1439449710414 / readers=[5, 5, 5, 5, 5, 4, 5, 4, 4, 4] / writers=[5]
OOO / Test #180 / 1439449710414 / readers=[5, 5, 5, 5, 5, 4, 4, 4, 4, 5] / writers=[5]
OOO / Test #100 / 1439449710414 / readers=[6, 7, 7, 6, 6, 7, 7, 6, 6, 6] / writers=[7]
OOO / Test #54 / 1439449710414 / readers=[10, 10, 10, 9, 9, 10, 10, 10, 9, 9] / writers=[10]
OOO / Test #31 / 1439449710414 / readers=[9, 10, 9, 9, 10, 10, 9, 10, 10, 10] / writers=[10]
OOO / Test #178 / 1439449710414 / readers=[7, 7, 7, 7, 7, 7, 7, 7, 7, 7] / writers=[8]
OOO / Test #20 / 1439449710414 / readers=[11, 10, 10, 10, 10, 10, 10, 10, 11, 10] / writers=[11]
OOO / Test #54 / 1439449710651 / readers=[10, 11, 11, 10, 10, 11, 11, 11, 10, 10] / writers=[11]
OOO / Test #95 / 1439449710414 / readers=[7, 7, 7, 7, 7, 7, 6, 7, 7, 7] / writers=[7]
OOO / Test #150 / 1439449710414 / readers=[6, 6, 6, 5, 6, 6, 5, 5, 5, 5] / writers=[6]
OOO / Test #20 / 1439449710651 / readers=[11, 11, 11, 11, 11, 11, 11, 11, 12, 11] / writers=[12]
OOO / Test #60 / 1439449710408 / readers=[5, 5, 5, 5, 5, 5, 6, 6, 6, 5] / writers=[6]
OOO / Test #160 / 1439449710408 / readers=[6, 6, 6, 6, 6, 5, 5, 5, 5, 5] / writers=[6]
OOO / Test #43 / 1439449710408 / readers=[8, 9, 8, 8, 9, 9, 9, 8, 9, 8] / writers=[9]
OOO / Test #13 / 1439449710408 / readers=[27, 27, 28, 28, 28, 28, 28, 27, 27, 27] / writers=[28]
OOO / Test #15 / 1439449710408 / readers=[24, 24, 24, 25, 25, 25, 25, 25, 24, 24] / writers=[25]
OOO / Test #161 / 1439449710408 / readers=[5, 5, 5, 5, 5, 4, 5, 4, 4, 4] / writers=[5]
OOO / Test #160 / 1439449710658 / readers=[7, 7, 7, 7, 6, 6, 6, 6, 6, 6] / writers=[7]
OOO / Test #13 / 1439449710658 / readers=[28, 28, 28, 29, 29, 29, 29, 28, 28, 28] / writers=[29]
OOO / Test #163 / 1439449710408 / readers=[5, 5, 5, 5, 5, 5, 4, 4, 4, 4] / writers=[5]
OOO / Test #181 / 1439449710408 / readers=[6, 6, 6, 6, 5, 5, 6, 5, 5, 5] / writers=[6]
OOO / Test #156 / 1439449710408 / readers=[5, 5, 5, 5, 5, 5, 5, 4, 4, 4] / writers=[5]
OOO / Test #166 / 1439449710408 / readers=[5, 5, 5, 5, 5, 5, 4, 4, 4, 4] / writers=[5]
OOO / Test #173 / 1439449710408 / readers=[5, 5, 5, 5, 5, 5, 4, 4, 4, 4] / writers=[5]
OOO / Test #158 / 1439449710402 / readers=[5, 5, 5, 5, 5, 5, 4, 4, 4, 4] / writers=[5]
OOO / Test #190 / 1439449710402 / readers=[5, 6, 6, 6, 6, 5, 6, 5, 5, 5] / writers=[6]
OOO / Test #166 / 1439449710664 / readers=[6, 6, 6, 6, 6, 5, 5, 5, 5, 5] / writers=[6]
OOO / Test #168 / 1439449710402 / readers=[5, 5, 5, 5, 5, 5, 4, 4, 4, 4] / writers=[5]
OOO / Test #158 / 1439449710664 / readers=[6, 6, 6, 6, 6, 5, 5, 5, 5, 5] / writers=[6]
OOO / Test #173 / 1439449710664 / readers=[6, 6, 6, 6, 6, 5, 5, 5, 5, 5] / writers=[6]
OOO / Test #177 / 1439449710402 / readers=[5, 5, 5, 5, 5, 5, 4, 4, 4, 4] / writers=[5]
OOO / Test #168 / 1439449710664 / readers=[6, 6, 6, 6, 6, 5, 5, 5, 5, 5] / writers=[6]
OOO / Test #182 / 1439449710402 / readers=[5, 5, 5, 5, 5, 5, 4, 4, 4, 4] / writers=[5]
OOO / Test #7 / 1439449710402 / readers=[16, 17, 17, 17, 17, 17, 16, 16, 16, 16] / writers=[17]
OOO / Test #192 / 1439449710401 / readers=[5, 5, 5, 5, 5, 4, 4, 5, 4, 4] / writers=[5]
OOO / Test #196 / 1439449710401 / readers=[4, 4, 4, 4, 4, 4, 4, 3, 3, 3] / writers=[4]
OOO / Test #176 / 1439449710401 / readers=[4, 4, 4, 4, 4, 4, 3, 3, 4, 3] / writers=[4]
OOO / Test #171 / 1439449710401 / readers=[4, 4, 4, 4, 4, 4, 4, 4, 3, 3] / writers=[4]
OOO / Test #191 / 1439449710395 / readers=[4, 4, 4, 3, 4, 4, 4, 4, 3, 3] / writers=[4]
OOO / Test #170 / 1439449710395 / readers=[4, 4, 4, 4, 4, 4, 4, 3, 3, 3] / writers=[4]
OOO / Test #169 / 1439449710395 / readers=[4, 4, 4, 4, 4, 4, 4, 3, 3, 3] / writers=[4]
OOO / Test #174 / 1439449710395 / readers=[4, 4, 4, 4, 4, 4, 4, 3, 3, 3] / writers=[4]
OOO / Test #187 / 1439449710395 / readers=[4, 4, 4, 4, 4, 4, 4, 3, 3, 3] / writers=[4]
OOO / Test #200 / 1439449710395 / readers=[4, 4, 4, 4, 4, 4, 4, 3, 3, 3] / writers=[4]
OOO / Test #170 / 1439449710671 / readers=[5, 5, 5, 5, 5, 5, 4, 4, 4, 4] / writers=[5]
OOO / Test #197 / 1439449710395 / readers=[4, 4, 4, 4, 4, 4, 4, 3, 3, 3] / writers=[4]
OOO / Test #165 / 1439449710395 / readers=[3, 3, 3, 3, 3, 3, 3, 2, 2, 2] / writers=[3]
OOO / Test #199 / 1439449710395 / readers=[4, 4, 4, 4, 5, 4, 4, 4, 4, 4] / writers=[5]
OOO / Test #186 / 1439449710395 / readers=[4, 4, 4, 4, 4, 4, 4, 3, 3, 3] / writers=[4]
OOO / Test #159 / 1439449710395 / readers=[5, 5, 5, 5, 5, 5, 5, 4, 4, 4] / writers=[5]
OOO / Test #193 / 1439449710389 / readers=[4, 4, 4, 4, 4, 4, 4, 3, 3, 3] / writers=[4]
OOO / Test #199 / 1439449710677 / readers=[5, 5, 5, 5, 5, 5, 5, 5, 5, 5] / writers=[6]
OOO / Test #186 / 1439449710677 / readers=[5, 5, 5, 5, 5, 5, 4, 4, 4, 4] / writers=[5]
OOO / Test #184 / 1439449710389 / readers=[4, 4, 4, 4, 4, 4, 4, 3, 3, 3] / writers=[4]
OOO / Test #179 / 1439449710389 / readers=[6, 6, 6, 6, 6, 5, 5, 5, 5, 5] / writers=[6]
OOO / Test #159 / 1439449710678 / readers=[6, 6, 6, 6, 6, 5, 6, 5, 5, 5] / writers=[6]
OOO / Test #194 / 1439449710389 / readers=[4, 4, 4, 4, 4, 4, 4, 3, 3, 3] / writers=[4]
OOO / Test #195 / 1439449710389 / readers=[5, 5, 5, 5, 5, 5, 4, 4, 4, 4] / writers=[5]
OOO / Test #185 / 1439449710388 / readers=[4, 4, 4, 4, 4, 4, 4, 3, 3, 3] / writers=[4]
OOO / Test #188 / 1439449710388 / readers=[4, 4, 4, 4, 4, 4, 4, 3, 3, 3] / writers=[4]
OOO / Test #183 / 1439449710388 / readers=[4, 4, 4, 3, 4, 4, 4, 4, 3, 3] / writers=[4]
OOO / Test #11 / 1439449710388 / readers=[33, 32, 33, 33, 33, 33, 33, 33, 33, 33] / writers=[33]
OOO / Test #185 / 1439449710687 / readers=[5, 5, 5, 5, 5, 5, 4, 4, 4, 4] / writers=[5]
OOO / Test #172 / 1439449710388 / readers=[5, 5, 5, 5, 5, 5, 4, 4, 4, 4] / writers=[5]
OOO / Test #183 / 1439449710687 / readers=[5, 5, 5, 4, 5, 5, 5, 4, 4, 4] / writers=[5]
OOO / Test #175 / 1439449710388 / readers=[5, 5, 5, 5, 5, 5, 4, 4, 4, 4] / writers=[5]
OOO / Test #50 / 1439449710381 / readers=[9, 10, 9, 9, 9, 9, 9, 9, 10, 9] / writers=[10]
OOO / Test #3 / 1439449710381 / readers=[30, 31, 31, 31, 31, 31, 31, 31, 31, 31] / writers=[31]
OOO / Test #172 / 1439449710687 / readers=[6, 6, 6, 6, 6, 5, 5, 5, 5, 5] / writers=[6]
OOO / Test #47 / 1439449710381 / readers=[9, 9, 8, 8, 8, 9, 9, 8, 8, 8] / writers=[9]
OOO / Test #189 / 1439449710381 / readers=[4, 4, 4, 4, 4, 4, 4, 3, 3, 3] / writers=[4]
OOO / Test #53 / 1439449710381 / readers=[6, 5, 6, 6, 5, 6, 6, 6, 5, 6] / writers=[6]
OOO / Test #2 / 1439449710381 / readers=[18, 17, 18, 18, 18, 18, 17, 17, 18, 17] / writers=[18]
OOO / Test #47 / 1439449710695 / readers=[10, 10, 9, 9, 9, 9, 10, 9, 9, 9] / writers=[10]
OOO / Test #172 / 1439449710695 / readers=[7, 7, 7, 7, 6, 6, 6, 6, 6, 6] / writers=[7]
OOO / Test #175 / 1439449710687 / readers=[5, 6, 6, 6, 6, 5, 5, 5, 5, 5] / writers=[6]
OOO / Test #3 / 1439449710687 / readers=[31, 31, 32, 32, 32, 32, 32, 32, 32, 32] / writers=[32]
OOO / Test #50 / 1439449710687 / readers=[10, 10, 10, 10, 10, 10, 10, 10, 11, 10] / writers=[11]
OOO / Test #183 / 1439449710687 / readers=[6, 6, 6, 5, 6, 6, 5, 5, 5, 5] / writers=[6]
OOO / Test #185 / 1439449710687 / readers=[6, 6, 6, 6, 6, 5, 5, 5, 5, 5] / writers=[6]
OOO / Test #11 / 1439449710687 / readers=[34, 33, 34, 33, 34, 34, 34, 34, 34, 34] / writers=[34]
OOO / Test #188 / 1439449710687 / readers=[5, 5, 5, 5, 5, 5, 4, 4, 4, 4] / writers=[5]
OOO / Test #195 / 1439449710687 / readers=[6, 6, 6, 6, 6, 5, 5, 5, 5, 5] / writers=[6]
OOO / Test #185 / 1439449710703 / readers=[7, 7, 7, 7, 6, 6, 6, 6, 6, 6] / writers=[7]
OOO / Test #194 / 1439449710678 / readers=[5, 5, 5, 5, 5, 5, 4, 4, 4, 4] / writers=[5]
OOO / Test #159 / 1439449710678 / readers=[7, 7, 7, 7, 6, 6, 7, 6, 6, 6] / writers=[7]
OOO / Test #184 / 1439449710678 / readers=[5, 5, 5, 5, 5, 5, 4, 4, 4, 4] / writers=[5]
OOO / Test #194 / 1439449710703 / readers=[6, 6, 6, 6, 6, 5, 5, 5, 5, 5] / writers=[6]
OOO / Test #179 / 1439449710678 / readers=[7, 7, 7, 7, 6, 6, 6, 6, 6, 6] / writers=[7]
OOO / Test #199 / 1439449710678 / readers=[8, 8, 8, 7, 8, 8, 8, 8, 8, 8] / writers=[8]
OOO / Test #194 / 1439449710703 / readers=[7, 7, 7, 7, 6, 6, 6, 6, 6, 6] / writers=[7]
OOO / Test #186 / 1439449710678 / readers=[6, 6, 6, 6, 6, 5, 5, 5, 5, 5] / writers=[6]
OOO / Test #193 / 1439449710678 / readers=[5, 5, 5, 5, 5, 5, 4, 4, 4, 4] / writers=[5]
OOO / Test #165 / 1439449710677 / readers=[4, 4, 4, 4, 4, 4, 3, 3, 3, 3] / writers=[4]
OOO / Test #197 / 1439449710677 / readers=[5, 5, 5, 5, 5, 5, 4, 4, 4, 4] / writers=[5]
OOO / Test #170 / 1439449710671 / readers=[6, 6, 6, 6, 6, 5, 5, 5, 5, 5] / writers=[6]
OOO / Test #187 / 1439449710671 / readers=[5, 5, 5, 5, 5, 5, 4, 4, 4, 4] / writers=[5]
OOO / Test #200 / 1439449710671 / readers=[5, 5, 5, 5, 5, 5, 4, 4, 4, 4] / writers=[5]
OOO / Test #174 / 1439449710671 / readers=[5, 5, 5, 5, 5, 5, 4, 4, 4, 4] / writers=[5]
OOO / Test #169 / 1439449710671 / readers=[5, 5, 5, 5, 5, 5, 4, 4, 4, 4] / writers=[5]
OOO / Test #171 / 1439449710671 / readers=[5, 5, 5, 5, 5, 5, 5, 4, 4, 4] / writers=[5]
OOO / Test #191 / 1439449710671 / readers=[5, 5, 5, 4, 5, 5, 5, 4, 4, 4] / writers=[5]
OOO / Test #176 / 1439449710671 / readers=[5, 5, 5, 5, 5, 4, 4, 4, 5, 4] / writers=[5]
OOO / Test #196 / 1439449710671 / readers=[5, 5, 5, 5, 5, 5, 4, 4, 4, 4] / writers=[5]
OOO / Test #192 / 1439449710671 / readers=[6, 6, 6, 6, 5, 5, 5, 6, 5, 5] / writers=[6]
OOO / Test #176 / 1439449710716 / readers=[6, 6, 6, 6, 5, 5, 5, 5, 6, 5] / writers=[6]
OOO / Test #7 / 1439449710671 / readers=[17, 18, 18, 18, 18, 17, 17, 17, 17, 17] / writers=[18]
OOO / Test #168 / 1439449710664 / readers=[7, 7, 7, 7, 6, 6, 6, 6, 6, 6] / writers=[7]
OOO / Test #182 / 1439449710664 / readers=[6, 6, 6, 6, 6, 5, 5, 5, 5, 5] / writers=[6]
OOO / Test #177 / 1439449710664 / readers=[6, 6, 6, 6, 6, 5, 5, 5, 5, 5] / writers=[6]
OOO / Test #192 / 1439449710716 / readers=[7, 7, 7, 6, 6, 6, 6, 7, 6, 6] / writers=[7]
OOO / Test #182 / 1439449710716 / readers=[7, 7, 7, 7, 6, 6, 6, 6, 6, 6] / writers=[7]
OOO / Test #173 / 1439449710664 / readers=[7, 7, 7, 7, 6, 6, 6, 6, 6, 6] / writers=[7]
OOO / Test #158 / 1439449710664 / readers=[6, 7, 7, 7, 6, 6, 6, 6, 6, 6] / writers=[7]
OOO / Test #192 / 1439449710716 / readers=[8, 8, 7, 7, 7, 7, 7, 8, 7, 7] / writers=[8]
OOO / Test #166 / 1439449710664 / readers=[7, 7, 7, 7, 6, 6, 6, 6, 6, 6] / writers=[7]
OOO / Test #190 / 1439449710664 / readers=[6, 7, 7, 7, 7, 6, 6, 6, 6, 6] / writers=[7]
OOO / Test #156 / 1439449710658 / readers=[6, 6, 6, 6, 6, 6, 5, 5, 5, 5] / writers=[6]
OOO / Test #192 / 1439449710725 / readers=[8, 9, 8, 8, 8, 8, 8, 9, 8, 8] / writers=[9]
OOO / Test #181 / 1439449710658 / readers=[7, 7, 7, 6, 6, 6, 7, 6, 6, 6] / writers=[7]
OOO / Test #163 / 1439449710658 / readers=[6, 6, 6, 6, 6, 5, 5, 5, 5, 5] / writers=[6]
OOO / Test #192 / 1439449710725 / readers=[9, 10, 9, 9, 9, 9, 9, 9, 9, 9] / writers=[10]
OOO / Test #13 / 1439449710658 / readers=[29, 29, 29, 29, 30, 30, 30, 29, 29, 29] / writers=[30]
OOO / Test #161 / 1439449710658 / readers=[6, 6, 6, 6, 5, 5, 6, 5, 5, 5] / writers=[6]
OOO / Test #163 / 1439449710725 / readers=[7, 7, 7, 7, 6, 6, 6, 6, 6, 6] / writers=[7]
OOO / Test #192 / 1439449710725 / readers=[10, 10, 10, 10, 10, 10, 10, 10, 10, 10] / writers=[11]
OOO / Test #160 / 1439449710658 / readers=[8, 8, 8, 7, 7, 7, 7, 7, 7, 7] / writers=[8]
OOO / Test #15 / 1439449710658 / readers=[25, 25, 25, 26, 26, 26, 26, 25, 25, 25] / writers=[26]
OOO / Test #43 / 1439449710658 / readers=[9, 10, 9, 9, 10, 10, 9, 9, 10, 9] / writers=[10]
OOO / Test #60 / 1439449710657 / readers=[6, 6, 6, 6, 6, 6, 6, 7, 7, 6] / writers=[7]
OOO / Test #20 / 1439449710657 / readers=[12, 12, 12, 12, 12, 12, 12, 12, 12, 12] / writers=[13]
OOO / Test #15 / 1439449710732 / readers=[26, 26, 26, 27, 27, 27, 26, 26, 26, 26] / writers=[27]
OOO / Test #178 / 1439449710651 / readers=[10, 10, 9, 10, 10, 10, 10, 10, 10, 10] / writers=[10]
OOO / Test #60 / 1439449710732 / readers=[7, 7, 7, 7, 7, 7, 7, 7, 8, 7] / writers=[8]
OOO / Test #150 / 1439449710652 / readers=[7, 7, 7, 6, 7, 6, 6, 6, 6, 6] / writers=[7]
OOO / Test #95 / 1439449710651 / readers=[8, 8, 8, 8, 8, 8, 7, 7, 8, 8] / writers=[8]
OOO / Test #60 / 1439449710732 / readers=[8, 8, 8, 8, 8, 8, 8, 8, 8, 8] / writers=[9]
OOO / Test #54 / 1439449710651 / readers=[11, 12, 11, 11, 11, 12, 12, 12, 11, 11] / writers=[12]
OOO / Test #31 / 1439449710651 / readers=[10, 11, 10, 10, 11, 10, 10, 11, 11, 11] / writers=[11]
OOO / Test #100 / 1439449710651 / readers=[7, 8, 8, 7, 7, 8, 7, 7, 7, 7] / writers=[8]
OOO / Test #180 / 1439449710651 / readers=[6, 6, 6, 6, 5, 5, 5, 5, 5, 6] / writers=[6]
OOO / Test #152 / 1439449710651 / readers=[6, 6, 6, 6, 6, 5, 5, 5, 5, 5] / writers=[6]
OOO / Test #100 / 1439449710743 / readers=[8, 9, 9, 8, 8, 8, 8, 8, 8, 8] / writers=[9]
OOO / Test #153 / 1439449710651 / readers=[9, 9, 8, 8, 8, 9, 8, 8, 8, 8] / writers=[9]
OOO / Test #180 / 1439449710743 / readers=[7, 7, 7, 6, 6, 6, 6, 6, 6, 7] / writers=[7]
OOO / Test #164 / 1439449710644 / readers=[6, 6, 6, 6, 6, 5, 5, 5, 5, 5] / writers=[6]
OOO / Test #30 / 1439449710644 / readers=[9, 9, 9, 8, 9, 8, 9, 8, 9, 9] / writers=[9]
OOO / Test #162 / 1439449710644 / readers=[6, 7, 7, 7, 7, 6, 6, 6, 6, 6] / writers=[7]
OOO / Test #27 / 1439449710644 / readers=[10, 9, 9, 9, 9, 9, 9, 9, 10, 10] / writers=[10]
OOO / Test #61 / 1439449710644 / readers=[7, 7, 7, 7, 7, 7, 7, 7, 8, 8] / writers=[8]
OOO / Test #40 / 1439449710644 / readers=[9, 9, 10, 10, 9, 9, 10, 10, 9, 9] / writers=[10]
OOO / Test #28 / 1439449710644 / readers=[11, 12, 11, 12, 12, 12, 12, 12, 12, 12] / writers=[12]
OOO / Test #44 / 1439449710644 / readers=[10, 9, 9, 10, 9, 9, 9, 9, 9, 9] / writers=[10]
OOO / Test #97 / 1439449710637 / readers=[5, 5, 6, 5, 6, 6, 6, 5, 5, 6] / writers=[6]
OOO / Test #167 / 1439449710637 / readers=[7, 7, 7, 7, 6, 6, 6, 6, 6, 6] / writers=[7]
OOO / Test #64 / 1439449710637 / readers=[7, 7, 7, 7, 6, 6, 6, 6, 6, 6] / writers=[7]
OOO / Test #36 / 1439449710637 / readers=[9, 9, 9, 8, 8, 8, 8, 9, 9, 9] / writers=[9]
OOO / Test #97 / 1439449710749 / readers=[6, 6, 7, 6, 7, 7, 7, 6, 6, 6] / writers=[7]
OOO / Test #148 / 1439449710637 / readers=[6, 7, 7, 6, 6, 7, 7, 6, 6, 7] / writers=[7]
OOO / Test #167 / 1439449710749 / readers=[8, 8, 8, 7, 7, 7, 7, 7, 7, 7] / writers=[8]
OOO / Test #147 / 1439449710637 / readers=[4, 4, 4, 4, 4, 4, 4, 4, 4, 4] / writers=[5]
OOO / Test #62 / 1439449710637 / readers=[8, 8, 8, 8, 8, 8, 8, 8, 9, 8] / writers=[9]
OOO / Test #49 / 1439449710637 / readers=[11, 10, 10, 11, 11, 11, 11, 11, 11, 11] / writers=[11]
OOO / Test #18 / 1439449710637 / readers=[19, 19, 19, 18, 18, 18, 18, 18, 18, 18] / writers=[19]
OOO / Test #55 / 1439449710637 / readers=[9, 9, 10, 9, 9, 9, 9, 9, 9, 9] / writers=[10]
OOO / Test #167 / 1439449710761 / readers=[9, 9, 8, 8, 8, 8, 8, 8, 8, 8] / writers=[9]
OOO / Test #22 / 1439449710629 / readers=[11, 12, 12, 12, 12, 12, 12, 12, 12, 12] / writers=[12]
OOO / Test #39 / 1439449710629 / readers=[14, 14, 14, 14, 14, 14, 13, 14, 14, 14] / writers=[14]
OOO / Test #51 / 1439449710629 / readers=[11, 11, 10, 10, 11, 11, 11, 11, 11, 11] / writers=[11]
OOO / Test #157 / 1439449710628 / readers=[7, 7, 6, 7, 7, 6, 6, 6, 6, 6] / writers=[7]
OOO / Test #35 / 1439449710628 / readers=[12, 12, 12, 12, 12, 12, 12, 12, 11, 12] / writers=[12]
OOO / Test #59 / 1439449710628 / readers=[7, 7, 6, 6, 6, 6, 6, 6, 6, 6] / writers=[7]
OOO / Test #26 / 1439449710628 / readers=[10, 9, 9, 9, 9, 10, 9, 9, 10, 10] / writers=[10]
OOO / Test #14 / 1439449710628 / readers=[38, 39, 39, 39, 39, 39, 39, 39, 39, 39] / writers=[39]
OOO / Test #146 / 1439449710628 / readers=[6, 6, 6, 6, 6, 6, 5, 5, 5, 5] / writers=[6]
OOO / Test #35 / 1439449710770 / readers=[13, 12, 13, 13, 13, 13, 13, 13, 12, 13] / writers=[13]
OOO / Test #4 / 1439449710628 / readers=[37, 37, 37, 37, 37, 37, 37, 36, 36, 37] / writers=[37]
OOO / Test #23 / 1439449710621 / readers=[12, 12, 12, 12, 12, 12, 12, 12, 11, 12] / writers=[12]
OOO / Test #146 / 1439449710770 / readers=[7, 7, 7, 7, 7, 6, 6, 6, 6, 6] / writers=[7]
OOO / Test #12 / 1439449710621 / readers=[32, 32, 32, 32, 32, 32, 32, 32, 32, 32] / writers=[33]
OOO / Test #198 / 1439449710621 / readers=[7, 7, 7, 7, 7, 6, 7, 6, 6, 6] / writers=[7]
OOO / Test #46 / 1439449710621 / readers=[10, 9, 10, 10, 10, 10, 10, 10, 10, 10] / writers=[10]
OOO / Test #45 / 1439449710620 / readers=[14, 13, 13, 14, 13, 13, 13, 14, 13, 13] / writers=[14]
OOO / Test #34 / 1439449710620 / readers=[9, 9, 9, 9, 9, 9, 10, 9, 9, 9] / writers=[10]
OOO / Test #145 / 1439449710620 / readers=[7, 7, 7, 7, 7, 7, 7, 6, 7, 6] / writers=[7]
OOO / Test #41 / 1439449710620 / readers=[8, 8, 8, 8, 8, 8, 8, 8, 8, 8] / writers=[9]
OOO / Test #33 / 1439449710613 / readers=[8, 8, 7, 8, 7, 7, 7, 7, 7, 7] / writers=[8]
OOO / Test #32 / 1439449710613 / readers=[9, 8, 8, 8, 8, 8, 8, 8, 8, 8] / writers=[9]
OOO / Test #58 / 1439449710613 / readers=[9, 9, 9, 9, 10, 9, 9, 9, 9, 9] / writers=[10]
OOO / Test #56 / 1439449710613 / readers=[14, 14, 14, 13, 14, 14, 14, 14, 14, 13] / writers=[14]
OOO / Test #155 / 1439449710613 / readers=[8, 8, 8, 8, 7, 7, 7, 7, 8, 8] / writers=[8]
OOO / Test #32 / 1439449710777 / readers=[9, 9, 9, 9, 9, 9, 9, 9, 9, 9] / writers=[10]
OOO / Test #42 / 1439449710613 / readers=[10, 9, 9, 9, 9, 9, 9, 9, 9, 9] / writers=[10]
OOO / Test #52 / 1439449710613 / readers=[9, 9, 8, 8, 8, 8, 8, 8, 8, 8] / writers=[9]
OOO / Test #38 / 1439449710613 / readers=[13, 13, 13, 13, 13, 13, 13, 12, 13, 13] / writers=[13]
OOO / Test #57 / 1439449710613 / readers=[10, 9, 9, 9, 9, 9, 9, 9, 9, 9] / writers=[10]
OOO / Test #19 / 1439449710613 / readers=[14, 14, 14, 14, 14, 14, 14, 15, 15, 15] / writers=[15]
OOO / Test #52 / 1439449710784 / readers=[10, 9, 9, 9, 9, 9, 9, 9, 9, 9] / writers=[10]
OOO / Test #154 / 1439449710613 / readers=[6, 6, 6, 6, 6, 5, 5, 5, 5, 5] / writers=[6]
OOO / Test #133 / 1439449710605 / readers=[6, 6, 6, 6, 6, 6, 5, 5, 5, 6] / writers=[6]
OOO / Test #19 / 1439449710784 / readers=[15, 15, 15, 15, 15, 15, 15, 15, 16, 16] / writers=[16]
OOO / Test #52 / 1439449710784 / readers=[10, 10, 10, 10, 10, 10, 10, 10, 10, 10] / writers=[11]
OOO / Test #21 / 1439449710604 / readers=[28, 28, 28, 27, 27, 28, 28, 28, 27, 27] / writers=[28]
OOO / Test #149 / 1439449710604 / readers=[6, 6, 6, 6, 6, 6, 5, 5, 5, 5] / writers=[6]
OOO / Test #73 / 1439449710604 / readers=[7, 7, 7, 6, 7, 6, 7, 7, 7, 7] / writers=[7]
OOO / Test #84 / 1439449710604 / readers=[7, 7, 7, 7, 7, 6, 6, 6, 6, 6] / writers=[7]
OOO / Test #127 / 1439449710604 / readers=[6, 6, 6, 6, 5, 5, 6, 5, 6, 5] / writers=[6]
OOO / Test #17 / 1439449710604 / readers=[21, 21, 21, 22, 22, 22, 21, 21, 21, 22] / writers=[22]
OOO / Test #73 / 1439449710792 / readers=[8, 8, 8, 7, 7, 7, 8, 8, 8, 8] / writers=[8]
OOO / Test #127 / 1439449710792 / readers=[7, 7, 6, 7, 6, 6, 7, 6, 7, 6] / writers=[7]
OOO / Test #24 / 1439449710604 / readers=[12, 13, 13, 13, 13, 13, 13, 12, 12, 13] / writers=[13]
OOO / Test #17 / 1439449710792 / readers=[22, 22, 22, 23, 23, 22, 22, 22, 22, 23] / writers=[23]
OOO / Test #139 / 1439449710604 / readers=[6, 7, 6, 7, 7, 6, 7, 6, 6, 6] / writers=[7]
OOO / Test #109 / 1439449710596 / readers=[9, 8, 9, 8, 8, 8, 8, 8, 8, 8] / writers=[9]
OOO / Test #80 / 1439449710596 / readers=[7, 7, 7, 7, 6, 6, 6, 6, 6, 6] / writers=[7]
OOO / Test #17 / 1439449710792 / readers=[23, 23, 23, 24, 23, 23, 23, 23, 23, 24] / writers=[24]
OOO / Test #48 / 1439449710596 / readers=[9, 9, 9, 10, 9, 9, 9, 9, 9, 9] / writers=[10]
OOO / Test #101 / 1439449710596 / readers=[5, 5, 6, 6, 5, 5, 5, 5, 5, 5] / writers=[6]
OOO / Test #16 / 1439449710596 / readers=[21, 20, 20, 20, 20, 20, 20, 20, 20, 20] / writers=[21]
OOO / Test #122 / 1439449710596 / readers=[8, 8, 8, 7, 7, 7, 7, 7, 7, 7] / writers=[8]
OOO / Test #10 / 1439449710596 / readers=[16, 16, 16, 16, 16, 16, 15, 15, 15, 16] / writers=[16]
OOO / Test #101 / 1439449710803 / readers=[6, 6, 7, 6, 6, 6, 6, 6, 6, 6] / writers=[7]
OOO / Test #8 / 1439449710596 / readers=[32, 32, 32, 32, 32, 32, 32, 33, 32, 33] / writers=[33]
OOO / Test #122 / 1439449710804 / readers=[9, 8, 9, 8, 8, 8, 8, 8, 8, 8] / writers=[9]
OOO / Test #6 / 1439449710596 / readers=[39, 39, 39, 39, 39, 38, 38, 38, 38, 38] / writers=[39]
OOO / Test #65 / 1439449710596 / readers=[8, 8, 8, 7, 7, 7, 7, 7, 7, 7] / writers=[8]
OOO / Test #37 / 1439449710590 / readers=[10, 9, 10, 9, 9, 9, 9, 9, 9, 9] / writers=[10]
OOO / Test #90 / 1439449710590 / readers=[9, 9, 8, 8, 8, 8, 8, 8, 8, 8] / writers=[9]
OOO / Test #128 / 1439449710590 / readers=[7, 7, 7, 7, 6, 6, 6, 6, 6, 6] / writers=[7]
OOO / Test #151 / 1439449710590 / readers=[7, 7, 7, 7, 6, 6, 6, 6, 6, 6] / writers=[7]
OOO / Test #144 / 1439449710590 / readers=[6, 6, 6, 6, 6, 5, 5, 5, 5, 5] / writers=[6]
OOO / Test #9 / 1439449710590 / readers=[34, 34, 34, 34, 34, 34, 34, 34, 33, 34] / writers=[34]
OOO / Test #66 / 1439449710590 / readers=[6, 6, 6, 6, 6, 5, 5, 5, 5, 5] / writers=[6]
OOO / Test #114 / 1439449710590 / readers=[8, 8, 8, 7, 7, 7, 7, 7, 7, 7] / writers=[8]
OOO / Test #137 / 1439449710590 / readers=[6, 6, 6, 6, 6, 5, 5, 5, 5, 5] / writers=[6]
OOO / Test #9 / 1439449710811 / readers=[35, 35, 35, 35, 35, 35, 35, 35, 34, 34] / writers=[35]
OOO / Test #66 / 1439449710811 / readers=[7, 7, 7, 7, 6, 6, 6, 6, 6, 6] / writers=[7]
OOO / Test #75 / 1439449710590 / readers=[7, 7, 7, 7, 6, 6, 6, 6, 6, 6] / writers=[7]
OOO / Test #29 / 1439449710584 / readers=[12, 12, 13, 13, 13, 12, 13, 13, 13, 13] / writers=[13]
OOO / Test #116 / 1439449710584 / readers=[6, 5, 6, 6, 6, 6, 5, 5, 5, 5] / writers=[6]
OOO / Test #118 / 1439449710584 / readers=[6, 6, 6, 6, 6, 6, 5, 5, 5, 5] / writers=[6]
OOO / Test #85 / 1439449710584 / readers=[8, 8, 8, 7, 7, 7, 7, 7, 7, 7] / writers=[8]
OOO / Test #63 / 1439449710583 / readers=[6, 6, 6, 6, 6, 5, 5, 5, 5, 5] / writers=[6]
OOO / Test #116 / 1439449710817 / readers=[7, 6, 7, 7, 7, 6, 6, 6, 6, 6] / writers=[7]
OOO / Test #124 / 1439449710583 / readers=[7, 7, 7, 7, 6, 6, 6, 6, 6, 6] / writers=[7]
OOO / Test #125 / 1439449710583 / readers=[8, 8, 7, 7, 7, 7, 7, 7, 8, 7] / writers=[8]
OOO / Test #130 / 1439449710583 / readers=[7, 7, 7, 6, 7, 6, 6, 6, 6, 6] / writers=[7]
OOO / Test #116 / 1439449710817 / readers=[8, 7, 8, 8, 7, 7, 7, 7, 7, 7] / writers=[8]
OOO / Test #86 / 1439449710583 / readers=[8, 8, 8, 7, 7, 7, 7, 7, 7, 7] / writers=[8]
OOO / Test #125 / 1439449710817 / readers=[9, 9, 8, 8, 8, 8, 8, 8, 8, 8] / writers=[9]
OOO / Test #91 / 1439449710576 / readers=[6, 6, 6, 6, 6, 5, 5, 5, 5, 5] / writers=[6]
OOO / Test #76 / 1439449710576 / readers=[7, 7, 7, 7, 6, 6, 6, 6, 6, 6] / writers=[7]
OOO / Test #93 / 1439449710576 / readers=[6, 6, 6, 6, 6, 6, 5, 5, 5, 5] / writers=[6]
OOO / Test #96 / 1439449710576 / readers=[6, 6, 6, 6, 6, 5, 5, 5, 5, 5] / writers=[6]
OOO / Test #68 / 1439449710576 / readers=[7, 7, 6, 7, 7, 6, 6, 6, 6, 6] / writers=[7]
OOO / Test #88 / 1439449710576 / readers=[6, 6, 6, 6, 6, 5, 5, 5, 5, 5] / writers=[6]
OOO / Test #106 / 1439449710576 / readers=[7, 6, 7, 7, 6, 7, 6, 6, 6, 6] / writers=[7]
OOO / Test #135 / 1439449710576 / readers=[7, 7, 6, 7, 6, 7, 7, 6, 6, 6] / writers=[7]
OOO / Test #141 / 1439449710575 / readers=[9, 9, 8, 8, 8, 8, 8, 8, 8, 8] / writers=[9]
OOO / Test #88 / 1439449710822 / readers=[7, 7, 7, 6, 7, 6, 6, 6, 6, 6] / writers=[7]
OOO / Test #106 / 1439449710822 / readers=[8, 7, 8, 7, 7, 8, 7, 7, 7, 7] / writers=[8]
OOO / Test #117 / 1439449710569 / readers=[8, 9, 9, 8, 8, 8, 8, 8, 8, 8] / writers=[9]
OOO / Test #129 / 1439449710569 / readers=[7, 6, 7, 7, 6, 7, 7, 6, 6, 6] / writers=[7]
OOO / Test #77 / 1439449710569 / readers=[7, 7, 7, 7, 6, 6, 6, 6, 6, 6] / writers=[7]
OOO / Test #113 / 1439449710569 / readers=[7, 7, 7, 7, 6, 6, 6, 6, 6, 6] / writers=[7]
OOO / Test #87 / 1439449710569 / readers=[6, 6, 6, 6, 6, 5, 5, 5, 5, 5] / writers=[6]
OOO / Test #82 / 1439449710569 / readers=[6, 6, 6, 6, 6, 5, 5, 5, 5, 5] / writers=[6]
OOO / Test #78 / 1439449710569 / readers=[7, 7, 7, 7, 6, 6, 6, 6, 6, 6] / writers=[7]
OOO / Test #92 / 1439449710569 / readers=[8, 8, 8, 7, 7, 7, 7, 7, 7, 7] / writers=[8]
OOO / Test #67 / 1439449710569 / readers=[6, 6, 6, 6, 6, 5, 5, 5, 5, 5] / writers=[6]
OOO / Test #71 / 1439449710569 / readers=[6, 6, 6, 6, 6, 5, 5, 5, 5, 5] / writers=[6]
OOO / Test #74 / 1439449710561 / readers=[7, 7, 7, 6, 6, 7, 6, 6, 6, 6] / writers=[7]
OOO / Test #67 / 1439449710825 / readers=[7, 7, 7, 7, 6, 6, 6, 6, 6, 6] / writers=[7]
OOO / Test #69 / 1439449710561 / readers=[6, 6, 6, 6, 6, 6, 6, 6, 6, 6] / writers=[7]
OOO / Test #112 / 1439449710561 / readers=[7, 7, 7, 7, 6, 6, 6, 6, 6, 6] / writers=[7]
OOO / Test #134 / 1439449710561 / readers=[7, 8, 7, 7, 7, 7, 7, 7, 8, 7] / writers=[8]
OOO / Test #136 / 1439449710561 / readers=[9, 9, 8, 8, 8, 8, 8, 8, 8, 8] / writers=[9]
OOO / Test #81 / 1439449710561 / readers=[6, 6, 6, 6, 5, 5, 6, 5, 5, 5] / writers=[6]
OOO / Test #79 / 1439449710561 / readers=[6, 5, 6, 6, 6, 6, 5, 5, 5, 5] / writers=[6]
OOO / Test #134 / 1439449710828 / readers=[8, 9, 8, 8, 8, 8, 8, 8, 8, 8] / writers=[9]
OOO / Test #111 / 1439449710561 / readers=[8, 8, 8, 7, 7, 7, 7, 7, 7, 7] / writers=[8]
OOO / Test #132 / 1439449710561 / readers=[8, 8, 8, 7, 7, 7, 7, 7, 7, 7] / writers=[8]
OOO / Test #102 / 1439449710561 / readers=[7, 7, 7, 7, 6, 6, 6, 6, 6, 6] / writers=[7]
OOO / Test #111 / 1439449710829 / readers=[9, 9, 8, 8, 8, 8, 8, 8, 8, 8] / writers=[9]
OOO / Test #108 / 1439449710554 / readers=[8, 8, 8, 7, 7, 7, 7, 7, 7, 7] / writers=[8]
OOO / Test #89 / 1439449710554 / readers=[6, 6, 6, 6, 6, 5, 5, 5, 5, 5] / writers=[6]
OOO / Test #99 / 1439449710554 / readers=[6, 6, 5, 6, 6, 6, 5, 5, 5, 5] / writers=[6]
OOO / Test #108 / 1439449710832 / readers=[9, 9, 8, 8, 8, 8, 8, 8, 8, 8] / writers=[9]
OOO / Test #123 / 1439449710554 / readers=[6, 6, 6, 6, 5, 5, 5, 5, 6, 5] / writers=[6]
OOO / Test #104 / 1439449710554 / readers=[7, 7, 7, 7, 6, 6, 6, 6, 6, 6] / writers=[7]
OOO / Test #89 / 1439449710832 / readers=[7, 7, 7, 7, 6, 6, 6, 6, 6, 6] / writers=[7]
OOO / Test #119 / 1439449710554 / readers=[7, 7, 7, 7, 7, 6, 6, 6, 7, 7] / writers=[7]
OOO / Test #115 / 1439449710554 / readers=[7, 7, 7, 7, 6, 6, 6, 6, 6, 6] / writers=[7]
OOO / Test #89 / 1439449710832 / readers=[8, 8, 8, 7, 7, 7, 7, 7, 7, 7] / writers=[8]
OOO / Test #143 / 1439449710553 / readers=[6, 6, 6, 6, 6, 5, 5, 5, 5, 5] / writers=[6]
OOO / Test #120 / 1439449710553 / readers=[8, 8, 8, 7, 7, 7, 7, 7, 7, 7] / writers=[8]
OOO / Test #105 / 1439449710546 / readers=[6, 6, 6, 6, 6, 5, 5, 5, 5, 5] / writers=[6]
OOO / Test #107 / 1439449710546 / readers=[8, 8, 8, 7, 7, 7, 7, 7, 8, 7] / writers=[8]
OOO / Test #126 / 1439449710546 / readers=[7, 8, 8, 8, 7, 7, 7, 7, 7, 8] / writers=[8]
OOO / Test #140 / 1439449710546 / readers=[9, 9, 8, 8, 8, 8, 8, 8, 8, 8] / writers=[9]
OOO / Test #110 / 1439449710546 / readers=[7, 7, 7, 7, 6, 6, 6, 6, 7, 7] / writers=[7]
OOO / Test #107 / 1439449710835 / readers=[9, 9, 8, 8, 8, 8, 8, 8, 9, 8] / writers=[9]
OOO / Test #126 / 1439449710836 / readers=[8, 9, 9, 8, 8, 8, 8, 8, 8, 9] / writers=[9]
OOO / Test #138 / 1439449710546 / readers=[8, 8, 8, 7, 7, 7, 7, 7, 7, 7] / writers=[8]
OOO / Test #110 / 1439449710836 / readers=[8, 7, 8, 8, 7, 7, 7, 7, 8, 8] / writers=[8]
OOO / Test #70 / 1439449710546 / readers=[7, 7, 7, 7, 6, 6, 6, 6, 6, 6] / writers=[7]
OOO / Test #126 / 1439449710836 / readers=[9, 10, 9, 9, 9, 9, 9, 9, 9, 10] / writers=[10]
OOO / Test #83 / 1439449710546 / readers=[8, 8, 7, 8, 7, 7, 7, 7, 7, 7] / writers=[8]
OOO / Test #131 / 1439449710546 / readers=[7, 6, 7, 7, 7, 6, 6, 6, 6, 6] / writers=[7]
OOO / Test #142 / 1439449710546 / readers=[6, 7, 7, 7, 6, 6, 6, 6, 6, 6] / writers=[7]
OOO / Test #103 / 1439449710539 / readers=[7, 7, 7, 7, 6, 6, 6, 6, 6, 6] / writers=[7]
OOO / Test #121 / 1439449710539 / readers=[8, 8, 8, 8, 7, 7, 7, 8, 8, 8] / writers=[8]
OOO / Test #142 / 1439449710838 / readers=[7, 8, 8, 7, 7, 7, 7, 7, 7, 7] / writers=[8]
OOO / Test #1 / 1439449710539 / readers=[10, 9, 9, 9, 9, 10, 9, 9, 9, 9] / writers=[10]
OOO / Test #5 / 1439449710539 / readers=[32, 32, 32, 33, 32, 32, 32, 32, 32, 32] / writers=[33]
OOO / Test #103 / 1439449710838 / readers=[8, 8, 8, 7, 7, 7, 7, 7, 7, 7] / writers=[8]
OOO / Test #25 / 1439449710539 / readers=[19, 19, 19, 19, 19, 19, 19, 20, 19, 20] / writers=[20]
OOO / Test #72 / 1439449710539 / readers=[6, 5, 6, 6, 6, 6, 6, 5, 5, 5] / writers=[6]
OOO / Test #5 / 1439449710839 / readers=[33, 33, 33, 33, 33, 33, 33, 33, 33, 33] / writers=[34]
OOO / Test #103 / 1439449710839 / readers=[9, 9, 8, 8, 8, 8, 8, 8, 8, 8] / writers=[9]
OOO / Test #98 / 1439449710539 / readers=[8, 8, 8, 7, 7, 7, 7, 7, 7, 7] / writers=[8]
OOO / Test #94 / 1439449710539 / readers=[4, 4, 5, 5, 5, 4, 4, 4, 4, 4] / writers=[5]
OOO / Test #103 / 1439449710842 / readers=[10, 9, 9, 9, 9, 9, 9, 9, 9, 9] / writers=[10]
OOO / Test #5 / 1439449710839 / readers=[36, 36, 36, 36, 36, 36, 36, 36, 35, 36] / writers=[36]
OOO / Test #72 / 1439449710839 / readers=[7, 6, 7, 7, 7, 6, 7, 6, 6, 6] / writers=[7]
OOO / Test #94 / 1439449710842 / readers=[5, 5, 6, 6, 5, 5, 5, 5, 5, 5] / writers=[6]
OOO / Test #103 / 1439449710842 / readers=[10, 10, 10, 10, 10, 10, 10, 10, 10, 10] / writers=[11]
OOO / Test #5 / 1439449710842 / readers=[37, 37, 37, 37, 37, 37, 37, 36, 36, 37] / writers=[37]
OOO / Test #25 / 1439449710839 / readers=[20, 20, 20, 20, 20, 20, 20, 20, 20, 21] / writers=[21]
OOO / Test #1 / 1439449710838 / readers=[10, 10, 10, 10, 10, 11, 10, 10, 10, 10] / writers=[11]
OOO / Test #103 / 1439449710842 / readers=[13, 13, 13, 13, 13, 13, 13, 13, 13, 12] / writers=[13]
OOO / Test #121 / 1439449710838 / readers=[9, 9, 9, 8, 8, 8, 8, 9, 9, 9] / writers=[9]
OOO / Test #142 / 1439449710838 / readers=[8, 9, 8, 8, 8, 8, 8, 8, 8, 8] / writers=[9]
OOO / Test #131 / 1439449710838 / readers=[8, 7, 8, 8, 7, 7, 7, 7, 7, 7] / writers=[8]
OOO / Test #83 / 1439449710836 / readers=[9, 9, 8, 8, 8, 8, 8, 8, 8, 8] / writers=[9]
OOO / Test #126 / 1439449710836 / readers=[10, 10, 10, 10, 10, 10, 10, 10, 10, 11] / writers=[11]
OOO / Test #70 / 1439449710836 / readers=[8, 8, 8, 7, 7, 7, 7, 7, 7, 7] / writers=[8]
OOO / Test #110 / 1439449710836 / readers=[9, 8, 9, 9, 8, 8, 8, 8, 8, 9] / writers=[9]
OOO / Test #83 / 1439449710845 / readers=[10, 9, 9, 9, 9, 9, 9, 9, 9, 9] / writers=[10]
OOO / Test #138 / 1439449710836 / readers=[9, 8, 9, 8, 8, 8, 8, 8, 8, 8] / writers=[9]
OOO / Test #107 / 1439449710836 / readers=[10, 10, 9, 9, 9, 9, 9, 9, 9, 9] / writers=[10]
OOO / Test #140 / 1439449710836 / readers=[10, 9, 9, 9, 9, 9, 9, 9, 9, 9] / writers=[10]
OOO / Test #105 / 1439449710835 / readers=[7, 7, 7, 7, 6, 6, 6, 6, 6, 6] / writers=[7]
OOO / Test #120 / 1439449710832 / readers=[9, 9, 8, 8, 8, 8, 8, 8, 8, 8] / writers=[9]
OOO / Test #143 / 1439449710832 / readers=[6, 7, 7, 7, 7, 6, 6, 6, 6, 6] / writers=[7]
OOO / Test #89 / 1439449710832 / readers=[9, 9, 8, 8, 8, 8, 8, 8, 8, 8] / writers=[9]
OOO / Test #140 / 1439449710849 / readers=[11, 12, 12, 12, 12, 12, 12, 12, 12, 12] / writers=[12]
OOO / Test #115 / 1439449710832 / readers=[8, 8, 8, 7, 7, 7, 7, 7, 7, 7] / writers=[8]
OOO / Test #119 / 1439449710832 / readers=[8, 8, 8, 8, 7, 7, 7, 7, 8, 8] / writers=[8]
OOO / Test #104 / 1439449710832 / readers=[8, 8, 8, 7, 7, 7, 7, 7, 7, 7] / writers=[8]
OOO / Test #123 / 1439449710832 / readers=[7, 7, 7, 6, 6, 6, 6, 6, 7, 6] / writers=[7]
OOO / Test #108 / 1439449710832 / readers=[10, 9, 9, 9, 9, 9, 9, 9, 9, 9] / writers=[10]
OOO / Test #99 / 1439449710832 / readers=[7, 7, 6, 7, 7, 6, 6, 6, 6, 6] / writers=[7]
OOO / Test #104 / 1439449710849 / readers=[9, 9, 8, 8, 8, 8, 8, 8, 8, 8] / writers=[9]
OOO / Test #111 / 1439449710829 / readers=[10, 9, 9, 9, 9, 9, 9, 9, 9, 9] / writers=[10]
OOO / Test #102 / 1439449710829 / readers=[8, 8, 8, 7, 7, 7, 7, 7, 7, 7] / writers=[8]
OOO / Test #132 / 1439449710829 / readers=[9, 9, 8, 8, 8, 8, 8, 8, 8, 8] / writers=[9]
OOO / Test #134 / 1439449710829 / readers=[9, 9, 9, 9, 9, 9, 9, 9, 9, 9] / writers=[10]
OOO / Test #79 / 1439449710828 / readers=[7, 6, 7, 7, 7, 6, 6, 6, 6, 6] / writers=[7]
OOO / Test #81 / 1439449710828 / readers=[7, 7, 7, 6, 6, 6, 7, 6, 6, 6] / writers=[7]
OOO / Test #136 / 1439449710828 / readers=[10, 9, 9, 9, 9, 9, 9, 9, 9, 9] / writers=[10]
OOO / Test #69 / 1439449710828 / readers=[9, 9, 9, 8, 9, 9, 9, 9, 9, 9] / writers=[9]
OOO / Test #112 / 1439449710828 / readers=[8, 8, 8, 7, 7, 7, 7, 7, 7, 7] / writers=[8]
OOO / Test #67 / 1439449710825 / readers=[8, 8, 8, 7, 7, 7, 7, 7, 7, 7] / writers=[8]
OOO / Test #74 / 1439449710825 / readers=[8, 8, 7, 7, 7, 8, 7, 8, 7, 7] / writers=[8]
OOO / Test #71 / 1439449710825 / readers=[7, 7, 7, 7, 6, 6, 6, 6, 6, 6] / writers=[7]
OOO / Test #92 / 1439449710825 / readers=[9, 9, 8, 8, 8, 8, 8, 8, 8, 8] / writers=[9]
OOO / Test #78 / 1439449710825 / readers=[8, 8, 8, 7, 7, 7, 7, 7, 7, 7] / writers=[8]
OOO / Test #82 / 1439449710825 / readers=[7, 7, 7, 7, 6, 6, 6, 6, 6, 6] / writers=[7]
OOO / Test #87 / 1439449710825 / readers=[7, 6, 7, 7, 7, 6, 6, 6, 6, 6] / writers=[7]
OOO / Test #113 / 1439449710825 / readers=[8, 8, 8, 7, 7, 7, 7, 7, 7, 7] / writers=[8]
OOO / Test #77 / 1439449710825 / readers=[7, 8, 8, 8, 7, 7, 7, 7, 7, 7] / writers=[8]
OOO / Test #129 / 1439449710825 / readers=[8, 7, 8, 8, 7, 8, 7, 7, 7, 7] / writers=[8]
OOO / Test #117 / 1439449710825 / readers=[9, 10, 9, 9, 9, 9, 9, 9, 9, 9] / writers=[10]
OOO / Test #106 / 1439449710822 / readers=[9, 8, 9, 8, 8, 8, 8, 8, 8, 8] / writers=[9]
OOO / Test #88 / 1439449710822 / readers=[8, 8, 7, 7, 8, 7, 7, 7, 7, 7] / writers=[8]
OOO / Test #77 / 1439449710855 / readers=[8, 9, 9, 8, 8, 8, 8, 8, 8, 8] / writers=[9]
OOO / Test #141 / 1439449710822 / readers=[10, 9, 9, 9, 9, 9, 9, 9, 9, 9] / writers=[10]
OOO / Test #135 / 1439449710822 / readers=[8, 8, 7, 8, 7, 8, 7, 7, 7, 7] / writers=[8]
OOO / Test #68 / 1439449710822 / readers=[8, 8, 7, 8, 7, 7, 7, 7, 7, 7] / writers=[8]
OOO / Test #96 / 1439449710822 / readers=[7, 7, 7, 7, 6, 6, 6, 6, 6, 6] / writers=[7]
OOO / Test #77 / 1439449710858 / readers=[9, 10, 9, 9, 9, 9, 9, 9, 9, 9] / writers=[10]
OOO / Test #93 / 1439449710822 / readers=[7, 7, 7, 7, 7, 6, 6, 6, 6, 6] / writers=[7]
OOO / Test #76 / 1439449710822 / readers=[8, 8, 8, 7, 7, 7, 7, 7, 7, 7] / writers=[8]
OOO / Test #91 / 1439449710822 / readers=[7, 7, 7, 6, 7, 6, 6, 6, 6, 6] / writers=[7]
OOO / Test #125 / 1439449710822 / readers=[10, 9, 9, 9, 9, 9, 9, 9, 9, 9] / writers=[10]
OOO / Test #141 / 1439449710858 / readers=[10, 10, 10, 10, 10, 10, 10, 10, 10, 10] / writers=[11]
OOO / Test #86 / 1439449710818 / readers=[9, 9, 8, 8, 8, 8, 8, 8, 8, 8] / writers=[9]
OOO / Test #76 / 1439449710858 / readers=[9, 9, 8, 8, 8, 8, 8, 8, 8, 8] / writers=[9]
OOO / Test #116 / 1439449710817 / readers=[9, 8, 9, 8, 8, 8, 8, 8, 8, 8] / writers=[9]
OOO / Test #130 / 1439449710817 / readers=[8, 8, 8, 7, 7, 7, 7, 7, 7, 7] / writers=[8]
OOO / Test #124 / 1439449710817 / readers=[8, 8, 8, 7, 7, 7, 7, 7, 7, 7] / writers=[8]
OOO / Test #63 / 1439449710817 / readers=[7, 7, 7, 6, 7, 6, 6, 6, 6, 6] / writers=[7]
OOO / Test #116 / 1439449710861 / readers=[10, 9, 9, 9, 9, 9, 9, 9, 9, 9] / writers=[10]
OOO / Test #85 / 1439449710817 / readers=[9, 9, 8, 8, 8, 8, 8, 8, 8, 8] / writers=[9]
OOO / Test #124 / 1439449710861 / readers=[9, 9, 8, 8, 8, 8, 8, 8, 8, 8] / writers=[9]
OOO / Test #118 / 1439449710817 / readers=[7, 7, 7, 7, 7, 6, 6, 6, 6, 6] / writers=[7]
OOO / Test #29 / 1439449710817 / readers=[13, 13, 14, 14, 14, 13, 14, 13, 14, 14] / writers=[14]
OOO / Test #85 / 1439449710861 / readers=[9, 10, 9, 9, 9, 9, 9, 9, 9, 9] / writers=[10]
OOO / Test #75 / 1439449710811 / readers=[8, 8, 8, 7, 7, 7, 7, 7, 7, 7] / writers=[8]
OOO / Test #66 / 1439449710811 / readers=[8, 8, 8, 7, 7, 7, 7, 7, 7, 7] / writers=[8]
OOO / Test #9 / 1439449710811 / readers=[35, 36, 36, 36, 36, 36, 36, 36, 35, 35] / writers=[36]
OOO / Test #137 / 1439449710811 / readers=[7, 7, 7, 7, 6, 6, 6, 6, 6, 6] / writers=[7]
OOO / Test #114 / 1439449710811 / readers=[9, 9, 8, 8, 8, 8, 8, 8, 8, 8] / writers=[9]
OOO / Test #75 / 1439449710864 / readers=[9, 9, 8, 8, 8, 8, 8, 8, 8, 8] / writers=[9]
OOO / Test #144 / 1439449710811 / readers=[7, 7, 7, 7, 6, 6, 6, 6, 6, 6] / writers=[7]
OOO / Test #151 / 1439449710811 / readers=[8, 8, 8, 7, 7, 7, 7, 7, 7, 7] / writers=[8]
OOO / Test #114 / 1439449710864 / readers=[10, 9, 9, 9, 9, 9, 9, 9, 9, 9] / writers=[10]
OOO / Test #128 / 1439449710811 / readers=[8, 8, 8, 7, 7, 7, 7, 7, 7, 7] / writers=[8]
OOO / Test #90 / 1439449710811 / readers=[9, 10, 9, 9, 9, 9, 9, 9, 9, 9] / writers=[10]
OOO / Test #37 / 1439449710811 / readers=[11, 10, 10, 10, 10, 10, 10, 10, 10, 10] / writers=[11]
OOO / Test #65 / 1439449710804 / readers=[9, 8, 9, 8, 8, 8, 8, 8, 8, 8] / writers=[9]
OOO / Test #6 / 1439449710804 / readers=[39, 40, 40, 40, 40, 39, 39, 39, 39, 39] / writers=[40]
OOO / Test #8 / 1439449710804 / readers=[33, 33, 33, 33, 33, 33, 33, 33, 33, 34] / writers=[34]
OOO / Test #122 / 1439449710804 / readers=[10, 9, 9, 9, 9, 9, 9, 9, 9, 9] / writers=[10]
OOO / Test #101 / 1439449710804 / readers=[7, 7, 7, 7, 7, 7, 7, 7, 7, 7] / writers=[8]
OOO / Test #65 / 1439449710868 / readers=[10, 9, 9, 9, 9, 9, 9, 9, 9, 9] / writers=[10]
OOO / Test #10 / 1439449710804 / readers=[17, 17, 17, 17, 17, 16, 16, 16, 16, 17] / writers=[17]
OOO / Test #16 / 1439449710803 / readers=[21, 21, 21, 21, 21, 21, 21, 21, 21, 21] / writers=[22]
OOO / Test #48 / 1439449710803 / readers=[10, 10, 10, 10, 10, 10, 10, 10, 10, 10] / writers=[11]
OOO / Test #17 / 1439449710803 / readers=[24, 24, 24, 24, 24, 24, 24, 24, 24, 25] / writers=[25]
OOO / Test #80 / 1439449710792 / readers=[8, 8, 8, 7, 7, 7, 7, 7, 7, 7] / writers=[8]
OOO / Test #109 / 1439449710792 / readers=[10, 9, 9, 9, 9, 9, 9, 9, 9, 9] / writers=[10]
OOO / Test #139 / 1439449710792 / readers=[7, 7, 7, 8, 8, 7, 8, 7, 7, 7] / writers=[8]
OOO / Test #24 / 1439449710792 / readers=[13, 13, 14, 14, 14, 14, 14, 13, 13, 14] / writers=[14]
OOO / Test #127 / 1439449710792 / readers=[8, 8, 7, 7, 7, 7, 8, 7, 8, 7] / writers=[8]
OOO / Test #73 / 1439449710792 / readers=[9, 9, 8, 8, 8, 8, 9, 9, 9, 9] / writers=[9]
OOO / Test #84 / 1439449710792 / readers=[8, 8, 8, 8, 7, 7, 7, 7, 7, 7] / writers=[8]
OOO / Test #21 / 1439449710785 / readers=[29, 29, 29, 28, 28, 29, 28, 29, 28, 28] / writers=[29]
OOO / Test #24 / 1439449710872 / readers=[14, 14, 15, 15, 15, 15, 14, 14, 14, 15] / writers=[15]
OOO / Test #149 / 1439449710785 / readers=[7, 7, 7, 7, 7, 6, 6, 6, 6, 6] / writers=[7]
OOO / Test #73 / 1439449710872 / readers=[10, 9, 9, 9, 9, 9, 10, 10, 10, 10] / writers=[10]
OOO / Test #52 / 1439449710784 / readers=[13, 13, 13, 13, 13, 13, 13, 13, 13, 12] / writers=[13]
OOO / Test #133 / 1439449710784 / readers=[7, 7, 7, 7, 7, 6, 6, 6, 6, 7] / writers=[7]
OOO / Test #19 / 1439449710784 / readers=[16, 16, 16, 16, 16, 16, 16, 16, 16, 17] / writers=[17]
OOO / Test #154 / 1439449710784 / readers=[7, 7, 7, 7, 6, 6, 6, 6, 6, 6] / writers=[7]
OOO / Test #57 / 1439449710784 / readers=[10, 10, 10, 10, 10, 10, 10, 10, 10, 10] / writers=[11]
OOO / Test #38 / 1439449710784 / readers=[14, 14, 14, 14, 14, 14, 14, 13, 14, 13] / writers=[14]
OOO / Test #42 / 1439449710777 / readers=[10, 10, 10, 10, 10, 10, 10, 10, 10, 10] / writers=[11]
OOO / Test #32 / 1439449710777 / readers=[12, 11, 12, 12, 12, 12, 12, 12, 12, 12] / writers=[12]
OOO / Test #155 / 1439449710777 / readers=[9, 9, 9, 8, 8, 8, 8, 8, 9, 9] / writers=[9]
OOO / Test #57 / 1439449710875 / readers=[13, 13, 13, 13, 13, 13, 13, 13, 13, 12] / writers=[13]
OOO / Test #56 / 1439449710777 / readers=[15, 15, 14, 14, 15, 15, 15, 15, 15, 14] / writers=[15]
OOO / Test #58 / 1439449710777 / readers=[10, 10, 10, 10, 10, 10, 10, 10, 10, 10] / writers=[11]
OOO / Test #41 / 1439449710777 / readers=[11, 11, 11, 11, 10, 11, 11, 11, 11, 11] / writers=[11]
OOO / Test #33 / 1439449710777 / readers=[9, 9, 8, 8, 8, 8, 8, 8, 8, 8] / writers=[9]
OOO / Test #145 / 1439449710777 / readers=[8, 8, 8, 8, 8, 8, 7, 7, 8, 7] / writers=[8]
OOO / Test #34 / 1439449710777 / readers=[10, 10, 10, 10, 10, 10, 10, 10, 10, 10] / writers=[11]
OOO / Test #45 / 1439449710777 / readers=[15, 14, 14, 14, 14, 14, 14, 15, 14, 14] / writers=[15]
OOO / Test #46 / 1439449710777 / readers=[10, 10, 11, 11, 11, 11, 11, 11, 11, 11] / writers=[11]
OOO / Test #12 / 1439449710770 / readers=[35, 35, 35, 35, 35, 35, 35, 35, 35, 34] / writers=[35]
OOO / Test #198 / 1439449710770 / readers=[8, 8, 8, 8, 7, 7, 8, 7, 7, 7] / writers=[8]
OOO / Test #23 / 1439449710770 / readers=[13, 13, 13, 13, 13, 13, 13, 13, 12, 12] / writers=[13]
OOO / Test #146 / 1439449710770 / readers=[8, 8, 8, 7, 8, 7, 7, 7, 7, 7] / writers=[8]
OOO / Test #4 / 1439449710770 / readers=[38, 38, 38, 38, 38, 38, 37, 37, 37, 38] / writers=[38]
OOO / Test #35 / 1439449710770 / readers=[13, 13, 14, 14, 14, 14, 14, 14, 13, 14] / writers=[14]
OOO / Test #14 / 1439449710770 / readers=[39, 40, 40, 40, 40, 40, 39, 40, 40, 40] / writers=[40]
OOO / Test #26 / 1439449710770 / readers=[10, 10, 10, 10, 10, 11, 10, 10, 11, 11] / writers=[11]
OOO / Test #59 / 1439449710770 / readers=[8, 7, 7, 7, 7, 7, 7, 7, 7, 7] / writers=[8]
OOO / Test #157 / 1439449710762 / readers=[8, 8, 7, 8, 7, 7, 7, 7, 7, 7] / writers=[8]
OOO / Test #51 / 1439449710762 / readers=[12, 12, 11, 11, 11, 12, 12, 12, 12, 12] / writers=[12]
OOO / Test #39 / 1439449710762 / readers=[15, 15, 15, 15, 15, 15, 14, 14, 15, 15] / writers=[15]
OOO / Test #22 / 1439449710762 / readers=[12, 13, 13, 13, 13, 13, 13, 13, 12, 13] / writers=[13]
OOO / Test #167 / 1439449710762 / readers=[10, 9, 9, 9, 9, 9, 9, 9, 9, 9] / writers=[10]
OOO / Test #55 / 1439449710762 / readers=[10, 10, 10, 10, 10, 10, 10, 10, 10, 10] / writers=[11]
OOO / Test #39 / 1439449710883 / readers=[16, 16, 16, 16, 16, 16, 15, 15, 15, 16] / writers=[16]
OOO / Test #18 / 1439449710762 / readers=[19, 20, 20, 19, 19, 19, 19, 19, 19, 19] / writers=[20]
OOO / Test #49 / 1439449710762 / readers=[11, 11, 11, 12, 12, 12, 12, 12, 12, 12] / writers=[12]
OOO / Test #147 / 1439449710762 / readers=[7, 7, 7, 7, 7, 7, 6, 7, 7, 7] / writers=[7]
OOO / Test #62 / 1439449710762 / readers=[9, 9, 9, 9, 9, 9, 9, 9, 9, 9] / writers=[10]
OOO / Test #148 / 1439449710749 / readers=[7, 8, 8, 7, 7, 8, 7, 7, 7, 8] / writers=[8]
OOO / Test #49 / 1439449710887 / readers=[12, 12, 12, 13, 13, 13, 13, 13, 13, 12] / writers=[13]
OOO / Test #36 / 1439449710749 / readers=[9, 10, 10, 9, 9, 9, 9, 10, 10, 10] / writers=[10]
OOO / Test #64 / 1439449710749 / readers=[8, 8, 8, 7, 7, 7, 7, 7, 7, 7] / writers=[8]
OOO / Test #97 / 1439449710749 / readers=[7, 7, 8, 7, 8, 8, 7, 7, 7, 7] / writers=[8]
OOO / Test #44 / 1439449710749 / readers=[11, 10, 10, 10, 10, 10, 10, 10, 10, 10] / writers=[11]
OOO / Test #28 / 1439449710749 / readers=[12, 13, 12, 13, 13, 13, 13, 13, 12, 13] / writers=[13]
OOO / Test #40 / 1439449710749 / readers=[10, 10, 11, 10, 10, 10, 11, 11, 10, 10] / writers=[11]
OOO / Test #61 / 1439449710749 / readers=[8, 8, 8, 8, 8, 8, 8, 8, 8, 9] / writers=[9]
OOO / Test #27 / 1439449710749 / readers=[10, 10, 10, 10, 10, 10, 10, 10, 11, 11] / writers=[11]
OOO / Test #162 / 1439449710743 / readers=[7, 8, 8, 7, 8, 7, 7, 7, 7, 7] / writers=[8]
OOO / Test #30 / 1439449710743 / readers=[10, 10, 10, 9, 9, 9, 10, 9, 10, 10] / writers=[10]
OOO / Test #153 / 1439449710743 / readers=[10, 9, 9, 9, 9, 9, 9, 9, 9, 9] / writers=[10]
OOO / Test #27 / 1439449710891 / readers=[11, 11, 11, 11, 11, 11, 11, 11, 12, 11] / writers=[12]
OOO / Test #164 / 1439449710743 / readers=[7, 7, 7, 6, 7, 6, 6, 6, 6, 6] / writers=[7]
OOO / Test #153 / 1439449710891 / readers=[10, 10, 10, 10, 10, 10, 10, 10, 10, 10] / writers=[11]
OOO / Test #180 / 1439449710743 / readers=[8, 8, 7, 7, 7, 7, 7, 7, 7, 8] / writers=[8]
OOO / Test #100 / 1439449710743 / readers=[9, 10, 9, 9, 9, 9, 9, 9, 9, 9] / writers=[10]
OOO / Test #152 / 1439449710743 / readers=[7, 7, 7, 7, 6, 6, 6, 6, 6, 6] / writers=[7]
OOO / Test #31 / 1439449710743 / readers=[11, 11, 11, 11, 12, 11, 11, 12, 12, 12] / writers=[12]
OOO / Test #100 / 1439449710894 / readers=[10, 10, 10, 10, 10, 10, 10, 10, 10, 10] / writers=[11]
OOO / Test #54 / 1439449710743 / readers=[12, 13, 12, 12, 12, 13, 12, 13, 12, 12] / writers=[13]
OOO / Test #60 / 1439449710732 / readers=[11, 11, 11, 11, 11, 11, 11, 11, 11, 10] / writers=[11]
OOO / Test #95 / 1439449710732 / readers=[9, 9, 9, 8, 9, 9, 8, 8, 9, 9] / writers=[9]
OOO / Test #150 / 1439449710732 / readers=[8, 8, 8, 7, 7, 7, 7, 7, 7, 7] / writers=[8]
OOO / Test #54 / 1439449710894 / readers=[13, 14, 13, 13, 13, 14, 13, 13, 13, 13] / writers=[14]
OOO / Test #60 / 1439449710894 / readers=[11, 12, 12, 12, 12, 12, 12, 12, 12, 11] / writers=[12]
OOO / Test #20 / 1439449710732 / readers=[15, 15, 14, 15, 15, 15, 15, 15, 15, 15] / writers=[15]
OOO / Test #150 / 1439449710895 / readers=[9, 9, 8, 8, 8, 8, 8, 8, 8, 8] / writers=[9]
OOO / Test #178 / 1439449710732 / readers=[11, 10, 10, 11, 11, 11, 11, 11, 11, 11] / writers=[11]
OOO / Test #15 / 1439449710732 / readers=[27, 27, 27, 28, 28, 27, 27, 27, 27, 27] / writers=[28]
OOO / Test #43 / 1439449710732 / readers=[10, 11, 10, 10, 11, 11, 10, 10, 10, 10] / writers=[11]
OOO / Test #192 / 1439449710732 / readers=[13, 13, 13, 13, 13, 13, 13, 13, 12, 13] / writers=[13]
OOO / Test #160 / 1439449710732 / readers=[9, 9, 8, 8, 8, 8, 8, 8, 8, 8] / writers=[9]
OOO / Test #161 / 1439449710725 / readers=[7, 7, 7, 6, 6, 6, 7, 6, 6, 6] / writers=[7]
OOO / Test #163 / 1439449710725 / readers=[8, 8, 8, 7, 7, 7, 7, 7, 7, 7] / writers=[8]
OOO / Test #13 / 1439449710725 / readers=[30, 30, 30, 30, 30, 31, 31, 30, 30, 30] / writers=[31]
OOO / Test #181 / 1439449710725 / readers=[8, 8, 7, 7, 7, 7, 8, 7, 7, 7] / writers=[8]
OOO / Test #161 / 1439449710898 / readers=[8, 8, 7, 7, 7, 7, 8, 7, 7, 7] / writers=[8]
OOO / Test #163 / 1439449710898 / readers=[9, 9, 8, 8, 8, 8, 8, 8, 8, 8] / writers=[9]
OOO / Test #156 / 1439449710725 / readers=[7, 7, 7, 7, 7, 6, 6, 6, 6, 6] / writers=[7]
OOO / Test #190 / 1439449710725 / readers=[7, 8, 8, 8, 7, 7, 7, 7, 7, 7] / writers=[8]
OOO / Test #166 / 1439449710725 / readers=[7, 7, 7, 7, 7, 7, 7, 7, 7, 7] / writers=[8]
OOO / Test #158 / 1439449710716 / readers=[7, 8, 8, 7, 7, 7, 7, 7, 7, 7] / writers=[8]
OOO / Test #173 / 1439449710716 / readers=[8, 8, 7, 8, 7, 7, 7, 7, 7, 7] / writers=[8]
OOO / Test #190 / 1439449710901 / readers=[8, 9, 9, 8, 8, 8, 8, 8, 8, 8] / writers=[9]
OOO / Test #182 / 1439449710716 / readers=[8, 8, 8, 7, 7, 7, 7, 7, 7, 7] / writers=[8]
OOO / Test #177 / 1439449710716 / readers=[7, 7, 7, 7, 6, 6, 6, 6, 6, 6] / writers=[7]
OOO / Test #168 / 1439449710716 / readers=[8, 8, 8, 7, 7, 7, 7, 7, 7, 7] / writers=[8]
OOO / Test #173 / 1439449710902 / readers=[9, 9, 8, 8, 8, 8, 8, 8, 8, 8] / writers=[9]
OOO / Test #7 / 1439449710716 / readers=[18, 19, 19, 19, 18, 18, 18, 18, 18, 18] / writers=[19]
OOO / Test #176 / 1439449710716 / readers=[7, 7, 7, 6, 6, 6, 6, 6, 7, 6] / writers=[7]
OOO / Test #196 / 1439449710716 / readers=[6, 6, 6, 6, 6, 5, 5, 5, 5, 5] / writers=[6]
OOO / Test #191 / 1439449710710 / readers=[6, 6, 6, 5, 6, 6, 5, 5, 5, 5] / writers=[6]
OOO / Test #171 / 1439449710710 / readers=[6, 6, 6, 6, 6, 6, 5, 5, 5, 5] / writers=[6]
OOO / Test #169 / 1439449710710 / readers=[6, 6, 6, 6, 5, 6, 5, 5, 5, 5] / writers=[6]
OOO / Test #174 / 1439449710710 / readers=[6, 6, 6, 6, 6, 5, 5, 5, 5, 5] / writers=[6]
OOO / Test #200 / 1439449710710 / readers=[6, 6, 6, 6, 6, 5, 5, 5, 5, 5] / writers=[6]
OOO / Test #187 / 1439449710709 / readers=[6, 6, 6, 6, 6, 5, 5, 5, 5, 5] / writers=[6]
OOO / Test #170 / 1439449710709 / readers=[7, 7, 7, 7, 6, 6, 6, 6, 6, 6] / writers=[7]
OOO / Test #197 / 1439449710709 / readers=[6, 6, 6, 6, 6, 5, 5, 5, 5, 5] / writers=[6]
OOO / Test #193 / 1439449710709 / readers=[6, 6, 6, 6, 6, 5, 5, 5, 5, 5] / writers=[6]
OOO / Test #187 / 1439449710905 / readers=[7, 7, 7, 7, 6, 6, 6, 6, 6, 6] / writers=[7]
OOO / Test #165 / 1439449710709 / readers=[5, 5, 5, 5, 5, 4, 4, 4, 4, 4] / writers=[5]
OOO / Test #186 / 1439449710709 / readers=[7, 7, 7, 7, 6, 6, 6, 6, 6, 6] / writers=[7]
OOO / Test #194 / 1439449710703 / readers=[8, 8, 8, 7, 7, 7, 7, 7, 7, 7] / writers=[8]
OOO / Test #187 / 1439449710909 / readers=[8, 8, 8, 7, 7, 7, 7, 7, 7, 7] / writers=[8]
OOO / Test #199 / 1439449710703 / readers=[9, 9, 8, 8, 9, 9, 9, 9, 9, 9] / writers=[9]
OOO / Test #179 / 1439449710703 / readers=[8, 8, 8, 7, 7, 7, 7, 7, 7, 7] / writers=[8]
OOO / Test #184 / 1439449710703 / readers=[6, 6, 6, 6, 6, 5, 5, 5, 5, 5] / writers=[6]
OOO / Test #159 / 1439449710703 / readers=[8, 8, 8, 7, 7, 7, 8, 7, 7, 7] / writers=[8]
OOO / Test #199 / 1439449710909 / readers=[10, 9, 9, 9, 10, 10, 10, 10, 10, 10] / writers=[10]
OOO / Test #185 / 1439449710703 / readers=[8, 8, 8, 7, 7, 7, 7, 7, 7, 7] / writers=[8]
OOO / Test #179 / 1439449710909 / readers=[9, 9, 8, 8, 8, 8, 8, 8, 8, 8] / writers=[9]
OOO / Test #195 / 1439449710703 / readers=[7, 7, 7, 7, 6, 6, 6, 6, 6, 6] / writers=[7]
OOO / Test #188 / 1439449710703 / readers=[6, 6, 6, 6, 6, 5, 5, 5, 5, 5] / writers=[6]
OOO / Test #11 / 1439449710703 / readers=[35, 34, 35, 34, 35, 35, 35, 35, 35, 34] / writers=[35]
OOO / Test #183 / 1439449710695 / readers=[7, 7, 7, 6, 7, 6, 6, 6, 6, 6] / writers=[7]
OOO / Test #50 / 1439449710695 / readers=[11, 11, 11, 11, 11, 11, 11, 11, 11, 11] / writers=[12]
OOO / Test #3 / 1439449710695 / readers=[32, 32, 32, 33, 33, 33, 33, 33, 33, 33] / writers=[33]
OOO / Test #183 / 1439449710914 / readers=[8, 8, 8, 7, 7, 7, 7, 7, 7, 7] / writers=[8]
OOO / Test #175 / 1439449710695 / readers=[8, 8, 8, 8, 7, 8, 8, 8, 8, 8] / writers=[8]
OOO / Test #172 / 1439449710695 / readers=[8, 8, 8, 7, 7, 7, 7, 7, 7, 7] / writers=[8]
OOO / Test #3 / 1439449710914 / readers=[33, 33, 33, 33, 34, 34, 34, 34, 34, 34] / writers=[34]
OOO / Test #47 / 1439449710695 / readers=[11, 10, 10, 10, 10, 10, 11, 10, 10, 10] / writers=[11]
OOO / Test #175 / 1439449710914 / readers=[9, 9, 9, 8, 8, 9, 9, 9, 9, 9] / writers=[9]
OOO / Test #2 / 1439449710695 / readers=[19, 18, 19, 19, 19, 19, 18, 18, 18, 18] / writers=[19]
OOO / Test #189 / 1439449710695 / readers=[5, 5, 5, 5, 5, 5, 4, 4, 4, 4] / writers=[5]
OOO / Test #53 / 1439449710695 / readers=[7, 6, 7, 7, 6, 6, 7, 7, 6, 7] / writers=[7]
OOO / Test #2 / 1439449710917 / readers=[20, 19, 20, 20, 20, 19, 19, 19, 19, 19] / writers=[20]
OOO / Test #189 / 1439449710917 / readers=[6, 6, 6, 6, 6, 5, 5, 5, 5, 5] / writers=[6]
OOO / Test #175 / 1439449710917 / readers=[10, 10, 9, 9, 9, 10, 10, 10, 10, 10] / writers=[10]
OOO / Test #47 / 1439449710914 / readers=[11, 11, 11, 11, 11, 11, 12, 11, 11, 11] / writers=[12]
OOO / Test #3 / 1439449710914 / readers=[34, 34, 34, 34, 35, 35, 35, 35, 35, 34] / writers=[35]
OOO / Test #172 / 1439449710914 / readers=[9, 9, 8, 8, 8, 8, 8, 8, 8, 8] / writers=[9]
OOO / Test #183 / 1439449710914 / readers=[9, 9, 8, 8, 8, 8, 8, 8, 8, 8] / writers=[9]
OOO / Test #50 / 1439449710914 / readers=[14, 14, 14, 14, 14, 14, 14, 14, 14, 13] / writers=[14]
OOO / Test #11 / 1439449710914 / readers=[36, 35, 36, 35, 36, 36, 36, 36, 35, 35] / writers=[36]
OOO / Test #188 / 1439449710914 / readers=[7, 7, 7, 7, 6, 6, 6, 6, 6, 6] / writers=[7]
OOO / Test #195 / 1439449710914 / readers=[8, 8, 8, 7, 7, 7, 7, 7, 7, 7] / writers=[8]
OOO / Test #179 / 1439449710910 / readers=[9, 10, 9, 9, 9, 9, 9, 9, 9, 9] / writers=[10]
OOO / Test #11 / 1439449710920 / readers=[36, 36, 37, 36, 37, 37, 37, 37, 36, 36] / writers=[37]
OOO / Test #185 / 1439449710910 / readers=[9, 9, 8, 8, 8, 8, 8, 8, 8, 8] / writers=[9]
OOO / Test #199 / 1439449710909 / readers=[10, 10, 10, 10, 11, 11, 11, 11, 11, 11] / writers=[11]
OOO / Test #188 / 1439449710920 / readers=[8, 8, 8, 7, 7, 7, 7, 7, 7, 7] / writers=[8]
OOO / Test #159 / 1439449710909 / readers=[8, 8, 8, 8, 8, 8, 8, 8, 8, 8] / writers=[9]
OOO / Test #184 / 1439449710909 / readers=[7, 7, 7, 7, 6, 6, 6, 6, 6, 6] / writers=[7]
OOO / Test #199 / 1439449710921 / readers=[11, 11, 11, 11, 12, 12, 12, 11, 12, 12] / writers=[12]
OOO / Test #194 / 1439449710909 / readers=[9, 9, 8, 8, 8, 8, 8, 8, 8, 8] / writers=[9]
OOO / Test #187 / 1439449710909 / readers=[9, 9, 8, 8, 8, 8, 8, 8, 8, 8] / writers=[9]
OOO / Test #186 / 1439449710909 / readers=[8, 8, 8, 7, 7, 7, 7, 7, 7, 7] / writers=[8]
OOO / Test #165 / 1439449710909 / readers=[6, 6, 6, 6, 5, 5, 5, 5, 5, 5] / writers=[6]
OOO / Test #193 / 1439449710906 / readers=[7, 7, 7, 7, 6, 6, 6, 6, 6, 6] / writers=[7]
OOO / Test #187 / 1439449710923 / readers=[10, 9, 9, 9, 9, 9, 9, 9, 9, 9] / writers=[10]
OOO / Test #197 / 1439449710906 / readers=[7, 7, 7, 7, 6, 6, 6, 6, 6, 6] / writers=[7]
OOO / Test #170 / 1439449710906 / readers=[8, 8, 8, 7, 7, 7, 7, 7, 7, 7] / writers=[8]
OOO / Test #200 / 1439449710905 / readers=[7, 7, 7, 7, 6, 6, 6, 6, 6, 6] / writers=[7]
OOO / Test #174 / 1439449710905 / readers=[7, 7, 7, 7, 6, 6, 6, 6, 6, 6] / writers=[7]
OOO / Test #171 / 1439449710905 / readers=[7, 7, 7, 7, 7, 6, 6, 6, 6, 6] / writers=[7]
OOO / Test #169 / 1439449710905 / readers=[7, 7, 7, 6, 6, 7, 6, 6, 6, 6] / writers=[7]
OOO / Test #191 / 1439449710905 / readers=[7, 7, 7, 6, 7, 6, 6, 6, 6, 6] / writers=[7]
OOO / Test #196 / 1439449710905 / readers=[7, 7, 7, 6, 7, 6, 6, 6, 6, 6] / writers=[7]
OOO / Test #176 / 1439449710905 / readers=[8, 8, 7, 7, 7, 7, 7, 7, 8, 7] / writers=[8]
OOO / Test #7 / 1439449710902 / readers=[19, 20, 20, 19, 19, 19, 19, 19, 19, 19] / writers=[20]
OOO / Test #173 / 1439449710902 / readers=[10, 9, 9, 9, 9, 9, 9, 9, 9, 9] / writers=[10]
OOO / Test #168 / 1439449710902 / readers=[9, 9, 8, 8, 8, 8, 8, 8, 8, 8] / writers=[9]
OOO / Test #176 / 1439449710927 / readers=[9, 8, 8, 8, 8, 8, 8, 8, 9, 8] / writers=[9]
OOO / Test #177 / 1439449710902 / readers=[8, 8, 8, 7, 7, 7, 7, 7, 7, 7] / writers=[8]
OOO / Test #7 / 1439449710927 / readers=[20, 20, 21, 20, 20, 20, 20, 20, 20, 20] / writers=[21]
OOO / Test #182 / 1439449710902 / readers=[9, 9, 8, 8, 8, 8, 8, 8, 8, 8] / writers=[9]
OOO / Test #190 / 1439449710902 / readers=[9, 10, 9, 9, 9, 9, 9, 9, 9, 9] / writers=[10]
OOO / Test #158 / 1439449710902 / readers=[8, 9, 8, 8, 8, 8, 8, 8, 8, 8] / writers=[9]
OOO / Test #166 / 1439449710902 / readers=[10, 10, 9, 10, 10, 10, 10, 10, 10, 10] / writers=[10]
OOO / Test #156 / 1439449710901 / readers=[8, 8, 8, 8, 7, 7, 7, 7, 7, 7] / writers=[8]
OOO / Test #163 / 1439449710901 / readers=[10, 9, 9, 9, 9, 9, 9, 9, 9, 9] / writers=[10]
OOO / Test #190 / 1439449710930 / readers=[10, 10, 10, 10, 10, 10, 10, 10, 10, 10] / writers=[11]
OOO / Test #161 / 1439449710898 / readers=[9, 8, 8, 8, 8, 8, 9, 8, 8, 8] / writers=[9]
OOO / Test #181 / 1439449710898 / readers=[9, 8, 8, 8, 8, 8, 9, 8, 8, 8] / writers=[9]
OOO / Test #163 / 1439449710930 / readers=[10, 10, 10, 10, 10, 10, 10, 10, 10, 10] / writers=[11]
OOO / Test #13 / 1439449710898 / readers=[31, 31, 31, 31, 31, 31, 32, 31, 31, 31] / writers=[32]
OOO / Test #161 / 1439449710930 / readers=[9, 9, 9, 9, 9, 9, 10, 9, 9, 9] / writers=[10]
OOO / Test #192 / 1439449710898 / readers=[14, 14, 14, 14, 14, 14, 14, 14, 13, 13] / writers=[14]
OOO / Test #160 / 1439449710898 / readers=[10, 9, 9, 9, 9, 9, 9, 9, 9, 9] / writers=[10]
OOO / Test #43 / 1439449710898 / readers=[11, 11, 11, 11, 12, 12, 11, 11, 11, 11] / writers=[12]
OOO / Test #15 / 1439449710898 / readers=[28, 28, 28, 29, 28, 28, 28, 28, 28, 28] / writers=[29]
OOO / Test #150 / 1439449710898 / readers=[11, 10, 11, 11, 11, 11, 11, 11, 11, 11] / writers=[11]
OOO / Test #178 / 1439449710898 / readers=[11, 11, 11, 12, 12, 12, 12, 12, 12, 12] / writers=[12]
OOO / Test #43 / 1439449710934 / readers=[12, 12, 12, 12, 12, 13, 12, 12, 12, 12] / writers=[13]
OOO / Test #20 / 1439449710895 / readers=[16, 16, 15, 16, 16, 16, 16, 15, 16, 16] / writers=[16]
OOO / Test #15 / 1439449710934 / readers=[29, 29, 29, 29, 29, 29, 29, 29, 29, 29] / writers=[30]
OOO / Test #178 / 1439449710934 / readers=[12, 12, 12, 13, 13, 13, 12, 13, 13, 13] / writers=[13]
OOO / Test #60 / 1439449710895 / readers=[12, 12, 13, 13, 13, 13, 13, 13, 13, 12] / writers=[13]
OOO / Test #43 / 1439449710934 / readers=[13, 13, 13, 13, 13, 13, 13, 13, 13, 13] / writers=[14]
OOO / Test #54 / 1439449710895 / readers=[14, 15, 14, 14, 14, 14, 14, 14, 14, 14] / writers=[15]
OOO / Test #95 / 1439449710894 / readers=[10, 10, 9, 9, 10, 10, 9, 9, 10, 10] / writers=[10]
OOO / Test #100 / 1439449710894 / readers=[13, 13, 13, 13, 13, 13, 13, 13, 12, 13] / writers=[13]
OOO / Test #31 / 1439449710894 / readers=[12, 12, 12, 12, 13, 12, 12, 13, 12, 13] / writers=[13]
OOO / Test #43 / 1439449710937 / readers=[15, 16, 16, 16, 16, 16, 16, 16, 16, 16] / writers=[16]
OOO / Test #152 / 1439449710894 / readers=[8, 8, 8, 7, 7, 7, 7, 7, 7, 7] / writers=[8]
OOO / Test #95 / 1439449710937 / readers=[10, 11, 10, 10, 11, 11, 10, 10, 11, 11] / writers=[11]
OOO / Test #153 / 1439449710891 / readers=[13, 13, 13, 13, 13, 12, 13, 13, 13, 13] / writers=[13]
OOO / Test #180 / 1439449710891 / readers=[9, 8, 8, 8, 8, 8, 8, 8, 8, 9] / writers=[9]
OOO / Test #164 / 1439449710891 / readers=[8, 7, 8, 7, 8, 7, 7, 7, 7, 7] / writers=[8]
OOO / Test #27 / 1439449710891 / readers=[12, 12, 12, 12, 12, 12, 12, 12, 12, 12] / writers=[13]
OOO / Test #30 / 1439449710891 / readers=[11, 11, 10, 10, 10, 10, 11, 10, 11, 11] / writers=[11]
OOO / Test #162 / 1439449710891 / readers=[8, 9, 9, 8, 8, 8, 8, 8, 8, 8] / writers=[9]
OOO / Test #61 / 1439449710891 / readers=[9, 9, 9, 9, 9, 9, 9, 9, 9, 9] / writers=[10]
OOO / Test #164 / 1439449710940 / readers=[8, 8, 9, 8, 9, 8, 8, 8, 8, 8] / writers=[9]
OOO / Test #30 / 1439449710940 / readers=[12, 11, 11, 11, 11, 11, 12, 11, 12, 12] / writers=[12]
OOO / Test #162 / 1439449710940 / readers=[9, 10, 9, 9, 9, 9, 9, 9, 9, 9] / writers=[10]
OOO / Test #40 / 1439449710891 / readers=[11, 11, 12, 11, 11, 11, 11, 12, 11, 11] / writers=[12]
OOO / Test #28 / 1439449710891 / readers=[13, 14, 13, 14, 14, 13, 14, 14, 13, 14] / writers=[14]
OOO / Test #44 / 1439449710887 / readers=[11, 11, 11, 11, 11, 11, 11, 11, 11, 11] / writers=[12]
OOO / Test #97 / 1439449710887 / readers=[8, 8, 9, 8, 9, 8, 8, 8, 8, 8] / writers=[9]
OOO / Test #64 / 1439449710887 / readers=[9, 9, 8, 8, 8, 8, 8, 8, 8, 8] / writers=[9]
OOO / Test #62 / 1439449710887 / readers=[11, 12, 12, 12, 12, 12, 12, 12, 12, 12] / writers=[12]
OOO / Test #36 / 1439449710887 / readers=[10, 11, 10, 10, 10, 10, 10, 11, 11, 11] / writers=[11]
OOO / Test #49 / 1439449710887 / readers=[13, 13, 13, 14, 14, 14, 14, 14, 13, 13] / writers=[14]
OOO / Test #148 / 1439449710887 / readers=[8, 9, 8, 8, 8, 9, 8, 8, 8, 9] / writers=[9]
OOO / Test #62 / 1439449710943 / readers=[12, 12, 13, 13, 13, 13, 13, 13, 13, 13] / writers=[13]
OOO / Test #36 / 1439449710943 / readers=[11, 12, 11, 11, 11, 11, 11, 12, 11, 12] / writers=[12]
OOO / Test #147 / 1439449710887 / readers=[8, 8, 7, 8, 8, 8, 7, 8, 8, 8] / writers=[8]
OOO / Test #148 / 1439449710943 / readers=[9, 9, 9, 9, 9, 10, 9, 9, 9, 10] / writers=[10]
OOO / Test #18 / 1439449710887 / readers=[20, 20, 21, 20, 20, 20, 20, 20, 20, 20] / writers=[21]
OOO / Test #39 / 1439449710887 / readers=[17, 17, 17, 17, 16, 17, 16, 16, 16, 17] / writers=[17]
OOO / Test #55 / 1439449710883 / readers=[13, 13, 13, 13, 13, 13, 13, 13, 13, 12] / writers=[13]
OOO / Test #167 / 1439449710883 / readers=[10, 10, 10, 10, 10, 10, 10, 10, 10, 10] / writers=[11]
OOO / Test #22 / 1439449710883 / readers=[13, 14, 14, 14, 14, 14, 13, 14, 13, 14] / writers=[14]
OOO / Test #39 / 1439449710947 / readers=[18, 18, 17, 18, 17, 18, 17, 17, 17, 18] / writers=[18]
OOO / Test #51 / 1439449710883 / readers=[13, 13, 12, 12, 12, 13, 12, 13, 13, 13] / writers=[13]
OOO / Test #55 / 1439449710947 / readers=[13, 14, 14, 14, 14, 14, 14, 14, 14, 13] / writers=[14]
OOO / Test #157 / 1439449710883 / readers=[9, 9, 8, 8, 8, 8, 8, 8, 8, 8] / writers=[9]
OOO / Test #22 / 1439449710947 / readers=[14, 15, 15, 15, 15, 15, 14, 14, 14, 15] / writers=[15]
OOO / Test #55 / 1439449710947 / readers=[14, 15, 15, 15, 15, 15, 15, 15, 14, 14] / writers=[15]
OOO / Test #59 / 1439449710883 / readers=[8, 8, 8, 8, 8, 8, 8, 8, 8, 8] / writers=[9]
OOO / Test #157 / 1439449710947 / readers=[10, 9, 9, 9, 9, 9, 9, 9, 9, 9] / writers=[10]
OOO / Test #26 / 1439449710883 / readers=[11, 11, 11, 11, 11, 12, 11, 11, 12, 11] / writers=[12]
OOO / Test #14 / 1439449710883 / readers=[40, 41, 41, 41, 41, 41, 40, 40, 41, 41] / writers=[41]
OOO / Test #35 / 1439449710883 / readers=[14, 14, 15, 15, 14, 15, 15, 15, 14, 15] / writers=[15]
OOO / Test #157 / 1439449710950 / readers=[10, 10, 10, 10, 10, 10, 10, 10, 10, 10] / writers=[11]
OOO / Test #26 / 1439449710950 / readers=[12, 12, 12, 12, 12, 12, 12, 12, 13, 12] / writers=[13]
OOO / Test #4 / 1439449710882 / readers=[39, 39, 39, 39, 39, 38, 38, 38, 38, 39] / writers=[39]
OOO / Test #35 / 1439449710950 / readers=[15, 15, 16, 16, 15, 15, 16, 16, 15, 16] / writers=[16]
OOO / Test #146 / 1439449710879 / readers=[9, 9, 8, 8, 9, 8, 8, 8, 8, 8] / writers=[9]
OOO / Test #26 / 1439449710951 / readers=[13, 13, 13, 13, 13, 13, 13, 13, 13, 13] / writers=[14]
OOO / Test #198 / 1439449710879 / readers=[9, 9, 9, 8, 8, 8, 9, 8, 8, 8] / writers=[9]
OOO / Test #4 / 1439449710951 / readers=[40, 40, 40, 40, 39, 39, 39, 39, 39, 40] / writers=[40]
OOO / Test #23 / 1439449710879 / readers=[14, 14, 14, 14, 14, 14, 14, 13, 13, 13] / writers=[14]
OOO / Test #12 / 1439449710879 / readers=[36, 36, 36, 36, 36, 36, 36, 36, 35, 35] / writers=[36]
OOO / Test #46 / 1439449710879 / readers=[11, 11, 12, 12, 12, 11, 12, 12, 12, 12] / writers=[12]
OOO / Test #34 / 1439449710879 / readers=[13, 13, 13, 13, 13, 13, 13, 13, 13, 12] / writers=[13]
OOO / Test #23 / 1439449710954 / readers=[15, 15, 15, 15, 15, 15, 14, 14, 14, 14] / writers=[15]
OOO / Test #46 / 1439449710954 / readers=[12, 12, 13, 13, 13, 12, 12, 13, 13, 13] / writers=[13]
OOO / Test #45 / 1439449710879 / readers=[16, 15, 15, 15, 15, 15, 15, 15, 15, 15] / writers=[16]
OOO / Test #145 / 1439449710879 / readers=[9, 9, 9, 9, 9, 8, 8, 8, 9, 8] / writers=[9]
OOO / Test #23 / 1439449710954 / readers=[16, 16, 16, 16, 16, 15, 15, 15, 15, 15] / writers=[16]
OOO / Test #33 / 1439449710879 / readers=[10, 9, 9, 9, 9, 9, 9, 9, 9, 9] / writers=[10]
OOO / Test #41 / 1439449710879 / readers=[11, 12, 12, 12, 11, 12, 12, 12, 12, 12] / writers=[12]
OOO / Test #58 / 1439449710875 / readers=[13, 13, 13, 13, 13, 13, 13, 13, 13, 12] / writers=[13]
OOO / Test #56 / 1439449710875 / readers=[16, 16, 15, 15, 15, 16, 16, 16, 16, 15] / writers=[16]
OOO / Test #155 / 1439449710875 / readers=[10, 10, 9, 9, 9, 9, 9, 9, 10, 10] / writers=[10]
OOO / Test #57 / 1439449710875 / readers=[14, 14, 14, 14, 14, 14, 14, 14, 13, 13] / writers=[14]
OOO / Test #32 / 1439449710875 / readers=[13, 12, 13, 13, 13, 12, 13, 13, 13, 13] / writers=[13]
OOO / Test #42 / 1439449710875 / readers=[13, 13, 13, 13, 13, 13, 13, 13, 13, 12] / writers=[13]
OOO / Test #38 / 1439449710875 / readers=[15, 15, 15, 15, 15, 14, 15, 14, 15, 14] / writers=[15]
OOO / Test #154 / 1439449710875 / readers=[8, 8, 8, 7, 7, 7, 7, 7, 7, 7] / writers=[8]
OOO / Test #19 / 1439449710875 / readers=[17, 17, 17, 17, 17, 17, 17, 17, 17, 17] / writers=[18]
OOO / Test #133 / 1439449710875 / readers=[8, 8, 8, 7, 8, 7, 7, 7, 7, 8] / writers=[8]
OOO / Test #52 / 1439449710872 / readers=[14, 14, 14, 14, 14, 14, 13, 14, 14, 13] / writers=[14]
OOO / Test #73 / 1439449710872 / readers=[10, 10, 10, 10, 10, 10, 11, 11, 11, 11] / writers=[11]
OOO / Test #149 / 1439449710872 / readers=[8, 8, 8, 8, 7, 7, 7, 7, 7, 7] / writers=[8]
OOO / Test #133 / 1439449710961 / readers=[9, 8, 9, 8, 9, 8, 8, 8, 8, 9] / writers=[9]
OOO / Test #24 / 1439449710872 / readers=[15, 15, 15, 16, 16, 16, 15, 15, 15, 16] / writers=[16]
OOO / Test #73 / 1439449710961 / readers=[11, 11, 11, 11, 11, 11, 12, 12, 12, 11] / writers=[12]
OOO / Test #21 / 1439449710872 / readers=[30, 30, 30, 29, 29, 30, 29, 29, 29, 29] / writers=[30]
OOO / Test #24 / 1439449710961 / readers=[16, 16, 16, 16, 17, 17, 16, 16, 16, 17] / writers=[17]
OOO / Test #84 / 1439449710872 / readers=[9, 9, 9, 8, 8, 8, 8, 8, 8, 8] / writers=[9]
OOO / Test #127 / 1439449710872 / readers=[9, 9, 8, 8, 8, 8, 8, 8, 9, 8] / writers=[9]
OOO / Test #139 / 1439449710872 / readers=[8, 8, 8, 9, 9, 8, 8, 8, 8, 8] / writers=[9]
OOO / Test #109 / 1439449710872 / readers=[10, 10, 10, 10, 10, 10, 10, 10, 10, 10] / writers=[11]
OOO / Test #17 / 1439449710868 / readers=[25, 25, 25, 25, 25, 25, 25, 25, 25, 25] / writers=[26]
OOO / Test #80 / 1439449710868 / readers=[9, 9, 8, 8, 8, 8, 8, 8, 8, 8] / writers=[9]
OOO / Test #48 / 1439449710868 / readers=[13, 13, 13, 13, 13, 13, 13, 13, 13, 12] / writers=[13]
OOO / Test #16 / 1439449710868 / readers=[24, 24, 24, 24, 24, 24, 24, 24, 24, 23] / writers=[24]
OOO / Test #10 / 1439449710868 / readers=[18, 18, 18, 18, 17, 17, 17, 17, 17, 18] / writers=[18]
OOO / Test #80 / 1439449710964 / readers=[10, 9, 9, 9, 9, 9, 9, 9, 9, 9] / writers=[10]
OOO / Test #101 / 1439449710868 / readers=[10, 9, 10, 10, 10, 10, 10, 10, 10, 10] / writers=[10]
OOO / Test #65 / 1439449710868 / readers=[10, 10, 10, 10, 10, 10, 10, 10, 10, 10] / writers=[11]
OOO / Test #10 / 1439449710964 / readers=[19, 19, 19, 18, 18, 18, 18, 18, 18, 19] / writers=[19]
OOO / Test #122 / 1439449710868 / readers=[10, 10, 10, 10, 10, 10, 10, 10, 10, 10] / writers=[11]
OOO / Test #8 / 1439449710868 / readers=[34, 34, 34, 34, 34, 34, 34, 34, 34, 34] / writers=[35]
OOO / Test #6 / 1439449710868 / readers=[40, 40, 41, 41, 41, 40, 40, 40, 40, 40] / writers=[41]
OOO / Test #37 / 1439449710864 / readers=[11, 11, 11, 11, 11, 11, 11, 11, 11, 11] / writers=[12]
OOO / Test #90 / 1439449710864 / readers=[10, 10, 10, 10, 10, 10, 10, 10, 10, 10] / writers=[11]
OOO / Test #122 / 1439449710968 / readers=[13, 13, 13, 13, 13, 13, 13, 13, 13, 12] / writers=[13]
OOO / Test #6 / 1439449710969 / readers=[41, 41, 41, 42, 42, 41, 41, 41, 41, 41] / writers=[42]
OOO / Test #128 / 1439449710864 / readers=[9, 9, 8, 8, 8, 8, 8, 8, 8, 8] / writers=[9]
OOO / Test #114 / 1439449710864 / readers=[10, 10, 10, 10, 10, 10, 10, 10, 10, 10] / writers=[11]
OOO / Test #151 / 1439449710864 / readers=[9, 8, 9, 8, 8, 8, 8, 8, 8, 8] / writers=[9]
OOO / Test #144 / 1439449710864 / readers=[8, 8, 8, 7, 7, 7, 7, 7, 7, 7] / writers=[8]
OOO / Test #137 / 1439449710864 / readers=[8, 8, 8, 7, 7, 7, 7, 7, 7, 7] / writers=[8]
OOO / Test #75 / 1439449710864 / readers=[10, 9, 9, 9, 9, 9, 9, 9, 9, 9] / writers=[10]
OOO / Test #9 / 1439449710864 / readers=[36, 36, 37, 37, 37, 37, 37, 37, 36, 36] / writers=[37]
OOO / Test #66 / 1439449710864 / readers=[9, 9, 8, 8, 8, 8, 8, 8, 8, 8] / writers=[9]
OOO / Test #85 / 1439449710861 / readers=[10, 10, 10, 10, 10, 10, 10, 10, 10, 10] / writers=[11]
OOO / Test #29 / 1439449710861 / readers=[14, 14, 14, 15, 15, 14, 15, 14, 15, 15] / writers=[15]
OOO / Test #118 / 1439449710861 / readers=[8, 8, 8, 7, 8, 7, 7, 7, 7, 7] / writers=[8]
OOO / Test #124 / 1439449710861 / readers=[10, 9, 9, 9, 9, 9, 9, 9, 9, 9] / writers=[10]
OOO / Test #116 / 1439449710861 / readers=[10, 10, 10, 10, 10, 10, 10, 10, 10, 10] / writers=[11]
OOO / Test #63 / 1439449710861 / readers=[8, 8, 8, 7, 7, 7, 7, 7, 7, 7] / writers=[8]
OOO / Test #130 / 1439449710861 / readers=[9, 9, 8, 8, 8, 8, 8, 8, 8, 8] / writers=[9]
OOO / Test #76 / 1439449710861 / readers=[10, 9, 9, 9, 9, 9, 9, 9, 9, 9] / writers=[10]
OOO / Test #91 / 1439449710859 / readers=[8, 8, 7, 7, 8, 7, 7, 7, 7, 7] / writers=[8]
OOO / Test #141 / 1439449710859 / readers=[13, 13, 13, 13, 13, 13, 12, 13, 13, 13] / writers=[13]
OOO / Test #86 / 1439449710859 / readers=[10, 9, 9, 9, 9, 9, 9, 9, 9, 9] / writers=[10]
OOO / Test #76 / 1439449710976 / readers=[10, 10, 10, 10, 10, 10, 10, 10, 10, 10] / writers=[11]
OOO / Test #125 / 1439449710859 / readers=[10, 10, 10, 10, 10, 10, 10, 10, 10, 10] / writers=[11]
OOO / Test #93 / 1439449710858 / readers=[8, 8, 8, 8, 7, 7, 7, 7, 7, 7] / writers=[8]
OOO / Test #68 / 1439449710858 / readers=[9, 9, 8, 8, 8, 8, 8, 8, 8, 8] / writers=[9]
OOO / Test #76 / 1439449710976 / readers=[13, 13, 13, 13, 13, 13, 13, 13, 13, 12] / writers=[13]
OOO / Test #77 / 1439449710858 / readers=[10, 10, 10, 10, 10, 10, 10, 10, 10, 10] / writers=[11]
OOO / Test #96 / 1439449710858 / readers=[8, 8, 8, 7, 7, 7, 7, 7, 7, 7] / writers=[8]
OOO / Test #135 / 1439449710858 / readers=[9, 9, 8, 9, 8, 8, 8, 8, 8, 8] / writers=[9]
OOO / Test #88 / 1439449710855 / readers=[9, 8, 8, 8, 9, 8, 8, 8, 8, 8] / writers=[9]
OOO / Test #106 / 1439449710855 / readers=[9, 9, 10, 9, 9, 9, 9, 9, 9, 9] / writers=[10]
OOO / Test #117 / 1439449710855 / readers=[10, 10, 10, 10, 10, 10, 10, 10, 10, 10] / writers=[11]
OOO / Test #129 / 1439449710855 / readers=[9, 8, 9, 8, 8, 9, 8, 8, 8, 8] / writers=[9]
OOO / Test #113 / 1439449710855 / readers=[9, 9, 8, 8, 8, 8, 8, 8, 8, 8] / writers=[9]
OOO / Test #87 / 1439449710855 / readers=[7, 7, 8, 8, 8, 7, 7, 7, 7, 7] / writers=[8]
OOO / Test #117 / 1439449710980 / readers=[13, 13, 13, 13, 13, 13, 13, 13, 13, 12] / writers=[13]
OOO / Test #82 / 1439449710855 / readers=[8, 8, 8, 7, 7, 7, 7, 7, 7, 7] / writers=[8]
OOO / Test #78 / 1439449710855 / readers=[9, 9, 8, 8, 8, 8, 8, 8, 8, 8] / writers=[9]
OOO / Test #117 / 1439449710980 / readers=[14, 14, 14, 14, 14, 14, 14, 14, 13, 13] / writers=[14]
OOO / Test #92 / 1439449710855 / readers=[9, 10, 9, 9, 9, 9, 9, 9, 9, 9] / writers=[10]
OOO / Test #71 / 1439449710855 / readers=[8, 8, 8, 7, 7, 7, 7, 7, 7, 7] / writers=[8]
OOO / Test #74 / 1439449710853 / readers=[9, 9, 8, 8, 8, 8, 8, 9, 8, 8] / writers=[9]
OOO / Test #67 / 1439449710852 / readers=[9, 9, 8, 8, 8, 8, 8, 8, 8, 8] / writers=[9]
OOO / Test #112 / 1439449710852 / readers=[9, 9, 8, 8, 8, 8, 8, 8, 8, 8] / writers=[9]
OOO / Test #69 / 1439449710852 / readers=[10, 10, 9, 9, 10, 10, 10, 10, 10, 10] / writers=[10]
OOO / Test #136 / 1439449710852 / readers=[10, 10, 10, 10, 10, 10, 10, 10, 10, 10] / writers=[11]
OOO / Test #67 / 1439449710985 / readers=[10, 9, 9, 9, 9, 9, 9, 9, 9, 9] / writers=[10]
OOO / Test #81 / 1439449710852 / readers=[7, 7, 7, 7, 7, 7, 7, 7, 7, 7] / writers=[8]
OOO / Test #134 / 1439449710852 / readers=[11, 12, 12, 12, 12, 12, 12, 12, 12, 12] / writers=[12]
OOO / Test #79 / 1439449710852 / readers=[8, 7, 8, 8, 7, 7, 7, 7, 7, 7] / writers=[8]
OOO / Test #102 / 1439449710852 / readers=[9, 9, 8, 8, 8, 8, 8, 8, 8, 8] / writers=[9]
OOO / Test #132 / 1439449710852 / readers=[10, 9, 9, 9, 9, 9, 9, 9, 9, 9] / writers=[10]
OOO / Test #111 / 1439449710852 / readers=[10, 10, 10, 10, 10, 10, 10, 10, 10, 10] / writers=[11]
OOO / Test #104 / 1439449710852 / readers=[10, 9, 9, 9, 9, 9, 9, 9, 9, 9] / writers=[10]
OOO / Test #99 / 1439449710849 / readers=[8, 8, 7, 8, 7, 7, 7, 7, 7, 7] / writers=[8]
OOO / Test #108 / 1439449710849 / readers=[10, 10, 10, 10, 10, 10, 10, 10, 10, 10] / writers=[11]
OOO / Test #123 / 1439449710849 / readers=[8, 8, 8, 7, 7, 7, 7, 7, 7, 7] / writers=[8]
OOO / Test #119 / 1439449710849 / readers=[9, 9, 9, 8, 8, 8, 8, 8, 9, 9] / writers=[9]
OOO / Test #115 / 1439449710849 / readers=[9, 9, 8, 8, 8, 8, 8, 8, 8, 8] / writers=[9]
OOO / Test #99 / 1439449710988 / readers=[9, 9, 8, 8, 8, 8, 8, 8, 8, 8] / writers=[9]
OOO / Test #140 / 1439449710849 / readers=[12, 13, 13, 13, 13, 13, 13, 13, 13, 12] / writers=[13]
OOO / Test #89 / 1439449710849 / readers=[10, 9, 9, 9, 9, 9, 9, 9, 9, 9] / writers=[10]
OOO / Test #143 / 1439449710849 / readers=[7, 8, 8, 8, 7, 7, 7, 7, 7, 7] / writers=[8]
OOO / Test #120 / 1439449710849 / readers=[10, 9, 9, 9, 9, 9, 9, 9, 9, 9] / writers=[10]
OOO / Test #105 / 1439449710849 / readers=[8, 8, 8, 7, 7, 7, 7, 7, 7, 7] / writers=[8]
OOO / Test #107 / 1439449710846 / readers=[11, 10, 10, 10, 10, 10, 10, 10, 10, 10] / writers=[11]
OOO / Test #138 / 1439449710846 / readers=[9, 9, 10, 9, 9, 9, 9, 9, 9, 9] / writers=[10]
OOO / Test #83 / 1439449710846 / readers=[10, 10, 10, 10, 10, 10, 10, 10, 10, 10] / writers=[11]
OOO / Test #110 / 1439449710846 / readers=[10, 9, 10, 10, 9, 9, 9, 9, 9, 9] / writers=[10]
OOO / Test #107 / 1439449710992 / readers=[11, 11, 11, 11, 11, 11, 11, 11, 11, 11] / writers=[12]
OOO / Test #70 / 1439449710846 / readers=[9, 9, 8, 8, 8, 8, 8, 8, 8, 8] / writers=[9]
OOO / Test #126 / 1439449710845 / readers=[11, 11, 11, 11, 11, 11, 11, 11, 11, 11] / writers=[12]
OOO / Test #131 / 1439449710845 / readers=[9, 8, 9, 8, 8, 8, 8, 8, 8, 8] / writers=[9]
OOO / Test #142 / 1439449710845 / readers=[9, 9, 9, 9, 9, 9, 9, 9, 9, 9] / writers=[10]
OOO / Test #121 / 1439449710845 / readers=[10, 10, 9, 9, 9, 9, 9, 10, 10, 10] / writers=[10]
OOO / Test #103 / 1439449710845 / readers=[14, 14, 14, 14, 14, 14, 14, 14, 13, 13] / writers=[14]
OOO / Test #25 / 1439449710842 / readers=[21, 21, 21, 21, 21, 21, 21, 21, 21, 21] / writers=[22]
OOO / Test #1 / 1439449710842 / readers=[11, 11, 11, 11, 11, 11, 11, 11, 11, 11] / writers=[12]
OOO / Test #5 / 1439449710842 / readers=[38, 37, 38, 38, 38, 38, 38, 37, 37, 38] / writers=[38]
OOO / Test #103 / 1439449710995 / readers=[15, 15, 15, 15, 15, 15, 15, 14, 14, 14] / writers=[15]
OOO / Test #94 / 1439449710842 / readers=[6, 6, 7, 6, 6, 6, 6, 6, 6, 6] / writers=[7]
OOO / Test #72 / 1439449710842 / readers=[8, 7, 8, 8, 8, 7, 7, 7, 7, 7] / writers=[8]
OOO / Test #103 / 1439449710995 / readers=[16, 16, 16, 16, 16, 16, 15, 15, 15, 15] / writers=[16]
OOO / Test #98 / 1439449710842 / readers=[9, 9, 8, 8, 8, 8, 8, 8, 8, 8] / writers=[9]
OOO / Test #103 / 1439449710996 / readers=[17, 17, 17, 17, 17, 16, 16, 16, 16, 16] / writers=[17]
OOO / Test #72 / 1439449710996 / readers=[9, 8, 9, 9, 8, 8, 8, 8, 8, 8] / writers=[9]
OOO / Test #98 / 1439449710999 / readers=[10, 9, 9, 9, 9, 9, 9, 9, 9, 9] / writers=[10]
OOO / Test #94 / 1439449710995 / readers=[7, 7, 7, 7, 7, 7, 7, 7, 7, 7] / writers=[8]
OOO / Test #5 / 1439449710995 / readers=[39, 38, 39, 39, 39, 39, 38, 38, 38, 39] / writers=[39]
OOO / Test #1 / 1439449710995 / readers=[14, 14, 14, 14, 14, 14, 14, 13, 14, 14] / writers=[14]
OOO / Test #72 / 1439449710999 / readers=[10, 9, 10, 9, 9, 9, 9, 9, 9, 9] / writers=[10]
OOO / Test #25 / 1439449710995 / readers=[24, 24, 24, 23, 24, 24, 24, 24, 24, 24] / writers=[24]
OOO / Test #142 / 1439449710995 / readers=[11, 12, 12, 12, 12, 12, 12, 12, 12, 12] / writers=[12]
OOO / Test #94 / 1439449710999 / readers=[10, 9, 10, 10, 10, 10, 10, 10, 10, 10] / writers=[10]
OOO / Test #121 / 1439449710995 / readers=[11, 10, 10, 10, 10, 10, 10, 11, 11, 11] / writers=[11]
OOO / Test #131 / 1439449710995 / readers=[10, 9, 9, 9, 9, 9, 9, 9, 9, 9] / writers=[10]
OOO / Test #126 / 1439449710992 / readers=[14, 14, 14, 14, 14, 14, 14, 14, 13, 14] / writers=[14]
OOO / Test #121 / 1439449711002 / readers=[11, 11, 11, 11, 11, 11, 11, 12, 12, 12] / writers=[12]
OOO / Test #107 / 1439449710992 / readers=[14, 14, 14, 14, 14, 14, 14, 14, 14, 13] / writers=[14]
OOO / Test #70 / 1439449710992 / readers=[10, 9, 9, 9, 9, 9, 9, 9, 9, 9] / writers=[10]
OOO / Test #83 / 1439449710992 / readers=[13, 13, 13, 13, 13, 13, 12, 13, 13, 13] / writers=[13]
OOO / Test #110 / 1439449710992 / readers=[11, 10, 11, 10, 10, 10, 10, 10, 10, 10] / writers=[11]
OOO / Test #138 / 1439449710992 / readers=[10, 10, 10, 10, 10, 10, 10, 10, 10, 10] / writers=[11]
OOO / Test #120 / 1439449710992 / readers=[10, 10, 10, 10, 10, 10, 10, 10, 10, 10] / writers=[11]
OOO / Test #105 / 1439449710992 / readers=[9, 9, 8, 8, 8, 8, 8, 8, 8, 8] / writers=[9]
OOO / Test #143 / 1439449710992 / readers=[8, 9, 9, 8, 8, 8, 8, 8, 8, 8] / writers=[9]
OOO / Test #89 / 1439449710991 / readers=[10, 10, 10, 10, 10, 10, 10, 10, 10, 10] / writers=[11]
OOO / Test #140 / 1439449710988 / readers=[13, 14, 14, 14, 14, 13, 14, 14, 14, 13] / writers=[14]
OOO / Test #119 / 1439449710988 / readers=[9, 10, 10, 9, 9, 9, 9, 9, 10, 10] / writers=[10]
OOO / Test #99 / 1439449710988 / readers=[10, 9, 9, 9, 9, 9, 9, 9, 9, 9] / writers=[10]
OOO / Test #115 / 1439449710988 / readers=[9, 10, 9, 9, 9, 9, 9, 9, 9, 9] / writers=[10]
OOO / Test #108 / 1439449710988 / readers=[13, 13, 13, 13, 13, 13, 13, 13, 13, 12] / writers=[13]
OOO / Test #119 / 1439449711006 / readers=[10, 11, 10, 10, 10, 10, 10, 10, 11, 11] / writers=[11]
OOO / Test #123 / 1439449710988 / readers=[9, 9, 8, 8, 8, 8, 8, 8, 8, 8] / writers=[9]
OOO / Test #111 / 1439449710988 / readers=[13, 13, 13, 13, 13, 13, 13, 13, 12, 13] / writers=[13]
OOO / Test #108 / 1439449711006 / readers=[14, 14, 14, 14, 14, 14, 14, 14, 13, 13] / writers=[14]
OOO / Test #104 / 1439449710988 / readers=[10, 10, 10, 10, 10, 10, 10, 10, 10, 10] / writers=[11]
OOO / Test #132 / 1439449710988 / readers=[10, 10, 10, 10, 10, 10, 10, 10, 10, 10] / writers=[11]
OOO / Test #102 / 1439449710988 / readers=[9, 10, 9, 9, 9, 9, 9, 9, 9, 9] / writers=[10]
OOO / Test #79 / 1439449710985 / readers=[9, 8, 9, 8, 8, 8, 8, 8, 8, 8] / writers=[9]
OOO / Test #81 / 1439449710985 / readers=[10, 10, 10, 10, 10, 10, 9, 10, 10, 10] / writers=[10]
OOO / Test #134 / 1439449710985 / readers=[12, 13, 13, 13, 13, 13, 13, 13, 13, 12] / writers=[13]
OOO / Test #136 / 1439449710985 / readers=[13, 13, 13, 13, 13, 13, 13, 13, 13, 12] / writers=[13]
OOO / Test #67 / 1439449710985 / readers=[10, 10, 10, 10, 10, 10, 10, 10, 10, 10] / writers=[11]
OOO / Test #112 / 1439449710985 / readers=[10, 9, 9, 9, 9, 9, 9, 9, 9, 9] / writers=[10]
OOO / Test #69 / 1439449710985 / readers=[11, 10, 10, 10, 11, 11, 11, 11, 11, 11] / writers=[11]
OOO / Test #74 / 1439449710985 / readers=[10, 9, 9, 9, 9, 9, 9, 10, 9, 9] / writers=[10]
OOO / Test #71 / 1439449710985 / readers=[9, 9, 8, 8, 8, 8, 8, 8, 8, 8] / writers=[9]
OOO / Test #92 / 1439449710985 / readers=[10, 10, 10, 10, 10, 10, 10, 10, 10, 10] / writers=[11]
OOO / Test #117 / 1439449710980 / readers=[15, 15, 15, 15, 15, 15, 15, 14, 14, 14] / writers=[15]
OOO / Test #78 / 1439449710980 / readers=[10, 9, 9, 9, 9, 9, 9, 9, 9, 9] / writers=[10]
OOO / Test #82 / 1439449710980 / readers=[9, 9, 8, 8, 8, 8, 8, 8, 8, 8] / writers=[9]
OOO / Test #87 / 1439449710980 / readers=[8, 8, 9, 9, 8, 8, 8, 8, 8, 8] / writers=[9]
OOO / Test #113 / 1439449710980 / readers=[10, 9, 9, 9, 9, 9, 9, 9, 9, 9] / writers=[10]
OOO / Test #78 / 1439449711013 / readers=[10, 10, 10, 10, 10, 10, 10, 10, 10, 10] / writers=[11]
OOO / Test #129 / 1439449710980 / readers=[10, 9, 9, 9, 9, 10, 9, 9, 9, 9] / writers=[10]
OOO / Test #87 / 1439449711013 / readers=[9, 9, 10, 9, 9, 9, 9, 9, 9, 9] / writers=[10]
OOO / Test #106 / 1439449710980 / readers=[10, 10, 10, 10, 10, 10, 10, 10, 10, 10] / writers=[11]
OOO / Test #88 / 1439449710980 / readers=[10, 9, 9, 9, 9, 9, 9, 9, 9, 9] / writers=[10]
OOO / Test #135 / 1439449710980 / readers=[10, 10, 9, 9, 9, 9, 9, 9, 9, 9] / writers=[10]
OOO / Test #77 / 1439449710976 / readers=[13, 13, 13, 13, 13, 13, 13, 13, 13, 12] / writers=[13]
OOO / Test #96 / 1439449710976 / readers=[8, 9, 9, 8, 8, 8, 8, 8, 8, 8] / writers=[9]
OOO / Test #76 / 1439449710976 / readers=[14, 14, 14, 14, 14, 14, 14, 14, 13, 13] / writers=[14]
OOO / Test #135 / 1439449711016 / readers=[11, 10, 10, 10, 10, 10, 10, 10, 10, 10] / writers=[11]
OOO / Test #77 / 1439449711016 / readers=[14, 14, 14, 14, 14, 14, 14, 13, 14, 13] / writers=[14]
OOO / Test #68 / 1439449710976 / readers=[10, 9, 9, 9, 9, 9, 9, 9, 9, 9] / writers=[10]
OOO / Test #76 / 1439449711016 / readers=[15, 15, 15, 15, 15, 15, 15, 14, 14, 14] / writers=[15]
OOO / Test #125 / 1439449710976 / readers=[13, 13, 13, 13, 13, 13, 13, 13, 13, 12] / writers=[13]
OOO / Test #93 / 1439449710976 / readers=[9, 9, 8, 9, 8, 8, 8, 8, 8, 8] / writers=[9]
OOO / Test #86 / 1439449710976 / readers=[10, 10, 10, 10, 10, 10, 10, 10, 10, 10] / writers=[11]
OOO / Test #141 / 1439449710976 / readers=[14, 14, 14, 14, 14, 14, 13, 14, 14, 13] / writers=[14]
OOO / Test #91 / 1439449710976 / readers=[9, 8, 8, 8, 9, 8, 8, 8, 8, 8] / writers=[9]
OOO / Test #93 / 1439449711021 / readers=[10, 9, 9, 10, 9, 9, 9, 9, 9, 9] / writers=[10]
OOO / Test #130 / 1439449710976 / readers=[10, 9, 9, 9, 9, 9, 9, 9, 9, 9] / writers=[10]
OOO / Test #116 / 1439449710972 / readers=[13, 13, 13, 13, 13, 13, 13, 13, 13, 12] / writers=[13]
OOO / Test #91 / 1439449711021 / readers=[10, 9, 9, 9, 9, 9, 9, 9, 9, 9] / writers=[10]
OOO / Test #63 / 1439449710972 / readers=[9, 8, 9, 8, 8, 8, 8, 8, 8, 8] / writers=[9]
OOO / Test #130 / 1439449711021 / readers=[10, 10, 10, 10, 10, 10, 10, 10, 10, 10] / writers=[11]
OOO / Test #124 / 1439449710972 / readers=[10, 10, 10, 10, 10, 10, 10, 10, 10, 10] / writers=[11]
OOO / Test #118 / 1439449710972 / readers=[9, 9, 8, 8, 9, 8, 8, 8, 8, 8] / writers=[9]
OOO / Test #85 / 1439449710972 / readers=[13, 13, 13, 13, 13, 13, 13, 13, 13, 12] / writers=[13]
OOO / Test #29 / 1439449710972 / readers=[15, 15, 15, 16, 16, 15, 15, 15, 16, 16] / writers=[16]
OOO / Test #66 / 1439449710972 / readers=[10, 9, 9, 9, 9, 9, 9, 9, 9, 9] / writers=[10]
OOO / Test #9 / 1439449710972 / readers=[37, 37, 37, 38, 38, 38, 38, 38, 37, 37] / writers=[38]
OOO / Test #75 / 1439449710972 / readers=[10, 10, 10, 10, 10, 10, 10, 10, 10, 10] / writers=[11]
OOO / Test #137 / 1439449710972 / readers=[8, 9, 9, 8, 8, 8, 8, 8, 8, 8] / writers=[9]
OOO / Test #144 / 1439449710972 / readers=[9, 9, 8, 8, 8, 8, 8, 8, 8, 8] / writers=[9]
OOO / Test #114 / 1439449710969 / readers=[13, 13, 13, 13, 13, 13, 13, 13, 13, 12] / writers=[13]
OOO / Test #151 / 1439449710969 / readers=[9, 9, 10, 9, 9, 9, 9, 9, 9, 9] / writers=[10]
OOO / Test #128 / 1439449710969 / readers=[10, 9, 9, 9, 9, 9, 9, 9, 9, 9] / writers=[10]
OOO / Test #137 / 1439449711024 / readers=[9, 10, 9, 9, 9, 9, 9, 9, 9, 9] / writers=[10]
OOO / Test #90 / 1439449710969 / readers=[13, 13, 13, 13, 13, 13, 13, 13, 13, 12] / writers=[13]
OOO / Test #122 / 1439449710969 / readers=[14, 14, 14, 14, 14, 14, 14, 14, 13, 13] / writers=[14]
OOO / Test #6 / 1439449710969 / readers=[42, 42, 42, 42, 43, 42, 42, 42, 42, 42] / writers=[43]
OOO / Test #37 / 1439449710969 / readers=[14, 14, 14, 14, 14, 14, 14, 14, 14, 13] / writers=[14]
OOO / Test #8 / 1439449710969 / readers=[36, 35, 35, 36, 36, 36, 36, 35, 36, 35] / writers=[36]
OOO / Test #65 / 1439449710964 / readers=[13, 13, 13, 13, 13, 13, 13, 13, 13, 12] / writers=[13]
OOO / Test #6 / 1439449711026 / readers=[43, 43, 43, 43, 43, 43, 43, 43, 43, 43] / writers=[44]
OOO / Test #10 / 1439449710964 / readers=[20, 20, 19, 19, 19, 19, 19, 19, 19, 20] / writers=[20]
OOO / Test #101 / 1439449710964 / readers=[10, 10, 11, 11, 11, 11, 11, 11, 11, 11] / writers=[11]
OOO / Test #80 / 1439449710964 / readers=[10, 10, 10, 10, 10, 10, 10, 10, 10, 10] / writers=[11]
OOO / Test #16 / 1439449710964 / readers=[25, 25, 25, 25, 25, 25, 25, 25, 24, 24] / writers=[25]
OOO / Test #48 / 1439449710964 / readers=[14, 14, 14, 14, 14, 14, 14, 14, 13, 13] / writers=[14]
OOO / Test #17 / 1439449710964 / readers=[27, 28, 28, 28, 28, 28, 28, 28, 28, 28] / writers=[28]
OOO / Test #139 / 1439449710964 / readers=[9, 9, 9, 10, 9, 9, 9, 9, 9, 9] / writers=[10]
OOO / Test #16 / 1439449711029 / readers=[26, 26, 26, 26, 26, 26, 26, 25, 25, 25] / writers=[26]
OOO / Test #109 / 1439449710964 / readers=[13, 13, 13, 13, 13, 13, 13, 13, 13, 12] / writers=[13]
OOO / Test #127 / 1439449710961 / readers=[10, 9, 9, 9, 9, 9, 9, 9, 10, 9] / writers=[10]
OOO / Test #16 / 1439449711030 / readers=[27, 27, 27, 27, 27, 27, 26, 26, 26, 26] / writers=[27]
OOO / Test #84 / 1439449710961 / readers=[10, 10, 9, 9, 9, 9, 9, 9, 9, 9] / writers=[10]
OOO / Test #109 / 1439449711030 / readers=[14, 14, 14, 14, 14, 14, 14, 14, 13, 13] / writers=[14]
OOO / Test #24 / 1439449710961 / readers=[17, 17, 17, 17, 17, 18, 17, 17, 17, 18] / writers=[18]
OOO / Test #21 / 1439449710961 / readers=[31, 31, 30, 30, 30, 31, 30, 30, 30, 30] / writers=[31]
OOO / Test #73 / 1439449710961 / readers=[12, 12, 12, 12, 12, 12, 13, 13, 12, 12] / writers=[13]
OOO / Test #133 / 1439449710961 / readers=[10, 9, 10, 9, 9, 9, 9, 9, 9, 10] / writers=[10]
OOO / Test #149 / 1439449710961 / readers=[9, 9, 8, 9, 8, 8, 8, 8, 8, 8] / writers=[9]
OOO / Test #52 / 1439449710961 / readers=[15, 15, 15, 15, 15, 14, 14, 15, 15, 14] / writers=[15]
OOO / Test #21 / 1439449711033 / readers=[32, 31, 31, 31, 31, 32, 31, 31, 31, 31] / writers=[32]
OOO / Test #133 / 1439449711033 / readers=[10, 10, 11, 10, 10, 10, 10, 10, 10, 11] / writers=[11]
OOO / Test #154 / 1439449710958 / readers=[9, 9, 8, 8, 8, 8, 8, 8, 8, 8] / writers=[9]
OOO / Test #19 / 1439449710958 / readers=[20, 19, 20, 20, 20, 20, 20, 20, 20, 20] / writers=[20]
OOO / Test #38 / 1439449710958 / readers=[16, 16, 16, 16, 16, 15, 16, 15, 15, 15] / writers=[16]
OOO / Test #42 / 1439449710958 / readers=[14, 14, 14, 14, 14, 14, 14, 14, 13, 13] / writers=[14]
OOO / Test #32 / 1439449710958 / readers=[14, 13, 14, 14, 14, 13, 14, 14, 14, 13] / writers=[14]
OOO / Test #57 / 1439449710958 / readers=[15, 15, 15, 15, 15, 15, 15, 14, 14, 14] / writers=[15]
OOO / Test #155 / 1439449710958 / readers=[11, 10, 10, 10, 10, 10, 10, 10, 11, 11] / writers=[11]
OOO / Test #56 / 1439449710958 / readers=[17, 17, 16, 16, 16, 17, 16, 17, 17, 16] / writers=[17]
OOO / Test #58 / 1439449710958 / readers=[14, 14, 14, 14, 14, 14, 14, 14, 13, 13] / writers=[14]
OOO / Test #42 / 1439449711036 / readers=[15, 15, 15, 15, 15, 15, 15, 14, 14, 14] / writers=[15]
OOO / Test #41 / 1439449710958 / readers=[12, 13, 13, 13, 12, 13, 13, 12, 13, 13] / writers=[13]
OOO / Test #33 / 1439449710958 / readers=[10, 10, 10, 10, 10, 10, 10, 10, 11, 10] / writers=[11]
OOO / Test #145 / 1439449710954 / readers=[10, 10, 9, 10, 10, 9, 9, 9, 10, 9] / writers=[10]
OOO / Test #23 / 1439449710954 / readers=[17, 17, 17, 16, 17, 16, 16, 16, 16, 16] / writers=[17]
OOO / Test #45 / 1439449710954 / readers=[16, 16, 16, 16, 16, 16, 16, 16, 16, 16] / writers=[17]
OOO / Test #34 / 1439449710954 / readers=[14, 14, 14, 14, 14, 14, 14, 13, 14, 13] / writers=[14]
OOO / Test #46 / 1439449710954 / readers=[13, 13, 14, 13, 14, 13, 13, 14, 14, 14] / writers=[14]
OOO / Test #12 / 1439449710954 / readers=[37, 37, 37, 37, 37, 37, 37, 36, 36, 36] / writers=[37]
OOO / Test #45 / 1439449711040 / readers=[19, 19, 19, 19, 19, 18, 19, 19, 19, 19] / writers=[19]
OOO / Test #4 / 1439449710954 / readers=[41, 41, 41, 40, 40, 40, 40, 40, 40, 41] / writers=[41]
OOO / Test #46 / 1439449711040 / readers=[14, 14, 14, 14, 15, 14, 14, 15, 15, 15] / writers=[15]
OOO / Test #26 / 1439449710951 / readers=[16, 16, 16, 16, 16, 16, 15, 16, 16, 16] / writers=[16]
OOO / Test #198 / 1439449710951 / readers=[10, 9, 10, 9, 9, 9, 10, 9, 9, 9] / writers=[10]
OOO / Test #46 / 1439449711040 / readers=[15, 15, 15, 15, 15, 15, 15, 16, 16, 16] / writers=[16]
OOO / Test #146 / 1439449710951 / readers=[10, 9, 9, 9, 10, 9, 9, 9, 9, 9] / writers=[10]
OOO / Test #35 / 1439449710951 / readers=[16, 16, 17, 17, 16, 16, 17, 17, 16, 16] / writers=[17]
OOO / Test #157 / 1439449710951 / readers=[13, 13, 13, 13, 13, 13, 13, 13, 13, 12] / writers=[13]
OOO / Test #14 / 1439449710950 / readers=[41, 42, 42, 42, 42, 41, 41, 41, 42, 42] / writers=[42]
OOO / Test #59 / 1439449710947 / readers=[11, 11, 11, 11, 11, 11, 11, 11, 10, 11] / writers=[11]
OOO / Test #35 / 1439449711043 / readers=[18, 17, 17, 18, 17, 17, 18, 18, 17, 17] / writers=[18]
OOO / Test #55 / 1439449710947 / readers=[15, 16, 16, 16, 16, 16, 16, 15, 15, 15] / writers=[16]
OOO / Test #22 / 1439449710947 / readers=[15, 16, 16, 15, 16, 16, 15, 15, 15, 16] / writers=[16]
OOO / Test #51 / 1439449710947 / readers=[14, 14, 13, 13, 13, 14, 13, 13, 14, 14] / writers=[14]
OOO / Test #167 / 1439449710947 / readers=[13, 13, 13, 13, 13, 13, 13, 13, 13, 12] / writers=[13]
OOO / Test #39 / 1439449710947 / readers=[19, 18, 18, 19, 18, 19, 18, 18, 18, 19] / writers=[19]
OOO / Test #18 / 1439449710944 / readers=[21, 21, 21, 21, 21, 21, 21, 21, 21, 21] / writers=[22]
OOO / Test #148 / 1439449710944 / readers=[10, 10, 10, 10, 10, 11, 10, 10, 10, 11] / writers=[11]
OOO / Test #147 / 1439449710944 / readers=[9, 8, 8, 9, 9, 9, 8, 9, 9, 9] / writers=[9]
OOO / Test #36 / 1439449710944 / readers=[12, 13, 12, 12, 12, 12, 12, 12, 12, 13] / writers=[13]
OOO / Test #62 / 1439449710943 / readers=[13, 13, 13, 14, 14, 14, 14, 14, 14, 14] / writers=[14]
OOO / Test #49 / 1439449710943 / readers=[14, 14, 14, 15, 15, 15, 15, 14, 14, 14] / writers=[15]
OOO / Test #64 / 1439449710943 / readers=[10, 9, 9, 9, 9, 9, 9, 9, 9, 9] / writers=[10]
OOO / Test #97 / 1439449710943 / readers=[9, 9, 10, 9, 9, 9, 9, 9, 9, 9] / writers=[10]
OOO / Test #49 / 1439449711047 / readers=[15, 15, 15, 16, 16, 16, 15, 15, 15, 15] / writers=[16]
OOO / Test #44 / 1439449710940 / readers=[14, 14, 14, 14, 14, 14, 14, 13, 14, 14] / writers=[14]
OOO / Test #28 / 1439449710940 / readers=[14, 15, 14, 15, 14, 14, 15, 15, 14, 15] / writers=[15]
OOO / Test #40 / 1439449710940 / readers=[12, 12, 13, 12, 12, 12, 12, 12, 12, 12] / writers=[13]
OOO / Test #61 / 1439449710940 / readers=[11, 12, 12, 12, 12, 12, 12, 12, 12, 12] / writers=[12]
OOO / Test #162 / 1439449710940 / readers=[10, 10, 10, 10, 10, 10, 10, 10, 10, 10] / writers=[11]
OOO / Test #164 / 1439449710940 / readers=[9, 9, 10, 9, 9, 9, 9, 9, 9, 9] / writers=[10]
OOO / Test #28 / 1439449711051 / readers=[15, 16, 15, 16, 15, 15, 15, 16, 15, 16] / writers=[16]
OOO / Test #40 / 1439449711051 / readers=[13, 13, 13, 13, 13, 13, 13, 13, 13, 13] / writers=[14]
OOO / Test #27 / 1439449710940 / readers=[15, 15, 15, 15, 15, 15, 15, 14, 15, 15] / writers=[15]
OOO / Test #30 / 1439449710940 / readers=[12, 12, 12, 12, 12, 12, 13, 12, 13, 13] / writers=[13]
OOO / Test #180 / 1439449710937 / readers=[9, 9, 9, 9, 9, 9, 9, 9, 9, 10] / writers=[10]
OOO / Test #153 / 1439449710937 / readers=[14, 14, 14, 14, 14, 13, 14, 14, 14, 13] / writers=[14]
OOO / Test #95 / 1439449710937 / readers=[11, 12, 11, 11, 12, 12, 11, 11, 12, 11] / writers=[12]
OOO / Test #152 / 1439449710937 / readers=[9, 9, 8, 8, 8, 8, 8, 8, 8, 8] / writers=[9]
OOO / Test #31 / 1439449710937 / readers=[13, 13, 13, 13, 14, 13, 13, 13, 13, 14] / writers=[14]
OOO / Test #43 / 1439449710937 / readers=[16, 17, 17, 17, 17, 17, 17, 17, 17, 16] / writers=[17]
OOO / Test #95 / 1439449711055 / readers=[12, 13, 12, 12, 13, 13, 12, 12, 12, 12] / writers=[13]
OOO / Test #152 / 1439449711055 / readers=[9, 9, 9, 9, 9, 9, 9, 9, 9, 9] / writers=[10]
OOO / Test #100 / 1439449710937 / readers=[14, 14, 14, 14, 14, 14, 14, 14, 13, 13] / writers=[14]
OOO / Test #54 / 1439449710937 / readers=[15, 15, 15, 15, 15, 15, 15, 15, 15, 15] / writers=[16]
OOO / Test #60 / 1439449710934 / readers=[13, 13, 13, 14, 14, 14, 14, 14, 14, 13] / writers=[14]
OOO / Test #15 / 1439449710934 / readers=[32, 32, 31, 32, 32, 32, 32, 32, 32, 32] / writers=[32]
OOO / Test #152 / 1439449711055 / readers=[11, 12, 12, 12, 12, 12, 12, 12, 12, 12] / writers=[12]
OOO / Test #100 / 1439449711055 / readers=[15, 15, 15, 15, 15, 15, 15, 14, 14, 14] / writers=[15]
OOO / Test #20 / 1439449710934 / readers=[17, 17, 16, 17, 17, 17, 16, 16, 17, 17] / writers=[17]
OOO / Test #178 / 1439449710934 / readers=[13, 13, 13, 14, 14, 14, 13, 13, 14, 14] / writers=[14]
OOO / Test #150 / 1439449710934 / readers=[11, 11, 12, 12, 12, 12, 12, 12, 12, 12] / writers=[12]
OOO / Test #160 / 1439449710934 / readers=[10, 10, 10, 10, 10, 10, 10, 10, 10, 10] / writers=[11]
OOO / Test #192 / 1439449710933 / readers=[15, 15, 15, 15, 15, 15, 14, 15, 14, 14] / writers=[15]
OOO / Test #163 / 1439449710930 / readers=[13, 13, 13, 13, 13, 13, 13, 13, 13, 12] / writers=[13]
OOO / Test #13 / 1439449710930 / readers=[32, 32, 32, 32, 32, 32, 32, 32, 32, 32] / writers=[33]
OOO / Test #161 / 1439449710930 / readers=[10, 10, 10, 10, 10, 10, 10, 10, 10, 10] / writers=[11]
OOO / Test #181 / 1439449710930 / readers=[9, 9, 9, 9, 9, 9, 10, 9, 9, 9] / writers=[10]
OOO / Test #163 / 1439449711058 / readers=[14, 14, 14, 14, 14, 14, 14, 14, 13, 13] / writers=[14]
OOO / Test #190 / 1439449710930 / readers=[13, 13, 13, 13, 13, 13, 13, 13, 13, 12] / writers=[13]
OOO / Test #156 / 1439449710930 / readers=[9, 9, 9, 8, 8, 8, 8, 8, 8, 8] / writers=[9]
OOO / Test #158 / 1439449710930 / readers=[9, 9, 9, 9, 9, 9, 9, 9, 9, 9] / writers=[10]
OOO / Test #166 / 1439449710930 / readers=[11, 10, 10, 11, 11, 11, 11, 11, 11, 11] / writers=[11]
OOO / Test #182 / 1439449710927 / readers=[10, 9, 9, 9, 9, 9, 9, 9, 9, 9] / writers=[10]
OOO / Test #177 / 1439449710927 / readers=[8, 8, 9, 8, 8, 8, 8, 8, 8, 8] / writers=[9]
OOO / Test #7 / 1439449710927 / readers=[21, 21, 21, 21, 21, 21, 21, 21, 21, 21] / writers=[22]
OOO / Test #166 / 1439449711062 / readers=[11, 11, 11, 12, 12, 12, 12, 12, 12, 12] / writers=[12]
OOO / Test #177 / 1439449711062 / readers=[9, 9, 9, 9, 9, 9, 9, 9, 9, 9] / writers=[10]
OOO / Test #176 / 1439449710927 / readers=[9, 9, 9, 9, 9, 9, 9, 9, 10, 9] / writers=[10]
OOO / Test #168 / 1439449710927 / readers=[10, 9, 9, 9, 9, 9, 9, 9, 9, 9] / writers=[10]
OOO / Test #173 / 1439449710927 / readers=[10, 10, 10, 10, 10, 10, 10, 10, 10, 10] / writers=[11]
OOO / Test #196 / 1439449710927 / readers=[8, 8, 8, 7, 7, 7, 7, 7, 7, 7] / writers=[8]
OOO / Test #191 / 1439449710927 / readers=[8, 8, 8, 7, 7, 7, 7, 7, 7, 7] / writers=[8]
OOO / Test #169 / 1439449710927 / readers=[8, 8, 7, 7, 7, 8, 7, 7, 7, 7] / writers=[8]
OOO / Test #171 / 1439449710923 / readers=[8, 8, 8, 8, 7, 7, 7, 7, 7, 7] / writers=[8]
OOO / Test #196 / 1439449711065 / readers=[9, 8, 9, 8, 8, 8, 8, 8, 8, 8] / writers=[9]
OOO / Test #174 / 1439449710923 / readers=[8, 8, 8, 7, 7, 7, 7, 7, 7, 7] / writers=[8]
OOO / Test #200 / 1439449710923 / readers=[8, 8, 8, 7, 7, 7, 7, 7, 7, 7] / writers=[8]
OOO / Test #171 / 1439449711066 / readers=[9, 9, 9, 8, 8, 8, 8, 8, 8, 8] / writers=[9]
OOO / Test #170 / 1439449710923 / readers=[9, 9, 8, 8, 8, 8, 8, 8, 8, 8] / writers=[9]
OOO / Test #197 / 1439449710923 / readers=[8, 8, 8, 7, 7, 7, 7, 7, 7, 7] / writers=[8]
OOO / Test #187 / 1439449710923 / readers=[10, 10, 10, 10, 10, 10, 10, 10, 10, 10] / writers=[11]
OOO / Test #165 / 1439449710923 / readers=[7, 7, 7, 6, 6, 6, 6, 6, 6, 6] / writers=[7]
OOO / Test #193 / 1439449710923 / readers=[8, 8, 8, 7, 7, 7, 7, 7, 7, 7] / writers=[8]
OOO / Test #186 / 1439449710923 / readers=[9, 9, 8, 8, 8, 8, 8, 8, 8, 8] / writers=[9]
OOO / Test #194 / 1439449710923 / readers=[10, 9, 9, 9, 9, 9, 9, 9, 9, 9] / writers=[10]
OOO / Test #199 / 1439449710923 / readers=[12, 12, 12, 12, 13, 13, 13, 12, 13, 12] / writers=[13]
OOO / Test #159 / 1439449710921 / readers=[10, 11, 11, 11, 11, 11, 11, 11, 11, 11] / writers=[11]
OOO / Test #186 / 1439449711069 / readers=[10, 9, 9, 9, 9, 9, 9, 9, 9, 9] / writers=[10]
OOO / Test #184 / 1439449710921 / readers=[8, 8, 8, 7, 7, 7, 7, 7, 7, 7] / writers=[8]
OOO / Test #188 / 1439449710921 / readers=[9, 9, 8, 8, 8, 8, 8, 8, 8, 8] / writers=[9]
OOO / Test #159 / 1439449711069 / readers=[11, 12, 12, 12, 12, 12, 11, 12, 12, 12] / writers=[12]
OOO / Test #185 / 1439449710921 / readers=[10, 9, 9, 9, 9, 9, 9, 9, 9, 9] / writers=[10]
OOO / Test #11 / 1439449710921 / readers=[37, 37, 38, 37, 38, 38, 38, 37, 37, 37] / writers=[38]
OOO / Test #179 / 1439449710920 / readers=[10, 10, 10, 10, 10, 10, 10, 10, 10, 10] / writers=[11]
OOO / Test #185 / 1439449711072 / readers=[10, 10, 10, 10, 10, 10, 10, 10, 10, 10] / writers=[11]
OOO / Test #195 / 1439449710920 / readers=[9, 9, 8, 8, 8, 8, 8, 8, 8, 8] / writers=[9]
OOO / Test #50 / 1439449710920 / readers=[15, 15, 15, 14, 15, 15, 15, 15, 15, 14] / writers=[15]
OOO / Test #183 / 1439449710918 / readers=[10, 9, 9, 9, 9, 9, 9, 9, 9, 9] / writers=[10]
OOO / Test #172 / 1439449710918 / readers=[10, 9, 9, 9, 9, 9, 9, 9, 9, 9] / writers=[10]
OOO / Test #3 / 1439449710917 / readers=[35, 35, 35, 35, 36, 36, 36, 35, 36, 35] / writers=[36]
OOO / Test #47 / 1439449710917 / readers=[12, 12, 12, 12, 12, 12, 12, 12, 12, 12] / writers=[13]
OOO / Test #189 / 1439449710917 / readers=[7, 7, 7, 7, 6, 6, 6, 6, 6, 6] / writers=[7]
OOO / Test #175 / 1439449710917 / readers=[11, 10, 10, 10, 10, 11, 11, 11, 11, 11] / writers=[11]
OOO / Test #2 / 1439449710917 / readers=[21, 20, 21, 21, 20, 20, 20, 20, 20, 20] / writers=[21]
OOO / Test #53 / 1439449710917 / readers=[8, 7, 7, 8, 7, 7, 8, 8, 7, 8] / writers=[8]
OOO / Test #2 / 1439449711076 / readers=[21, 21, 22, 22, 21, 21, 21, 21, 21, 21] / writers=[22]
OOO / Test #175 / 1439449711076 / readers=[11, 11, 11, 11, 11, 12, 12, 12, 12, 12] / writers=[12]
OOO / Test #53 / 1439449711076 / readers=[9, 8, 8, 9, 8, 8, 8, 9, 8, 9] / writers=[9]
OOO / Test #47 / 1439449711073 / readers=[15, 15, 15, 15, 15, 15, 15, 15, 14, 15] / writers=[15]
OOO / Test #189 / 1439449711073 / readers=[8, 8, 8, 7, 7, 7, 7, 7, 7, 7] / writers=[8]
OOO / Test #172 / 1439449711073 / readers=[10, 10, 10, 10, 10, 10, 10, 10, 10, 10] / writers=[11]
OOO / Test #3 / 1439449711073 / readers=[36, 36, 36, 36, 37, 37, 37, 36, 36, 36] / writers=[37]
OOO / Test #183 / 1439449711072 / readers=[10, 10, 10, 10, 10, 10, 10, 10, 10, 10] / writers=[11]
OOO / Test #50 / 1439449711072 / readers=[16, 16, 16, 15, 15, 16, 16, 16, 16, 15] / writers=[16]
OOO / Test #185 / 1439449711072 / readers=[13, 13, 13, 13, 13, 13, 13, 13, 13, 12] / writers=[13]
OOO / Test #179 / 1439449711072 / readers=[13, 13, 13, 13, 13, 13, 13, 13, 13, 12] / writers=[13]
OOO / Test #195 / 1439449711072 / readers=[10, 9, 9, 9, 9, 9, 9, 9, 9, 9] / writers=[10]
OOO / Test #11 / 1439449711072 / readers=[38, 38, 39, 38, 39, 39, 38, 38, 38, 38] / writers=[39]
OOO / Test #159 / 1439449711069 / readers=[13, 13, 12, 13, 13, 13, 12, 13, 13, 13] / writers=[13]
OOO / Test #188 / 1439449711069 / readers=[10, 9, 9, 9, 9, 9, 9, 9, 9, 9] / writers=[10]
OOO / Test #184 / 1439449711069 / readers=[9, 8, 9, 8, 8, 8, 8, 8, 8, 8] / writers=[9]
OOO / Test #186 / 1439449711069 / readers=[10, 10, 10, 10, 10, 10, 10, 10, 10, 10] / writers=[11]
OOO / Test #199 / 1439449711069 / readers=[13, 13, 13, 13, 14, 14, 14, 13, 13, 13] / writers=[14]
OOO / Test #194 / 1439449711069 / readers=[10, 10, 10, 10, 10, 10, 10, 10, 10, 10] / writers=[11]
OOO / Test #193 / 1439449711069 / readers=[8, 9, 9, 8, 8, 8, 8, 8, 8, 8] / writers=[9]
OOO / Test #187 / 1439449711069 / readers=[13, 13, 13, 13, 13, 13, 13, 13, 13, 12] / writers=[13]
OOO / Test #165 / 1439449711069 / readers=[8, 8, 7, 7, 7, 7, 7, 7, 7, 7] / writers=[8]
OOO / Test #197 / 1439449711066 / readers=[9, 9, 8, 8, 8, 8, 8, 8, 8, 8] / writers=[9]
OOO / Test #170 / 1439449711066 / readers=[10, 9, 9, 9, 9, 9, 9, 9, 9, 9] / writers=[10]
OOO / Test #200 / 1439449711066 / readers=[9, 9, 8, 8, 8, 8, 8, 8, 8, 8] / writers=[9]
OOO / Test #171 / 1439449711066 / readers=[10, 10, 9, 9, 9, 9, 9, 9, 9, 9] / writers=[10]
OOO / Test #174 / 1439449711066 / readers=[9, 9, 8, 8, 8, 8, 8, 8, 8, 8] / writers=[9]
OOO / Test #196 / 1439449711066 / readers=[10, 9, 9, 9, 9, 9, 9, 9, 9, 9] / writers=[10]
OOO / Test #169 / 1439449711066 / readers=[9, 8, 8, 8, 8, 9, 8, 8, 8, 8] / writers=[9]
OOO / Test #191 / 1439449711066 / readers=[9, 9, 8, 8, 8, 8, 8, 8, 8, 8] / writers=[9]
OOO / Test #173 / 1439449711065 / readers=[13, 13, 13, 13, 13, 13, 13, 13, 13, 12] / writers=[13]
OOO / Test #168 / 1439449711065 / readers=[10, 10, 10, 10, 10, 10, 10, 10, 10, 10] / writers=[11]
OOO / Test #176 / 1439449711062 / readers=[10, 10, 10, 10, 10, 10, 10, 10, 10, 10] / writers=[11]
OOO / Test #191 / 1439449711086 / readers=[10, 9, 9, 9, 9, 9, 9, 9, 9, 9] / writers=[10]
OOO / Test #173 / 1439449711086 / readers=[14, 14, 14, 14, 14, 14, 14, 14, 13, 13] / writers=[14]
OOO / Test #177 / 1439449711062 / readers=[11, 12, 12, 12, 12, 12, 12, 12, 12, 12] / writers=[12]
OOO / Test #7 / 1439449711062 / readers=[23, 24, 23, 24, 24, 24, 24, 24, 24, 24] / writers=[24]
OOO / Test #173 / 1439449711086 / readers=[15, 15, 15, 15, 15, 15, 15, 14, 14, 14] / writers=[15]
OOO / Test #166 / 1439449711062 / readers=[12, 12, 12, 13, 13, 13, 13, 13, 13, 12] / writers=[13]
OOO / Test #177 / 1439449711086 / readers=[12, 13, 13, 13, 13, 13, 13, 13, 13, 12] / writers=[13]
OOO / Test #158 / 1439449711062 / readers=[11, 12, 12, 12, 12, 12, 12, 12, 12, 12] / writers=[12]
OOO / Test #182 / 1439449711062 / readers=[10, 10, 10, 10, 10, 10, 10, 10, 10, 10] / writers=[11]
OOO / Test #156 / 1439449711062 / readers=[10, 10, 9, 9, 9, 9, 9, 9, 9, 9] / writers=[10]
OOO / Test #190 / 1439449711062 / readers=[13, 14, 14, 14, 14, 14, 14, 14, 14, 13] / writers=[14]
OOO / Test #158 / 1439449711089 / readers=[12, 13, 13, 13, 13, 13, 13, 13, 13, 12] / writers=[13]
OOO / Test #163 / 1439449711062 / readers=[15, 15, 15, 15, 15, 15, 15, 14, 14, 14] / writers=[15]
OOO / Test #181 / 1439449711059 / readers=[10, 10, 10, 10, 10, 10, 10, 10, 10, 10] / writers=[11]
OOO / Test #190 / 1439449711089 / readers=[14, 15, 15, 15, 15, 15, 15, 15, 14, 14] / writers=[15]
OOO / Test #161 / 1439449711059 / readers=[13, 13, 13, 13, 13, 13, 13, 13, 13, 12] / writers=[13]
OOO / Test #13 / 1439449711059 / readers=[35, 35, 35, 35, 35, 35, 35, 35, 35, 34] / writers=[35]
OOO / Test #160 / 1439449711059 / readers=[13, 13, 13, 13, 13, 13, 13, 13, 13, 12] / writers=[13]
OOO / Test #192 / 1439449711058 / readers=[16, 16, 16, 16, 16, 15, 15, 16, 15, 15] / writers=[16]
OOO / Test #150 / 1439449711058 / readers=[12, 12, 13, 13, 13, 13, 13, 13, 13, 12] / writers=[13]
OOO / Test #178 / 1439449711058 / readers=[14, 14, 14, 15, 15, 15, 14, 14, 15, 14] / writers=[15]
OOO / Test #20 / 1439449711058 / readers=[18, 18, 17, 18, 18, 17, 17, 17, 18, 18] / writers=[18]
OOO / Test #100 / 1439449711058 / readers=[16, 16, 16, 16, 15, 16, 16, 15, 15, 15] / writers=[16]
OOO / Test #54 / 1439449711055 / readers=[18, 18, 18, 18, 17, 18, 18, 18, 18, 18] / writers=[18]
OOO / Test #152 / 1439449711055 / readers=[12, 13, 13, 13, 13, 12, 13, 13, 13, 13] / writers=[13]
OOO / Test #20 / 1439449711093 / readers=[19, 19, 18, 19, 18, 18, 18, 18, 19, 19] / writers=[19]
OOO / Test #15 / 1439449711055 / readers=[33, 32, 32, 33, 33, 33, 33, 33, 33, 33] / writers=[33]
OOO / Test #54 / 1439449711093 / readers=[19, 19, 19, 19, 18, 19, 19, 19, 18, 19] / writers=[19]
OOO / Test #60 / 1439449711055 / readers=[14, 14, 14, 14, 15, 15, 15, 15, 15, 14] / writers=[15]
OOO / Test #95 / 1439449711055 / readers=[13, 14, 13, 13, 13, 14, 13, 13, 13, 13] / writers=[14]
OOO / Test #43 / 1439449711055 / readers=[17, 18, 18, 18, 18, 18, 18, 17, 18, 17] / writers=[18]
OOO / Test #31 / 1439449711055 / readers=[14, 14, 14, 14, 14, 14, 14, 14, 14, 15] / writers=[15]
OOO / Test #180 / 1439449711051 / readers=[10, 10, 10, 10, 10, 10, 10, 10, 10, 10] / writers=[11]
OOO / Test #153 / 1439449711051 / readers=[15, 15, 15, 15, 15, 14, 15, 15, 14, 14] / writers=[15]
OOO / Test #30 / 1439449711051 / readers=[13, 13, 13, 13, 13, 13, 14, 13, 13, 14] / writers=[14]
OOO / Test #27 / 1439449711051 / readers=[16, 16, 16, 16, 16, 16, 15, 15, 16, 16] / writers=[16]
OOO / Test #40 / 1439449711051 / readers=[15, 16, 16, 16, 16, 16, 16, 16, 16, 16] / writers=[16]
OOO / Test #164 / 1439449711051 / readers=[10, 10, 10, 10, 10, 10, 10, 10, 10, 10] / writers=[11]
OOO / Test #162 / 1439449711051 / readers=[13, 13, 13, 13, 13, 13, 13, 13, 13, 12] / writers=[13]
OOO / Test #28 / 1439449711051 / readers=[16, 17, 16, 17, 16, 16, 16, 16, 16, 17] / writers=[17]
OOO / Test #61 / 1439449711051 / readers=[12, 13, 12, 13, 13, 13, 13, 13, 13, 13] / writers=[13]
OOO / Test #44 / 1439449711047 / readers=[15, 15, 15, 15, 15, 15, 14, 14, 15, 15] / writers=[15]
OOO / Test #97 / 1439449711047 / readers=[10, 10, 10, 10, 10, 10, 10, 10, 10, 10] / writers=[11]
OOO / Test #64 / 1439449711047 / readers=[10, 10, 10, 10, 10, 10, 10, 10, 10, 10] / writers=[11]
OOO / Test #49 / 1439449711047 / readers=[16, 16, 16, 17, 17, 16, 16, 16, 16, 16] / writers=[17]
OOO / Test #62 / 1439449711047 / readers=[14, 14, 14, 14, 15, 15, 15, 15, 15, 15] / writers=[15]
OOO / Test #36 / 1439449711047 / readers=[13, 13, 13, 13, 13, 13, 13, 13, 13, 14] / writers=[14]
OOO / Test #18 / 1439449711047 / readers=[24, 24, 24, 24, 24, 24, 24, 24, 23, 24] / writers=[24]
OOO / Test #64 / 1439449711099 / readers=[13, 13, 13, 13, 13, 13, 13, 13, 13, 12] / writers=[13]
OOO / Test #49 / 1439449711099 / readers=[17, 17, 17, 18, 17, 17, 17, 17, 17, 17] / writers=[18]
OOO / Test #147 / 1439449711047 / readers=[9, 9, 9, 10, 10, 10, 9, 10, 10, 10] / writers=[10]
OOO / Test #148 / 1439449711047 / readers=[11, 11, 11, 11, 11, 11, 11, 11, 11, 12] / writers=[12]
OOO / Test #49 / 1439449711102 / readers=[18, 18, 18, 18, 18, 18, 18, 18, 18, 18] / writers=[19]
OOO / Test #39 / 1439449711043 / readers=[20, 19, 19, 20, 19, 19, 19, 19, 19, 20] / writers=[20]
OOO / Test #167 / 1439449711043 / readers=[14, 14, 14, 14, 14, 14, 14, 13, 14, 13] / writers=[14]
OOO / Test #147 / 1439449711103 / readers=[10, 10, 10, 10, 11, 11, 10, 11, 11, 11] / writers=[11]
OOO / Test #51 / 1439449711043 / readers=[15, 15, 14, 14, 14, 15, 14, 14, 14, 15] / writers=[15]
OOO / Test #22 / 1439449711043 / readers=[16, 16, 17, 16, 17, 17, 16, 16, 16, 17] / writers=[17]
OOO / Test #55 / 1439449711043 / readers=[16, 17, 17, 17, 17, 17, 16, 16, 16, 16] / writers=[17]
OOO / Test #51 / 1439449711103 / readers=[16, 16, 15, 15, 15, 16, 15, 15, 15, 15] / writers=[16]
OOO / Test #35 / 1439449711043 / readers=[19, 18, 18, 18, 18, 18, 19, 19, 18, 18] / writers=[19]
OOO / Test #14 / 1439449711043 / readers=[42, 43, 43, 43, 42, 42, 42, 42, 43, 43] / writers=[43]
OOO / Test #59 / 1439449711043 / readers=[12, 12, 12, 12, 12, 12, 12, 11, 11, 12] / writers=[12]
OOO / Test #35 / 1439449711106 / readers=[20, 19, 19, 19, 19, 19, 20, 19, 19, 19] / writers=[20]
OOO / Test #14 / 1439449711106 / readers=[43, 44, 44, 43, 43, 43, 43, 43, 44, 44] / writers=[44]
OOO / Test #157 / 1439449711043 / readers=[14, 14, 14, 14, 14, 14, 14, 14, 13, 13] / writers=[14]
OOO / Test #59 / 1439449711106 / readers=[13, 13, 13, 13, 13, 13, 13, 12, 12, 12] / writers=[13]
OOO / Test #146 / 1439449711043 / readers=[10, 10, 10, 10, 11, 10, 10, 10, 10, 10] / writers=[11]
OOO / Test #46 / 1439449711040 / readers=[16, 16, 16, 16, 16, 16, 16, 17, 16, 17] / writers=[17]
OOO / Test #157 / 1439449711106 / readers=[15, 15, 15, 15, 15, 15, 15, 14, 14, 14] / writers=[15]
OOO / Test #198 / 1439449711040 / readers=[10, 10, 11, 10, 10, 10, 11, 10, 10, 10] / writers=[11]
OOO / Test #26 / 1439449711040 / readers=[17, 17, 17, 17, 17, 17, 16, 16, 17, 17] / writers=[17]
OOO / Test #4 / 1439449711040 / readers=[42, 42, 42, 41, 41, 41, 41, 41, 41, 41] / writers=[42]
OOO / Test #12 / 1439449711040 / readers=[38, 38, 38, 38, 38, 38, 37, 37, 37, 37] / writers=[38]
OOO / Test #45 / 1439449711040 / readers=[20, 20, 20, 20, 20, 20, 20, 20, 20, 19] / writers=[20]
OOO / Test #34 / 1439449711040 / readers=[14, 15, 15, 15, 15, 15, 15, 14, 15, 14] / writers=[15]
OOO / Test #145 / 1439449711037 / readers=[10, 11, 10, 11, 11, 10, 10, 10, 11, 10] / writers=[11]
OOO / Test #23 / 1439449711037 / readers=[18, 18, 18, 17, 17, 17, 17, 17, 17, 17] / writers=[18]
OOO / Test #45 / 1439449711109 / readers=[21, 21, 21, 21, 21, 20, 20, 21, 21, 20] / writers=[21]
OOO / Test #33 / 1439449711037 / readers=[11, 11, 11, 11, 11, 11, 11, 11, 11, 11] / writers=[12]
OOO / Test #145 / 1439449711109 / readers=[11, 12, 11, 12, 12, 11, 11, 11, 11, 11] / writers=[12]
OOO / Test #41 / 1439449711037 / readers=[13, 14, 14, 14, 13, 14, 14, 13, 13, 14] / writers=[14]
OOO / Test #42 / 1439449711037 / readers=[16, 16, 16, 16, 16, 16, 15, 15, 15, 15] / writers=[16]
OOO / Test #58 / 1439449711037 / readers=[15, 14, 15, 15, 15, 15, 15, 15, 14, 14] / writers=[15]
OOO / Test #56 / 1439449711036 / readers=[18, 18, 17, 17, 17, 17, 17, 18, 18, 17] / writers=[18]
OOO / Test #155 / 1439449711036 / readers=[11, 11, 11, 11, 11, 11, 11, 11, 12, 12] / writers=[12]
OOO / Test #57 / 1439449711036 / readers=[16, 16, 15, 16, 16, 16, 16, 15, 15, 15] / writers=[16]
OOO / Test #56 / 1439449711113 / readers=[19, 19, 18, 18, 18, 18, 18, 18, 19, 18] / writers=[19]
OOO / Test #32 / 1439449711036 / readers=[15, 14, 15, 15, 15, 14, 14, 15, 15, 14] / writers=[15]
OOO / Test #38 / 1439449711033 / readers=[17, 17, 17, 17, 17, 16, 16, 16, 16, 16] / writers=[17]
OOO / Test #56 / 1439449711113 / readers=[20, 20, 19, 19, 19, 19, 19, 19, 19, 19] / writers=[20]
OOO / Test #19 / 1439449711033 / readers=[20, 20, 21, 21, 21, 21, 21, 21, 20, 20] / writers=[21]
OOO / Test #154 / 1439449711033 / readers=[10, 9, 9, 9, 9, 9, 9, 9, 9, 9] / writers=[10]
OOO / Test #133 / 1439449711033 / readers=[11, 11, 11, 11, 11, 11, 11, 11, 11, 12] / writers=[12]
OOO / Test #21 / 1439449711033 / readers=[32, 32, 32, 32, 32, 33, 32, 32, 32, 32] / writers=[33]
OOO / Test #52 / 1439449711033 / readers=[16, 16, 16, 16, 16, 15, 15, 16, 15, 15] / writers=[16]
OOO / Test #149 / 1439449711033 / readers=[10, 9, 9, 10, 9, 9, 9, 9, 9, 9] / writers=[10]
OOO / Test #73 / 1439449711033 / readers=[13, 13, 13, 13, 13, 13, 14, 13, 13, 13] / writers=[14]
OOO / Test #21 / 1439449711116 / readers=[33, 33, 33, 33, 33, 33, 33, 33, 33, 33] / writers=[34]
OOO / Test #24 / 1439449711030 / readers=[18, 18, 18, 18, 18, 19, 18, 18, 18, 18] / writers=[19]
OOO / Test #52 / 1439449711116 / readers=[17, 17, 17, 17, 17, 16, 16, 16, 16, 16] / writers=[17]
OOO / Test #109 / 1439449711030 / readers=[15, 15, 15, 15, 15, 15, 15, 14, 14, 14] / writers=[15]
OOO / Test #84 / 1439449711030 / readers=[11, 10, 10, 10, 10, 10, 10, 10, 10, 10] / writers=[11]
OOO / Test #127 / 1439449711030 / readers=[10, 10, 10, 10, 10, 10, 10, 10, 11, 10] / writers=[11]
OOO / Test #16 / 1439449711030 / readers=[28, 28, 28, 28, 28, 27, 27, 27, 27, 27] / writers=[28]
OOO / Test #109 / 1439449711120 / readers=[16, 16, 16, 16, 16, 16, 15, 15, 15, 15] / writers=[16]
OOO / Test #139 / 1439449711030 / readers=[10, 10, 10, 10, 10, 10, 10, 10, 10, 10] / writers=[11]
OOO / Test #127 / 1439449711120 / readers=[11, 11, 11, 11, 11, 11, 11, 11, 11, 11] / writers=[12]
OOO / Test #17 / 1439449711030 / readers=[28, 28, 29, 29, 29, 29, 29, 29, 29, 29] / writers=[29]
OOO / Test #48 / 1439449711029 / readers=[15, 15, 15, 15, 15, 15, 15, 14, 14, 14] / writers=[15]
OOO / Test #80 / 1439449711027 / readers=[13, 13, 13, 13, 13, 13, 13, 12, 13, 13] / writers=[13]
OOO / Test #6 / 1439449711027 / readers=[46, 46, 46, 46, 46, 46, 46, 46, 46, 45] / writers=[46]
OOO / Test #101 / 1439449711027 / readers=[11, 11, 12, 12, 12, 12, 12, 12, 12, 11] / writers=[12]
OOO / Test #10 / 1439449711027 / readers=[21, 21, 20, 20, 20, 20, 20, 20, 20, 20] / writers=[21]
OOO / Test #65 / 1439449711026 / readers=[14, 14, 14, 14, 14, 14, 14, 14, 13, 13] / writers=[14]
OOO / Test #8 / 1439449711026 / readers=[37, 36, 36, 37, 37, 37, 36, 36, 37, 36] / writers=[37]
OOO / Test #37 / 1439449711026 / readers=[15, 15, 15, 15, 15, 15, 15, 15, 14, 14] / writers=[15]
OOO / Test #65 / 1439449711123 / readers=[15, 15, 15, 15, 15, 15, 15, 14, 14, 14] / writers=[15]
OOO / Test #122 / 1439449711026 / readers=[15, 15, 15, 15, 15, 15, 15, 14, 14, 14] / writers=[15]
OOO / Test #8 / 1439449711123 / readers=[37, 37, 37, 38, 38, 38, 37, 37, 38, 37] / writers=[38]
OOO / Test #37 / 1439449711123 / readers=[16, 16, 16, 16, 16, 15, 16, 16, 15, 15] / writers=[16]
OOO / Test #90 / 1439449711026 / readers=[14, 14, 14, 14, 14, 14, 14, 14, 13, 13] / writers=[14]
OOO / Test #137 / 1439449711026 / readers=[10, 10, 10, 10, 10, 10, 10, 10, 10, 10] / writers=[11]
OOO / Test #128 / 1439449711024 / readers=[10, 10, 10, 10, 10, 10, 10, 10, 10, 10] / writers=[11]
OOO / Test #151 / 1439449711024 / readers=[10, 10, 10, 10, 10, 10, 10, 10, 10, 10] / writers=[11]
OOO / Test #144 / 1439449711024 / readers=[10, 9, 9, 9, 9, 9, 9, 9, 9, 9] / writers=[10]
OOO / Test #114 / 1439449711024 / readers=[14, 14, 14, 14, 14, 14, 14, 14, 13, 13] / writers=[14]
OOO / Test #75 / 1439449711024 / readers=[13, 13, 13, 13, 13, 13, 13, 13, 13, 12] / writers=[13]
OOO / Test #9 / 1439449711024 / readers=[38, 38, 38, 38, 39, 39, 39, 39, 38, 38] / writers=[39]
OOO / Test #128 / 1439449711126 / readers=[13, 13, 13, 13, 13, 13, 13, 13, 13, 12] / writers=[13]
OOO / Test #66 / 1439449711024 / readers=[10, 10, 10, 10, 10, 10, 10, 10, 10, 10] / writers=[11]
OOO / Test #29 / 1439449711024 / readers=[16, 16, 16, 17, 17, 16, 16, 16, 16, 17] / writers=[17]
OOO / Test #128 / 1439449711126 / readers=[14, 14, 14, 14, 14, 14, 14, 14, 13, 13] / writers=[14]
OOO / Test #85 / 1439449711024 / readers=[14, 14, 14, 14, 14, 14, 13, 14, 14, 13] / writers=[14]
OOO / Test #118 / 1439449711024 / readers=[10, 9, 9, 9, 10, 9, 9, 9, 9, 9] / writers=[10]
OOO / Test #124 / 1439449711021 / readers=[13, 13, 13, 13, 13, 13, 13, 13, 13, 12] / writers=[13]
OOO / Test #130 / 1439449711021 / readers=[13, 13, 13, 13, 13, 13, 13, 13, 13, 12] / writers=[13]
OOO / Test #63 / 1439449711021 / readers=[10, 9, 9, 9, 9, 9, 9, 9, 9, 9] / writers=[10]
OOO / Test #116 / 1439449711021 / readers=[14, 14, 14, 14, 14, 14, 14, 14, 13, 13] / writers=[14]
OOO / Test #124 / 1439449711129 / readers=[14, 14, 14, 14, 14, 14, 14, 14, 13, 13] / writers=[14]
OOO / Test #91 / 1439449711021 / readers=[10, 10, 10, 10, 10, 10, 10, 10, 10, 10] / writers=[11]
OOO / Test #93 / 1439449711021 / readers=[10, 10, 10, 11, 10, 10, 10, 10, 10, 10] / writers=[11]
OOO / Test #86 / 1439449711021 / readers=[13, 13, 13, 13, 13, 13, 13, 13, 13, 12] / writers=[13]
OOO / Test #141 / 1439449711021 / readers=[15, 15, 15, 15, 15, 15, 14, 15, 14, 14] / writers=[15]
OOO / Test #125 / 1439449711016 / readers=[14, 14, 14, 14, 14, 14, 14, 13, 14, 13] / writers=[14]
OOO / Test #76 / 1439449711016 / readers=[16, 16, 16, 16, 16, 16, 15, 15, 15, 15] / writers=[16]
OOO / Test #68 / 1439449711016 / readers=[10, 10, 10, 10, 10, 10, 10, 10, 10, 10] / writers=[11]
OOO / Test #141 / 1439449711131 / readers=[16, 16, 16, 16, 16, 16, 15, 15, 15, 15] / writers=[16]
OOO / Test #77 / 1439449711016 / readers=[15, 15, 15, 15, 15, 15, 15, 14, 14, 14] / writers=[15]
OOO / Test #76 / 1439449711131 / readers=[17, 17, 17, 17, 17, 16, 16, 16, 16, 16] / writers=[17]
OOO / Test #141 / 1439449711131 / readers=[17, 17, 17, 17, 17, 16, 16, 16, 16, 16] / writers=[17]
OOO / Test #135 / 1439449711016 / readers=[11, 11, 11, 11, 11, 11, 11, 11, 11, 11] / writers=[12]
OOO / Test #96 / 1439449711016 / readers=[9, 10, 9, 9, 9, 9, 9, 9, 9, 9] / writers=[10]
OOO / Test #88 / 1439449711016 / readers=[10, 10, 10, 10, 10, 10, 10, 10, 10, 10] / writers=[11]
OOO / Test #106 / 1439449711014 / readers=[13, 13, 13, 13, 13, 13, 13, 13, 13, 12] / writers=[13]
OOO / Test #87 / 1439449711013 / readers=[10, 10, 10, 10, 10, 10, 10, 10, 10, 10] / writers=[11]
OOO / Test #78 / 1439449711013 / readers=[13, 13, 13, 13, 13, 13, 13, 13, 13, 12] / writers=[13]
OOO / Test #129 / 1439449711013 / readers=[10, 10, 10, 10, 10, 11, 10, 10, 10, 10] / writers=[11]
OOO / Test #113 / 1439449711013 / readers=[10, 10, 10, 10, 10, 10, 10, 10, 10, 10] / writers=[11]
OOO / Test #88 / 1439449711135 / readers=[13, 13, 13, 13, 13, 13, 13, 13, 13, 12] / writers=[13]
OOO / Test #82 / 1439449711013 / readers=[10, 9, 9, 9, 9, 9, 9, 9, 10, 9] / writers=[10]
OOO / Test #129 / 1439449711135 / readers=[11, 11, 11, 11, 11, 11, 11, 11, 11, 11] / writers=[12]
OOO / Test #92 / 1439449711013 / readers=[13, 13, 13, 13, 13, 13, 13, 13, 13, 12] / writers=[13]
OOO / Test #117 / 1439449711013 / readers=[16, 16, 16, 16, 16, 16, 15, 15, 15, 15] / writers=[16]
OOO / Test #113 / 1439449711135 / readers=[13, 13, 13, 13, 13, 13, 13, 13, 13, 12] / writers=[13]
OOO / Test #74 / 1439449711013 / readers=[10, 10, 10, 10, 10, 10, 10, 11, 10, 10] / writers=[11]
OOO / Test #71 / 1439449711013 / readers=[10, 9, 9, 9, 9, 9, 9, 9, 9, 9] / writers=[10]
OOO / Test #69 / 1439449711010 / readers=[12, 11, 11, 11, 12, 12, 12, 11, 12, 12] / writers=[12]
OOO / Test #113 / 1439449711139 / readers=[14, 14, 14, 14, 14, 14, 14, 14, 13, 13] / writers=[14]
OOO / Test #67 / 1439449711010 / readers=[13, 13, 13, 13, 13, 13, 13, 13, 13, 12] / writers=[13]
OOO / Test #112 / 1439449711010 / readers=[10, 10, 10, 10, 10, 10, 10, 10, 10, 10] / writers=[11]
OOO / Test #69 / 1439449711139 / readers=[12, 12, 12, 12, 13, 13, 13, 12, 13, 13] / writers=[13]
OOO / Test #136 / 1439449711010 / readers=[14, 14, 14, 14, 14, 14, 14, 14, 13, 13] / writers=[14]
OOO / Test #81 / 1439449711010 / readers=[11, 10, 11, 11, 11, 11, 10, 11, 11, 11] / writers=[11]
OOO / Test #69 / 1439449711139 / readers=[13, 13, 13, 13, 14, 14, 14, 13, 14, 13] / writers=[14]
OOO / Test #134 / 1439449711009 / readers=[13, 14, 14, 14, 13, 14, 14, 14, 14, 13] / writers=[14]
OOO / Test #79 / 1439449711009 / readers=[10, 9, 9, 9, 9, 9, 9, 9, 9, 9] / writers=[10]
OOO / Test #132 / 1439449711009 / readers=[13, 13, 13, 13, 13, 13, 13, 13, 13, 12] / writers=[13]
OOO / Test #69 / 1439449711142 / readers=[14, 14, 14, 14, 15, 15, 15, 14, 14, 14] / writers=[15]
OOO / Test #102 / 1439449711009 / readers=[10, 10, 10, 10, 10, 10, 10, 10, 10, 10] / writers=[11]
OOO / Test #104 / 1439449711009 / readers=[13, 13, 13, 13, 13, 13, 13, 13, 13, 12] / writers=[13]
OOO / Test #108 / 1439449711006 / readers=[15, 15, 15, 15, 15, 15, 15, 14, 14, 14] / writers=[15]
OOO / Test #111 / 1439449711006 / readers=[14, 14, 14, 14, 14, 14, 14, 14, 13, 13] / writers=[14]
OOO / Test #123 / 1439449711006 / readers=[10, 9, 9, 9, 9, 9, 9, 9, 9, 9] / writers=[10]
OOO / Test #119 / 1439449711006 / readers=[11, 11, 11, 11, 11, 11, 11, 11, 12, 12] / writers=[12]
OOO / Test #115 / 1439449711006 / readers=[10, 10, 10, 10, 10, 10, 10, 10, 10, 10] / writers=[11]
OOO / Test #99 / 1439449711006 / readers=[10, 10, 10, 10, 10, 10, 10, 10, 10, 10] / writers=[11]
OOO / Test #89 / 1439449711006 / readers=[13, 13, 13, 13, 13, 13, 13, 13, 13, 12] / writers=[13]
OOO / Test #140 / 1439449711006 / readers=[14, 15, 15, 15, 15, 14, 15, 15, 14, 14] / writers=[15]
OOO / Test #143 / 1439449711006 / readers=[9, 10, 9, 9, 9, 9, 9, 9, 9, 9] / writers=[10]
OOO / Test #120 / 1439449711003 / readers=[13, 13, 13, 13, 13, 13, 13, 13, 13, 12] / writers=[13]
OOO / Test #89 / 1439449711146 / readers=[14, 14, 14, 14, 14, 14, 14, 14, 13, 13] / writers=[14]
OOO / Test #105 / 1439449711003 / readers=[10, 9, 9, 9, 9, 9, 9, 9, 9, 9] / writers=[10]
OOO / Test #138 / 1439449711003 / readers=[13, 13, 13, 13, 13, 13, 13, 13, 12, 13] / writers=[13]
OOO / Test #120 / 1439449711146 / readers=[14, 14, 14, 14, 14, 14, 14, 14, 13, 13] / writers=[14]
OOO / Test #110 / 1439449711003 / readers=[12, 11, 11, 11, 11, 11, 11, 11, 11, 11] / writers=[12]
OOO / Test #83 / 1439449711003 / readers=[14, 14, 14, 14, 14, 14, 13, 14, 14, 13] / writers=[14]
OOO / Test #70 / 1439449711002 / readers=[10, 10, 10, 10, 10, 10, 10, 10, 10, 10] / writers=[11]
OOO / Test #110 / 1439449711150 / readers=[12, 12, 12, 12, 12, 12, 12, 12, 12, 12] / writers=[13]
OOO / Test #107 / 1439449711002 / readers=[15, 15, 15, 15, 15, 15, 15, 14, 15, 14] / writers=[15]
OOO / Test #121 / 1439449711002 / readers=[12, 12, 12, 12, 12, 12, 12, 13, 13, 12] / writers=[13]
OOO / Test #126 / 1439449711002 / readers=[15, 15, 15, 15, 15, 15, 15, 14, 14, 15] / writers=[15]
OOO / Test #131 / 1439449711002 / readers=[10, 10, 10, 10, 10, 10, 10, 10, 10, 10] / writers=[11]
OOO / Test #94 / 1439449710999 / readers=[10, 10, 11, 11, 11, 11, 11, 11, 11, 11] / writers=[11]
OOO / Test #142 / 1439449710999 / readers=[12, 13, 13, 13, 13, 13, 13, 13, 13, 12] / writers=[13]
OOO / Test #25 / 1439449710999 / readers=[25, 25, 25, 24, 24, 25, 25, 25, 25, 25] / writers=[25]
OOO / Test #72 / 1439449710999 / readers=[11, 10, 10, 10, 10, 10, 10, 10, 10, 10] / writers=[11]
OOO / Test #1 / 1439449710999 / readers=[15, 15, 15, 15, 15, 15, 15, 14, 14, 15] / writers=[15]
OOO / Test #5 / 1439449710999 / readers=[40, 39, 40, 40, 40, 39, 39, 39, 39, 40] / writers=[40]
OOO / Test #72 / 1439449711154 / readers=[11, 11, 11, 11, 11, 11, 11, 11, 11, 11] / writers=[12]
OOO / Test #98 / 1439449710999 / readers=[10, 10, 10, 10, 10, 10, 10, 10, 10, 10] / writers=[11]
OOO / Test #103 / 1439449710999 / readers=[18, 18, 18, 18, 17, 17, 17, 17, 17, 17] / writers=[18]
OOO / Test #1 / 1439449711154 / readers=[16, 16, 16, 16, 16, 16, 16, 15, 15, 15] / writers=[16]
OOO / Test #25 / 1439449711150 / readers=[26, 26, 26, 25, 25, 25, 26, 26, 26, 26] / writers=[26]
OOO / Test #131 / 1439449711150 / readers=[13, 13, 13, 13, 13, 13, 13, 13, 13, 12] / writers=[13]
OOO / Test #103 / 1439449711154 / readers=[19, 19, 19, 18, 18, 18, 18, 18, 18, 18] / writers=[19]
OOO / Test #142 / 1439449711150 / readers=[13, 14, 14, 14, 14, 14, 14, 14, 13, 13] / writers=[14]
OOO / Test #94 / 1439449711150 / readers=[11, 11, 12, 12, 12, 12, 12, 12, 12, 11] / writers=[12]
OOO / Test #126 / 1439449711150 / readers=[16, 16, 16, 16, 16, 16, 15, 15, 15, 16] / writers=[16]
OOO / Test #142 / 1439449711157 / readers=[14, 15, 15, 15, 15, 15, 15, 14, 14, 14] / writers=[15]
OOO / Test #121 / 1439449711150 / readers=[13, 13, 13, 13, 13, 13, 13, 14, 13, 13] / writers=[14]
OOO / Test #107 / 1439449711150 / readers=[16, 16, 15, 16, 16, 16, 16, 15, 16, 15] / writers=[16]
OOO / Test #126 / 1439449711157 / readers=[17, 17, 17, 17, 17, 16, 16, 16, 16, 17] / writers=[17]
OOO / Test #121 / 1439449711157 / readers=[14, 14, 14, 14, 14, 14, 14, 14, 14, 14] / writers=[15]
OOO / Test #110 / 1439449711150 / readers=[15, 15, 15, 15, 15, 15, 15, 14, 15, 15] / writers=[15]
OOO / Test #126 / 1439449711158 / readers=[18, 18, 18, 18, 17, 17, 17, 17, 17, 18] / writers=[18]
OOO / Test #70 / 1439449711150 / readers=[13, 13, 13, 13, 13, 13, 13, 13, 13, 12] / writers=[13]
OOO / Test #83 / 1439449711150 / readers=[15, 15, 15, 15, 15, 15, 14, 15, 14, 14] / writers=[15]
OOO / Test #120 / 1439449711146 / readers=[15, 15, 15, 15, 15, 15, 15, 14, 14, 14] / writers=[15]
OOO / Test #138 / 1439449711146 / readers=[14, 14, 14, 14, 14, 14, 14, 14, 13, 13] / writers=[14]
OOO / Test #105 / 1439449711146 / readers=[10, 10, 10, 10, 10, 10, 10, 10, 10, 10] / writers=[11]
OOO / Test #83 / 1439449711161 / readers=[16, 16, 16, 16, 16, 16, 15, 15, 15, 15] / writers=[16]
OOO / Test #89 / 1439449711146 / readers=[15, 15, 15, 15, 15, 15, 15, 14, 14, 14] / writers=[15]
OOO / Test #120 / 1439449711161 / readers=[16, 16, 16, 16, 15, 16, 16, 15, 15, 15] / writers=[16]
OOO / Test #143 / 1439449711146 / readers=[10, 10, 10, 10, 10, 10, 10, 10, 10, 10] / writers=[11]
OOO / Test #99 / 1439449711146 / readers=[13, 13, 13, 13, 13, 13, 13, 13, 13, 12] / writers=[13]
OOO / Test #89 / 1439449711161 / readers=[16, 16, 16, 16, 16, 16, 15, 15, 15, 15] / writers=[16]
OOO / Test #140 / 1439449711146 / readers=[15, 16, 16, 16, 16, 15, 15, 16, 15, 15] / writers=[16]
OOO / Test #115 / 1439449711146 / readers=[13, 13, 13, 13, 13, 13, 13, 13, 13, 12] / writers=[13]
OOO / Test #119 / 1439449711143 / readers=[12, 12, 12, 12, 12, 12, 12, 12, 13, 12] / writers=[13]
OOO / Test #123 / 1439449711143 / readers=[10, 10, 10, 10, 10, 10, 10, 10, 10, 10] / writers=[11]
OOO / Test #111 / 1439449711143 / readers=[15, 15, 15, 15, 15, 15, 15, 14, 14, 14] / writers=[15]
OOO / Test #104 / 1439449711143 / readers=[14, 14, 14, 14, 14, 14, 14, 14, 13, 13] / writers=[14]
OOO / Test #108 / 1439449711143 / readers=[16, 16, 16, 16, 16, 16, 15, 15, 15, 15] / writers=[16]
OOO / Test #102 / 1439449711143 / readers=[13, 13, 13, 13, 13, 13, 13, 13, 13, 12] / writers=[13]
OOO / Test #79 / 1439449711142 / readers=[10, 10, 10, 10, 10, 10, 10, 10, 10, 10] / writers=[11]
OOO / Test #69 / 1439449711142 / readers=[15, 15, 15, 15, 16, 16, 15, 15, 15, 15] / writers=[16]
OOO / Test #104 / 1439449711164 / readers=[15, 15, 15, 15, 15, 15, 15, 14, 14, 14] / writers=[15]
OOO / Test #134 / 1439449711142 / readers=[14, 14, 15, 15, 14, 15, 15, 14, 15, 14] / writers=[15]
OOO / Test #132 / 1439449711142 / readers=[14, 14, 14, 14, 14, 14, 14, 14, 13, 13] / writers=[14]
OOO / Test #81 / 1439449711139 / readers=[11, 11, 12, 12, 12, 12, 11, 12, 12, 12] / writers=[12]
OOO / Test #104 / 1439449711168 / readers=[16, 16, 16, 16, 16, 16, 15, 15, 15, 15] / writers=[16]
OOO / Test #136 / 1439449711139 / readers=[15, 15, 15, 15, 15, 15, 15, 14, 14, 14] / writers=[15]
OOO / Test #132 / 1439449711168 / readers=[15, 15, 15, 15, 15, 15, 15, 14, 14, 14] / writers=[15]
OOO / Test #112 / 1439449711139 / readers=[13, 13, 13, 13, 13, 13, 13, 13, 13, 12] / writers=[13]
OOO / Test #67 / 1439449711139 / readers=[14, 14, 14, 14, 14, 14, 14, 14, 13, 13] / writers=[14]
OOO / Test #113 / 1439449711139 / readers=[15, 15, 15, 14, 15, 15, 15, 15, 14, 14] / writers=[15]
OOO / Test #112 / 1439449711168 / readers=[14, 14, 14, 14, 14, 14, 14, 14, 13, 13] / writers=[14]
OOO / Test #67 / 1439449711168 / readers=[15, 15, 15, 15, 15, 15, 15, 14, 14, 14] / writers=[15]
OOO / Test #71 / 1439449711139 / readers=[10, 10, 10, 10, 10, 10, 10, 10, 10, 10] / writers=[11]
OOO / Test #74 / 1439449711139 / readers=[11, 11, 11, 11, 11, 11, 11, 11, 11, 11] / writers=[12]
OOO / Test #117 / 1439449711136 / readers=[17, 17, 17, 17, 17, 16, 16, 16, 16, 16] / writers=[17]
OOO / Test #129 / 1439449711136 / readers=[14, 14, 14, 14, 14, 14, 14, 14, 14, 13] / writers=[14]
OOO / Test #92 / 1439449711136 / readers=[14, 14, 14, 14, 14, 14, 14, 14, 13, 13] / writers=[14]
OOO / Test #82 / 1439449711135 / readers=[10, 10, 10, 10, 10, 10, 10, 10, 11, 10] / writers=[11]
OOO / Test #88 / 1439449711135 / readers=[14, 14, 14, 14, 14, 14, 14, 14, 13, 13] / writers=[14]
OOO / Test #87 / 1439449711135 / readers=[13, 13, 13, 13, 13, 13, 13, 13, 13, 12] / writers=[13]
OOO / Test #78 / 1439449711135 / readers=[14, 14, 14, 14, 14, 14, 14, 13, 14, 13] / writers=[14]
OOO / Test #106 / 1439449711135 / readers=[14, 13, 14, 14, 14, 14, 14, 14, 14, 13] / writers=[14]
OOO / Test #135 / 1439449711132 / readers=[14, 14, 14, 14, 14, 14, 14, 14, 14, 13] / writers=[14]
OOO / Test #96 / 1439449711132 / readers=[10, 10, 10, 10, 10, 10, 10, 10, 10, 10] / writers=[11]
OOO / Test #141 / 1439449711132 / readers=[18, 18, 18, 17, 18, 17, 17, 17, 17, 17] / writers=[18]
OOO / Test #76 / 1439449711132 / readers=[18, 18, 18, 18, 17, 17, 17, 17, 17, 17] / writers=[18]
OOO / Test #68 / 1439449711132 / readers=[13, 13, 13, 13, 13, 13, 13, 13, 13, 12] / writers=[13]
OOO / Test #77 / 1439449711131 / readers=[16, 16, 16, 16, 16, 16, 15, 15, 15, 15] / writers=[16]
OOO / Test #141 / 1439449711176 / readers=[19, 19, 18, 18, 19, 18, 18, 18, 18, 18] / writers=[19]
OOO / Test #96 / 1439449711176 / readers=[13, 13, 13, 13, 13, 13, 13, 13, 13, 12] / writers=[13]
OOO / Test #125 / 1439449711131 / readers=[15, 15, 15, 15, 15, 15, 14, 14, 15, 14] / writers=[15]
OOO / Test #86 / 1439449711129 / readers=[14, 14, 14, 14, 14, 14, 14, 14, 13, 13] / writers=[14]
OOO / Test #93 / 1439449711129 / readers=[11, 11, 11, 11, 11, 11, 11, 11, 11, 11] / writers=[12]
OOO / Test #91 / 1439449711129 / readers=[13, 13, 13, 13, 13, 13, 13, 13, 13, 12] / writers=[13]
OOO / Test #116 / 1439449711129 / readers=[15, 15, 15, 15, 15, 15, 15, 14, 14, 14] / writers=[15]
OOO / Test #124 / 1439449711129 / readers=[15, 15, 15, 15, 15, 15, 15, 14, 14, 14] / writers=[15]
OOO / Test #63 / 1439449711129 / readers=[10, 10, 10, 10, 10, 10, 10, 10, 10, 10] / writers=[11]
OOO / Test #130 / 1439449711129 / readers=[14, 14, 14, 14, 14, 14, 14, 14, 13, 13] / writers=[14]
OOO / Test #93 / 1439449711178 / readers=[14, 14, 14, 14, 14, 14, 14, 14, 14, 13] / writers=[14]
OOO / Test #124 / 1439449711178 / readers=[16, 16, 16, 16, 16, 16, 15, 15, 15, 15] / writers=[16]
OOO / Test #118 / 1439449711129 / readers=[10, 10, 10, 10, 11, 10, 10, 10, 10, 10] / writers=[11]
OOO / Test #85 / 1439449711129 / readers=[15, 15, 15, 14, 15, 15, 14, 15, 15, 14] / writers=[15]
OOO / Test #128 / 1439449711129 / readers=[15, 15, 15, 15, 15, 15, 15, 14, 14, 14] / writers=[15]
OOO / Test #29 / 1439449711126 / readers=[17, 17, 17, 17, 18, 17, 17, 17, 17, 18] / writers=[18]
OOO / Test #66 / 1439449711126 / readers=[13, 13, 13, 13, 13, 13, 13, 13, 13, 12] / writers=[13]
OOO / Test #9 / 1439449711126 / readers=[39, 39, 39, 39, 39, 40, 40, 40, 39, 39] / writers=[40]
OOO / Test #75 / 1439449711126 / readers=[14, 14, 14, 14, 14, 14, 14, 14, 13, 13] / writers=[14]
OOO / Test #114 / 1439449711126 / readers=[15, 15, 15, 15, 15, 15, 15, 14, 14, 14] / writers=[15]
OOO / Test #151 / 1439449711126 / readers=[13, 13, 13, 13, 13, 13, 13, 13, 13, 12] / writers=[13]
OOO / Test #144 / 1439449711126 / readers=[10, 10, 10, 10, 10, 10, 10, 10, 10, 10] / writers=[11]
OOO / Test #137 / 1439449711126 / readers=[13, 13, 13, 13, 13, 13, 13, 13, 13, 12] / writers=[13]
OOO / Test #90 / 1439449711123 / readers=[15, 15, 15, 15, 15, 15, 15, 14, 14, 14] / writers=[15]
OOO / Test #122 / 1439449711123 / readers=[16, 16, 16, 16, 16, 16, 15, 15, 15, 15] / writers=[16]
OOO / Test #8 / 1439449711123 / readers=[38, 38, 38, 39, 39, 38, 38, 38, 39, 38] / writers=[39]
OOO / Test #37 / 1439449711123 / readers=[17, 17, 17, 16, 17, 16, 17, 17, 16, 16] / writers=[17]
OOO / Test #65 / 1439449711123 / readers=[16, 16, 16, 16, 16, 16, 15, 15, 15, 15] / writers=[16]
OOO / Test #122 / 1439449711183 / readers=[17, 17, 17, 17, 16, 17, 16, 16, 16, 16] / writers=[17]
OOO / Test #10 / 1439449711123 / readers=[22, 21, 21, 21, 21, 21, 21, 21, 21, 21] / writers=[22]
OOO / Test #101 / 1439449711123 / readers=[12, 12, 13, 13, 13, 13, 13, 13, 12, 12] / writers=[13]
OOO / Test #6 / 1439449711123 / readers=[47, 47, 47, 47, 47, 47, 47, 47, 46, 46] / writers=[47]
OOO / Test #80 / 1439449711120 / readers=[14, 14, 14, 14, 14, 14, 13, 13, 14, 14] / writers=[14]
OOO / Test #48 / 1439449711120 / readers=[16, 16, 16, 16, 16, 15, 16, 15, 15, 15] / writers=[16]
OOO / Test #127 / 1439449711120 / readers=[14, 14, 14, 14, 14, 14, 14, 14, 14, 13] / writers=[14]
OOO / Test #139 / 1439449711120 / readers=[13, 13, 13, 13, 13, 13, 13, 13, 13, 12] / writers=[13]
OOO / Test #17 / 1439449711120 / readers=[29, 29, 29, 30, 30, 30, 30, 30, 30, 30] / writers=[30]
OOO / Test #16 / 1439449711120 / readers=[29, 29, 29, 29, 28, 28, 28, 28, 28, 28] / writers=[29]
OOO / Test #109 / 1439449711120 / readers=[17, 17, 17, 17, 17, 16, 16, 16, 16, 16] / writers=[17]
OOO / Test #84 / 1439449711120 / readers=[11, 11, 11, 11, 11, 11, 11, 11, 11, 11] / writers=[12]
OOO / Test #21 / 1439449711117 / readers=[36, 36, 36, 36, 36, 36, 36, 36, 35, 36] / writers=[36]
OOO / Test #16 / 1439449711186 / readers=[30, 30, 30, 29, 29, 29, 29, 29, 29, 29] / writers=[30]
OOO / Test #109 / 1439449711186 / readers=[18, 18, 18, 18, 17, 17, 17, 17, 17, 17] / writers=[18]
OOO / Test #52 / 1439449711117 / readers=[18, 18, 18, 18, 17, 17, 17, 17, 17, 17] / writers=[18]
OOO / Test #21 / 1439449711186 / readers=[37, 37, 37, 37, 37, 37, 37, 37, 36, 36] / writers=[37]
OOO / Test #16 / 1439449711186 / readers=[31, 31, 30, 30, 30, 30, 30, 30, 30, 30] / writers=[31]
OOO / Test #24 / 1439449711117 / readers=[19, 19, 19, 19, 19, 19, 19, 19, 19, 19] / writers=[20]
OOO / Test #73 / 1439449711117 / readers=[14, 14, 14, 14, 14, 14, 14, 14, 14, 14] / writers=[15]
OOO / Test #149 / 1439449711116 / readers=[10, 10, 10, 11, 10, 10, 10, 10, 10, 10] / writers=[11]
OOO / Test #133 / 1439449711116 / readers=[12, 12, 12, 12, 12, 12, 12, 12, 12, 12] / writers=[13]
OOO / Test #154 / 1439449711116 / readers=[10, 10, 10, 10, 10, 10, 10, 10, 10, 10] / writers=[11]
OOO / Test #19 / 1439449711116 / readers=[21, 21, 21, 22, 22, 22, 22, 22, 21, 21] / writers=[22]
OOO / Test #56 / 1439449711116 / readers=[20, 21, 20, 20, 20, 20, 20, 20, 20, 20] / writers=[21]
OOO / Test #38 / 1439449711113 / readers=[18, 18, 18, 18, 17, 17, 17, 17, 17, 17] / writers=[18]
OOO / Test #32 / 1439449711113 / readers=[16, 15, 16, 15, 16, 15, 15, 16, 16, 15] / writers=[16]
OOO / Test #133 / 1439449711190 / readers=[15, 15, 15, 15, 15, 15, 15, 15, 14, 15] / writers=[15]
OOO / Test #154 / 1439449711190 / readers=[13, 13, 13, 13, 13, 13, 13, 13, 13, 12] / writers=[13]
OOO / Test #57 / 1439449711113 / readers=[17, 17, 16, 17, 17, 17, 16, 16, 16, 16] / writers=[17]
OOO / Test #155 / 1439449711113 / readers=[12, 12, 12, 12, 12, 12, 12, 12, 13, 12] / writers=[13]
OOO / Test #41 / 1439449711113 / readers=[14, 15, 15, 14, 14, 15, 15, 14, 14, 15] / writers=[15]
OOO / Test #154 / 1439449711193 / readers=[14, 14, 14, 14, 14, 14, 14, 14, 13, 13] / writers=[14]
OOO / Test #57 / 1439449711193 / readers=[18, 18, 17, 18, 18, 17, 17, 17, 17, 17] / writers=[18]
OOO / Test #58 / 1439449711113 / readers=[16, 15, 16, 16, 16, 16, 15, 16, 15, 15] / writers=[16]
OOO / Test #42 / 1439449711113 / readers=[17, 17, 16, 17, 17, 17, 16, 16, 16, 16] / writers=[17]
OOO / Test #145 / 1439449711113 / readers=[12, 13, 12, 13, 12, 12, 12, 12, 12, 12] / writers=[13]
OOO / Test #33 / 1439449711109 / readers=[14, 14, 14, 14, 14, 14, 14, 14, 14, 13] / writers=[14]
OOO / Test #45 / 1439449711109 / readers=[22, 21, 22, 22, 22, 21, 21, 22, 22, 21] / writers=[22]
OOO / Test #23 / 1439449711109 / readers=[19, 19, 18, 18, 18, 18, 18, 18, 18, 18] / writers=[19]
OOO / Test #34 / 1439449711109 / readers=[15, 16, 16, 15, 16, 16, 16, 15, 16, 15] / writers=[16]
OOO / Test #12 / 1439449711109 / readers=[39, 39, 39, 39, 39, 38, 38, 38, 38, 38] / writers=[39]
OOO / Test #4 / 1439449711109 / readers=[42, 43, 43, 42, 42, 42, 42, 42, 42, 42] / writers=[43]
OOO / Test #26 / 1439449711109 / readers=[18, 18, 18, 18, 17, 18, 17, 17, 18, 18] / writers=[18]
OOO / Test #198 / 1439449711109 / readers=[11, 11, 12, 11, 11, 11, 11, 11, 11, 11] / writers=[12]
OOO / Test #157 / 1439449711109 / readers=[16, 16, 16, 16, 16, 16, 15, 15, 15, 15] / writers=[16]
OOO / Test #46 / 1439449711106 / readers=[17, 17, 17, 17, 17, 17, 17, 17, 17, 18] / writers=[18]
OOO / Test #26 / 1439449711197 / readers=[19, 19, 19, 18, 18, 19, 18, 18, 19, 19] / writers=[19]
OOO / Test #198 / 1439449711197 / readers=[12, 12, 12, 12, 12, 12, 12, 12, 12, 12] / writers=[13]
OOO / Test #146 / 1439449711106 / readers=[11, 11, 11, 11, 12, 11, 11, 11, 11, 11] / writers=[12]
OOO / Test #59 / 1439449711106 / readers=[14, 14, 14, 14, 14, 14, 13, 13, 13, 13] / writers=[14]
OOO / Test #35 / 1439449711106 / readers=[21, 20, 20, 20, 20, 20, 20, 20, 20, 20] / writers=[21]
OOO / Test #14 / 1439449711106 / readers=[44, 45, 44, 44, 44, 44, 44, 44, 45, 45] / writers=[45]
OOO / Test #51 / 1439449711106 / readers=[16, 17, 16, 16, 16, 17, 16, 16, 16, 16] / writers=[17]
OOO / Test #146 / 1439449711200 / readers=[12, 12, 12, 12, 12, 12, 12, 12, 12, 12] / writers=[13]
OOO / Test #55 / 1439449711103 / readers=[17, 18, 18, 18, 18, 17, 17, 17, 17, 17] / writers=[18]
OOO / Test #22 / 1439449711103 / readers=[17, 17, 18, 17, 18, 18, 17, 17, 17, 17] / writers=[18]
OOO / Test #147 / 1439449711103 / readers=[11, 11, 11, 11, 12, 12, 11, 11, 12, 12] / writers=[12]
OOO / Test #167 / 1439449711103 / readers=[15, 15, 15, 15, 15, 15, 15, 14, 14, 14] / writers=[15]
OOO / Test #39 / 1439449711103 / readers=[21, 20, 20, 21, 20, 20, 20, 20, 20, 20] / writers=[21]
OOO / Test #49 / 1439449711103 / readers=[21, 21, 20, 21, 21, 21, 21, 21, 21, 21] / writers=[21]
OOO / Test #148 / 1439449711103 / readers=[12, 12, 12, 12, 12, 12, 12, 12, 12, 12] / writers=[13]
OOO / Test #18 / 1439449711099 / readers=[25, 25, 25, 25, 25, 25, 25, 25, 24, 24] / writers=[25]
OOO / Test #64 / 1439449711099 / readers=[14, 14, 14, 14, 14, 13, 14, 14, 14, 13] / writers=[14]
OOO / Test #49 / 1439449711203 / readers=[22, 21, 21, 22, 22, 22, 22, 22, 22, 22] / writers=[22]
OOO / Test #18 / 1439449711203 / readers=[26, 26, 26, 26, 26, 26, 26, 25, 25, 25] / writers=[26]
OOO / Test #36 / 1439449711099 / readers=[14, 14, 14, 14, 14, 14, 14, 14, 14, 14] / writers=[15]
OOO / Test #62 / 1439449711099 / readers=[15, 15, 15, 15, 16, 16, 15, 16, 16, 16] / writers=[16]
OOO / Test #97 / 1439449711099 / readers=[13, 13, 13, 13, 13, 13, 13, 12, 13, 13] / writers=[13]
OOO / Test #44 / 1439449711099 / readers=[16, 16, 16, 16, 16, 16, 15, 15, 16, 15] / writers=[16]
OOO / Test #61 / 1439449711098 / readers=[13, 13, 13, 14, 14, 14, 14, 14, 14, 14] / writers=[14]
OOO / Test #162 / 1439449711098 / readers=[13, 14, 14, 14, 14, 14, 14, 14, 14, 13] / writers=[14]
OOO / Test #28 / 1439449711098 / readers=[17, 17, 17, 18, 17, 17, 17, 17, 17, 18] / writers=[18]
OOO / Test #164 / 1439449711096 / readers=[13, 13, 13, 13, 13, 13, 13, 13, 12, 13] / writers=[13]
OOO / Test #40 / 1439449711096 / readers=[16, 17, 17, 17, 17, 16, 17, 17, 17, 17] / writers=[17]
OOO / Test #30 / 1439449711095 / readers=[14, 14, 14, 14, 14, 14, 15, 14, 14, 14] / writers=[15]
OOO / Test #27 / 1439449711095 / readers=[17, 17, 17, 17, 17, 16, 16, 16, 17, 17] / writers=[17]
OOO / Test #164 / 1439449711207 / readers=[14, 14, 14, 14, 14, 14, 14, 13, 13, 14] / writers=[14]
OOO / Test #180 / 1439449711095 / readers=[13, 13, 13, 13, 13, 13, 13, 13, 12, 13] / writers=[13]
OOO / Test #153 / 1439449711095 / readers=[16, 16, 16, 16, 16, 15, 16, 15, 15, 15] / writers=[16]
OOO / Test #30 / 1439449711207 / readers=[15, 15, 15, 15, 15, 15, 15, 15, 15, 15] / writers=[16]
OOO / Test #31 / 1439449711095 / readers=[15, 15, 15, 15, 15, 15, 15, 15, 15, 15] / writers=[16]
OOO / Test #43 / 1439449711095 / readers=[18, 19, 18, 19, 19, 19, 19, 18, 19, 18] / writers=[19]
OOO / Test #95 / 1439449711095 / readers=[14, 15, 14, 14, 14, 14, 14, 14, 14, 14] / writers=[15]
OOO / Test #60 / 1439449711095 / readers=[15, 15, 15, 15, 15, 16, 16, 16, 16, 15] / writers=[16]
OOO / Test #54 / 1439449711093 / readers=[20, 20, 20, 20, 19, 20, 20, 20, 19, 19] / writers=[20]
OOO / Test #30 / 1439449711210 / readers=[18, 18, 18, 18, 18, 18, 18, 17, 18, 18] / writers=[18]
OOO / Test #15 / 1439449711093 / readers=[33, 33, 33, 34, 34, 34, 34, 34, 34, 34] / writers=[34]
OOO / Test #20 / 1439449711093 / readers=[20, 20, 19, 19, 19, 19, 19, 19, 20, 20] / writers=[20]
OOO / Test #152 / 1439449711093 / readers=[13, 14, 14, 14, 14, 13, 14, 14, 14, 13] / writers=[14]
OOO / Test #100 / 1439449711093 / readers=[17, 17, 17, 17, 16, 17, 16, 16, 16, 16] / writers=[17]
OOO / Test #178 / 1439449711093 / readers=[15, 15, 15, 16, 16, 16, 15, 15, 15, 15] / writers=[16]
OOO / Test #150 / 1439449711093 / readers=[13, 13, 14, 13, 14, 14, 14, 14, 14, 13] / writers=[14]
OOO / Test #192 / 1439449711092 / readers=[17, 17, 17, 17, 16, 16, 16, 17, 16, 16] / writers=[17]
OOO / Test #160 / 1439449711092 / readers=[14, 14, 14, 14, 14, 14, 14, 14, 13, 13] / writers=[14]
OOO / Test #13 / 1439449711089 / readers=[36, 36, 36, 36, 36, 36, 36, 35, 36, 35] / writers=[36]
OOO / Test #150 / 1439449711213 / readers=[14, 14, 15, 14, 15, 15, 15, 15, 14, 14] / writers=[15]
OOO / Test #192 / 1439449711213 / readers=[18, 18, 18, 17, 17, 17, 17, 18, 17, 17] / writers=[18]
OOO / Test #181 / 1439449711089 / readers=[13, 13, 13, 13, 13, 13, 13, 13, 13, 12] / writers=[13]
OOO / Test #161 / 1439449711089 / readers=[14, 14, 14, 14, 14, 14, 14, 14, 13, 13] / writers=[14]
OOO / Test #13 / 1439449711213 / readers=[37, 37, 37, 37, 37, 37, 37, 36, 36, 36] / writers=[37]
OOO / Test #190 / 1439449711089 / readers=[15, 16, 16, 16, 16, 16, 16, 15, 15, 15] / writers=[16]
OOO / Test #163 / 1439449711089 / readers=[16, 16, 16, 16, 16, 16, 15, 15, 15, 15] / writers=[16]
OOO / Test #158 / 1439449711089 / readers=[13, 14, 14, 14, 14, 14, 14, 13, 14, 13] / writers=[14]
OOO / Test #182 / 1439449711089 / readers=[13, 13, 13, 13, 13, 13, 13, 13, 13, 12] / writers=[13]
OOO / Test #190 / 1439449711215 / readers=[16, 17, 17, 17, 17, 16, 17, 16, 16, 16] / writers=[17]
OOO / Test #156 / 1439449711089 / readers=[11, 10, 10, 10, 10, 10, 10, 10, 10, 10] / writers=[11]
OOO / Test #158 / 1439449711215 / readers=[14, 15, 15, 15, 15, 15, 15, 14, 14, 14] / writers=[15]
OOO / Test #177 / 1439449711086 / readers=[13, 14, 14, 14, 14, 14, 14, 14, 13, 13] / writers=[14]
OOO / Test #190 / 1439449711215 / readers=[17, 18, 18, 18, 18, 17, 17, 17, 17, 17] / writers=[18]
OOO / Test #166 / 1439449711086 / readers=[13, 13, 13, 14, 14, 14, 14, 14, 13, 13] / writers=[14]
OOO / Test #7 / 1439449711086 / readers=[24, 25, 24, 25, 25, 25, 25, 25, 24, 25] / writers=[25]
OOO / Test #173 / 1439449711086 / readers=[16, 16, 16, 16, 16, 16, 15, 15, 15, 15] / writers=[16]
OOO / Test #176 / 1439449711086 / readers=[13, 13, 13, 13, 13, 13, 13, 13, 13, 12] / writers=[13]
OOO / Test #168 / 1439449711086 / readers=[13, 13, 13, 13, 13, 13, 13, 13, 13, 12] / writers=[13]
OOO / Test #191 / 1439449711086 / readers=[10, 10, 10, 10, 10, 10, 10, 10, 10, 10] / writers=[11]
OOO / Test #7 / 1439449711218 / readers=[25, 26, 25, 26, 26, 26, 26, 26, 25, 25] / writers=[26]
OOO / Test #173 / 1439449711218 / readers=[17, 17, 17, 17, 17, 16, 16, 16, 16, 16] / writers=[17]
OOO / Test #169 / 1439449711082 / readers=[9, 9, 9, 9, 9, 10, 9, 9, 9, 9] / writers=[10]
OOO / Test #196 / 1439449711082 / readers=[10, 10, 10, 10, 10, 10, 10, 10, 10, 10] / writers=[11]
OOO / Test #200 / 1439449711082 / readers=[10, 9, 9, 9, 9, 9, 9, 9, 9, 9] / writers=[10]
OOO / Test #174 / 1439449711082 / readers=[10, 9, 9, 9, 9, 9, 9, 9, 9, 9] / writers=[10]
OOO / Test #171 / 1439449711082 / readers=[11, 10, 10, 10, 10, 10, 10, 10, 10, 10] / writers=[11]
OOO / Test #170 / 1439449711082 / readers=[10, 10, 10, 10, 10, 10, 10, 10, 10, 10] / writers=[11]
OOO / Test #174 / 1439449711221 / readers=[10, 10, 10, 10, 10, 10, 10, 10, 10, 10] / writers=[11]
OOO / Test #165 / 1439449711082 / readers=[9, 8, 8, 8, 8, 8, 8, 8, 8, 8] / writers=[9]
OOO / Test #197 / 1439449711082 / readers=[10, 9, 9, 9, 9, 9, 9, 9, 9, 9] / writers=[10]
OOO / Test #194 / 1439449711082 / readers=[13, 13, 13, 13, 13, 13, 13, 13, 13, 12] / writers=[13]
OOO / Test #187 / 1439449711082 / readers=[14, 14, 14, 14, 14, 14, 14, 14, 13, 13] / writers=[14]
OOO / Test #193 / 1439449711082 / readers=[9, 10, 9, 9, 9, 9, 9, 9, 9, 9] / writers=[10]
OOO / Test #186 / 1439449711079 / readers=[13, 13, 13, 13, 13, 13, 13, 13, 13, 12] / writers=[13]
OOO / Test #199 / 1439449711079 / readers=[14, 14, 14, 14, 15, 15, 14, 14, 14, 14] / writers=[15]
OOO / Test #184 / 1439449711079 / readers=[10, 9, 9, 9, 9, 9, 9, 9, 9, 9] / writers=[10]
OOO / Test #188 / 1439449711079 / readers=[10, 10, 10, 10, 10, 10, 10, 10, 10, 10] / writers=[11]
OOO / Test #159 / 1439449711079 / readers=[14, 14, 13, 14, 14, 14, 13, 14, 14, 13] / writers=[14]
OOO / Test #11 / 1439449711079 / readers=[39, 39, 40, 39, 40, 39, 39, 39, 39, 39] / writers=[40]
OOO / Test #195 / 1439449711079 / readers=[10, 10, 10, 10, 10, 10, 10, 10, 10, 10] / writers=[11]
OOO / Test #179 / 1439449711079 / readers=[13, 13, 13, 13, 13, 14, 14, 14, 13, 13] / writers=[14]
OOO / Test #185 / 1439449711079 / readers=[14, 14, 14, 14, 14, 14, 14, 14, 13, 13] / writers=[14]
OOO / Test #11 / 1439449711226 / readers=[40, 40, 40, 40, 41, 40, 40, 40, 40, 40] / writers=[41]
OOO / Test #183 / 1439449711079 / readers=[13, 13, 13, 13, 13, 13, 13, 13, 13, 12] / writers=[13]
OOO / Test #50 / 1439449711079 / readers=[17, 17, 17, 16, 16, 16, 17, 17, 17, 16] / writers=[17]
OOO / Test #172 / 1439449711076 / readers=[13, 13, 13, 13, 13, 13, 13, 13, 13, 12] / writers=[13]
OOO / Test #3 / 1439449711076 / readers=[37, 37, 37, 37, 38, 38, 37, 37, 37, 37] / writers=[38]
OOO / Test #189 / 1439449711076 / readers=[9, 9, 8, 8, 8, 8, 8, 8, 8, 8] / writers=[9]
OOO / Test #47 / 1439449711076 / readers=[16, 16, 16, 15, 16, 16, 16, 16, 15, 16] / writers=[16]
OOO / Test #53 / 1439449711076 / readers=[10, 9, 9, 10, 9, 9, 9, 9, 9, 10] / writers=[10]
OOO / Test #175 / 1439449711076 / readers=[12, 12, 12, 12, 13, 13, 13, 13, 13, 12] / writers=[13]
OOO / Test #2 / 1439449711076 / readers=[22, 22, 23, 22, 22, 22, 22, 22, 22, 22] / writers=[23]
OOO / Test #47 / 1439449711229 / readers=[17, 17, 16, 16, 17, 17, 17, 17, 16, 17] / writers=[17]
OOO / Test #189 / 1439449711229 / readers=[10, 9, 9, 9, 9, 9, 9, 9, 9, 9] / writers=[10]
OOO / Test #3 / 1439449711229 / readers=[38, 38, 38, 38, 39, 38, 38, 38, 38, 38] / writers=[39]
OOO / Test #172 / 1439449711226 / readers=[14, 14, 14, 14, 14, 14, 14, 14, 13, 13] / writers=[14]
OOO / Test #50 / 1439449711226 / readers=[18, 18, 18, 17, 17, 17, 17, 18, 18, 17] / writers=[18]
OOO / Test #183 / 1439449711226 / readers=[14, 14, 14, 13, 14, 14, 14, 14, 14, 13] / writers=[14]
OOO / Test #11 / 1439449711226 / readers=[41, 41, 41, 41, 41, 41, 41, 41, 41, 41] / writers=[42]
OOO / Test #185 / 1439449711226 / readers=[15, 15, 15, 15, 15, 15, 15, 14, 14, 14] / writers=[15]
OOO / Test #195 / 1439449711226 / readers=[13, 13, 13, 13, 13, 13, 13, 13, 13, 12] / writers=[13]
OOO / Test #179 / 1439449711226 / readers=[14, 14, 14, 14, 14, 15, 15, 14, 14, 14] / writers=[15]
OOO / Test #188 / 1439449711226 / readers=[13, 13, 13, 13, 13, 13, 13, 13, 13, 12] / writers=[13]
OOO / Test #159 / 1439449711226 / readers=[15, 15, 14, 15, 15, 15, 14, 15, 14, 14] / writers=[15]
OOO / Test #185 / 1439449711232 / readers=[16, 16, 16, 16, 16, 16, 15, 15, 15, 15] / writers=[16]
OOO / Test #195 / 1439449711232 / readers=[14, 14, 14, 14, 14, 14, 14, 14, 13, 13] / writers=[14]
OOO / Test #188 / 1439449711232 / readers=[14, 14, 14, 14, 14, 14, 14, 14, 13, 13] / writers=[14]
OOO / Test #184 / 1439449711226 / readers=[10, 10, 10, 10, 10, 10, 10, 10, 10, 10] / writers=[11]
OOO / Test #199 / 1439449711221 / readers=[15, 15, 15, 15, 16, 15, 15, 15, 15, 15] / writers=[16]
OOO / Test #186 / 1439449711221 / readers=[14, 14, 14, 14, 14, 14, 14, 14, 13, 13] / writers=[14]
OOO / Test #193 / 1439449711221 / readers=[10, 10, 10, 10, 10, 10, 10, 10, 10, 10] / writers=[11]
OOO / Test #187 / 1439449711221 / readers=[15, 15, 15, 15, 15, 15, 15, 14, 14, 14] / writers=[15]
OOO / Test #194 / 1439449711221 / readers=[14, 14, 14, 14, 14, 14, 14, 14, 13, 13] / writers=[14]
OOO / Test #197 / 1439449711221 / readers=[10, 10, 10, 10, 10, 10, 10, 10, 10, 10] / writers=[11]
OOO / Test #174 / 1439449711221 / readers=[13, 13, 13, 13, 13, 13, 13, 13, 13, 12] / writers=[13]
OOO / Test #165 / 1439449711221 / readers=[9, 9, 9, 9, 9, 9, 9, 9, 9, 9] / writers=[10]
OOO / Test #170 / 1439449711221 / readers=[13, 13, 13, 13, 13, 13, 13, 13, 13, 12] / writers=[13]
OOO / Test #171 / 1439449711221 / readers=[11, 11, 11, 11, 11, 11, 11, 11, 11, 11] / writers=[12]
OOO / Test #196 / 1439449711218 / readers=[13, 13, 13, 13, 13, 13, 13, 13, 13, 12] / writers=[13]
OOO / Test #200 / 1439449711218 / readers=[10, 10, 10, 10, 10, 10, 10, 10, 10, 10] / writers=[11]
OOO / Test #169 / 1439449711218 / readers=[10, 10, 10, 10, 10, 10, 10, 10, 10, 10] / writers=[11]
OOO / Test #191 / 1439449711218 / readers=[13, 13, 13, 13, 13, 13, 13, 13, 13, 12] / writers=[13]
OOO / Test #196 / 1439449711240 / readers=[14, 14, 14, 14, 14, 14, 14, 14, 13, 13] / writers=[14]
OOO / Test #173 / 1439449711218 / readers=[18, 18, 18, 18, 17, 17, 17, 17, 17, 17] / writers=[18]
OOO / Test #169 / 1439449711240 / readers=[13, 13, 13, 13, 13, 13, 13, 13, 13, 12] / writers=[13]
OOO / Test #7 / 1439449711218 / readers=[26, 27, 26, 27, 27, 27, 27, 26, 26, 26] / writers=[27]
OOO / Test #168 / 1439449711218 / readers=[13, 14, 14, 14, 14, 14, 14, 14, 13, 13] / writers=[14]
OOO / Test #169 / 1439449711240 / readers=[14, 14, 14, 14, 14, 14, 14, 14, 13, 13] / writers=[14]
OOO / Test #176 / 1439449711218 / readers=[14, 14, 14, 14, 14, 14, 13, 14, 14, 13] / writers=[14]
OOO / Test #166 / 1439449711216 / readers=[14, 14, 14, 15, 15, 15, 15, 14, 14, 14] / writers=[15]
OOO / Test #177 / 1439449711216 / readers=[14, 15, 15, 15, 15, 15, 15, 14, 14, 14] / writers=[15]
OOO / Test #190 / 1439449711216 / readers=[18, 19, 19, 19, 18, 18, 18, 18, 18, 18] / writers=[19]
OOO / Test #158 / 1439449711215 / readers=[15, 16, 16, 16, 16, 16, 15, 15, 15, 15] / writers=[16]
OOO / Test #156 / 1439449711215 / readers=[11, 11, 11, 11, 11, 11, 11, 11, 11, 11] / writers=[12]
OOO / Test #177 / 1439449711243 / readers=[15, 16, 16, 16, 16, 16, 15, 15, 15, 15] / writers=[16]
OOO / Test #182 / 1439449711215 / readers=[14, 14, 14, 14, 14, 14, 14, 14, 13, 13] / writers=[14]
OOO / Test #190 / 1439449711243 / readers=[19, 20, 20, 19, 19, 19, 19, 19, 19, 19] / writers=[20]
OOO / Test #163 / 1439449711215 / readers=[17, 17, 17, 17, 17, 16, 16, 16, 16, 16] / writers=[17]
OOO / Test #182 / 1439449711243 / readers=[15, 15, 15, 15, 15, 15, 15, 14, 14, 14] / writers=[15]
OOO / Test #13 / 1439449711215 / readers=[37, 38, 38, 38, 38, 38, 38, 37, 37, 37] / writers=[38]
OOO / Test #161 / 1439449711213 / readers=[14, 14, 14, 14, 15, 15, 14, 14, 14, 14] / writers=[15]
OOO / Test #181 / 1439449711213 / readers=[14, 14, 14, 14, 14, 14, 14, 14, 13, 13] / writers=[14]
OOO / Test #192 / 1439449711213 / readers=[19, 19, 18, 18, 18, 18, 18, 19, 18, 18] / writers=[19]
OOO / Test #150 / 1439449711213 / readers=[15, 15, 16, 15, 16, 16, 16, 15, 15, 15] / writers=[16]
OOO / Test #160 / 1439449711213 / readers=[15, 15, 15, 15, 15, 15, 15, 14, 14, 14] / writers=[15]
OOO / Test #178 / 1439449711213 / readers=[16, 16, 16, 17, 17, 16, 16, 16, 16, 16] / writers=[17]
OOO / Test #100 / 1439449711213 / readers=[18, 18, 18, 17, 17, 18, 17, 17, 17, 17] / writers=[18]
OOO / Test #152 / 1439449711210 / readers=[14, 15, 15, 15, 15, 14, 15, 15, 14, 14] / writers=[15]
OOO / Test #20 / 1439449711210 / readers=[21, 20, 20, 20, 20, 20, 20, 20, 21, 21] / writers=[21]
OOO / Test #15 / 1439449711210 / readers=[34, 34, 34, 35, 35, 35, 35, 35, 35, 34] / writers=[35]
OOO / Test #54 / 1439449711210 / readers=[21, 21, 21, 20, 20, 21, 21, 21, 20, 20] / writers=[21]
OOO / Test #30 / 1439449711210 / readers=[19, 19, 19, 19, 19, 18, 19, 18, 19, 19] / writers=[19]
OOO / Test #60 / 1439449711210 / readers=[16, 16, 16, 16, 16, 16, 17, 17, 17, 16] / writers=[17]
OOO / Test #31 / 1439449711210 / readers=[17, 18, 18, 18, 18, 18, 18, 18, 18, 18] / writers=[18]
OOO / Test #95 / 1439449711210 / readers=[15, 15, 15, 15, 15, 15, 15, 15, 15, 15] / writers=[16]
OOO / Test #43 / 1439449711210 / readers=[19, 20, 19, 19, 20, 20, 20, 19, 20, 19] / writers=[20]
OOO / Test #31 / 1439449711250 / readers=[18, 19, 19, 19, 19, 19, 18, 19, 19, 19] / writers=[19]
OOO / Test #153 / 1439449711207 / readers=[17, 17, 17, 17, 17, 16, 16, 16, 16, 16] / writers=[17]
OOO / Test #180 / 1439449711207 / readers=[14, 14, 14, 14, 14, 14, 14, 13, 13, 14] / writers=[14]
OOO / Test #43 / 1439449711250 / readers=[20, 21, 20, 20, 21, 21, 20, 20, 21, 20] / writers=[21]
OOO / Test #164 / 1439449711207 / readers=[15, 15, 15, 15, 15, 15, 15, 14, 14, 14] / writers=[15]
OOO / Test #27 / 1439449711207 / readers=[18, 18, 18, 18, 17, 17, 17, 17, 18, 18] / writers=[18]
OOO / Test #40 / 1439449711207 / readers=[17, 18, 18, 18, 17, 17, 18, 18, 18, 18] / writers=[18]
OOO / Test #28 / 1439449711207 / readers=[18, 18, 18, 18, 18, 18, 18, 18, 18, 19] / writers=[19]
OOO / Test #162 / 1439449711207 / readers=[14, 15, 15, 15, 15, 15, 15, 15, 14, 14] / writers=[15]
OOO / Test #61 / 1439449711207 / readers=[14, 14, 14, 14, 15, 15, 15, 15, 15, 15] / writers=[15]
OOO / Test #44 / 1439449711207 / readers=[17, 17, 17, 17, 17, 17, 16, 16, 16, 16] / writers=[17]
OOO / Test #97 / 1439449711204 / readers=[14, 13, 14, 14, 14, 14, 14, 13, 14, 14] / writers=[14]
OOO / Test #62 / 1439449711204 / readers=[16, 16, 16, 16, 16, 17, 16, 17, 17, 17] / writers=[17]
OOO / Test #36 / 1439449711204 / readers=[17, 17, 17, 16, 17, 17, 17, 17, 17, 17] / writers=[17]
OOO / Test #18 / 1439449711203 / readers=[27, 27, 27, 27, 27, 27, 26, 26, 26, 26] / writers=[27]
OOO / Test #49 / 1439449711203 / readers=[22, 22, 22, 23, 23, 23, 23, 23, 23, 23] / writers=[23]
OOO / Test #64 / 1439449711203 / readers=[15, 15, 15, 15, 15, 14, 15, 15, 14, 14] / writers=[15]
OOO / Test #36 / 1439449711257 / readers=[18, 18, 18, 17, 17, 18, 18, 18, 18, 18] / writers=[18]
OOO / Test #148 / 1439449711203 / readers=[15, 15, 15, 15, 15, 15, 15, 14, 15, 15] / writers=[15]
OOO / Test #49 / 1439449711257 / readers=[23, 23, 23, 24, 24, 24, 24, 24, 24, 23] / writers=[24]
OOO / Test #39 / 1439449711203 / readers=[22, 21, 21, 21, 21, 21, 21, 21, 21, 21] / writers=[22]
OOO / Test #167 / 1439449711201 / readers=[16, 16, 16, 16, 16, 15, 16, 15, 15, 15] / writers=[16]
OOO / Test #147 / 1439449711201 / readers=[12, 12, 12, 12, 13, 13, 12, 12, 13, 12] / writers=[13]
OOO / Test #22 / 1439449711201 / readers=[18, 18, 19, 18, 19, 18, 18, 18, 18, 18] / writers=[19]
OOO / Test #146 / 1439449711201 / readers=[15, 15, 15, 15, 15, 15, 15, 15, 14, 15] / writers=[15]
OOO / Test #55 / 1439449711201 / readers=[18, 19, 19, 19, 18, 18, 18, 18, 18, 18] / writers=[19]
OOO / Test #51 / 1439449711201 / readers=[17, 17, 17, 17, 17, 18, 17, 17, 17, 17] / writers=[18]
OOO / Test #22 / 1439449711260 / readers=[19, 19, 20, 19, 19, 19, 19, 19, 19, 19] / writers=[20]
OOO / Test #14 / 1439449711201 / readers=[45, 45, 45, 45, 45, 45, 45, 45, 46, 46] / writers=[46]
OOO / Test #35 / 1439449711201 / readers=[21, 21, 21, 21, 21, 21, 21, 21, 21, 21] / writers=[22]
OOO / Test #198 / 1439449711200 / readers=[15, 15, 15, 15, 15, 15, 15, 15, 15, 14] / writers=[15]
OOO / Test #59 / 1439449711200 / readers=[15, 15, 15, 15, 15, 14, 14, 14, 14, 14] / writers=[15]
OOO / Test #46 / 1439449711197 / readers=[18, 18, 18, 18, 18, 18, 18, 18, 18, 18] / writers=[19]
OOO / Test #26 / 1439449711197 / readers=[20, 20, 19, 19, 19, 20, 19, 19, 20, 20] / writers=[20]
OOO / Test #157 / 1439449711197 / readers=[17, 17, 16, 17, 17, 17, 16, 16, 16, 16] / writers=[17]
OOO / Test #4 / 1439449711197 / readers=[43, 43, 44, 43, 43, 43, 43, 43, 43, 43] / writers=[44]
OOO / Test #12 / 1439449711197 / readers=[40, 40, 40, 40, 39, 39, 39, 39, 39, 39] / writers=[40]
OOO / Test #34 / 1439449711197 / readers=[16, 17, 17, 16, 16, 17, 17, 16, 17, 16] / writers=[17]
OOO / Test #157 / 1439449711263 / readers=[18, 18, 17, 18, 18, 17, 17, 17, 17, 17] / writers=[18]
OOO / Test #45 / 1439449711197 / readers=[23, 22, 22, 23, 23, 22, 22, 23, 23, 22] / writers=[23]
OOO / Test #23 / 1439449711197 / readers=[20, 19, 19, 19, 19, 19, 19, 19, 19, 19] / writers=[20]
OOO / Test #33 / 1439449711193 / readers=[15, 15, 15, 15, 15, 15, 15, 14, 15, 14] / writers=[15]
OOO / Test #145 / 1439449711193 / readers=[13, 14, 13, 13, 13, 13, 13, 13, 13, 13] / writers=[14]
OOO / Test #42 / 1439449711193 / readers=[18, 18, 17, 18, 17, 18, 17, 17, 17, 17] / writers=[18]
OOO / Test #58 / 1439449711193 / readers=[17, 16, 17, 17, 17, 16, 16, 17, 16, 16] / writers=[17]
OOO / Test #57 / 1439449711193 / readers=[19, 18, 18, 19, 19, 18, 18, 18, 18, 18] / writers=[19]
OOO / Test #154 / 1439449711193 / readers=[15, 15, 15, 15, 15, 15, 15, 14, 14, 14] / writers=[15]
OOO / Test #41 / 1439449711193 / readers=[15, 15, 16, 15, 15, 16, 16, 15, 15, 16] / writers=[16]
OOO / Test #58 / 1439449711266 / readers=[18, 17, 17, 18, 18, 17, 17, 18, 17, 17] / writers=[18]
OOO / Test #57 / 1439449711266 / readers=[20, 19, 19, 20, 19, 19, 19, 19, 19, 19] / writers=[20]
OOO / Test #155 / 1439449711193 / readers=[13, 13, 13, 13, 13, 13, 13, 13, 13, 13] / writers=[14]
OOO / Test #41 / 1439449711266 / readers=[16, 16, 17, 16, 16, 17, 17, 17, 16, 16] / writers=[17]
OOO / Test #133 / 1439449711190 / readers=[16, 16, 16, 16, 15, 16, 16, 16, 15, 16] / writers=[16]
OOO / Test #32 / 1439449711190 / readers=[17, 16, 17, 16, 17, 16, 16, 17, 16, 16] / writers=[17]
OOO / Test #38 / 1439449711190 / readers=[19, 19, 19, 18, 18, 18, 18, 18, 18, 18] / writers=[19]
OOO / Test #56 / 1439449711190 / readers=[21, 21, 21, 21, 21, 21, 21, 21, 21, 21] / writers=[22]
OOO / Test #19 / 1439449711190 / readers=[22, 22, 22, 23, 23, 23, 22, 23, 22, 22] / writers=[23]
OOO / Test #73 / 1439449711189 / readers=[17, 17, 17, 17, 17, 16, 17, 17, 17, 17] / writers=[17]
OOO / Test #149 / 1439449711189 / readers=[11, 11, 11, 11, 11, 11, 11, 11, 11, 11] / writers=[12]
OOO / Test #24 / 1439449711189 / readers=[22, 22, 22, 22, 22, 22, 22, 22, 21, 22] / writers=[22]
OOO / Test #16 / 1439449711189 / readers=[32, 31, 31, 31, 31, 31, 31, 31, 31, 31] / writers=[32]
OOO / Test #56 / 1439449711270 / readers=[24, 24, 24, 23, 24, 24, 24, 24, 24, 24] / writers=[24]
OOO / Test #21 / 1439449711187 / readers=[38, 38, 38, 38, 37, 38, 38, 38, 37, 37] / writers=[38]
OOO / Test #24 / 1439449711270 / readers=[22, 23, 23, 23, 23, 23, 23, 23, 22, 23] / writers=[23]
OOO / Test #149 / 1439449711270 / readers=[14, 14, 14, 14, 14, 14, 13, 14, 14, 14] / writers=[14]
OOO / Test #52 / 1439449711187 / readers=[19, 19, 19, 18, 18, 18, 18, 18, 18, 18] / writers=[19]
OOO / Test #109 / 1439449711186 / readers=[19, 18, 19, 19, 18, 18, 18, 18, 18, 18] / writers=[19]
OOO / Test #84 / 1439449711186 / readers=[14, 14, 14, 14, 14, 14, 14, 14, 13, 14] / writers=[14]
OOO / Test #17 / 1439449711186 / readers=[30, 30, 30, 31, 31, 31, 31, 31, 30, 31] / writers=[31]
OOO / Test #139 / 1439449711186 / readers=[14, 14, 14, 14, 14, 14, 14, 14, 13, 13] / writers=[14]
OOO / Test #52 / 1439449711274 / readers=[20, 20, 19, 19, 19, 19, 19, 19, 19, 19] / writers=[20]
OOO / Test #84 / 1439449711274 / readers=[15, 15, 15, 15, 15, 15, 15, 14, 14, 15] / writers=[15]
OOO / Test #127 / 1439449711184 / readers=[15, 15, 15, 15, 15, 15, 15, 14, 15, 14] / writers=[15]
OOO / Test #139 / 1439449711274 / readers=[15, 15, 15, 15, 15, 15, 15, 14, 14, 14] / writers=[15]
OOO / Test #48 / 1439449711184 / readers=[17, 17, 17, 17, 17, 16, 16, 16, 16, 16] / writers=[17]
OOO / Test #6 / 1439449711184 / readers=[48, 48, 48, 48, 48, 48, 48, 47, 47, 47] / writers=[48]
OOO / Test #80 / 1439449711184 / readers=[15, 15, 15, 15, 15, 15, 14, 14, 15, 14] / writers=[15]
OOO / Test #101 / 1439449711184 / readers=[13, 13, 14, 14, 14, 14, 14, 13, 13, 13] / writers=[14]
OOO / Test #10 / 1439449711184 / readers=[22, 22, 22, 22, 22, 22, 22, 22, 22, 22] / writers=[23]
OOO / Test #122 / 1439449711184 / readers=[18, 18, 18, 18, 17, 17, 17, 17, 17, 17] / writers=[18]
OOO / Test #37 / 1439449711183 / readers=[18, 18, 18, 17, 18, 17, 17, 18, 17, 17] / writers=[18]
OOO / Test #8 / 1439449711183 / readers=[39, 39, 39, 39, 40, 39, 39, 39, 40, 39] / writers=[40]
OOO / Test #65 / 1439449711183 / readers=[17, 17, 17, 17, 17, 16, 16, 16, 16, 16] / writers=[17]
OOO / Test #144 / 1439449711181 / readers=[13, 13, 13, 13, 13, 13, 13, 13, 13, 12] / writers=[13]
OOO / Test #90 / 1439449711181 / readers=[16, 16, 16, 16, 16, 16, 15, 15, 15, 15] / writers=[16]
OOO / Test #137 / 1439449711181 / readers=[14, 14, 14, 14, 14, 14, 14, 14, 13, 13] / writers=[14]
OOO / Test #144 / 1439449711277 / readers=[14, 14, 14, 14, 14, 14, 14, 13, 14, 13] / writers=[14]
OOO / Test #151 / 1439449711181 / readers=[14, 14, 14, 14, 14, 14, 14, 14, 13, 13] / writers=[14]
OOO / Test #114 / 1439449711181 / readers=[16, 16, 16, 16, 16, 16, 15, 15, 15, 15] / writers=[16]
OOO / Test #75 / 1439449711181 / readers=[15, 15, 15, 15, 15, 15, 15, 14, 14, 14] / writers=[15]
OOO / Test #9 / 1439449711181 / readers=[40, 40, 40, 40, 40, 40, 41, 41, 40, 40] / writers=[41]
OOO / Test #66 / 1439449711181 / readers=[14, 14, 14, 14, 14, 14, 14, 14, 13, 13] / writers=[14]
OOO / Test #29 / 1439449711181 / readers=[18, 18, 18, 18, 18, 18, 18, 18, 18, 19] / writers=[19]
OOO / Test #128 / 1439449711181 / readers=[16, 16, 16, 16, 16, 16, 15, 15, 15, 15] / writers=[16]
OOO / Test #114 / 1439449711281 / readers=[17, 17, 17, 17, 17, 16, 16, 16, 16, 16] / writers=[17]
OOO / Test #85 / 1439449711178 / readers=[16, 16, 16, 15, 16, 16, 15, 16, 15, 15] / writers=[16]
OOO / Test #29 / 1439449711281 / readers=[19, 19, 19, 19, 19, 19, 19, 19, 19, 19] / writers=[20]
OOO / Test #124 / 1439449711178 / readers=[17, 17, 17, 17, 17, 16, 16, 16, 16, 16] / writers=[17]
OOO / Test #118 / 1439449711178 / readers=[11, 11, 11, 11, 11, 11, 11, 11, 11, 11] / writers=[12]
OOO / Test #63 / 1439449711178 / readers=[13, 13, 13, 13, 13, 13, 13, 13, 13, 12] / writers=[13]
OOO / Test #93 / 1439449711178 / readers=[15, 15, 15, 15, 15, 15, 15, 15, 14, 14] / writers=[15]
OOO / Test #130 / 1439449711178 / readers=[15, 15, 15, 14, 15, 15, 15, 15, 14, 14] / writers=[15]
OOO / Test #116 / 1439449711178 / readers=[16, 15, 16, 16, 16, 16, 16, 15, 15, 15] / writers=[16]
OOO / Test #91 / 1439449711178 / readers=[14, 14, 14, 14, 14, 14, 14, 14, 13, 13] / writers=[14]
OOO / Test #86 / 1439449711176 / readers=[15, 15, 15, 15, 15, 15, 15, 14, 14, 14] / writers=[15]
OOO / Test #125 / 1439449711176 / readers=[16, 16, 16, 16, 16, 15, 15, 15, 16, 15] / writers=[16]
OOO / Test #130 / 1439449711284 / readers=[16, 16, 16, 15, 16, 16, 16, 15, 15, 15] / writers=[16]
OOO / Test #96 / 1439449711176 / readers=[14, 14, 14, 14, 14, 14, 14, 14, 13, 13] / writers=[14]
OOO / Test #141 / 1439449711176 / readers=[20, 20, 19, 19, 19, 19, 19, 19, 19, 19] / writers=[20]
OOO / Test #77 / 1439449711176 / readers=[17, 17, 17, 17, 17, 16, 16, 16, 16, 16] / writers=[17]
OOO / Test #68 / 1439449711176 / readers=[14, 14, 14, 14, 14, 14, 14, 14, 13, 13] / writers=[14]
OOO / Test #76 / 1439449711176 / readers=[19, 19, 19, 18, 18, 18, 18, 18, 18, 18] / writers=[19]
OOO / Test #141 / 1439449711287 / readers=[21, 20, 20, 20, 20, 20, 20, 20, 20, 20] / writers=[21]
OOO / Test #135 / 1439449711176 / readers=[15, 15, 15, 15, 15, 15, 15, 15, 14, 14] / writers=[15]
OOO / Test #77 / 1439449711287 / readers=[18, 18, 18, 18, 17, 17, 17, 17, 17, 17] / writers=[18]
OOO / Test #76 / 1439449711287 / readers=[20, 20, 19, 19, 19, 19, 19, 19, 19, 19] / writers=[20]
OOO / Test #106 / 1439449711175 / readers=[15, 14, 15, 15, 15, 15, 15, 15, 14, 14] / writers=[15]
OOO / Test #135 / 1439449711288 / readers=[16, 16, 16, 16, 16, 16, 16, 15, 15, 15] / writers=[16]
OOO / Test #78 / 1439449711173 / readers=[15, 15, 15, 15, 15, 15, 15, 14, 14, 14] / writers=[15]
OOO / Test #87 / 1439449711173 / readers=[14, 14, 14, 14, 14, 14, 14, 14, 13, 13] / writers=[14]
OOO / Test #88 / 1439449711173 / readers=[15, 15, 15, 15, 15, 15, 15, 14, 14, 14] / writers=[15]
OOO / Test #135 / 1439449711290 / readers=[17, 17, 16, 17, 17, 17, 17, 16, 16, 16] / writers=[17]
OOO / Test #82 / 1439449711173 / readers=[11, 11, 11, 11, 11, 11, 11, 11, 11, 11] / writers=[12]
OOO / Test #92 / 1439449711173 / readers=[15, 15, 15, 15, 15, 15, 15, 14, 14, 15] / writers=[15]
OOO / Test #117 / 1439449711173 / readers=[18, 18, 18, 18, 17, 17, 17, 17, 17, 17] / writers=[18]
OOO / Test #129 / 1439449711173 / readers=[15, 15, 15, 15, 15, 15, 15, 15, 14, 14] / writers=[15]
OOO / Test #71 / 1439449711173 / readers=[13, 13, 13, 13, 13, 13, 13, 13, 13, 12] / writers=[13]
OOO / Test #74 / 1439449711173 / readers=[13, 13, 13, 13, 13, 13, 13, 12, 13, 13] / writers=[13]
OOO / Test #67 / 1439449711173 / readers=[16, 16, 16, 16, 16, 16, 15, 15, 15, 15] / writers=[16]
OOO / Test #113 / 1439449711169 / readers=[16, 16, 16, 15, 16, 16, 16, 15, 15, 15] / writers=[16]
OOO / Test #112 / 1439449711169 / readers=[15, 15, 15, 15, 15, 15, 15, 14, 14, 14] / writers=[15]
OOO / Test #136 / 1439449711168 / readers=[16, 16, 16, 16, 16, 16, 15, 15, 15, 15] / writers=[16]
OOO / Test #132 / 1439449711168 / readers=[16, 16, 16, 16, 16, 16, 15, 15, 15, 15] / writers=[16]
OOO / Test #104 / 1439449711168 / readers=[17, 17, 16, 17, 17, 17, 16, 16, 16, 16] / writers=[17]
OOO / Test #112 / 1439449711293 / readers=[16, 16, 16, 16, 16, 16, 15, 15, 15, 15] / writers=[16]
OOO / Test #81 / 1439449711168 / readers=[12, 12, 13, 13, 13, 13, 12, 13, 13, 12] / writers=[13]
OOO / Test #134 / 1439449711168 / readers=[15, 15, 16, 16, 15, 16, 15, 15, 16, 15] / writers=[16]
OOO / Test #79 / 1439449711164 / readers=[13, 13, 13, 13, 13, 13, 13, 13, 13, 12] / writers=[13]
OOO / Test #69 / 1439449711164 / readers=[16, 16, 16, 16, 17, 16, 16, 16, 16, 16] / writers=[17]
OOO / Test #102 / 1439449711164 / readers=[14, 14, 14, 14, 14, 14, 14, 14, 13, 13] / writers=[14]
OOO / Test #108 / 1439449711164 / readers=[17, 17, 17, 17, 17, 16, 16, 16, 16, 16] / writers=[17]
OOO / Test #123 / 1439449711164 / readers=[13, 13, 13, 13, 13, 13, 13, 13, 13, 12] / writers=[13]
OOO / Test #111 / 1439449711164 / readers=[16, 16, 16, 16, 16, 16, 15, 15, 15, 15] / writers=[16]
OOO / Test #119 / 1439449711164 / readers=[13, 13, 13, 13, 13, 13, 13, 13, 13, 13] / writers=[14]
OOO / Test #140 / 1439449711164 / readers=[16, 17, 17, 17, 16, 16, 16, 17, 16, 16] / writers=[17]
OOO / Test #115 / 1439449711164 / readers=[14, 14, 14, 14, 14, 14, 14, 14, 13, 13] / writers=[14]
OOO / Test #143 / 1439449711161 / readers=[13, 13, 13, 13, 13, 13, 13, 13, 13, 12] / writers=[13]
OOO / Test #99 / 1439449711161 / readers=[14, 14, 14, 14, 14, 14, 14, 14, 13, 13] / writers=[14]
OOO / Test #89 / 1439449711161 / readers=[17, 17, 17, 17, 17, 16, 16, 16, 16, 16] / writers=[17]
OOO / Test #120 / 1439449711161 / readers=[17, 17, 17, 17, 16, 17, 16, 16, 16, 16] / writers=[17]
OOO / Test #105 / 1439449711161 / readers=[13, 13, 13, 13, 13, 13, 13, 13, 13, 12] / writers=[13]
OOO / Test #83 / 1439449711161 / readers=[17, 17, 17, 17, 17, 16, 16, 16, 16, 16] / writers=[17]
OOO / Test #120 / 1439449711299 / readers=[18, 18, 18, 18, 17, 17, 17, 17, 17, 17] / writers=[18]
OOO / Test #138 / 1439449711161 / readers=[15, 15, 15, 15, 15, 15, 15, 14, 14, 14] / writers=[15]
OOO / Test #70 / 1439449711158 / readers=[14, 14, 14, 14, 14, 14, 14, 14, 13, 13] / writers=[14]
OOO / Test #121 / 1439449711158 / readers=[17, 17, 17, 17, 17, 17, 16, 17, 17, 17] / writers=[17]
OOO / Test #110 / 1439449711158 / readers=[16, 16, 16, 16, 16, 16, 15, 15, 16, 16] / writers=[16]
OOO / Test #126 / 1439449711158 / readers=[18, 19, 19, 19, 18, 18, 18, 18, 18, 19] / writers=[19]
OOO / Test #107 / 1439449711158 / readers=[17, 17, 16, 17, 17, 17, 16, 16, 17, 16] / writers=[17]
OOO / Test #142 / 1439449711157 / readers=[15, 16, 16, 16, 16, 16, 15, 15, 15, 15] / writers=[16]
OOO / Test #94 / 1439449711157 / readers=[12, 12, 13, 13, 13, 13, 13, 13, 12, 12] / writers=[13]
OOO / Test #103 / 1439449711154 / readers=[20, 20, 19, 19, 19, 19, 19, 19, 19, 19] / writers=[20]
OOO / Test #131 / 1439449711154 / readers=[14, 14, 14, 14, 14, 14, 14, 13, 14, 13] / writers=[14]
OOO / Test #25 / 1439449711154 / readers=[27, 27, 27, 26, 26, 26, 26, 27, 27, 27] / writers=[27]
OOO / Test #103 / 1439449711302 / readers=[21, 20, 20, 20, 20, 20, 20, 20, 20, 20] / writers=[21]
OOO / Test #1 / 1439449711154 / readers=[17, 16, 17, 17, 17, 17, 17, 16, 16, 16] / writers=[17]
OOO / Test #98 / 1439449711154 / readers=[13, 13, 13, 13, 13, 13, 13, 13, 13, 12] / writers=[13]
OOO / Test #25 / 1439449711302 / readers=[28, 27, 28, 27, 27, 27, 27, 28, 28, 28] / writers=[28]
OOO / Test #72 / 1439449711154 / readers=[14, 14, 14, 14, 14, 14, 14, 14, 14, 13] / writers=[14]
OOO / Test #5 / 1439449711154 / readers=[41, 40, 41, 41, 41, 40, 40, 40, 40, 40] / writers=[41]
OOO / Test #72 / 1439449711302 / readers=[15, 15, 15, 15, 15, 15, 15, 14, 15, 14] / writers=[15]
OOO / Test #25 / 1439449711302 / readers=[29, 28, 28, 28, 28, 28, 28, 29, 29, 29] / writers=[29]
OOO / Test #98 / 1439449711302 / readers=[14, 14, 14, 14, 14, 14, 14, 14, 13, 13] / writers=[14]
OOO / Test #1 / 1439449711302 / readers=[18, 17, 18, 18, 18, 18, 17, 17, 17, 17] / writers=[18]
OOO / Test #103 / 1439449711302 / readers=[21, 21, 21, 21, 21, 21, 21, 21, 21, 21] / writers=[22]
OOO / Test #25 / 1439449711304 / readers=[29, 29, 29, 29, 29, 29, 29, 30, 30, 30] / writers=[30]
OOO / Test #98 / 1439449711304 / readers=[14, 15, 15, 15, 15, 15, 14, 15, 14, 14] / writers=[15]
OOO / Test #1 / 1439449711304 / readers=[19, 18, 19, 19, 18, 19, 18, 18, 18, 18] / writers=[19]
OOO / Test #131 / 1439449711302 / readers=[15, 15, 15, 15, 15, 15, 15, 14, 14, 14] / writers=[15]
OOO / Test #98 / 1439449711304 / readers=[15, 16, 16, 16, 16, 16, 15, 15, 15, 15] / writers=[16]
OOO / Test #94 / 1439449711302 / readers=[13, 13, 14, 14, 14, 14, 14, 13, 13, 13] / writers=[14]
OOO / Test #142 / 1439449711302 / readers=[16, 17, 17, 17, 17, 16, 16, 16, 16, 16] / writers=[17]
OOO / Test #107 / 1439449711299 / readers=[18, 18, 17, 18, 18, 17, 17, 17, 18, 17] / writers=[18]
OOO / Test #126 / 1439449711299 / readers=[19, 20, 20, 19, 19, 19, 19, 19, 19, 20] / writers=[20]
OOO / Test #110 / 1439449711299 / readers=[17, 17, 17, 17, 17, 16, 16, 16, 17, 17] / writers=[17]
OOO / Test #94 / 1439449711307 / readers=[14, 14, 15, 15, 15, 15, 14, 14, 14, 14] / writers=[15]
OOO / Test #70 / 1439449711299 / readers=[15, 15, 15, 15, 15, 15, 15, 14, 14, 14] / writers=[15]
OOO / Test #121 / 1439449711299 / readers=[18, 18, 18, 18, 18, 17, 17, 18, 18, 18] / writers=[18]
OOO / Test #110 / 1439449711307 / readers=[18, 18, 18, 18, 17, 17, 17, 17, 18, 18] / writers=[18]
OOO / Test #138 / 1439449711299 / readers=[16, 16, 16, 16, 16, 16, 15, 15, 15, 15] / writers=[16]
OOO / Test #83 / 1439449711299 / readers=[18, 18, 17, 18, 18, 17, 17, 17, 17, 17] / writers=[18]
OOO / Test #120 / 1439449711299 / readers=[19, 19, 19, 18, 18, 18, 18, 18, 18, 18] / writers=[19]
OOO / Test #105 / 1439449711299 / readers=[14, 14, 14, 14, 14, 14, 14, 14, 13, 13] / writers=[14]
OOO / Test #89 / 1439449711299 / readers=[18, 18, 18, 18, 17, 17, 17, 17, 17, 17] / writers=[18]
OOO / Test #99 / 1439449711296 / readers=[15, 15, 15, 15, 15, 15, 15, 14, 14, 14] / writers=[15]
OOO / Test #143 / 1439449711296 / readers=[14, 14, 14, 14, 14, 14, 14, 14, 13, 13] / writers=[14]
OOO / Test #140 / 1439449711296 / readers=[17, 18, 18, 17, 17, 17, 17, 18, 17, 17] / writers=[18]
OOO / Test #115 / 1439449711296 / readers=[15, 15, 15, 15, 15, 15, 15, 14, 14, 14] / writers=[15]
OOO / Test #119 / 1439449711296 / readers=[16, 16, 16, 16, 16, 16, 15, 16, 16, 16] / writers=[16]
OOO / Test #111 / 1439449711296 / readers=[17, 17, 17, 17, 17, 16, 16, 16, 16, 16] / writers=[17]
OOO / Test #123 / 1439449711296 / readers=[14, 14, 14, 14, 14, 14, 14, 13, 14, 13] / writers=[14]
OOO / Test #108 / 1439449711296 / readers=[18, 18, 18, 18, 17, 17, 17, 17, 17, 17] / writers=[18]
OOO / Test #102 / 1439449711296 / readers=[15, 15, 15, 15, 15, 15, 15, 14, 14, 14] / writers=[15]
OOO / Test #69 / 1439449711296 / readers=[17, 17, 17, 17, 17, 17, 17, 17, 17, 17] / writers=[18]
OOO / Test #79 / 1439449711293 / readers=[14, 14, 14, 14, 14, 14, 14, 14, 13, 13] / writers=[14]
OOO / Test #108 / 1439449711313 / readers=[19, 19, 19, 18, 18, 18, 18, 18, 18, 18] / writers=[19]
OOO / Test #102 / 1439449711313 / readers=[16, 16, 16, 16, 16, 16, 15, 15, 15, 15] / writers=[16]
OOO / Test #134 / 1439449711293 / readers=[16, 16, 17, 17, 16, 16, 16, 16, 17, 16] / writers=[17]
OOO / Test #81 / 1439449711293 / readers=[13, 13, 14, 14, 14, 14, 13, 13, 14, 13] / writers=[14]
OOO / Test #104 / 1439449711293 / readers=[18, 18, 17, 18, 18, 17, 17, 17, 17, 17] / writers=[18]
OOO / Test #112 / 1439449711293 / readers=[17, 17, 17, 17, 17, 16, 16, 16, 16, 16] / writers=[17]
OOO / Test #132 / 1439449711293 / readers=[17, 17, 17, 17, 17, 16, 16, 16, 16, 16] / writers=[17]
OOO / Test #136 / 1439449711293 / readers=[17, 17, 17, 17, 16, 17, 16, 16, 16, 16] / writers=[17]
OOO / Test #113 / 1439449711293 / readers=[17, 17, 17, 16, 17, 17, 16, 16, 16, 16] / writers=[17]
OOO / Test #67 / 1439449711293 / readers=[17, 17, 17, 17, 17, 16, 16, 16, 16, 16] / writers=[17]
OOO / Test #74 / 1439449711291 / readers=[13, 14, 14, 14, 14, 14, 14, 13, 14, 14] / writers=[14]
OOO / Test #71 / 1439449711290 / readers=[14, 14, 14, 14, 14, 14, 14, 14, 13, 13] / writers=[14]
OOO / Test #129 / 1439449711290 / readers=[16, 16, 16, 16, 16, 16, 16, 15, 15, 15] / writers=[16]
OOO / Test #117 / 1439449711290 / readers=[19, 19, 19, 18, 18, 18, 18, 18, 18, 18] / writers=[19]
OOO / Test #74 / 1439449711317 / readers=[14, 15, 15, 15, 15, 15, 15, 14, 15, 14] / writers=[15]
OOO / Test #71 / 1439449711317 / readers=[15, 15, 15, 15, 15, 15, 15, 14, 14, 14] / writers=[15]
OOO / Test #82 / 1439449711290 / readers=[14, 14, 14, 14, 14, 14, 14, 14, 14, 13] / writers=[14]
OOO / Test #92 / 1439449711290 / readers=[16, 15, 16, 16, 16, 16, 16, 15, 15, 16] / writers=[16]
OOO / Test #135 / 1439449711290 / readers=[18, 18, 17, 18, 17, 18, 18, 17, 17, 17] / writers=[18]
OOO / Test #88 / 1439449711290 / readers=[16, 16, 16, 16, 16, 16, 15, 15, 15, 15] / writers=[16]
OOO / Test #82 / 1439449711321 / readers=[15, 15, 15, 15, 15, 15, 15, 14, 15, 14] / writers=[15]
OOO / Test #92 / 1439449711321 / readers=[17, 16, 17, 17, 17, 17, 16, 16, 16, 17] / writers=[17]
OOO / Test #87 / 1439449711290 / readers=[15, 15, 15, 15, 15, 15, 15, 14, 14, 14] / writers=[15]
OOO / Test #78 / 1439449711290 / readers=[16, 16, 16, 16, 16, 16, 15, 15, 15, 15] / writers=[16]
OOO / Test #106 / 1439449711288 / readers=[16, 15, 16, 16, 16, 16, 16, 15, 15, 15] / writers=[16]
OOO / Test #76 / 1439449711288 / readers=[21, 20, 20, 20, 20, 20, 20, 20, 20, 20] / writers=[21]
OOO / Test #77 / 1439449711288 / readers=[18, 19, 19, 19, 18, 18, 18, 18, 18, 18] / writers=[19]
OOO / Test #141 / 1439449711288 / readers=[21, 21, 21, 21, 21, 21, 21, 21, 21, 21] / writers=[22]
OOO / Test #68 / 1439449711287 / readers=[15, 15, 15, 15, 15, 15, 15, 14, 14, 14] / writers=[15]
OOO / Test #96 / 1439449711287 / readers=[15, 15, 15, 15, 15, 15, 15, 14, 14, 14] / writers=[15]
OOO / Test #130 / 1439449711285 / readers=[17, 17, 17, 16, 17, 17, 16, 16, 16, 16] / writers=[17]
OOO / Test #68 / 1439449711324 / readers=[16, 16, 16, 16, 16, 16, 15, 15, 15, 15] / writers=[16]
OOO / Test #96 / 1439449711324 / readers=[16, 16, 16, 16, 16, 16, 15, 15, 15, 15] / writers=[16]
OOO / Test #86 / 1439449711285 / readers=[16, 16, 16, 16, 16, 16, 15, 15, 15, 15] / writers=[16]
OOO / Test #125 / 1439449711285 / readers=[17, 17, 17, 17, 16, 16, 16, 16, 17, 16] / writers=[17]
OOO / Test #91 / 1439449711285 / readers=[15, 15, 15, 15, 15, 15, 15, 14, 14, 14] / writers=[15]
OOO / Test #116 / 1439449711285 / readers=[17, 16, 17, 17, 17, 17, 16, 16, 16, 16] / writers=[17]
OOO / Test #63 / 1439449711284 / readers=[14, 14, 14, 14, 14, 14, 14, 13, 14, 13] / writers=[14]
OOO / Test #93 / 1439449711284 / readers=[16, 16, 16, 16, 16, 16, 16, 15, 15, 15] / writers=[16]
OOO / Test #118 / 1439449711284 / readers=[14, 14, 14, 14, 14, 14, 14, 14, 14, 13] / writers=[14]
OOO / Test #29 / 1439449711284 / readers=[21, 22, 22, 22, 22, 22, 22, 22, 22, 22] / writers=[22]
OOO / Test #124 / 1439449711284 / readers=[18, 18, 18, 18, 17, 17, 17, 17, 17, 17] / writers=[18]
OOO / Test #85 / 1439449711281 / readers=[17, 17, 17, 16, 17, 17, 16, 16, 16, 16] / writers=[17]
OOO / Test #29 / 1439449711327 / readers=[22, 22, 23, 23, 23, 23, 23, 23, 23, 23] / writers=[23]
OOO / Test #114 / 1439449711281 / readers=[18, 18, 18, 18, 17, 17, 17, 17, 17, 17] / writers=[18]
OOO / Test #128 / 1439449711281 / readers=[17, 17, 17, 17, 17, 16, 16, 16, 16, 16] / writers=[17]
OOO / Test #29 / 1439449711327 / readers=[23, 23, 24, 24, 24, 23, 24, 24, 24, 24] / writers=[24]
OOO / Test #66 / 1439449711281 / readers=[15, 15, 15, 15, 15, 15, 15, 14, 14, 14] / writers=[15]
OOO / Test #9 / 1439449711281 / readers=[41, 41, 41, 41, 41, 41, 42, 41, 41, 41] / writers=[42]
OOO / Test #75 / 1439449711281 / readers=[16, 16, 16, 16, 16, 16, 15, 15, 15, 15] / writers=[16]
OOO / Test #151 / 1439449711281 / readers=[15, 15, 15, 15, 15, 15, 15, 14, 14, 14] / writers=[15]
OOO / Test #144 / 1439449711281 / readers=[15, 15, 15, 15, 15, 15, 15, 14, 14, 14] / writers=[15]
OOO / Test #137 / 1439449711277 / readers=[15, 15, 15, 15, 15, 15, 15, 14, 14, 14] / writers=[15]
OOO / Test #90 / 1439449711277 / readers=[17, 17, 17, 17, 17, 16, 16, 16, 16, 16] / writers=[17]
OOO / Test #65 / 1439449711277 / readers=[18, 18, 18, 18, 17, 17, 17, 17, 17, 17] / writers=[18]
OOO / Test #137 / 1439449711331 / readers=[16, 16, 16, 16, 16, 16, 15, 15, 15, 15] / writers=[16]
OOO / Test #8 / 1439449711277 / readers=[40, 40, 40, 40, 40, 40, 40, 40, 41, 40] / writers=[41]
OOO / Test #37 / 1439449711277 / readers=[19, 19, 19, 18, 19, 18, 18, 18, 18, 18] / writers=[19]
OOO / Test #65 / 1439449711331 / readers=[19, 19, 19, 18, 18, 18, 18, 18, 18, 18] / writers=[19]
OOO / Test #10 / 1439449711277 / readers=[25, 25, 25, 25, 25, 25, 25, 25, 24, 25] / writers=[25]
OOO / Test #65 / 1439449711334 / readers=[20, 19, 20, 19, 19, 19, 19, 19, 19, 19] / writers=[20]
OOO / Test #101 / 1439449711277 / readers=[14, 14, 15, 15, 15, 15, 14, 14, 14, 14] / writers=[15]
OOO / Test #122 / 1439449711277 / readers=[19, 19, 19, 18, 18, 18, 18, 18, 18, 18] / writers=[19]
OOO / Test #80 / 1439449711277 / readers=[16, 16, 16, 16, 16, 16, 15, 15, 15, 15] / writers=[16]
OOO / Test #6 / 1439449711274 / readers=[49, 49, 49, 49, 49, 49, 48, 48, 48, 48] / writers=[49]
OOO / Test #48 / 1439449711274 / readers=[18, 18, 18, 18, 17, 17, 17, 17, 17, 17] / writers=[18]
OOO / Test #139 / 1439449711274 / readers=[15, 16, 16, 16, 16, 16, 16, 15, 15, 15] / writers=[16]
OOO / Test #127 / 1439449711274 / readers=[16, 16, 16, 16, 16, 15, 16, 15, 16, 15] / writers=[16]
OOO / Test #84 / 1439449711274 / readers=[16, 16, 16, 16, 16, 16, 15, 15, 15, 16] / writers=[16]
OOO / Test #52 / 1439449711274 / readers=[20, 21, 20, 20, 20, 20, 20, 20, 20, 20] / writers=[21]
OOO / Test #17 / 1439449711274 / readers=[31, 31, 31, 32, 32, 32, 32, 31, 31, 32] / writers=[32]
OOO / Test #109 / 1439449711274 / readers=[20, 19, 20, 19, 19, 19, 19, 19, 19, 19] / writers=[20]
OOO / Test #149 / 1439449711270 / readers=[15, 15, 15, 15, 15, 15, 14, 15, 15, 14] / writers=[15]
OOO / Test #56 / 1439449711270 / readers=[26, 26, 26, 26, 26, 26, 26, 26, 26, 25] / writers=[26]
OOO / Test #52 / 1439449711337 / readers=[21, 21, 21, 21, 21, 21, 21, 21, 21, 21] / writers=[22]
OOO / Test #24 / 1439449711270 / readers=[23, 24, 24, 24, 24, 24, 24, 23, 23, 24] / writers=[24]
OOO / Test #149 / 1439449711337 / readers=[16, 16, 16, 16, 16, 16, 15, 16, 15, 15] / writers=[16]
OOO / Test #21 / 1439449711270 / readers=[39, 39, 39, 38, 38, 39, 39, 39, 38, 38] / writers=[39]
OOO / Test #52 / 1439449711337 / readers=[24, 24, 24, 24, 24, 24, 24, 24, 24, 23] / writers=[24]
OOO / Test #16 / 1439449711270 / readers=[32, 32, 32, 32, 32, 32, 32, 32, 32, 32] / writers=[33]
OOO / Test #73 / 1439449711270 / readers=[18, 18, 18, 17, 18, 17, 18, 18, 18, 18] / writers=[18]
OOO / Test #19 / 1439449711270 / readers=[23, 23, 23, 23, 24, 24, 23, 24, 23, 23] / writers=[24]
OOO / Test #38 / 1439449711267 / readers=[20, 20, 19, 19, 19, 19, 19, 19, 19, 19] / writers=[20]
OOO / Test #32 / 1439449711267 / readers=[18, 17, 18, 17, 18, 17, 17, 17, 17, 17] / writers=[18]
OOO / Test #155 / 1439449711267 / readers=[16, 16, 16, 16, 16, 16, 16, 15, 16, 16] / writers=[16]
OOO / Test #133 / 1439449711267 / readers=[17, 17, 17, 17, 16, 17, 17, 16, 16, 17] / writers=[17]
OOO / Test #38 / 1439449711340 / readers=[21, 20, 20, 20, 20, 20, 20, 20, 20, 20] / writers=[21]
OOO / Test #32 / 1439449711340 / readers=[19, 18, 19, 18, 18, 18, 18, 18, 18, 18] / writers=[19]
OOO / Test #155 / 1439449711340 / readers=[17, 17, 17, 17, 17, 17, 16, 16, 17, 17] / writers=[17]
OOO / Test #41 / 1439449711267 / readers=[17, 17, 18, 17, 17, 17, 18, 18, 17, 17] / writers=[18]
OOO / Test #57 / 1439449711266 / readers=[21, 20, 20, 20, 20, 20, 20, 20, 20, 20] / writers=[21]
OOO / Test #58 / 1439449711266 / readers=[19, 18, 18, 19, 19, 18, 18, 18, 18, 18] / writers=[19]
OOO / Test #154 / 1439449711266 / readers=[16, 16, 16, 16, 16, 16, 15, 15, 15, 15] / writers=[16]
OOO / Test #42 / 1439449711263 / readers=[19, 19, 18, 19, 18, 18, 18, 18, 18, 18] / writers=[19]
OOO / Test #145 / 1439449711263 / readers=[14, 14, 14, 14, 14, 14, 14, 14, 14, 14] / writers=[15]
OOO / Test #58 / 1439449711344 / readers=[20, 19, 19, 19, 20, 19, 19, 19, 19, 19] / writers=[20]
OOO / Test #33 / 1439449711263 / readers=[16, 16, 16, 16, 16, 16, 15, 15, 16, 15] / writers=[16]
OOO / Test #23 / 1439449711263 / readers=[20, 20, 20, 20, 20, 20, 20, 20, 20, 20] / writers=[21]
OOO / Test #45 / 1439449711263 / readers=[24, 23, 23, 24, 24, 23, 23, 24, 23, 23] / writers=[24]
OOO / Test #157 / 1439449711263 / readers=[19, 19, 18, 19, 18, 18, 18, 18, 18, 18] / writers=[19]
OOO / Test #34 / 1439449711263 / readers=[17, 18, 17, 17, 17, 18, 18, 17, 18, 17] / writers=[18]
OOO / Test #12 / 1439449711263 / readers=[41, 40, 41, 41, 40, 40, 40, 40, 40, 40] / writers=[41]
OOO / Test #157 / 1439449711348 / readers=[20, 20, 19, 19, 19, 19, 19, 19, 19, 19] / writers=[20]
OOO / Test #4 / 1439449711263 / readers=[44, 44, 44, 44, 44, 44, 44, 44, 44, 44] / writers=[45]
OOO / Test #46 / 1439449711260 / readers=[20, 21, 21, 21, 21, 21, 21, 21, 21, 21] / writers=[21]
OOO / Test #26 / 1439449711260 / readers=[21, 20, 20, 20, 20, 21, 20, 20, 21, 21] / writers=[21]
OOO / Test #59 / 1439449711260 / readers=[16, 16, 16, 16, 15, 15, 15, 15, 15, 15] / writers=[16]
OOO / Test #35 / 1439449711260 / readers=[24, 24, 24, 24, 24, 24, 24, 24, 23, 24] / writers=[24]
OOO / Test #46 / 1439449711348 / readers=[21, 22, 22, 22, 22, 22, 21, 22, 22, 22] / writers=[22]
OOO / Test #198 / 1439449711260 / readers=[16, 16, 16, 16, 16, 16, 16, 16, 15, 15] / writers=[16]
OOO / Test #14 / 1439449711260 / readers=[46, 46, 46, 46, 46, 46, 46, 46, 47, 46] / writers=[47]
OOO / Test #22 / 1439449711260 / readers=[20, 20, 20, 20, 20, 20, 20, 20, 20, 20] / writers=[21]
OOO / Test #51 / 1439449711260 / readers=[18, 18, 18, 18, 18, 18, 18, 18, 18, 18] / writers=[19]
OOO / Test #55 / 1439449711260 / readers=[19, 19, 20, 20, 19, 19, 19, 19, 19, 19] / writers=[20]
OOO / Test #146 / 1439449711260 / readers=[16, 16, 16, 16, 16, 16, 16, 15, 15, 16] / writers=[16]
OOO / Test #147 / 1439449711257 / readers=[13, 13, 13, 13, 14, 14, 13, 13, 13, 13] / writers=[14]
OOO / Test #167 / 1439449711257 / readers=[17, 17, 17, 17, 16, 16, 17, 16, 16, 16] / writers=[17]
OOO / Test #22 / 1439449711352 / readers=[22, 23, 23, 23, 23, 23, 23, 23, 23, 23] / writers=[23]
OOO / Test #51 / 1439449711352 / readers=[21, 21, 20, 21, 21, 21, 21, 21, 21, 21] / writers=[21]
OOO / Test #39 / 1439449711257 / readers=[22, 22, 23, 22, 22, 22, 22, 22, 22, 22] / writers=[23]
OOO / Test #22 / 1439449711352 / readers=[23, 23, 24, 24, 24, 24, 24, 24, 24, 24] / writers=[24]
OOO / Test #49 / 1439449711257 / readers=[24, 24, 24, 25, 25, 25, 25, 25, 24, 24] / writers=[25]
OOO / Test #148 / 1439449711257 / readers=[16, 16, 16, 16, 16, 16, 16, 15, 15, 16] / writers=[16]
OOO / Test #64 / 1439449711257 / readers=[16, 16, 16, 16, 16, 15, 16, 15, 15, 15] / writers=[16]
OOO / Test #36 / 1439449711257 / readers=[19, 19, 19, 18, 18, 18, 19, 19, 19, 19] / writers=[19]
OOO / Test #18 / 1439449711257 / readers=[28, 28, 28, 27, 28, 28, 27, 27, 27, 27] / writers=[28]
OOO / Test #62 / 1439449711254 / readers=[17, 17, 17, 17, 17, 17, 17, 18, 18, 18] / writers=[18]
OOO / Test #97 / 1439449711254 / readers=[15, 14, 15, 15, 15, 15, 15, 14, 14, 15] / writers=[15]
OOO / Test #44 / 1439449711254 / readers=[18, 18, 18, 18, 18, 17, 17, 17, 17, 17] / writers=[18]
OOO / Test #61 / 1439449711254 / readers=[15, 15, 15, 15, 15, 16, 16, 16, 16, 16] / writers=[16]
OOO / Test #18 / 1439449711355 / readers=[29, 29, 29, 28, 29, 28, 28, 28, 28, 28] / writers=[29]
OOO / Test #97 / 1439449711356 / readers=[16, 15, 16, 15, 16, 16, 16, 15, 15, 16] / writers=[16]
OOO / Test #162 / 1439449711254 / readers=[15, 16, 16, 16, 16, 16, 16, 15, 15, 15] / writers=[16]
OOO / Test #28 / 1439449711254 / readers=[19, 19, 19, 19, 19, 19, 19, 19, 19, 19] / writers=[20]
OOO / Test #164 / 1439449711253 / readers=[16, 16, 16, 16, 16, 16, 15, 15, 15, 15] / writers=[16]
OOO / Test #97 / 1439449711359 / readers=[16, 16, 17, 16, 17, 17, 17, 16, 16, 17] / writers=[17]
OOO / Test #40 / 1439449711254 / readers=[18, 18, 19, 19, 18, 18, 19, 19, 19, 19] / writers=[19]
OOO / Test #27 / 1439449711254 / readers=[19, 19, 19, 18, 18, 18, 18, 18, 19, 19] / writers=[19]
OOO / Test #164 / 1439449711359 / readers=[17, 17, 17, 17, 17, 16, 16, 16, 16, 16] / writers=[17]
OOO / Test #43 / 1439449711253 / readers=[21, 22, 21, 21, 22, 22, 21, 21, 21, 21] / writers=[22]
OOO / Test #180 / 1439449711250 / readers=[15, 15, 15, 15, 15, 15, 14, 14, 14, 15] / writers=[15]
OOO / Test #153 / 1439449711250 / readers=[18, 18, 18, 18, 17, 17, 17, 17, 17, 17] / writers=[18]
OOO / Test #95 / 1439449711250 / readers=[18, 18, 18, 18, 18, 18, 17, 18, 18, 18] / writers=[18]
OOO / Test #31 / 1439449711250 / readers=[19, 20, 19, 20, 20, 20, 19, 20, 20, 20] / writers=[20]
OOO / Test #60 / 1439449711250 / readers=[17, 17, 17, 17, 17, 17, 17, 18, 18, 17] / writers=[18]
OOO / Test #153 / 1439449711363 / readers=[19, 19, 19, 18, 18, 18, 18, 18, 18, 18] / writers=[19]
OOO / Test #54 / 1439449711250 / readers=[21, 22, 22, 21, 21, 22, 22, 22, 21, 21] / writers=[22]
OOO / Test #31 / 1439449711363 / readers=[20, 21, 20, 20, 21, 21, 20, 21, 21, 21] / writers=[21]
OOO / Test #30 / 1439449711250 / readers=[20, 20, 20, 19, 20, 19, 20, 19, 20, 20] / writers=[20]
OOO / Test #15 / 1439449711250 / readers=[35, 35, 35, 36, 36, 36, 36, 36, 35, 35] / writers=[36]
OOO / Test #20 / 1439449711250 / readers=[22, 21, 21, 21, 21, 21, 21, 21, 22, 21] / writers=[22]
OOO / Test #54 / 1439449711363 / readers=[22, 23, 22, 22, 22, 23, 23, 23, 22, 22] / writers=[23]
OOO / Test #152 / 1439449711247 / readers=[15, 16, 16, 16, 16, 15, 16, 15, 15, 15] / writers=[16]
OOO / Test #100 / 1439449711247 / readers=[18, 19, 19, 18, 18, 19, 18, 18, 18, 18] / writers=[19]
OOO / Test #178 / 1439449711247 / readers=[17, 17, 17, 18, 17, 17, 17, 17, 17, 17] / writers=[18]
OOO / Test #160 / 1439449711246 / readers=[16, 16, 16, 16, 16, 16, 15, 15, 15, 15] / writers=[16]
OOO / Test #192 / 1439449711246 / readers=[19, 20, 19, 19, 19, 19, 19, 20, 19, 19] / writers=[20]
OOO / Test #100 / 1439449711365 / readers=[19, 20, 20, 19, 19, 19, 19, 19, 19, 19] / writers=[20]
OOO / Test #150 / 1439449711246 / readers=[16, 16, 17, 16, 17, 17, 16, 16, 16, 16] / writers=[17]
OOO / Test #181 / 1439449711246 / readers=[15, 15, 15, 15, 15, 15, 15, 14, 14, 14] / writers=[15]
OOO / Test #192 / 1439449711365 / readers=[20, 21, 20, 20, 20, 20, 20, 20, 20, 20] / writers=[21]
OOO / Test #182 / 1439449711246 / readers=[16, 16, 16, 16, 16, 16, 15, 15, 15, 15] / writers=[16]
OOO / Test #161 / 1439449711246 / readers=[15, 15, 15, 15, 16, 15, 15, 15, 15, 15] / writers=[16]
OOO / Test #13 / 1439449711246 / readers=[38, 38, 39, 39, 39, 39, 39, 38, 38, 38] / writers=[39]
OOO / Test #163 / 1439449711243 / readers=[18, 18, 18, 18, 17, 17, 17, 17, 17, 17] / writers=[18]
OOO / Test #156 / 1439449711243 / readers=[14, 14, 14, 14, 14, 14, 14, 14, 14, 13] / writers=[14]
OOO / Test #190 / 1439449711243 / readers=[20, 21, 20, 20, 20, 20, 20, 20, 20, 20] / writers=[21]
OOO / Test #13 / 1439449711369 / readers=[39, 39, 39, 40, 40, 40, 40, 39, 39, 39] / writers=[40]
OOO / Test #177 / 1439449711243 / readers=[16, 17, 17, 17, 17, 16, 16, 16, 16, 16] / writers=[17]
OOO / Test #163 / 1439449711369 / readers=[19, 19, 19, 18, 18, 18, 18, 18, 18, 18] / writers=[19]
OOO / Test #13 / 1439449711369 / readers=[40, 40, 40, 40, 41, 41, 41, 40, 40, 40] / writers=[41]
OOO / Test #190 / 1439449711369 / readers=[21, 21, 21, 21, 21, 21, 21, 21, 21, 21] / writers=[22]
OOO / Test #158 / 1439449711243 / readers=[16, 17, 17, 17, 17, 16, 16, 16, 16, 16] / writers=[17]
OOO / Test #166 / 1439449711243 / readers=[15, 15, 15, 16, 16, 16, 15, 15, 15, 15] / writers=[16]
OOO / Test #176 / 1439449711243 / readers=[15, 15, 15, 15, 15, 15, 14, 14, 15, 14] / writers=[15]
OOO / Test #169 / 1439449711243 / readers=[15, 15, 15, 15, 15, 15, 15, 14, 14, 14] / writers=[15]
OOO / Test #7 / 1439449711240 / readers=[27, 28, 27, 28, 28, 28, 27, 27, 27, 27] / writers=[28]
OOO / Test #168 / 1439449711240 / readers=[14, 15, 15, 15, 15, 15, 15, 14, 14, 14] / writers=[15]
OOO / Test #173 / 1439449711240 / readers=[19, 19, 18, 19, 18, 18, 18, 18, 18, 18] / writers=[19]
OOO / Test #196 / 1439449711240 / readers=[15, 15, 15, 15, 15, 15, 15, 14, 14, 14] / writers=[15]
OOO / Test #191 / 1439449711240 / readers=[14, 14, 14, 13, 14, 14, 14, 14, 14, 13] / writers=[14]
OOO / Test #200 / 1439449711240 / readers=[13, 13, 13, 13, 13, 13, 13, 13, 13, 12] / writers=[13]
OOO / Test #171 / 1439449711240 / readers=[14, 14, 14, 14, 14, 14, 14, 14, 14, 13] / writers=[14]
OOO / Test #165 / 1439449711237 / readers=[12, 12, 12, 12, 12, 12, 12, 12, 12, 11] / writers=[12]
OOO / Test #197 / 1439449711237 / readers=[13, 13, 13, 13, 13, 13, 13, 13, 13, 12] / writers=[13]
OOO / Test #170 / 1439449711237 / readers=[14, 14, 14, 14, 14, 14, 14, 14, 13, 13] / writers=[14]
OOO / Test #174 / 1439449711237 / readers=[14, 14, 14, 14, 14, 14, 14, 14, 13, 13] / writers=[14]
OOO / Test #193 / 1439449711237 / readers=[13, 13, 13, 13, 13, 13, 13, 13, 13, 12] / writers=[13]
OOO / Test #194 / 1439449711237 / readers=[15, 15, 15, 15, 15, 15, 15, 14, 14, 14] / writers=[15]
OOO / Test #197 / 1439449711375 / readers=[14, 14, 14, 14, 14, 14, 14, 14, 13, 13] / writers=[14]
OOO / Test #187 / 1439449711237 / readers=[16, 16, 16, 16, 16, 16, 15, 15, 15, 15] / writers=[16]
OOO / Test #186 / 1439449711237 / readers=[15, 15, 15, 15, 15, 15, 15, 14, 14, 14] / writers=[15]
OOO / Test #184 / 1439449711236 / readers=[13, 13, 13, 13, 13, 13, 13, 13, 13, 12] / writers=[13]
OOO / Test #199 / 1439449711236 / readers=[16, 16, 16, 16, 16, 16, 16, 16, 16, 16] / writers=[17]
OOO / Test #188 / 1439449711233 / readers=[15, 15, 15, 15, 15, 15, 15, 14, 14, 14] / writers=[15]
OOO / Test #185 / 1439449711233 / readers=[17, 17, 17, 17, 17, 16, 16, 16, 16, 16] / writers=[17]
OOO / Test #195 / 1439449711233 / readers=[15, 15, 15, 15, 15, 15, 15, 14, 14, 14] / writers=[15]
OOO / Test #159 / 1439449711232 / readers=[16, 16, 15, 16, 16, 16, 15, 15, 15, 15] / writers=[16]
OOO / Test #179 / 1439449711232 / readers=[15, 15, 15, 15, 15, 16, 15, 15, 15, 15] / writers=[16]
OOO / Test #11 / 1439449711232 / readers=[44, 43, 44, 44, 44, 44, 44, 44, 44, 44] / writers=[44]
OOO / Test #183 / 1439449711232 / readers=[15, 15, 15, 14, 15, 15, 15, 15, 14, 14] / writers=[15]
OOO / Test #50 / 1439449711232 / readers=[19, 19, 19, 18, 18, 18, 18, 18, 19, 18] / writers=[19]
OOO / Test #172 / 1439449711229 / readers=[15, 15, 15, 15, 15, 15, 15, 14, 14, 14] / writers=[15]
OOO / Test #179 / 1439449711379 / readers=[16, 16, 16, 16, 16, 16, 16, 16, 16, 16] / writers=[17]
OOO / Test #3 / 1439449711229 / readers=[39, 39, 39, 39, 39, 39, 39, 39, 39, 39] / writers=[40]
OOO / Test #189 / 1439449711229 / readers=[10, 10, 10, 10, 10, 10, 10, 10, 10, 10] / writers=[11]
OOO / Test #47 / 1439449711229 / readers=[18, 18, 17, 17, 18, 18, 18, 17, 17, 18] / writers=[18]
OOO / Test #2 / 1439449711229 / readers=[23, 23, 23, 23, 23, 23, 23, 23, 23, 23] / writers=[24]
OOO / Test #175 / 1439449711229 / readers=[13, 13, 13, 13, 14, 14, 14, 14, 13, 13] / writers=[14]
OOO / Test #53 / 1439449711229 / readers=[10, 10, 10, 11, 10, 10, 10, 10, 10, 11] / writers=[11]
OOO / Test #47 / 1439449711382 / readers=[19, 19, 18, 18, 18, 19, 19, 18, 18, 19] / writers=[19]
OOO / Test #50 / 1439449711379 / readers=[19, 20, 20, 19, 19, 19, 19, 19, 20, 19] / writers=[20]
OOO / Test #172 / 1439449711379 / readers=[16, 16, 16, 16, 16, 16, 15, 15, 15, 15] / writers=[16]
OOO / Test #183 / 1439449711379 / readers=[16, 16, 16, 15, 16, 16, 16, 15, 15, 15] / writers=[16]
OOO / Test #11 / 1439449711379 / readers=[45, 44, 45, 44, 45, 45, 45, 45, 45, 45] / writers=[45]
OOO / Test #159 / 1439449711379 / readers=[16, 17, 16, 17, 17, 17, 16, 16, 16, 16] / writers=[17]
OOO / Test #195 / 1439449711379 / readers=[16, 16, 16, 16, 16, 16, 15, 15, 15, 15] / writers=[16]
OOO / Test #188 / 1439449711379 / readers=[16, 16, 16, 16, 16, 16, 15, 15, 15, 15] / writers=[16]
OOO / Test #159 / 1439449711386 / readers=[17, 18, 17, 18, 18, 17, 17, 17, 17, 17] / writers=[18]
OOO / Test #185 / 1439449711379 / readers=[18, 18, 18, 18, 17, 17, 17, 17, 17, 17] / writers=[18]
OOO / Test #199 / 1439449711379 / readers=[19, 19, 19, 18, 19, 19, 19, 19, 19, 19] / writers=[19]
OOO / Test #195 / 1439449711386 / readers=[17, 17, 17, 17, 17, 16, 16, 16, 16, 16] / writers=[17]
OOO / Test #186 / 1439449711376 / readers=[16, 16, 16, 16, 16, 16, 15, 15, 15, 15] / writers=[16]
OOO / Test #199 / 1439449711386 / readers=[20, 20, 19, 19, 20, 20, 20, 20, 20, 20] / writers=[20]
OOO / Test #184 / 1439449711376 / readers=[14, 14, 14, 14, 14, 14, 14, 14, 13, 13] / writers=[14]
OOO / Test #187 / 1439449711376 / readers=[17, 17, 17, 17, 17, 16, 16, 16, 16, 16] / writers=[17]
OOO / Test #197 / 1439449711376 / readers=[15, 15, 15, 15, 15, 15, 15, 14, 15, 14] / writers=[15]
OOO / Test #194 / 1439449711376 / readers=[16, 16, 16, 16, 16, 16, 15, 15, 15, 15] / writers=[16]
OOO / Test #193 / 1439449711376 / readers=[14, 14, 14, 14, 14, 13, 14, 14, 14, 13] / writers=[14]
OOO / Test #174 / 1439449711375 / readers=[15, 15, 15, 15, 15, 15, 15, 14, 14, 14] / writers=[15]
OOO / Test #197 / 1439449711389 / readers=[16, 16, 16, 16, 16, 16, 15, 15, 16, 15] / writers=[16]
OOO / Test #194 / 1439449711389 / readers=[17, 17, 17, 17, 17, 16, 16, 16, 16, 16] / writers=[17]
OOO / Test #170 / 1439449711375 / readers=[15, 15, 15, 15, 14, 15, 15, 15, 14, 14] / writers=[15]
OOO / Test #174 / 1439449711389 / readers=[16, 16, 16, 15, 16, 16, 16, 15, 15, 15] / writers=[16]
OOO / Test #197 / 1439449711389 / readers=[17, 17, 17, 17, 17, 16, 16, 16, 17, 16] / writers=[17]
OOO / Test #165 / 1439449711375 / readers=[13, 13, 13, 13, 13, 13, 13, 13, 12, 12] / writers=[13]
OOO / Test #200 / 1439449711372 / readers=[14, 14, 14, 14, 14, 14, 14, 14, 13, 13] / writers=[14]
OOO / Test #171 / 1439449711372 / readers=[15, 15, 15, 15, 15, 15, 15, 15, 14, 14] / writers=[15]
OOO / Test #191 / 1439449711372 / readers=[15, 15, 15, 14, 15, 15, 15, 15, 14, 14] / writers=[15]
OOO / Test #196 / 1439449711372 / readers=[16, 16, 16, 16, 16, 16, 15, 15, 15, 15] / writers=[16]
OOO / Test #200 / 1439449711392 / readers=[15, 15, 15, 15, 15, 15, 15, 14, 14, 14] / writers=[15]
OOO / Test #171 / 1439449711393 / readers=[16, 16, 16, 16, 16, 16, 16, 15, 15, 15] / writers=[16]
OOO / Test #173 / 1439449711372 / readers=[20, 20, 19, 19, 19, 19, 19, 19, 19, 19] / writers=[20]
OOO / Test #168 / 1439449711372 / readers=[15, 16, 16, 16, 16, 16, 15, 15, 15, 15] / writers=[16]
OOO / Test #7 / 1439449711372 / readers=[28, 29, 28, 29, 29, 28, 28, 28, 28, 28] / writers=[29]
OOO / Test #173 / 1439449711393 / readers=[21, 20, 20, 20, 20, 20, 20, 20, 20, 20] / writers=[21]
OOO / Test #169 / 1439449711372 / readers=[16, 16, 16, 16, 16, 16, 15, 15, 15, 15] / writers=[16]
OOO / Test #176 / 1439449711372 / readers=[16, 16, 16, 16, 16, 15, 15, 15, 16, 15] / writers=[16]
OOO / Test #166 / 1439449711372 / readers=[16, 16, 16, 17, 17, 16, 16, 16, 16, 16] / writers=[17]
OOO / Test #158 / 1439449711372 / readers=[17, 18, 18, 18, 17, 17, 17, 17, 17, 17] / writers=[18]
OOO / Test #190 / 1439449711369 / readers=[24, 24, 24, 24, 24, 24, 24, 24, 24, 23] / writers=[24]
OOO / Test #13 / 1439449711369 / readers=[41, 41, 41, 41, 41, 42, 42, 41, 41, 41] / writers=[42]
OOO / Test #177 / 1439449711369 / readers=[17, 18, 18, 18, 17, 17, 17, 17, 17, 17] / writers=[18]
OOO / Test #158 / 1439449711396 / readers=[18, 19, 19, 18, 18, 18, 18, 18, 18, 18] / writers=[19]
OOO / Test #163 / 1439449711369 / readers=[20, 20, 19, 19, 19, 19, 19, 19, 19, 19] / writers=[20]
OOO / Test #190 / 1439449711396 / readers=[24, 25, 25, 25, 25, 25, 25, 25, 25, 24] / writers=[25]
OOO / Test #156 / 1439449711369 / readers=[15, 15, 15, 15, 15, 15, 15, 15, 14, 14] / writers=[15]
OOO / Test #161 / 1439449711369 / readers=[16, 16, 16, 16, 16, 16, 16, 16, 16, 16] / writers=[17]
OOO / Test #182 / 1439449711366 / readers=[17, 17, 17, 17, 17, 16, 16, 16, 16, 16] / writers=[17]
OOO / Test #150 / 1439449711365 / readers=[17, 17, 18, 17, 18, 17, 17, 17, 17, 17] / writers=[18]
OOO / Test #192 / 1439449711365 / readers=[21, 21, 21, 21, 21, 21, 21, 21, 21, 21] / writers=[22]
OOO / Test #181 / 1439449711365 / readers=[16, 16, 16, 16, 16, 15, 16, 15, 15, 15] / writers=[16]
OOO / Test #182 / 1439449711399 / readers=[18, 18, 18, 18, 17, 17, 17, 17, 17, 17] / writers=[18]
OOO / Test #100 / 1439449711365 / readers=[20, 21, 20, 20, 20, 20, 20, 20, 20, 20] / writers=[21]
OOO / Test #160 / 1439449711365 / readers=[17, 17, 16, 17, 17, 17, 16, 16, 16, 16] / writers=[17]
OOO / Test #178 / 1439449711365 / readers=[18, 18, 18, 18, 18, 18, 18, 18, 18, 18] / writers=[19]
OOO / Test #192 / 1439449711399 / readers=[24, 24, 24, 24, 24, 24, 24, 24, 23, 24] / writers=[24]
OOO / Test #152 / 1439449711365 / readers=[16, 17, 17, 17, 17, 16, 16, 16, 16, 16] / writers=[17]
OOO / Test #54 / 1439449711363 / readers=[23, 24, 23, 23, 23, 24, 23, 24, 23, 23] / writers=[24]
OOO / Test #20 / 1439449711363 / readers=[22, 22, 22, 22, 22, 22, 22, 22, 23, 22] / writers=[23]
OOO / Test #15 / 1439449711363 / readers=[36, 36, 36, 37, 37, 37, 37, 36, 36, 36] / writers=[37]
OOO / Test #30 / 1439449711363 / readers=[21, 21, 21, 20, 20, 20, 21, 20, 21, 21] / writers=[21]
OOO / Test #31 / 1439449711363 / readers=[21, 22, 21, 21, 22, 22, 21, 22, 21, 22] / writers=[22]
OOO / Test #153 / 1439449711363 / readers=[20, 20, 19, 19, 19, 19, 19, 19, 19, 19] / writers=[20]
OOO / Test #60 / 1439449711363 / readers=[18, 18, 18, 18, 18, 18, 18, 18, 19, 18] / writers=[19]
OOO / Test #95 / 1439449711363 / readers=[19, 19, 19, 19, 19, 19, 18, 18, 19, 19] / writers=[19]
OOO / Test #43 / 1439449711359 / readers=[22, 22, 22, 22, 23, 23, 22, 22, 22, 22] / writers=[23]
OOO / Test #180 / 1439449711359 / readers=[16, 16, 16, 16, 16, 15, 15, 15, 15, 16] / writers=[16]
OOO / Test #27 / 1439449711359 / readers=[20, 20, 19, 19, 19, 19, 19, 19, 20, 20] / writers=[20]
OOO / Test #164 / 1439449711359 / readers=[18, 18, 18, 18, 17, 17, 17, 17, 17, 17] / writers=[18]
OOO / Test #40 / 1439449711359 / readers=[19, 19, 20, 20, 19, 19, 20, 20, 19, 20] / writers=[20]
OOO / Test #28 / 1439449711359 / readers=[21, 22, 22, 22, 22, 22, 22, 22, 22, 22] / writers=[22]
OOO / Test #97 / 1439449711359 / readers=[17, 17, 18, 17, 18, 18, 18, 17, 17, 17] / writers=[18]
OOO / Test #164 / 1439449711406 / readers=[19, 19, 19, 18, 18, 18, 18, 18, 18, 18] / writers=[19]
OOO / Test #28 / 1439449711407 / readers=[22, 23, 23, 23, 23, 22, 23, 23, 23, 23] / writers=[23]
OOO / Test #97 / 1439449711407 / readers=[18, 18, 19, 18, 19, 19, 18, 18, 18, 18] / writers=[19]
OOO / Test #162 / 1439449711359 / readers=[16, 17, 17, 17, 17, 17, 16, 16, 16, 16] / writers=[17]
OOO / Test #18 / 1439449711356 / readers=[30, 30, 30, 29, 29, 29, 29, 30, 29, 29] / writers=[30]
OOO / Test #61 / 1439449711356 / readers=[16, 16, 16, 16, 16, 16, 17, 17, 17, 17] / writers=[17]
OOO / Test #44 / 1439449711356 / readers=[19, 19, 19, 19, 18, 18, 18, 18, 18, 18] / writers=[19]
OOO / Test #62 / 1439449711355 / readers=[18, 18, 18, 18, 18, 18, 18, 18, 19, 19] / writers=[19]
OOO / Test #36 / 1439449711355 / readers=[20, 20, 20, 19, 19, 19, 19, 20, 20, 20] / writers=[20]
OOO / Test #64 / 1439449711355 / readers=[17, 17, 17, 17, 17, 16, 16, 16, 16, 16] / writers=[17]
OOO / Test #44 / 1439449711410 / readers=[20, 20, 19, 20, 19, 19, 19, 19, 19, 19] / writers=[20]
OOO / Test #62 / 1439449711410 / readers=[19, 19, 19, 19, 19, 19, 19, 19, 20, 19] / writers=[20]
OOO / Test #148 / 1439449711355 / readers=[17, 17, 17, 17, 16, 17, 17, 16, 16, 17] / writers=[17]
OOO / Test #49 / 1439449711355 / readers=[25, 25, 25, 26, 26, 26, 26, 25, 25, 25] / writers=[26]
OOO / Test #22 / 1439449711355 / readers=[24, 24, 25, 25, 25, 25, 25, 25, 24, 25] / writers=[25]
OOO / Test #39 / 1439449711352 / readers=[23, 23, 23, 23, 23, 23, 23, 23, 23, 23] / writers=[24]
OOO / Test #51 / 1439449711352 / readers=[22, 22, 21, 21, 22, 22, 22, 22, 22, 22] / writers=[22]
OOO / Test #167 / 1439449711352 / readers=[18, 18, 18, 18, 17, 17, 17, 17, 17, 17] / writers=[18]
OOO / Test #147 / 1439449711352 / readers=[14, 14, 14, 14, 15, 14, 14, 14, 14, 14] / writers=[15]
OOO / Test #55 / 1439449711352 / readers=[20, 20, 21, 20, 20, 20, 20, 20, 20, 20] / writers=[21]
OOO / Test #146 / 1439449711352 / readers=[17, 17, 17, 17, 17, 17, 17, 16, 16, 16] / writers=[17]
OOO / Test #14 / 1439449711352 / readers=[47, 47, 47, 47, 47, 47, 47, 47, 47, 47] / writers=[48]
OOO / Test #147 / 1439449711412 / readers=[15, 15, 15, 15, 15, 15, 15, 15, 15, 15] / writers=[16]
OOO / Test #39 / 1439449711412 / readers=[26, 26, 26, 26, 26, 26, 25, 26, 26, 26] / writers=[26]
OOO / Test #198 / 1439449711348 / readers=[17, 17, 17, 17, 17, 17, 17, 16, 16, 16] / writers=[17]
OOO / Test #35 / 1439449711348 / readers=[25, 24, 25, 25, 25, 25, 25, 25, 24, 25] / writers=[25]
OOO / Test #4 / 1439449711348 / readers=[47, 47, 47, 47, 47, 47, 47, 46, 47, 47] / writers=[47]
OOO / Test #46 / 1439449711348 / readers=[22, 22, 23, 23, 23, 23, 22, 23, 23, 23] / writers=[23]
OOO / Test #59 / 1439449711348 / readers=[17, 17, 17, 16, 16, 16, 16, 16, 16, 16] / writers=[17]
OOO / Test #26 / 1439449711348 / readers=[21, 21, 21, 21, 21, 22, 21, 21, 22, 22] / writers=[22]
OOO / Test #46 / 1439449711415 / readers=[23, 23, 24, 24, 24, 23, 23, 24, 24, 24] / writers=[24]
OOO / Test #59 / 1439449711415 / readers=[18, 18, 17, 17, 17, 17, 17, 17, 17, 17] / writers=[18]
OOO / Test #157 / 1439449711348 / readers=[21, 20, 20, 20, 20, 20, 20, 20, 20, 20] / writers=[21]
OOO / Test #12 / 1439449711348 / readers=[42, 41, 42, 41, 41, 41, 41, 41, 41, 41] / writers=[42]
OOO / Test #34 / 1439449711348 / readers=[18, 18, 18, 18, 18, 19, 19, 18, 19, 18] / writers=[19]
OOO / Test #23 / 1439449711345 / readers=[23, 23, 23, 22, 23, 23, 23, 23, 23, 23] / writers=[23]
OOO / Test #45 / 1439449711344 / readers=[25, 24, 24, 25, 24, 24, 24, 25, 24, 24] / writers=[25]
OOO / Test #145 / 1439449711344 / readers=[17, 17, 17, 17, 17, 17, 17, 17, 17, 16] / writers=[17]
OOO / Test #58 / 1439449711344 / readers=[21, 22, 22, 22, 22, 22, 22, 22, 22, 22] / writers=[22]
OOO / Test #33 / 1439449711344 / readers=[17, 17, 17, 17, 17, 16, 16, 16, 17, 16] / writers=[17]
OOO / Test #45 / 1439449711418 / readers=[26, 25, 25, 25, 25, 25, 25, 26, 25, 25] / writers=[26]
OOO / Test #42 / 1439449711344 / readers=[20, 20, 19, 19, 19, 19, 19, 19, 19, 19] / writers=[20]
OOO / Test #58 / 1439449711419 / readers=[22, 23, 23, 23, 22, 23, 23, 23, 23, 23] / writers=[23]
OOO / Test #154 / 1439449711344 / readers=[17, 17, 17, 16, 17, 17, 16, 16, 16, 16] / writers=[17]
OOO / Test #57 / 1439449711344 / readers=[21, 21, 21, 21, 21, 21, 21, 21, 21, 21] / writers=[22]
OOO / Test #41 / 1439449711344 / readers=[18, 18, 19, 18, 18, 18, 19, 18, 18, 18] / writers=[19]
OOO / Test #155 / 1439449711340 / readers=[18, 18, 18, 18, 18, 17, 17, 17, 18, 18] / writers=[18]
OOO / Test #32 / 1439449711340 / readers=[20, 19, 19, 19, 19, 19, 19, 19, 19, 19] / writers=[20]
OOO / Test #38 / 1439449711340 / readers=[21, 21, 21, 21, 21, 21, 21, 21, 21, 21] / writers=[22]
OOO / Test #133 / 1439449711340 / readers=[18, 18, 18, 18, 17, 18, 17, 17, 17, 18] / writers=[18]
OOO / Test #19 / 1439449711340 / readers=[24, 24, 24, 24, 24, 25, 24, 25, 24, 24] / writers=[25]
OOO / Test #32 / 1439449711422 / readers=[20, 20, 20, 20, 20, 20, 20, 20, 20, 20] / writers=[21]
OOO / Test #16 / 1439449711340 / readers=[35, 35, 35, 35, 35, 35, 35, 35, 35, 34] / writers=[35]
OOO / Test #133 / 1439449711422 / readers=[19, 19, 19, 19, 18, 18, 18, 18, 18, 19] / writers=[19]
OOO / Test #19 / 1439449711422 / readers=[25, 25, 25, 25, 25, 25, 25, 26, 25, 25] / writers=[26]
OOO / Test #73 / 1439449711340 / readers=[19, 19, 19, 18, 18, 18, 19, 19, 19, 19] / writers=[19]
OOO / Test #32 / 1439449711422 / readers=[23, 22, 23, 23, 23, 23, 23, 23, 23, 23] / writers=[23]
OOO / Test #21 / 1439449711337 / readers=[40, 40, 40, 39, 39, 40, 39, 40, 39, 39] / writers=[40]
OOO / Test #52 / 1439449711337 / readers=[25, 25, 25, 25, 25, 25, 24, 25, 25, 24] / writers=[25]
OOO / Test #24 / 1439449711337 / readers=[26, 25, 26, 26, 26, 26, 26, 26, 26, 26] / writers=[26]
OOO / Test #21 / 1439449711425 / readers=[41, 41, 41, 40, 40, 41, 40, 40, 40, 40] / writers=[41]
OOO / Test #149 / 1439449711337 / readers=[17, 17, 17, 17, 17, 17, 16, 16, 16, 16] / writers=[17]
OOO / Test #56 / 1439449711337 / readers=[27, 27, 26, 27, 27, 27, 27, 27, 27, 26] / writers=[27]
OOO / Test #109 / 1439449711337 / readers=[21, 20, 20, 20, 20, 20, 20, 20, 20, 20] / writers=[21]
OOO / Test #24 / 1439449711425 / readers=[27, 26, 27, 27, 27, 27, 26, 27, 27, 27] / writers=[27]
OOO / Test #17 / 1439449711337 / readers=[32, 32, 32, 33, 33, 33, 32, 32, 32, 33] / writers=[33]
OOO / Test #84 / 1439449711337 / readers=[17, 17, 17, 17, 17, 17, 16, 16, 16, 16] / writers=[17]
OOO / Test #127 / 1439449711334 / readers=[17, 17, 17, 17, 16, 16, 17, 16, 17, 16] / writers=[17]
OOO / Test #139 / 1439449711334 / readers=[16, 17, 17, 17, 17, 16, 17, 16, 16, 16] / writers=[17]
OOO / Test #48 / 1439449711334 / readers=[18, 19, 19, 19, 18, 18, 18, 18, 18, 18] / writers=[19]
OOO / Test #6 / 1439449711334 / readers=[50, 50, 50, 50, 50, 49, 49, 49, 49, 49] / writers=[50]
OOO / Test #84 / 1439449711428 / readers=[18, 18, 18, 18, 18, 17, 17, 17, 17, 17] / writers=[18]
OOO / Test #127 / 1439449711428 / readers=[18, 18, 17, 18, 17, 17, 18, 17, 18, 17] / writers=[18]
OOO / Test #80 / 1439449711334 / readers=[17, 17, 17, 17, 17, 16, 16, 16, 16, 16] / writers=[17]
OOO / Test #122 / 1439449711334 / readers=[20, 19, 20, 19, 19, 19, 19, 19, 19, 19] / writers=[20]
OOO / Test #101 / 1439449711334 / readers=[15, 15, 16, 16, 16, 15, 15, 15, 15, 15] / writers=[16]
OOO / Test #10 / 1439449711334 / readers=[25, 26, 26, 26, 26, 26, 26, 25, 25, 26] / writers=[26]
OOO / Test #65 / 1439449711334 / readers=[21, 20, 20, 20, 20, 20, 20, 20, 20, 20] / writers=[21]
OOO / Test #37 / 1439449711331 / readers=[20, 20, 19, 19, 20, 19, 19, 19, 19, 19] / writers=[20]
OOO / Test #8 / 1439449711331 / readers=[41, 41, 41, 41, 41, 41, 41, 41, 41, 41] / writers=[42]
OOO / Test #137 / 1439449711331 / readers=[17, 17, 17, 17, 17, 16, 16, 16, 16, 16] / writers=[17]
OOO / Test #10 / 1439449711434 / readers=[26, 27, 27, 27, 27, 27, 26, 26, 26, 27] / writers=[27]
OOO / Test #90 / 1439449711331 / readers=[18, 18, 17, 18, 18, 17, 17, 17, 17, 17] / writers=[18]
OOO / Test #144 / 1439449711331 / readers=[16, 16, 16, 16, 16, 16, 15, 15, 15, 15] / writers=[16]
OOO / Test #151 / 1439449711331 / readers=[16, 16, 16, 16, 16, 16, 15, 15, 15, 15] / writers=[16]
OOO / Test #9 / 1439449711331 / readers=[42, 42, 42, 42, 42, 42, 42, 42, 42, 42] / writers=[43]
OOO / Test #75 / 1439449711331 / readers=[17, 17, 17, 17, 17, 16, 16, 16, 16, 16] / writers=[17]
OOO / Test #66 / 1439449711330 / readers=[16, 16, 16, 16, 16, 16, 15, 15, 15, 15] / writers=[16]
OOO / Test #29 / 1439449711328 / readers=[24, 24, 25, 25, 25, 24, 25, 24, 25, 25] / writers=[25]
OOO / Test #128 / 1439449711328 / readers=[18, 18, 18, 17, 18, 17, 17, 17, 17, 17] / writers=[18]
OOO / Test #114 / 1439449711327 / readers=[19, 19, 19, 18, 18, 18, 18, 18, 18, 18] / writers=[19]
OOO / Test #85 / 1439449711327 / readers=[18, 18, 18, 17, 18, 17, 17, 17, 17, 17] / writers=[18]
OOO / Test #29 / 1439449711437 / readers=[25, 25, 25, 26, 26, 25, 26, 25, 26, 26] / writers=[26]
OOO / Test #124 / 1439449711327 / readers=[19, 19, 19, 18, 18, 18, 18, 18, 18, 18] / writers=[19]
OOO / Test #93 / 1439449711327 / readers=[17, 17, 17, 17, 17, 17, 16, 16, 16, 16] / writers=[17]
OOO / Test #118 / 1439449711327 / readers=[15, 15, 15, 15, 15, 15, 15, 15, 14, 14] / writers=[15]
OOO / Test #29 / 1439449711437 / readers=[26, 26, 26, 27, 27, 26, 26, 26, 27, 27] / writers=[27]
OOO / Test #63 / 1439449711327 / readers=[15, 15, 15, 15, 15, 15, 15, 14, 14, 14] / writers=[15]
OOO / Test #116 / 1439449711324 / readers=[18, 17, 18, 18, 18, 17, 17, 17, 17, 17] / writers=[18]
OOO / Test #91 / 1439449711324 / readers=[16, 16, 16, 16, 16, 16, 15, 15, 15, 15] / writers=[16]
OOO / Test #125 / 1439449711324 / readers=[18, 18, 17, 18, 17, 17, 17, 17, 18, 17] / writers=[18]
OOO / Test #86 / 1439449711324 / readers=[17, 17, 17, 17, 17, 16, 16, 16, 16, 16] / writers=[17]
OOO / Test #96 / 1439449711324 / readers=[17, 17, 17, 17, 17, 16, 16, 16, 16, 16] / writers=[17]
OOO / Test #68 / 1439449711324 / readers=[17, 17, 17, 17, 17, 16, 16, 16, 16, 16] / writers=[17]
OOO / Test #130 / 1439449711324 / readers=[18, 18, 18, 17, 18, 17, 17, 17, 17, 17] / writers=[18]
OOO / Test #141 / 1439449711324 / readers=[24, 24, 24, 24, 24, 24, 23, 24, 24, 24] / writers=[24]
OOO / Test #76 / 1439449711321 / readers=[21, 21, 21, 21, 21, 21, 21, 21, 21, 21] / writers=[22]
OOO / Test #68 / 1439449711441 / readers=[18, 18, 17, 18, 18, 17, 17, 17, 17, 17] / writers=[18]
OOO / Test #130 / 1439449711441 / readers=[19, 19, 19, 18, 18, 18, 18, 18, 18, 18] / writers=[19]
OOO / Test #77 / 1439449711321 / readers=[19, 20, 20, 19, 19, 19, 19, 19, 19, 19] / writers=[20]
OOO / Test #106 / 1439449711321 / readers=[17, 16, 17, 17, 17, 17, 16, 16, 16, 16] / writers=[17]
OOO / Test #78 / 1439449711321 / readers=[17, 17, 17, 17, 17, 16, 16, 16, 16, 16] / writers=[17]
OOO / Test #87 / 1439449711321 / readers=[16, 16, 16, 16, 16, 16, 15, 15, 15, 15] / writers=[16]
OOO / Test #92 / 1439449711321 / readers=[18, 17, 18, 18, 18, 17, 17, 17, 17, 18] / writers=[18]
OOO / Test #82 / 1439449711321 / readers=[16, 16, 16, 16, 16, 16, 15, 15, 16, 15] / writers=[16]
OOO / Test #88 / 1439449711321 / readers=[17, 17, 17, 17, 17, 16, 16, 16, 16, 16] / writers=[17]
OOO / Test #135 / 1439449711321 / readers=[19, 19, 18, 19, 18, 19, 18, 18, 18, 18] / writers=[19]
OOO / Test #92 / 1439449711444 / readers=[19, 18, 19, 19, 18, 18, 18, 18, 18, 19] / writers=[19]
OOO / Test #74 / 1439449711317 / readers=[15, 16, 16, 16, 16, 16, 16, 15, 15, 15] / writers=[16]
OOO / Test #71 / 1439449711317 / readers=[15, 15, 16, 16, 16, 16, 15, 15, 15, 15] / writers=[16]
OOO / Test #117 / 1439449711317 / readers=[19, 20, 20, 19, 19, 19, 19, 19, 19, 19] / writers=[20]
OOO / Test #129 / 1439449711317 / readers=[17, 17, 17, 17, 16, 17, 17, 16, 16, 16] / writers=[17]
OOO / Test #74 / 1439449711447 / readers=[16, 17, 17, 17, 17, 17, 16, 16, 16, 16] / writers=[17]
OOO / Test #67 / 1439449711317 / readers=[18, 18, 18, 18, 17, 17, 17, 17, 17, 17] / writers=[18]
OOO / Test #113 / 1439449711316 / readers=[18, 18, 18, 17, 18, 17, 17, 17, 17, 17] / writers=[18]
OOO / Test #129 / 1439449711447 / readers=[18, 17, 18, 18, 17, 18, 18, 17, 17, 17] / writers=[18]
OOO / Test #136 / 1439449711316 / readers=[18, 18, 18, 17, 17, 18, 17, 17, 17, 17] / writers=[18]
OOO / Test #67 / 1439449711447 / readers=[19, 19, 19, 18, 18, 18, 18, 18, 18, 18] / writers=[19]
OOO / Test #132 / 1439449711316 / readers=[18, 18, 18, 18, 17, 17, 17, 17, 17, 17] / writers=[18]
OOO / Test #112 / 1439449711313 / readers=[18, 18, 18, 18, 17, 17, 17, 17, 17, 17] / writers=[18]
OOO / Test #81 / 1439449711313 / readers=[14, 14, 15, 15, 15, 15, 14, 14, 14, 14] / writers=[15]
OOO / Test #104 / 1439449711313 / readers=[18, 19, 18, 19, 19, 18, 18, 18, 18, 18] / writers=[19]
OOO / Test #134 / 1439449711313 / readers=[17, 17, 18, 17, 17, 17, 17, 17, 18, 17] / writers=[18]
OOO / Test #112 / 1439449711450 / readers=[19, 19, 19, 18, 18, 18, 18, 18, 18, 18] / writers=[19]
OOO / Test #102 / 1439449711313 / readers=[17, 17, 17, 17, 17, 16, 16, 16, 16, 16] / writers=[17]
OOO / Test #79 / 1439449711313 / readers=[15, 15, 15, 15, 15, 15, 15, 14, 14, 14] / writers=[15]
OOO / Test #134 / 1439449711450 / readers=[18, 18, 18, 18, 18, 18, 18, 18, 19, 18] / writers=[19]
OOO / Test #69 / 1439449711313 / readers=[20, 20, 20, 19, 20, 20, 20, 20, 20, 20] / writers=[20]
OOO / Test #108 / 1439449711313 / readers=[20, 20, 19, 19, 19, 19, 19, 19, 19, 19] / writers=[20]
OOO / Test #123 / 1439449711313 / readers=[15, 15, 15, 15, 15, 15, 14, 14, 15, 14] / writers=[15]
OOO / Test #119 / 1439449711310 / readers=[17, 17, 17, 17, 17, 16, 16, 17, 17, 17] / writers=[17]
OOO / Test #111 / 1439449711310 / readers=[18, 18, 18, 18, 17, 17, 17, 17, 17, 17] / writers=[18]
OOO / Test #115 / 1439449711310 / readers=[16, 16, 16, 16, 16, 16, 15, 15, 15, 15] / writers=[16]
OOO / Test #140 / 1439449711309 / readers=[18, 19, 18, 18, 18, 18, 18, 19, 18, 18] / writers=[19]
OOO / Test #143 / 1439449711309 / readers=[15, 15, 15, 15, 15, 15, 15, 14, 14, 14] / writers=[15]
OOO / Test #111 / 1439449711454 / readers=[19, 19, 19, 18, 18, 18, 18, 18, 18, 18] / writers=[19]
OOO / Test #89 / 1439449711309 / readers=[19, 19, 19, 18, 18, 18, 18, 18, 18, 18] / writers=[19]
OOO / Test #99 / 1439449711309 / readers=[16, 16, 15, 16, 16, 16, 16, 15, 15, 15] / writers=[16]
OOO / Test #105 / 1439449711309 / readers=[15, 15, 15, 15, 15, 15, 15, 14, 14, 14] / writers=[15]
OOO / Test #111 / 1439449711454 / readers=[20, 20, 19, 19, 19, 19, 19, 19, 19, 19] / writers=[20]
OOO / Test #120 / 1439449711309 / readers=[20, 20, 19, 19, 19, 19, 19, 19, 19, 19] / writers=[20]
OOO / Test #83 / 1439449711309 / readers=[19, 19, 18, 19, 18, 18, 18, 18, 18, 18] / writers=[19]
OOO / Test #138 / 1439449711307 / readers=[17, 17, 17, 17, 17, 16, 16, 16, 16, 16] / writers=[17]
OOO / Test #121 / 1439449711307 / readers=[19, 19, 19, 19, 18, 18, 18, 19, 19, 19] / writers=[19]
OOO / Test #120 / 1439449711457 / readers=[21, 20, 20, 20, 20, 20, 20, 20, 20, 20] / writers=[21]
OOO / Test #110 / 1439449711307 / readers=[19, 18, 19, 19, 18, 18, 18, 18, 19, 19] / writers=[19]
OOO / Test #70 / 1439449711307 / readers=[16, 16, 16, 16, 16, 16, 15, 15, 15, 15] / writers=[16]
OOO / Test #138 / 1439449711457 / readers=[18, 18, 18, 18, 17, 17, 17, 17, 17, 17] / writers=[18]
OOO / Test #94 / 1439449711307 / readers=[15, 15, 16, 16, 16, 15, 15, 15, 15, 15] / writers=[16]
OOO / Test #126 / 1439449711307 / readers=[20, 21, 20, 20, 20, 20, 20, 20, 20, 21] / writers=[21]
OOO / Test #107 / 1439449711307 / readers=[19, 19, 18, 19, 18, 18, 18, 18, 19, 18] / writers=[19]
OOO / Test #142 / 1439449711307 / readers=[17, 18, 18, 18, 17, 17, 17, 17, 17, 17] / writers=[18]
OOO / Test #131 / 1439449711304 / readers=[16, 15, 16, 16, 16, 16, 16, 15, 15, 15] / writers=[16]
OOO / Test #98 / 1439449711304 / readers=[16, 17, 17, 17, 17, 16, 16, 16, 16, 16] / writers=[17]
OOO / Test #1 / 1439449711304 / readers=[20, 19, 19, 20, 19, 20, 19, 19, 19, 19] / writers=[20]
OOO / Test #103 / 1439449711304 / readers=[24, 24, 24, 24, 24, 24, 24, 24, 24, 23] / writers=[24]
OOO / Test #131 / 1439449711460 / readers=[16, 16, 17, 17, 17, 17, 17, 16, 16, 16] / writers=[17]
OOO / Test #98 / 1439449711460 / readers=[17, 18, 18, 18, 17, 17, 17, 17, 17, 17] / writers=[18]
OOO / Test #25 / 1439449711304 / readers=[30, 30, 30, 30, 30, 30, 30, 31, 30, 31] / writers=[31]
OOO / Test #72 / 1439449711304 / readers=[16, 16, 16, 16, 16, 16, 16, 15, 15, 15] / writers=[16]
OOO / Test #5 / 1439449711304 / readers=[41, 41, 42, 42, 42, 41, 41, 41, 41, 41] / writers=[42]
OOO / Test #25 / 1439449711461 / readers=[31, 31, 31, 31, 31, 31, 31, 31, 31, 32] / writers=[32]
OOO / Test #72 / 1439449711461 / readers=[17, 16, 17, 17, 17, 17, 17, 16, 16, 16] / writers=[17]
OOO / Test #98 / 1439449711460 / readers=[18, 19, 19, 18, 18, 18, 18, 18, 18, 18] / writers=[19]
OOO / Test #5 / 1439449711464 / readers=[42, 42, 43, 43, 42, 42, 42, 42, 42, 42] / writers=[43]
OOO / Test #131 / 1439449711460 / readers=[17, 17, 18, 18, 18, 18, 17, 17, 17, 17] / writers=[18]
OOO / Test #103 / 1439449711460 / readers=[25, 25, 25, 25, 25, 25, 25, 25, 24, 24] / writers=[25]
OOO / Test #1 / 1439449711460 / readers=[21, 20, 20, 20, 20, 21, 20, 20, 20, 20] / writers=[21]
OOO / Test #142 / 1439449711460 / readers=[18, 19, 19, 18, 18, 18, 18, 18, 18, 18] / writers=[19]
OOO / Test #107 / 1439449711460 / readers=[20, 20, 19, 19, 19, 19, 19, 19, 20, 19] / writers=[20]
OOO / Test #103 / 1439449711464 / readers=[26, 26, 26, 26, 26, 26, 26, 25, 25, 25] / writers=[26]
OOO / Test #126 / 1439449711457 / readers=[21, 21, 21, 21, 21, 21, 21, 21, 21, 22] / writers=[22]
OOO / Test #94 / 1439449711457 / readers=[16, 16, 17, 17, 16, 16, 16, 16, 16, 16] / writers=[17]
OOO / Test #138 / 1439449711457 / readers=[19, 19, 19, 18, 18, 18, 18, 18, 18, 18] / writers=[19]
OOO / Test #70 / 1439449711457 / readers=[17, 17, 17, 17, 17, 16, 16, 16, 16, 16] / writers=[17]
OOO / Test #110 / 1439449711457 / readers=[20, 19, 20, 20, 19, 19, 19, 19, 19, 20] / writers=[20]
OOO / Test #120 / 1439449711457 / readers=[21, 21, 21, 21, 21, 21, 21, 21, 21, 21] / writers=[22]
OOO / Test #121 / 1439449711457 / readers=[20, 20, 20, 19, 19, 19, 19, 20, 20, 20] / writers=[20]
OOO / Test #70 / 1439449711467 / readers=[18, 18, 18, 18, 17, 17, 17, 17, 17, 17] / writers=[18]
OOO / Test #83 / 1439449711457 / readers=[20, 20, 19, 19, 19, 19, 19, 19, 19, 19] / writers=[20]
OOO / Test #111 / 1439449711457 / readers=[21, 20, 20, 20, 20, 20, 20, 20, 20, 21] / writers=[21]
OOO / Test #121 / 1439449711467 / readers=[20, 20, 20, 20, 20, 20, 20, 20, 20, 20] / writers=[21]
OOO / Test #105 / 1439449711454 / readers=[16, 16, 16, 16, 16, 16, 15, 15, 15, 15] / writers=[16]
OOO / Test #99 / 1439449711454 / readers=[17, 17, 16, 17, 17, 17, 16, 16, 16, 16] / writers=[17]
OOO / Test #89 / 1439449711454 / readers=[20, 20, 19, 19, 19, 19, 19, 19, 19, 19] / writers=[20]
OOO / Test #143 / 1439449711454 / readers=[16, 16, 16, 16, 16, 16, 15, 15, 15, 15] / writers=[16]
OOO / Test #140 / 1439449711454 / readers=[19, 20, 19, 19, 19, 19, 19, 19, 19, 19] / writers=[20]
OOO / Test #105 / 1439449711471 / readers=[17, 17, 17, 17, 17, 16, 16, 16, 16, 16] / writers=[17]
OOO / Test #115 / 1439449711454 / readers=[17, 17, 17, 17, 17, 16, 16, 16, 16, 16] / writers=[17]
OOO / Test #119 / 1439449711454 / readers=[18, 18, 18, 17, 18, 17, 17, 18, 18, 18] / writers=[18]
OOO / Test #123 / 1439449711454 / readers=[16, 16, 16, 16, 16, 15, 15, 15, 16, 15] / writers=[16]
OOO / Test #108 / 1439449711450 / readers=[21, 20, 20, 20, 20, 20, 20, 20, 20, 20] / writers=[21]
OOO / Test #69 / 1439449711450 / readers=[21, 21, 20, 20, 21, 21, 21, 21, 21, 21] / writers=[21]
OOO / Test #79 / 1439449711450 / readers=[16, 16, 16, 16, 16, 16, 15, 15, 15, 15] / writers=[16]
OOO / Test #134 / 1439449711450 / readers=[19, 19, 19, 19, 19, 19, 19, 19, 19, 19] / writers=[20]
OOO / Test #102 / 1439449711450 / readers=[18, 18, 18, 18, 17, 17, 17, 17, 17, 17] / writers=[18]
OOO / Test #112 / 1439449711450 / readers=[20, 20, 19, 19, 19, 19, 19, 19, 19, 19] / writers=[20]
OOO / Test #104 / 1439449711450 / readers=[19, 20, 19, 20, 19, 19, 19, 19, 19, 19] / writers=[20]
OOO / Test #81 / 1439449711450 / readers=[15, 15, 16, 16, 16, 15, 15, 15, 15, 15] / writers=[16]
OOO / Test #132 / 1439449711450 / readers=[19, 19, 19, 18, 18, 18, 18, 18, 18, 18] / writers=[19]
OOO / Test #67 / 1439449711447 / readers=[20, 20, 19, 19, 19, 19, 19, 19, 19, 19] / writers=[20]
OOO / Test #136 / 1439449711447 / readers=[19, 19, 18, 18, 18, 19, 18, 18, 18, 18] / writers=[19]
OOO / Test #113 / 1439449711447 / readers=[19, 19, 19, 18, 18, 18, 18, 18, 18, 18] / writers=[19]
OOO / Test #129 / 1439449711447 / readers=[19, 18, 19, 19, 18, 19, 18, 18, 18, 18] / writers=[19]
OOO / Test #74 / 1439449711447 / readers=[17, 18, 18, 18, 17, 18, 17, 17, 17, 17] / writers=[18]
OOO / Test #71 / 1439449711447 / readers=[16, 16, 17, 17, 17, 16, 16, 16, 16, 16] / writers=[17]
OOO / Test #117 / 1439449711447 / readers=[20, 21, 20, 20, 20, 20, 20, 20, 20, 20] / writers=[21]
OOO / Test #92 / 1439449711444 / readers=[20, 19, 20, 19, 19, 19, 19, 19, 19, 20] / writers=[20]
OOO / Test #135 / 1439449711444 / readers=[20, 20, 19, 20, 19, 19, 19, 19, 19, 19] / writers=[20]
OOO / Test #88 / 1439449711444 / readers=[18, 18, 18, 17, 18, 17, 17, 17, 17, 17] / writers=[18]
OOO / Test #71 / 1439449711478 / readers=[17, 17, 18, 18, 17, 17, 17, 17, 17, 17] / writers=[18]
OOO / Test #82 / 1439449711444 / readers=[17, 17, 17, 17, 17, 16, 16, 16, 17, 16] / writers=[17]
OOO / Test #87 / 1439449711444 / readers=[17, 17, 17, 17, 17, 16, 16, 16, 16, 16] / writers=[17]
OOO / Test #78 / 1439449711444 / readers=[18, 18, 18, 18, 17, 17, 17, 17, 17, 17] / writers=[18]
OOO / Test #106 / 1439449711444 / readers=[18, 17, 18, 18, 17, 18, 17, 17, 17, 17] / writers=[18]
OOO / Test #77 / 1439449711444 / readers=[20, 21, 20, 20, 20, 20, 20, 20, 20, 20] / writers=[21]
OOO / Test #130 / 1439449711444 / readers=[20, 20, 19, 19, 19, 19, 19, 19, 19, 19] / writers=[20]
OOO / Test #76 / 1439449711441 / readers=[24, 24, 24, 24, 24, 24, 24, 24, 24, 23] / writers=[24]
OOO / Test #78 / 1439449711481 / readers=[19, 19, 19, 18, 18, 18, 18, 18, 18, 18] / writers=[19]
OOO / Test #77 / 1439449711481 / readers=[21, 21, 21, 21, 21, 21, 21, 21, 21, 21] / writers=[22]
OOO / Test #130 / 1439449711481 / readers=[21, 20, 20, 20, 20, 20, 20, 20, 20, 20] / writers=[21]
OOO / Test #68 / 1439449711441 / readers=[19, 19, 18, 19, 18, 18, 18, 18, 18, 18] / writers=[19]
OOO / Test #78 / 1439449711481 / readers=[20, 20, 19, 19, 19, 19, 19, 19, 19, 19] / writers=[20]
OOO / Test #141 / 1439449711441 / readers=[25, 25, 25, 25, 25, 25, 24, 25, 25, 24] / writers=[25]
OOO / Test #96 / 1439449711441 / readers=[18, 18, 18, 18, 17, 17, 17, 17, 17, 17] / writers=[18]
OOO / Test #86 / 1439449711441 / readers=[18, 18, 18, 18, 17, 17, 17, 17, 17, 17] / writers=[18]
OOO / Test #125 / 1439449711441 / readers=[19, 19, 18, 18, 18, 18, 18, 18, 19, 18] / writers=[19]
OOO / Test #78 / 1439449711484 / readers=[21, 20, 20, 20, 20, 20, 20, 20, 20, 20] / writers=[21]
OOO / Test #91 / 1439449711440 / readers=[17, 17, 17, 17, 17, 16, 16, 16, 16, 16] / writers=[17]
OOO / Test #116 / 1439449711440 / readers=[19, 18, 19, 19, 18, 18, 18, 18, 18, 18] / writers=[19]
OOO / Test #63 / 1439449711440 / readers=[16, 16, 16, 16, 16, 16, 15, 15, 15, 15] / writers=[16]
OOO / Test #93 / 1439449711437 / readers=[18, 18, 18, 18, 18, 17, 17, 17, 17, 17] / writers=[18]
OOO / Test #29 / 1439449711437 / readers=[27, 27, 27, 28, 28, 27, 27, 27, 27, 28] / writers=[28]
OOO / Test #116 / 1439449711484 / readers=[20, 19, 20, 19, 19, 19, 19, 19, 19, 19] / writers=[20]
OOO / Test #118 / 1439449711437 / readers=[16, 16, 16, 16, 16, 16, 16, 15, 15, 15] / writers=[16]
OOO / Test #124 / 1439449711437 / readers=[20, 20, 19, 19, 19, 19, 19, 19, 19, 19] / writers=[20]
OOO / Test #85 / 1439449711437 / readers=[19, 19, 19, 18, 18, 18, 18, 18, 18, 18] / writers=[19]
OOO / Test #114 / 1439449711437 / readers=[20, 20, 19, 19, 19, 19, 19, 19, 19, 19] / writers=[20]
OOO / Test #118 / 1439449711487 / readers=[17, 17, 17, 17, 17, 17, 16, 16, 16, 16] / writers=[17]
OOO / Test #128 / 1439449711437 / readers=[19, 19, 19, 18, 18, 18, 18, 18, 18, 18] / writers=[19]
OOO / Test #66 / 1439449711437 / readers=[17, 17, 17, 17, 17, 16, 16, 16, 16, 16] / writers=[17]
OOO / Test #9 / 1439449711434 / readers=[45, 45, 45, 45, 45, 45, 45, 45, 44, 45] / writers=[45]
OOO / Test #75 / 1439449711434 / readers=[18, 18, 18, 18, 17, 17, 17, 17, 17, 17] / writers=[18]
OOO / Test #151 / 1439449711434 / readers=[17, 17, 17, 17, 17, 16, 16, 16, 16, 16] / writers=[17]
OOO / Test #144 / 1439449711434 / readers=[17, 17, 17, 17, 17, 16, 16, 16, 16, 16] / writers=[17]
OOO / Test #90 / 1439449711434 / readers=[19, 19, 18, 19, 18, 18, 18, 18, 18, 18] / writers=[19]
OOO / Test #8 / 1439449711434 / readers=[44, 43, 44, 44, 44, 44, 44, 44, 44, 44] / writers=[44]
OOO / Test #137 / 1439449711434 / readers=[18, 18, 18, 18, 17, 17, 17, 17, 17, 17] / writers=[18]
OOO / Test #10 / 1439449711434 / readers=[27, 28, 28, 28, 28, 27, 27, 27, 27, 28] / writers=[28]
OOO / Test #37 / 1439449711434 / readers=[21, 21, 20, 20, 20, 20, 20, 20, 20, 20] / writers=[21]
OOO / Test #65 / 1439449711434 / readers=[21, 21, 21, 21, 21, 21, 21, 21, 21, 21] / writers=[22]
OOO / Test #101 / 1439449711428 / readers=[16, 16, 17, 17, 16, 16, 16, 16, 16, 16] / writers=[17]
OOO / Test #122 / 1439449711428 / readers=[21, 20, 20, 20, 20, 20, 20, 20, 20, 20] / writers=[21]
OOO / Test #80 / 1439449711428 / readers=[18, 18, 18, 18, 17, 17, 17, 17, 17, 17] / writers=[18]
OOO / Test #127 / 1439449711428 / readers=[19, 19, 18, 18, 18, 18, 19, 18, 19, 18] / writers=[19]
OOO / Test #84 / 1439449711428 / readers=[19, 19, 19, 19, 18, 18, 18, 18, 18, 18] / writers=[19]
OOO / Test #48 / 1439449711428 / readers=[19, 20, 19, 20, 19, 19, 19, 19, 19, 19] / writers=[20]
OOO / Test #6 / 1439449711428 / readers=[50, 51, 51, 51, 51, 50, 50, 50, 50, 50] / writers=[51]
OOO / Test #139 / 1439449711428 / readers=[17, 18, 17, 18, 18, 17, 18, 17, 17, 17] / writers=[18]
OOO / Test #48 / 1439449711492 / readers=[20, 20, 20, 21, 20, 20, 20, 20, 20, 20] / writers=[21]
OOO / Test #6 / 1439449711492 / readers=[51, 51, 52, 52, 52, 51, 51, 51, 51, 51] / writers=[52]
OOO / Test #17 / 1439449711425 / readers=[33, 33, 33, 34, 34, 33, 33, 33, 33, 34] / writers=[34]
OOO / Test #24 / 1439449711425 / readers=[28, 27, 27, 28, 28, 28, 27, 28, 28, 28] / writers=[28]
OOO / Test #109 / 1439449711425 / readers=[21, 21, 21, 21, 21, 21, 21, 21, 21, 21] / writers=[22]
OOO / Test #56 / 1439449711425 / readers=[28, 28, 27, 28, 27, 28, 28, 28, 28, 27] / writers=[28]
OOO / Test #149 / 1439449711425 / readers=[18, 18, 18, 18, 17, 18, 17, 17, 17, 17] / writers=[18]
OOO / Test #21 / 1439449711425 / readers=[42, 42, 41, 41, 41, 42, 41, 41, 41, 41] / writers=[42]
OOO / Test #52 / 1439449711425 / readers=[26, 26, 26, 26, 26, 25, 25, 26, 26, 25] / writers=[26]
OOO / Test #56 / 1439449711496 / readers=[29, 29, 28, 29, 28, 29, 28, 29, 29, 28] / writers=[29]
OOO / Test #32 / 1439449711425 / readers=[24, 23, 24, 24, 24, 23, 24, 24, 24, 24] / writers=[24]
OOO / Test #73 / 1439449711422 / readers=[20, 20, 19, 19, 19, 19, 20, 20, 20, 20] / writers=[20]
OOO / Test #19 / 1439449711422 / readers=[26, 26, 26, 26, 26, 26, 26, 26, 26, 26] / writers=[27]
OOO / Test #133 / 1439449711422 / readers=[20, 20, 20, 19, 19, 19, 19, 19, 19, 20] / writers=[20]
OOO / Test #16 / 1439449711422 / readers=[36, 36, 36, 36, 36, 36, 36, 36, 35, 35] / writers=[36]
OOO / Test #38 / 1439449711422 / readers=[24, 24, 24, 24, 24, 24, 24, 23, 24, 24] / writers=[24]
OOO / Test #155 / 1439449711421 / readers=[19, 19, 19, 19, 18, 18, 18, 18, 19, 19] / writers=[19]
OOO / Test #41 / 1439449711421 / readers=[19, 19, 20, 19, 19, 19, 19, 19, 19, 19] / writers=[20]
OOO / Test #57 / 1439449711419 / readers=[24, 24, 24, 24, 24, 24, 24, 24, 24, 23] / writers=[24]
OOO / Test #154 / 1439449711419 / readers=[18, 18, 18, 17, 18, 17, 17, 17, 17, 17] / writers=[18]
OOO / Test #42 / 1439449711419 / readers=[21, 20, 20, 20, 20, 20, 20, 20, 20, 20] / writers=[21]
OOO / Test #58 / 1439449711419 / readers=[23, 24, 24, 24, 23, 24, 24, 24, 24, 23] / writers=[24]
OOO / Test #45 / 1439449711419 / readers=[27, 26, 26, 26, 26, 26, 26, 26, 26, 26] / writers=[27]
OOO / Test #154 / 1439449711501 / readers=[19, 19, 19, 18, 18, 18, 18, 18, 18, 18] / writers=[19]
OOO / Test #33 / 1439449711419 / readers=[18, 18, 18, 18, 17, 17, 17, 17, 18, 17] / writers=[18]
OOO / Test #145 / 1439449711418 / readers=[18, 18, 18, 18, 18, 18, 18, 17, 18, 17] / writers=[18]
OOO / Test #154 / 1439449711501 / readers=[20, 20, 19, 19, 19, 19, 19, 19, 19, 19] / writers=[20]
OOO / Test #23 / 1439449711418 / readers=[24, 24, 24, 23, 24, 24, 24, 24, 23, 24] / writers=[24]
OOO / Test #34 / 1439449711415 / readers=[19, 19, 19, 19, 19, 19, 20, 19, 20, 19] / writers=[20]
OOO / Test #12 / 1439449711415 / readers=[43, 42, 42, 42, 42, 42, 42, 42, 42, 42] / writers=[43]
OOO / Test #154 / 1439449711504 / readers=[21, 20, 20, 20, 20, 20, 20, 20, 20, 20] / writers=[21]
OOO / Test #157 / 1439449711415 / readers=[21, 21, 21, 21, 21, 21, 21, 21, 21, 21] / writers=[22]
OOO / Test #23 / 1439449711504 / readers=[25, 25, 25, 24, 25, 25, 25, 25, 24, 24] / writers=[25]
OOO / Test #12 / 1439449711504 / readers=[43, 43, 43, 43, 43, 43, 43, 43, 43, 43] / writers=[44]
OOO / Test #154 / 1439449711504 / readers=[21, 21, 21, 21, 21, 21, 21, 21, 21, 21] / writers=[22]
OOO / Test #59 / 1439449711415 / readers=[19, 18, 18, 18, 18, 18, 18, 18, 18, 18] / writers=[19]
OOO / Test #23 / 1439449711504 / readers=[26, 26, 26, 25, 26, 26, 26, 25, 25, 25] / writers=[26]
OOO / Test #26 / 1439449711415 / readers=[22, 22, 22, 22, 22, 23, 22, 22, 23, 22] / writers=[23]
OOO / Test #46 / 1439449711415 / readers=[24, 24, 25, 24, 25, 24, 24, 25, 25, 25] / writers=[25]
OOO / Test #4 / 1439449711415 / readers=[48, 48, 48, 48, 48, 48, 48, 47, 47, 48] / writers=[48]
OOO / Test #198 / 1439449711415 / readers=[18, 18, 18, 18, 18, 17, 18, 17, 17, 17] / writers=[18]
OOO / Test #26 / 1439449711507 / readers=[23, 23, 23, 23, 23, 23, 23, 23, 24, 23] / writers=[24]
OOO / Test #35 / 1439449711415 / readers=[26, 25, 26, 26, 25, 26, 26, 26, 25, 26] / writers=[26]
OOO / Test #198 / 1439449711507 / readers=[19, 19, 19, 19, 18, 18, 19, 18, 18, 18] / writers=[19]
OOO / Test #147 / 1439449711413 / readers=[18, 18, 18, 18, 17, 17, 17, 18, 17, 17] / writers=[18]
OOO / Test #14 / 1439449711413 / readers=[49, 50, 50, 50, 50, 50, 50, 50, 50, 50] / writers=[50]
OOO / Test #39 / 1439449711413 / readers=[27, 27, 27, 27, 27, 27, 26, 26, 27, 27] / writers=[27]
OOO / Test #146 / 1439449711413 / readers=[18, 18, 18, 18, 18, 18, 17, 17, 17, 17] / writers=[18]
OOO / Test #55 / 1439449711412 / readers=[21, 21, 21, 21, 21, 21, 21, 21, 21, 21] / writers=[22]
OOO / Test #167 / 1439449711412 / readers=[19, 19, 19, 18, 18, 18, 18, 18, 18, 18] / writers=[19]
OOO / Test #51 / 1439449711412 / readers=[23, 23, 22, 22, 22, 23, 23, 23, 23, 23] / writers=[23]
OOO / Test #146 / 1439449711510 / readers=[19, 18, 19, 19, 19, 19, 18, 18, 18, 18] / writers=[19]
OOO / Test #22 / 1439449711412 / readers=[25, 25, 26, 26, 26, 26, 25, 26, 25, 26] / writers=[26]
OOO / Test #167 / 1439449711510 / readers=[20, 20, 19, 19, 19, 19, 19, 19, 19, 19] / writers=[20]
OOO / Test #49 / 1439449711410 / readers=[26, 26, 26, 27, 27, 27, 26, 26, 26, 26] / writers=[27]
OOO / Test #148 / 1439449711410 / readers=[17, 18, 18, 18, 17, 18, 18, 17, 17, 18] / writers=[18]
OOO / Test #62 / 1439449711410 / readers=[20, 20, 20, 20, 20, 20, 20, 20, 20, 20] / writers=[21]
OOO / Test #36 / 1439449711410 / readers=[20, 21, 21, 20, 20, 20, 20, 21, 21, 21] / writers=[21]
OOO / Test #44 / 1439449711410 / readers=[21, 20, 20, 21, 20, 20, 20, 20, 20, 20] / writers=[21]
OOO / Test #64 / 1439449711410 / readers=[18, 18, 18, 18, 17, 17, 17, 17, 17, 17] / writers=[18]
OOO / Test #61 / 1439449711410 / readers=[17, 17, 17, 17, 17, 17, 17, 18, 18, 18] / writers=[18]
OOO / Test #36 / 1439449711513 / readers=[21, 22, 21, 21, 21, 21, 21, 22, 22, 22] / writers=[22]
OOO / Test #44 / 1439449711513 / readers=[22, 21, 21, 21, 21, 21, 21, 21, 21, 21] / writers=[22]
OOO / Test #162 / 1439449711410 / readers=[17, 18, 18, 18, 18, 17, 17, 17, 17, 17] / writers=[18]
OOO / Test #61 / 1439449711513 / readers=[18, 18, 18, 18, 18, 18, 18, 18, 19, 19] / writers=[19]
OOO / Test #44 / 1439449711513 / readers=[22, 22, 22, 22, 22, 22, 22, 22, 22, 22] / writers=[23]
OOO / Test #18 / 1439449711410 / readers=[30, 31, 31, 30, 30, 30, 30, 31, 30, 30] / writers=[31]
OOO / Test #97 / 1439449711407 / readers=[19, 19, 20, 19, 20, 19, 19, 19, 19, 19] / writers=[20]
OOO / Test #164 / 1439449711407 / readers=[20, 19, 20, 19, 19, 19, 19, 19, 19, 19] / writers=[20]
OOO / Test #28 / 1439449711407 / readers=[23, 24, 23, 24, 24, 23, 24, 24, 24, 24] / writers=[24]
OOO / Test #40 / 1439449711406 / readers=[20, 20, 21, 21, 20, 20, 21, 21, 20, 20] / writers=[21]
OOO / Test #27 / 1439449711406 / readers=[21, 20, 20, 20, 20, 20, 20, 20, 21, 21] / writers=[21]
OOO / Test #180 / 1439449711406 / readers=[17, 17, 17, 17, 16, 16, 16, 16, 16, 17] / writers=[17]
OOO / Test #43 / 1439449711406 / readers=[23, 23, 23, 23, 23, 24, 23, 23, 23, 23] / writers=[24]
OOO / Test #95 / 1439449711404 / readers=[20, 20, 20, 19, 20, 20, 19, 19, 20, 20] / writers=[20]
OOO / Test #60 / 1439449711403 / readers=[19, 19, 19, 19, 19, 19, 19, 19, 19, 19] / writers=[20]
OOO / Test #153 / 1439449711403 / readers=[21, 20, 20, 20, 20, 20, 20, 20, 20, 20] / writers=[21]
OOO / Test #31 / 1439449711403 / readers=[22, 23, 22, 22, 23, 22, 22, 23, 22, 23] / writers=[23]
OOO / Test #95 / 1439449711517 / readers=[21, 21, 20, 20, 21, 21, 20, 20, 21, 21] / writers=[21]
OOO / Test #30 / 1439449711403 / readers=[22, 22, 21, 21, 21, 21, 22, 21, 22, 22] / writers=[22]
OOO / Test #20 / 1439449711403 / readers=[23, 23, 23, 23, 23, 23, 23, 23, 23, 23] / writers=[24]
OOO / Test #15 / 1439449711403 / readers=[37, 37, 37, 38, 38, 38, 37, 37, 37, 37] / writers=[38]
OOO / Test #95 / 1439449711519 / readers=[21, 22, 21, 21, 22, 22, 21, 21, 22, 22] / writers=[22]
OOO / Test #54 / 1439449711403 / readers=[24, 25, 24, 24, 24, 25, 24, 24, 24, 24] / writers=[25]
OOO / Test #152 / 1439449711403 / readers=[17, 18, 18, 18, 17, 17, 17, 17, 17, 17] / writers=[18]
OOO / Test #192 / 1439449711403 / readers=[25, 25, 25, 25, 25, 25, 25, 25, 24, 24] / writers=[25]
OOO / Test #20 / 1439449711519 / readers=[26, 26, 25, 26, 26, 26, 26, 26, 26, 26] / writers=[26]
OOO / Test #178 / 1439449711399 / readers=[21, 21, 20, 21, 21, 21, 21, 21, 21, 21] / writers=[21]
OOO / Test #160 / 1439449711399 / readers=[18, 18, 17, 18, 18, 17, 17, 17, 17, 17] / writers=[18]
OOO / Test #100 / 1439449711399 / readers=[21, 21, 21, 21, 21, 21, 21, 21, 21, 21] / writers=[22]
OOO / Test #182 / 1439449711399 / readers=[19, 19, 19, 18, 18, 18, 18, 18, 18, 18] / writers=[19]
OOO / Test #181 / 1439449711399 / readers=[17, 17, 17, 17, 16, 16, 17, 16, 16, 16] / writers=[17]
OOO / Test #161 / 1439449711399 / readers=[19, 19, 19, 18, 19, 19, 19, 19, 19, 19] / writers=[19]
OOO / Test #182 / 1439449711523 / readers=[20, 20, 19, 19, 19, 19, 19, 19, 19, 19] / writers=[20]
OOO / Test #181 / 1439449711523 / readers=[18, 18, 18, 17, 17, 17, 18, 17, 17, 17] / writers=[18]
OOO / Test #150 / 1439449711399 / readers=[18, 18, 19, 18, 18, 18, 18, 18, 18, 18] / writers=[19]
OOO / Test #156 / 1439449711399 / readers=[16, 16, 16, 16, 16, 16, 16, 15, 15, 15] / writers=[16]
OOO / Test #190 / 1439449711399 / readers=[25, 26, 26, 26, 26, 26, 26, 26, 25, 25] / writers=[26]
OOO / Test #163 / 1439449711396 / readers=[21, 20, 20, 20, 20, 20, 20, 20, 20, 20] / writers=[21]
OOO / Test #158 / 1439449711396 / readers=[19, 20, 19, 19, 19, 19, 19, 19, 19, 19] / writers=[20]
OOO / Test #177 / 1439449711396 / readers=[18, 19, 19, 18, 18, 18, 18, 18, 18, 18] / writers=[19]
OOO / Test #13 / 1439449711396 / readers=[42, 42, 42, 42, 42, 42, 43, 42, 42, 42] / writers=[43]
OOO / Test #166 / 1439449711396 / readers=[17, 17, 17, 18, 17, 17, 17, 17, 17, 17] / writers=[18]
OOO / Test #176 / 1439449711396 / readers=[17, 17, 17, 17, 16, 16, 16, 16, 17, 16] / writers=[17]
OOO / Test #169 / 1439449711396 / readers=[17, 17, 17, 17, 16, 17, 16, 16, 16, 16] / writers=[17]
OOO / Test #173 / 1439449711396 / readers=[21, 21, 21, 21, 21, 21, 21, 21, 21, 21] / writers=[22]
OOO / Test #7 / 1439449711393 / readers=[29, 30, 29, 30, 29, 29, 29, 29, 29, 29] / writers=[30]
OOO / Test #168 / 1439449711393 / readers=[16, 17, 17, 17, 17, 16, 16, 16, 16, 16] / writers=[17]
OOO / Test #169 / 1439449711526 / readers=[18, 18, 18, 17, 17, 18, 17, 17, 17, 17] / writers=[18]
OOO / Test #171 / 1439449711393 / readers=[16, 16, 16, 16, 17, 16, 17, 16, 16, 16] / writers=[17]
OOO / Test #191 / 1439449711393 / readers=[16, 16, 16, 15, 16, 16, 16, 15, 15, 15] / writers=[16]
OOO / Test #196 / 1439449711393 / readers=[17, 17, 17, 17, 17, 16, 16, 16, 16, 16] / writers=[17]
OOO / Test #200 / 1439449711393 / readers=[16, 16, 16, 16, 16, 16, 15, 15, 15, 15] / writers=[16]
OOO / Test #165 / 1439449711392 / readers=[14, 14, 14, 14, 14, 14, 14, 13, 13, 13] / writers=[14]
OOO / Test #197 / 1439449711392 / readers=[18, 18, 18, 18, 17, 17, 17, 17, 18, 17] / writers=[18]
OOO / Test #196 / 1439449711530 / readers=[18, 18, 18, 17, 18, 17, 17, 17, 17, 17] / writers=[18]
OOO / Test #170 / 1439449711390 / readers=[16, 16, 16, 16, 15, 16, 16, 15, 15, 15] / writers=[16]
OOO / Test #174 / 1439449711390 / readers=[17, 17, 17, 16, 17, 17, 16, 16, 16, 16] / writers=[17]
OOO / Test #197 / 1439449711530 / readers=[19, 19, 19, 18, 18, 18, 18, 18, 19, 18] / writers=[19]
OOO / Test #196 / 1439449711530 / readers=[18, 18, 18, 18, 18, 18, 18, 18, 18, 18] / writers=[19]
OOO / Test #194 / 1439449711390 / readers=[18, 18, 18, 18, 17, 17, 17, 17, 17, 17] / writers=[18]
OOO / Test #193 / 1439449711389 / readers=[15, 15, 15, 15, 15, 14, 15, 15, 14, 14] / writers=[15]
OOO / Test #187 / 1439449711389 / readers=[18, 18, 18, 18, 17, 17, 17, 17, 17, 17] / writers=[18]
OOO / Test #184 / 1439449711389 / readers=[15, 15, 15, 15, 15, 15, 15, 14, 14, 14] / writers=[15]
OOO / Test #186 / 1439449711386 / readers=[17, 17, 17, 17, 17, 16, 16, 16, 16, 16] / writers=[17]
OOO / Test #199 / 1439449711386 / readers=[21, 20, 20, 20, 21, 21, 21, 21, 21, 21] / writers=[21]
OOO / Test #195 / 1439449711386 / readers=[18, 18, 18, 18, 17, 17, 17, 17, 17, 17] / writers=[18]
OOO / Test #185 / 1439449711386 / readers=[19, 19, 19, 18, 18, 18, 18, 18, 18, 18] / writers=[19]
OOO / Test #186 / 1439449711533 / readers=[18, 18, 18, 18, 17, 17, 17, 17, 17, 17] / writers=[18]
OOO / Test #199 / 1439449711533 / readers=[21, 21, 21, 21, 22, 22, 22, 22, 22, 22] / writers=[22]
OOO / Test #159 / 1439449711386 / readers=[18, 19, 18, 19, 18, 18, 18, 18, 18, 18] / writers=[19]
OOO / Test #188 / 1439449711386 / readers=[17, 17, 17, 17, 17, 16, 16, 16, 16, 16] / writers=[17]
OOO / Test #11 / 1439449711386 / readers=[46, 45, 46, 45, 46, 46, 46, 46, 46, 45] / writers=[46]
OOO / Test #183 / 1439449711383 / readers=[17, 17, 17, 16, 17, 17, 16, 16, 16, 16] / writers=[17]
OOO / Test #172 / 1439449711383 / readers=[17, 17, 17, 17, 17, 16, 16, 16, 16, 16] / writers=[17]
OOO / Test #159 / 1439449711536 / readers=[19, 19, 19, 20, 19, 19, 19, 19, 19, 19] / writers=[20]
OOO / Test #188 / 1439449711537 / readers=[18, 18, 18, 18, 17, 17, 17, 17, 17, 17] / writers=[18]
OOO / Test #183 / 1439449711537 / readers=[17, 18, 18, 17, 18, 17, 17, 17, 17, 17] / writers=[18]
OOO / Test #50 / 1439449711382 / readers=[20, 21, 20, 20, 20, 20, 20, 20, 21, 20] / writers=[21]
OOO / Test #47 / 1439449711382 / readers=[20, 20, 19, 19, 19, 20, 20, 19, 19, 19] / writers=[20]
OOO / Test #53 / 1439449711382 / readers=[11, 11, 11, 11, 11, 11, 11, 11, 11, 12] / writers=[12]
OOO / Test #2 / 1439449711382 / readers=[26, 25, 26, 26, 26, 26, 26, 26, 26, 26] / writers=[26]
OOO / Test #175 / 1439449711382 / readers=[14, 14, 14, 14, 15, 15, 15, 14, 14, 14] / writers=[15]
OOO / Test #179 / 1439449711382 / readers=[19, 19, 19, 19, 18, 19, 19, 19, 19, 19] / writers=[19]
OOO / Test #189 / 1439449711382 / readers=[13, 13, 13, 13, 13, 13, 13, 13, 13, 12] / writers=[13]
OOO / Test #3 / 1439449711382 / readers=[41, 42, 42, 42, 42, 42, 42, 42, 42, 42] / writers=[42]
OOO / Test #179 / 1439449711540 / readers=[20, 20, 20, 19, 19, 20, 20, 20, 20, 20] / writers=[20]
OOO / Test #175 / 1439449711540 / readers=[15, 15, 15, 15, 15, 16, 16, 15, 15, 15] / writers=[16]
OOO / Test #2 / 1439449711540 / readers=[27, 26, 27, 27, 27, 27, 27, 26, 27, 27] / writers=[27]
OOO / Test #53 / 1439449711540 / readers=[12, 12, 12, 12, 12, 12, 12, 12, 12, 12] / writers=[13]
OOO / Test #3 / 1439449711540 / readers=[42, 42, 43, 43, 43, 43, 43, 43, 43, 43] / writers=[43]
OOO / Test #50 / 1439449711537 / readers=[21, 21, 21, 21, 21, 21, 21, 21, 22, 21] / writers=[22]
OOO / Test #47 / 1439449711537 / readers=[21, 21, 20, 20, 20, 20, 21, 20, 20, 20] / writers=[21]
OOO / Test #183 / 1439449711537 / readers=[18, 19, 19, 18, 18, 18, 18, 18, 18, 18] / writers=[19]
OOO / Test #188 / 1439449711537 / readers=[19, 19, 19, 18, 18, 18, 18, 18, 18, 18] / writers=[19]
OOO / Test #172 / 1439449711537 / readers=[18, 18, 18, 18, 17, 17, 17, 17, 17, 17] / writers=[18]
OOO / Test #159 / 1439449711537 / readers=[20, 20, 20, 20, 20, 20, 20, 20, 20, 20] / writers=[21]
OOO / Test #11 / 1439449711537 / readers=[47, 46, 47, 46, 47, 47, 47, 47, 46, 46] / writers=[47]
OOO / Test #183 / 1439449711543 / readers=[19, 20, 19, 19, 19, 19, 19, 19, 19, 19] / writers=[20]
OOO / Test #172 / 1439449711543 / readers=[19, 19, 19, 18, 18, 18, 18, 18, 18, 18] / writers=[19]
OOO / Test #199 / 1439449711534 / readers=[22, 22, 22, 22, 23, 23, 23, 22, 23, 23] / writers=[23]
OOO / Test #159 / 1439449711543 / readers=[23, 23, 23, 23, 23, 23, 22, 23, 23, 23] / writers=[23]
OOO / Test #186 / 1439449711534 / readers=[19, 19, 19, 18, 18, 18, 18, 18, 18, 18] / writers=[19]
OOO / Test #185 / 1439449711534 / readers=[20, 20, 19, 19, 19, 19, 19, 19, 19, 19] / writers=[20]
OOO / Test #195 / 1439449711534 / readers=[19, 19, 19, 18, 18, 18, 18, 18, 18, 18] / writers=[19]
OOO / Test #184 / 1439449711533 / readers=[16, 16, 16, 16, 16, 16, 15, 15, 15, 15] / writers=[16]
OOO / Test #186 / 1439449711546 / readers=[20, 20, 19, 19, 19, 19, 19, 19, 19, 19] / writers=[20]
OOO / Test #187 / 1439449711533 / readers=[19, 19, 19, 18, 18, 18, 18, 18, 18, 18] / writers=[19]
OOO / Test #193 / 1439449711533 / readers=[16, 16, 16, 16, 16, 15, 16, 15, 15, 15] / writers=[16]
OOO / Test #194 / 1439449711533 / readers=[19, 19, 19, 18, 18, 18, 18, 18, 18, 18] / writers=[19]
OOO / Test #196 / 1439449711533 / readers=[21, 20, 21, 21, 21, 21, 21, 21, 21, 21] / writers=[21]
OOO / Test #197 / 1439449711530 / readers=[20, 20, 19, 19, 19, 19, 19, 19, 20, 19] / writers=[20]
OOO / Test #174 / 1439449711530 / readers=[18, 18, 18, 17, 18, 17, 17, 17, 17, 17] / writers=[18]
OOO / Test #170 / 1439449711530 / readers=[17, 17, 17, 16, 16, 17, 17, 16, 16, 16] / writers=[17]
OOO / Test #165 / 1439449711530 / readers=[15, 15, 15, 15, 15, 15, 14, 14, 14, 14] / writers=[15]
OOO / Test #200 / 1439449711530 / readers=[17, 17, 17, 17, 17, 16, 16, 16, 16, 16] / writers=[17]
OOO / Test #197 / 1439449711550 / readers=[21, 21, 20, 20, 20, 20, 20, 20, 20, 20] / writers=[21]
OOO / Test #191 / 1439449711530 / readers=[17, 17, 17, 16, 17, 17, 16, 16, 16, 16] / writers=[17]
OOO / Test #171 / 1439449711530 / readers=[17, 17, 17, 17, 18, 17, 17, 17, 17, 17] / writers=[18]
OOO / Test #200 / 1439449711550 / readers=[18, 18, 18, 18, 17, 17, 17, 17, 17, 17] / writers=[18]
OOO / Test #173 / 1439449711526 / readers=[24, 24, 24, 24, 24, 24, 24, 24, 24, 23] / writers=[24]
OOO / Test #169 / 1439449711526 / readers=[19, 19, 18, 18, 18, 19, 18, 18, 18, 18] / writers=[19]
OOO / Test #168 / 1439449711526 / readers=[17, 18, 18, 18, 17, 17, 17, 17, 17, 17] / writers=[18]
OOO / Test #7 / 1439449711526 / readers=[30, 31, 30, 30, 30, 30, 30, 30, 30, 30] / writers=[31]
OOO / Test #166 / 1439449711526 / readers=[18, 18, 18, 18, 18, 18, 18, 18, 18, 18] / writers=[19]
OOO / Test #176 / 1439449711526 / readers=[18, 18, 18, 17, 17, 17, 17, 17, 18, 17] / writers=[18]
OOO / Test #13 / 1439449711526 / readers=[43, 43, 43, 43, 43, 43, 43, 43, 43, 43] / writers=[44]
OOO / Test #177 / 1439449711526 / readers=[19, 19, 20, 19, 19, 19, 19, 19, 19, 19] / writers=[20]
OOO / Test #158 / 1439449711526 / readers=[20, 20, 20, 20, 20, 20, 20, 20, 20, 20] / writers=[21]
OOO / Test #163 / 1439449711524 / readers=[21, 21, 21, 21, 21, 21, 21, 21, 21, 21] / writers=[22]
OOO / Test #166 / 1439449711554 / readers=[21, 21, 20, 21, 21, 21, 21, 21, 21, 21] / writers=[21]
OOO / Test #190 / 1439449711523 / readers=[26, 27, 27, 27, 27, 27, 26, 27, 26, 26] / writers=[27]
OOO / Test #156 / 1439449711523 / readers=[17, 17, 17, 17, 17, 17, 16, 16, 16, 16] / writers=[17]
OOO / Test #150 / 1439449711523 / readers=[19, 19, 19, 19, 19, 19, 19, 19, 19, 19] / writers=[20]
OOO / Test #181 / 1439449711523 / readers=[19, 19, 18, 18, 18, 18, 19, 18, 18, 18] / writers=[19]
OOO / Test #182 / 1439449711523 / readers=[21, 20, 20, 20, 20, 20, 20, 20, 20, 20] / writers=[21]
OOO / Test #161 / 1439449711523 / readers=[20, 20, 19, 19, 20, 20, 20, 20, 20, 20] / writers=[20]
OOO / Test #100 / 1439449711523 / readers=[24, 24, 24, 24, 24, 24, 24, 24, 23, 24] / writers=[24]
OOO / Test #150 / 1439449711557 / readers=[22, 21, 22, 22, 22, 22, 22, 22, 22, 22] / writers=[22]
OOO / Test #160 / 1439449711523 / readers=[19, 19, 18, 19, 18, 18, 18, 18, 18, 18] / writers=[19]
OOO / Test #178 / 1439449711520 / readers=[22, 21, 21, 22, 22, 22, 22, 22, 22, 22] / writers=[22]
OOO / Test #100 / 1439449711557 / readers=[25, 25, 25, 25, 25, 25, 25, 25, 24, 24] / writers=[25]
OOO / Test #192 / 1439449711520 / readers=[26, 26, 26, 26, 26, 26, 25, 26, 25, 25] / writers=[26]
OOO / Test #20 / 1439449711520 / readers=[27, 27, 26, 27, 27, 27, 27, 26, 27, 27] / writers=[27]
OOO / Test #152 / 1439449711520 / readers=[18, 19, 19, 18, 18, 18, 18, 18, 18, 18] / writers=[19]
OOO / Test #54 / 1439449711520 / readers=[25, 26, 25, 25, 25, 25, 25, 25, 25, 25] / writers=[26]
OOO / Test #95 / 1439449711519 / readers=[22, 23, 22, 22, 23, 23, 22, 22, 23, 22] / writers=[23]
OOO / Test #15 / 1439449711519 / readers=[38, 38, 38, 39, 39, 38, 38, 38, 38, 38] / writers=[39]
OOO / Test #30 / 1439449711519 / readers=[23, 22, 22, 22, 22, 22, 23, 22, 23, 23] / writers=[23]
OOO / Test #60 / 1439449711517 / readers=[22, 22, 22, 22, 22, 22, 22, 22, 22, 21] / writers=[22]
OOO / Test #31 / 1439449711517 / readers=[23, 23, 23, 23, 24, 23, 23, 24, 23, 24] / writers=[24]
OOO / Test #153 / 1439449711517 / readers=[21, 21, 21, 21, 21, 21, 21, 21, 21, 21] / writers=[22]
OOO / Test #43 / 1439449711517 / readers=[24, 24, 24, 24, 24, 24, 24, 24, 24, 24] / writers=[25]
OOO / Test #180 / 1439449711517 / readers=[18, 18, 18, 17, 17, 17, 17, 17, 17, 18] / writers=[18]
OOO / Test #27 / 1439449711517 / readers=[21, 21, 21, 21, 21, 21, 21, 21, 22, 22] / writers=[22]
OOO / Test #40 / 1439449711517 / readers=[21, 21, 22, 21, 21, 21, 22, 22, 21, 21] / writers=[22]
OOO / Test #28 / 1439449711517 / readers=[24, 25, 24, 25, 25, 24, 25, 25, 24, 25] / writers=[25]
OOO / Test #180 / 1439449711564 / readers=[19, 19, 18, 18, 18, 18, 18, 18, 18, 19] / writers=[19]
OOO / Test #164 / 1439449711517 / readers=[20, 20, 21, 20, 20, 20, 20, 20, 20, 20] / writers=[21]
OOO / Test #97 / 1439449711517 / readers=[20, 20, 21, 20, 20, 20, 20, 20, 20, 20] / writers=[21]
OOO / Test #28 / 1439449711564 / readers=[25, 26, 25, 26, 25, 25, 26, 26, 25, 26] / writers=[26]
OOO / Test #44 / 1439449711513 / readers=[25, 25, 25, 25, 25, 25, 25, 24, 25, 25] / writers=[25]
OOO / Test #18 / 1439449711513 / readers=[31, 32, 32, 31, 31, 31, 31, 31, 31, 31] / writers=[32]
OOO / Test #61 / 1439449711513 / readers=[19, 19, 19, 19, 19, 19, 19, 19, 19, 20] / writers=[20]
OOO / Test #162 / 1439449711513 / readers=[18, 19, 19, 18, 19, 18, 18, 18, 18, 18] / writers=[19]
OOO / Test #36 / 1439449711513 / readers=[22, 23, 22, 22, 22, 22, 22, 23, 22, 23] / writers=[23]
OOO / Test #64 / 1439449711513 / readers=[19, 19, 19, 18, 18, 18, 18, 18, 18, 18] / writers=[19]
OOO / Test #61 / 1439449711568 / readers=[20, 20, 20, 20, 20, 20, 20, 20, 20, 20] / writers=[21]
OOO / Test #62 / 1439449711510 / readers=[22, 23, 23, 23, 23, 23, 23, 23, 23, 23] / writers=[23]
OOO / Test #36 / 1439449711568 / readers=[23, 24, 23, 23, 23, 23, 23, 23, 23, 24] / writers=[24]
OOO / Test #148 / 1439449711510 / readers=[18, 19, 19, 19, 18, 19, 18, 18, 18, 19] / writers=[19]
OOO / Test #49 / 1439449711510 / readers=[27, 27, 27, 28, 28, 27, 27, 27, 27, 27] / writers=[28]
OOO / Test #22 / 1439449711510 / readers=[26, 26, 27, 27, 27, 27, 26, 26, 26, 27] / writers=[27]
OOO / Test #167 / 1439449711510 / readers=[21, 20, 20, 20, 20, 20, 20, 20, 20, 20] / writers=[21]
OOO / Test #146 / 1439449711510 / readers=[20, 19, 20, 19, 20, 20, 19, 19, 19, 19] / writers=[20]
OOO / Test #55 / 1439449711510 / readers=[23, 24, 24, 24, 24, 24, 24, 24, 24, 24] / writers=[24]
OOO / Test #51 / 1439449711510 / readers=[24, 24, 23, 23, 23, 24, 23, 24, 24, 24] / writers=[24]
OOO / Test #39 / 1439449711507 / readers=[28, 28, 28, 28, 28, 28, 27, 27, 27, 28] / writers=[28]
OOO / Test #14 / 1439449711507 / readers=[50, 51, 51, 51, 51, 51, 50, 51, 51, 51] / writers=[51]
OOO / Test #55 / 1439449711572 / readers=[24, 25, 25, 25, 25, 25, 25, 25, 25, 24] / writers=[25]
OOO / Test #147 / 1439449711507 / readers=[19, 19, 18, 19, 18, 18, 18, 19, 18, 18] / writers=[19]
OOO / Test #39 / 1439449711572 / readers=[29, 29, 29, 29, 28, 29, 28, 28, 28, 29] / writers=[29]
OOO / Test #198 / 1439449711507 / readers=[20, 20, 20, 19, 19, 19, 20, 19, 19, 19] / writers=[20]
OOO / Test #14 / 1439449711572 / readers=[51, 52, 52, 52, 52, 52, 51, 51, 52, 52] / writers=[52]
OOO / Test #35 / 1439449711507 / readers=[27, 26, 27, 27, 26, 26, 27, 27, 26, 27] / writers=[27]
OOO / Test #26 / 1439449711507 / readers=[24, 24, 24, 24, 24, 24, 24, 24, 24, 24] / writers=[25]
OOO / Test #4 / 1439449711507 / readers=[49, 49, 49, 49, 49, 49, 48, 48, 48, 49] / writers=[49]
OOO / Test #46 / 1439449711507 / readers=[25, 25, 25, 25, 26, 25, 25, 26, 26, 26] / writers=[26]
OOO / Test #23 / 1439449711507 / readers=[27, 27, 27, 26, 27, 27, 26, 26, 26, 26] / writers=[27]
OOO / Test #59 / 1439449711504 / readers=[19, 19, 19, 19, 19, 19, 19, 19, 19, 19] / writers=[20]
OOO / Test #154 / 1439449711504 / readers=[24, 24, 24, 24, 24, 24, 24, 24, 24, 23] / writers=[24]
OOO / Test #46 / 1439449711575 / readers=[26, 26, 26, 26, 26, 26, 26, 27, 27, 27] / writers=[27]
OOO / Test #12 / 1439449711504 / readers=[46, 46, 46, 46, 46, 46, 46, 46, 46, 45] / writers=[46]
OOO / Test #157 / 1439449711504 / readers=[24, 24, 24, 24, 24, 24, 24, 24, 24, 23] / writers=[24]
OOO / Test #34 / 1439449711504 / readers=[20, 20, 20, 20, 20, 20, 21, 20, 20, 20] / writers=[21]
OOO / Test #33 / 1439449711501 / readers=[19, 19, 18, 19, 18, 18, 18, 18, 19, 18] / writers=[19]
OOO / Test #145 / 1439449711501 / readers=[19, 19, 19, 19, 19, 19, 18, 18, 19, 18] / writers=[19]
OOO / Test #45 / 1439449711501 / readers=[27, 27, 27, 27, 27, 27, 27, 27, 27, 27] / writers=[28]
OOO / Test #58 / 1439449711501 / readers=[24, 25, 25, 25, 24, 25, 25, 25, 24, 24] / writers=[25]
OOO / Test #42 / 1439449711501 / readers=[21, 21, 21, 21, 21, 21, 21, 21, 21, 21] / writers=[22]
OOO / Test #57 / 1439449711501 / readers=[25, 25, 25, 25, 25, 25, 25, 25, 24, 24] / writers=[25]
OOO / Test #41 / 1439449711501 / readers=[20, 20, 20, 20, 20, 20, 20, 20, 20, 20] / writers=[21]
OOO / Test #155 / 1439449711501 / readers=[20, 20, 20, 19, 19, 19, 19, 19, 20, 20] / writers=[20]
OOO / Test #38 / 1439449711500 / readers=[25, 25, 25, 25, 25, 25, 25, 24, 25, 24] / writers=[25]
OOO / Test #42 / 1439449711579 / readers=[24, 24, 24, 24, 24, 24, 24, 24, 24, 23] / writers=[24]
OOO / Test #19 / 1439449711496 / readers=[29, 29, 29, 29, 29, 29, 29, 29, 28, 29] / writers=[29]
OOO / Test #16 / 1439449711496 / readers=[37, 37, 37, 37, 37, 37, 36, 37, 36, 36] / writers=[37]
OOO / Test #133 / 1439449711496 / readers=[20, 21, 21, 20, 20, 20, 20, 20, 20, 21] / writers=[21]
OOO / Test #73 / 1439449711496 / readers=[21, 20, 20, 20, 20, 20, 21, 21, 21, 21] / writers=[21]
OOO / Test #19 / 1439449711583 / readers=[30, 30, 29, 30, 30, 30, 30, 30, 29, 30] / writers=[30]
OOO / Test #16 / 1439449711583 / readers=[38, 38, 38, 37, 38, 38, 37, 38, 37, 37] / writers=[38]
OOO / Test #32 / 1439449711496 / readers=[25, 24, 25, 25, 25, 24, 25, 25, 25, 24] / writers=[25]
OOO / Test #19 / 1439449711583 / readers=[31, 31, 30, 31, 31, 31, 31, 31, 30, 30] / writers=[31]
OOO / Test #52 / 1439449711496 / readers=[27, 27, 27, 27, 27, 26, 26, 27, 26, 26] / writers=[27]
OOO / Test #16 / 1439449711583 / readers=[39, 39, 39, 38, 39, 39, 38, 38, 38, 38] / writers=[39]
OOO / Test #21 / 1439449711496 / readers=[43, 42, 42, 42, 42, 43, 42, 42, 42, 42] / writers=[43]
OOO / Test #56 / 1439449711496 / readers=[30, 30, 29, 30, 29, 29, 29, 30, 30, 29] / writers=[30]
OOO / Test #149 / 1439449711496 / readers=[19, 19, 19, 19, 18, 18, 18, 18, 18, 18] / writers=[19]
OOO / Test #109 / 1439449711492 / readers=[24, 24, 24, 24, 24, 24, 24, 24, 24, 23] / writers=[24]
OOO / Test #24 / 1439449711492 / readers=[29, 28, 28, 28, 29, 29, 28, 29, 29, 29] / writers=[29]
OOO / Test #56 / 1439449711586 / readers=[31, 31, 30, 31, 30, 30, 30, 30, 31, 30] / writers=[31]
OOO / Test #17 / 1439449711492 / readers=[34, 34, 34, 35, 34, 34, 34, 34, 34, 35] / writers=[35]
OOO / Test #109 / 1439449711586 / readers=[25, 25, 25, 25, 25, 25, 25, 25, 24, 24] / writers=[25]
OOO / Test #6 / 1439449711492 / readers=[52, 52, 52, 53, 53, 52, 52, 52, 52, 52] / writers=[53]
OOO / Test #56 / 1439449711586 / readers=[32, 32, 31, 32, 31, 31, 31, 31, 31, 31] / writers=[32]
OOO / Test #139 / 1439449711492 / readers=[18, 18, 18, 19, 19, 18, 19, 18, 18, 18] / writers=[19]
OOO / Test #48 / 1439449711492 / readers=[21, 21, 21, 21, 21, 21, 21, 21, 21, 21] / writers=[22]
OOO / Test #84 / 1439449711492 / readers=[20, 20, 20, 19, 19, 19, 19, 19, 19, 19] / writers=[20]
OOO / Test #127 / 1439449711492 / readers=[20, 20, 19, 19, 19, 19, 19, 19, 20, 19] / writers=[20]
OOO / Test #80 / 1439449711490 / readers=[19, 19, 19, 18, 18, 18, 18, 18, 18, 18] / writers=[19]
OOO / Test #65 / 1439449711490 / readers=[24, 24, 24, 24, 24, 24, 24, 24, 24, 23] / writers=[24]
OOO / Test #122 / 1439449711490 / readers=[21, 21, 21, 21, 21, 21, 21, 21, 21, 21] / writers=[22]
OOO / Test #101 / 1439449711490 / readers=[17, 17, 18, 17, 17, 17, 17, 17, 17, 17] / writers=[18]
OOO / Test #127 / 1439449711589 / readers=[21, 20, 20, 20, 20, 20, 20, 20, 21, 20] / writers=[21]
OOO / Test #65 / 1439449711589 / readers=[25, 25, 25, 25, 25, 25, 25, 25, 24, 24] / writers=[25]
OOO / Test #37 / 1439449711490 / readers=[22, 21, 21, 21, 21, 21, 21, 21, 21, 21] / writers=[22]
OOO / Test #137 / 1439449711490 / readers=[19, 19, 19, 18, 18, 18, 18, 18, 18, 18] / writers=[19]
OOO / Test #10 / 1439449711490 / readers=[28, 29, 29, 29, 28, 28, 28, 28, 28, 29] / writers=[29]
OOO / Test #90 / 1439449711489 / readers=[20, 20, 19, 19, 19, 19, 19, 19, 19, 19] / writers=[20]
OOO / Test #8 / 1439449711490 / readers=[45, 44, 44, 45, 45, 45, 45, 45, 45, 45] / writers=[45]
OOO / Test #144 / 1439449711489 / readers=[18, 18, 18, 18, 17, 17, 17, 17, 17, 17] / writers=[18]
OOO / Test #10 / 1439449711593 / readers=[29, 30, 30, 29, 29, 29, 29, 29, 29, 30] / writers=[30]
OOO / Test #151 / 1439449711489 / readers=[18, 18, 18, 18, 17, 17, 17, 17, 17, 17] / writers=[18]
OOO / Test #75 / 1439449711487 / readers=[19, 19, 19, 18, 18, 18, 18, 18, 18, 18] / writers=[19]
OOO / Test #8 / 1439449711593 / readers=[46, 45, 45, 46, 46, 46, 46, 45, 46, 46] / writers=[46]
OOO / Test #9 / 1439449711487 / readers=[46, 46, 46, 46, 46, 46, 46, 46, 45, 45] / writers=[46]
OOO / Test #151 / 1439449711593 / readers=[19, 19, 19, 18, 18, 18, 18, 18, 18, 18] / writers=[19]
OOO / Test #66 / 1439449711487 / readers=[18, 18, 18, 18, 17, 17, 17, 17, 17, 17] / writers=[18]
OOO / Test #128 / 1439449711487 / readers=[20, 20, 19, 19, 19, 19, 19, 19, 19, 19] / writers=[20]
OOO / Test #118 / 1439449711487 / readers=[18, 18, 18, 18, 18, 17, 17, 17, 17, 17] / writers=[18]
OOO / Test #114 / 1439449711487 / readers=[21, 20, 20, 20, 20, 20, 20, 20, 20, 20] / writers=[21]
OOO / Test #85 / 1439449711487 / readers=[20, 20, 19, 19, 19, 19, 19, 19, 19, 19] / writers=[20]
OOO / Test #124 / 1439449711487 / readers=[21, 20, 20, 20, 20, 20, 20, 20, 20, 20] / writers=[21]
OOO / Test #116 / 1439449711487 / readers=[21, 20, 20, 20, 20, 20, 20, 20, 20, 20] / writers=[21]
OOO / Test #29 / 1439449711484 / readers=[28, 28, 28, 28, 29, 28, 28, 28, 28, 29] / writers=[29]
OOO / Test #85 / 1439449711596 / readers=[20, 21, 20, 20, 20, 20, 20, 20, 20, 20] / writers=[21]
OOO / Test #63 / 1439449711484 / readers=[17, 17, 17, 17, 17, 16, 16, 16, 16, 16] / writers=[17]
OOO / Test #93 / 1439449711484 / readers=[19, 19, 19, 19, 18, 18, 18, 18, 18, 18] / writers=[19]
OOO / Test #91 / 1439449711484 / readers=[18, 18, 18, 17, 18, 17, 17, 17, 17, 17] / writers=[18]
OOO / Test #78 / 1439449711484 / readers=[21, 21, 21, 21, 21, 21, 21, 21, 21, 21] / writers=[22]
OOO / Test #93 / 1439449711599 / readers=[20, 20, 19, 20, 19, 19, 19, 19, 19, 19] / writers=[20]
OOO / Test #125 / 1439449711484 / readers=[20, 20, 19, 19, 19, 19, 19, 19, 19, 19] / writers=[20]
OOO / Test #86 / 1439449711484 / readers=[19, 19, 19, 18, 18, 18, 18, 18, 18, 18] / writers=[19]
OOO / Test #96 / 1439449711484 / readers=[19, 19, 19, 18, 18, 18, 18, 18, 18, 18] / writers=[19]
OOO / Test #141 / 1439449711484 / readers=[26, 26, 26, 26, 26, 26, 25, 26, 25, 25] / writers=[26]
OOO / Test #68 / 1439449711481 / readers=[20, 20, 19, 19, 19, 19, 19, 19, 19, 19] / writers=[20]
OOO / Test #77 / 1439449711481 / readers=[24, 24, 24, 24, 24, 24, 24, 24, 24, 23] / writers=[24]
OOO / Test #96 / 1439449711600 / readers=[19, 20, 20, 19, 19, 19, 19, 19, 19, 19] / writers=[20]
OOO / Test #130 / 1439449711481 / readers=[21, 21, 21, 21, 21, 21, 21, 21, 21, 21] / writers=[22]
OOO / Test #76 / 1439449711481 / readers=[25, 25, 25, 25, 25, 25, 25, 25, 24, 24] / writers=[25]
OOO / Test #106 / 1439449711481 / readers=[19, 18, 19, 18, 18, 19, 18, 18, 18, 18] / writers=[19]
OOO / Test #87 / 1439449711481 / readers=[18, 17, 18, 18, 18, 17, 17, 17, 17, 17] / writers=[18]
OOO / Test #82 / 1439449711478 / readers=[18, 18, 18, 18, 17, 17, 17, 17, 18, 17] / writers=[18]
OOO / Test #76 / 1439449711603 / readers=[26, 26, 26, 26, 26, 26, 26, 25, 25, 25] / writers=[26]
OOO / Test #106 / 1439449711603 / readers=[20, 19, 20, 19, 19, 19, 19, 19, 19, 19] / writers=[20]
OOO / Test #88 / 1439449711478 / readers=[19, 19, 18, 18, 19, 18, 18, 18, 18, 18] / writers=[19]
OOO / Test #71 / 1439449711478 / readers=[18, 18, 19, 18, 18, 18, 18, 18, 18, 18] / writers=[19]
OOO / Test #135 / 1439449711478 / readers=[21, 21, 20, 20, 20, 20, 20, 20, 20, 20] / writers=[21]
OOO / Test #106 / 1439449711603 / readers=[20, 20, 21, 20, 20, 20, 20, 20, 20, 20] / writers=[21]
OOO / Test #92 / 1439449711478 / readers=[21, 20, 21, 20, 20, 20, 20, 20, 20, 20] / writers=[21]
OOO / Test #117 / 1439449711478 / readers=[21, 21, 21, 21, 21, 21, 21, 21, 21, 21] / writers=[22]
OOO / Test #74 / 1439449711478 / readers=[18, 19, 19, 18, 18, 19, 18, 18, 19, 18] / writers=[19]
OOO / Test #129 / 1439449711478 / readers=[20, 19, 20, 19, 19, 20, 19, 19, 19, 19] / writers=[20]
OOO / Test #113 / 1439449711478 / readers=[20, 20, 19, 19, 19, 19, 19, 19, 19, 19] / writers=[20]
OOO / Test #136 / 1439449711478 / readers=[20, 20, 19, 19, 19, 19, 19, 19, 19, 19] / writers=[20]
OOO / Test #92 / 1439449711607 / readers=[22, 21, 21, 21, 21, 21, 21, 21, 21, 21] / writers=[22]
OOO / Test #67 / 1439449711475 / readers=[21, 20, 20, 20, 20, 20, 21, 20, 20, 20] / writers=[21]
OOO / Test #132 / 1439449711475 / readers=[20, 20, 19, 19, 19, 19, 19, 19, 19, 19] / writers=[20]
OOO / Test #81 / 1439449711475 / readers=[16, 16, 17, 17, 16, 16, 16, 16, 16, 16] / writers=[17]
OOO / Test #104 / 1439449711475 / readers=[20, 21, 20, 20, 20, 20, 20, 20, 20, 20] / writers=[21]
OOO / Test #112 / 1439449711475 / readers=[21, 20, 20, 20, 20, 20, 20, 20, 20, 20] / writers=[21]
OOO / Test #134 / 1439449711475 / readers=[22, 21, 22, 22, 22, 22, 22, 22, 22, 22] / writers=[22]
OOO / Test #102 / 1439449711475 / readers=[19, 19, 19, 18, 18, 18, 18, 18, 18, 18] / writers=[19]
OOO / Test #79 / 1439449711474 / readers=[17, 16, 17, 17, 17, 17, 16, 16, 16, 16] / writers=[17]
OOO / Test #69 / 1439449711474 / readers=[22, 21, 21, 21, 22, 22, 22, 22, 22, 22] / writers=[22]
OOO / Test #108 / 1439449711474 / readers=[21, 21, 21, 21, 21, 21, 21, 21, 21, 21] / writers=[22]
OOO / Test #119 / 1439449711471 / readers=[19, 19, 19, 18, 19, 18, 18, 18, 19, 19] / writers=[19]
OOO / Test #123 / 1439449711471 / readers=[17, 17, 17, 17, 16, 16, 16, 16, 17, 16] / writers=[17]
OOO / Test #115 / 1439449711471 / readers=[18, 18, 18, 18, 17, 17, 17, 17, 17, 17] / writers=[18]
OOO / Test #140 / 1439449711471 / readers=[20, 20, 20, 20, 20, 20, 20, 20, 20, 20] / writers=[21]
OOO / Test #105 / 1439449711471 / readers=[18, 18, 18, 18, 17, 17, 17, 17, 17, 17] / writers=[18]
OOO / Test #143 / 1439449711471 / readers=[17, 17, 17, 17, 17, 16, 16, 16, 16, 16] / writers=[17]
OOO / Test #89 / 1439449711471 / readers=[21, 20, 20, 20, 20, 20, 20, 20, 20, 20] / writers=[21]
OOO / Test #121 / 1439449711471 / readers=[23, 22, 23, 23, 23, 23, 23, 23, 23, 23] / writers=[23]
OOO / Test #99 / 1439449711471 / readers=[18, 18, 17, 18, 18, 17, 17, 17, 17, 17] / writers=[18]
OOO / Test #140 / 1439449711613 / readers=[22, 23, 23, 23, 23, 23, 23, 23, 23, 23] / writers=[23]
OOO / Test #89 / 1439449711613 / readers=[21, 21, 21, 21, 21, 21, 21, 21, 21, 21] / writers=[22]
OOO / Test #111 / 1439449711467 / readers=[21, 21, 21, 21, 21, 21, 21, 21, 21, 21] / writers=[22]
OOO / Test #83 / 1439449711467 / readers=[21, 20, 20, 20, 20, 20, 20, 20, 20, 20] / writers=[21]
OOO / Test #120 / 1439449711467 / readers=[24, 24, 24, 24, 24, 24, 24, 24, 24, 23] / writers=[24]
OOO / Test #70 / 1439449711467 / readers=[19, 19, 19, 18, 18, 18, 18, 18, 18, 18] / writers=[19]
OOO / Test #110 / 1439449711467 / readers=[21, 20, 21, 21, 20, 20, 20, 20, 20, 20] / writers=[21]
OOO / Test #138 / 1439449711467 / readers=[20, 19, 20, 19, 19, 19, 19, 19, 19, 19] / writers=[20]
OOO / Test #94 / 1439449711467 / readers=[17, 17, 18, 17, 17, 17, 17, 17, 17, 17] / writers=[18]
OOO / Test #126 / 1439449711467 / readers=[22, 22, 22, 22, 22, 22, 22, 22, 22, 22] / writers=[23]
OOO / Test #103 / 1439449711467 / readers=[27, 27, 27, 27, 27, 27, 26, 26, 26, 26] / writers=[27]
OOO / Test #107 / 1439449711464 / readers=[21, 21, 20, 20, 20, 20, 20, 20, 20, 20] / writers=[21]
OOO / Test #94 / 1439449711617 / readers=[18, 18, 18, 18, 18, 18, 18, 18, 18, 18] / writers=[19]
OOO / Test #142 / 1439449711464 / readers=[19, 20, 19, 19, 19, 19, 19, 19, 19, 19] / writers=[20]
OOO / Test #103 / 1439449711617 / readers=[28, 28, 28, 28, 28, 27, 27, 27, 27, 27] / writers=[28]
OOO / Test #1 / 1439449711464 / readers=[21, 21, 21, 21, 21, 22, 21, 21, 21, 21] / writers=[22]
OOO / Test #131 / 1439449711464 / readers=[18, 18, 19, 19, 19, 18, 18, 18, 18, 18] / writers=[19]
OOO / Test #5 / 1439449711464 / readers=[43, 43, 43, 44, 43, 43, 43, 43, 43, 43] / writers=[44]
OOO / Test #98 / 1439449711464 / readers=[19, 20, 19, 19, 19, 19, 19, 19, 19, 19] / writers=[20]
OOO / Test #72 / 1439449711464 / readers=[18, 17, 18, 18, 18, 17, 18, 17, 17, 17] / writers=[18]
OOO / Test #25 / 1439449711464 / readers=[32, 32, 32, 32, 32, 32, 32, 32, 32, 32] / writers=[33]
OOO / Test #72 / 1439449711620 / readers=[19, 18, 19, 19, 19, 18, 18, 18, 18, 18] / writers=[19]
OOO / Test #5 / 1439449711619 / readers=[44, 44, 44, 44, 44, 44, 44, 44, 44, 44] / writers=[45]
OOO / Test #1 / 1439449711619 / readers=[22, 22, 22, 22, 22, 22, 22, 22, 22, 22] / writers=[23]
OOO / Test #131 / 1439449711619 / readers=[19, 19, 20, 20, 19, 19, 19, 19, 20, 19] / writers=[20]
OOO / Test #72 / 1439449711620 / readers=[20, 19, 20, 20, 19, 19, 19, 19, 19, 19] / writers=[20]
OOO / Test #103 / 1439449711619 / readers=[29, 29, 29, 29, 28, 28, 28, 28, 28, 28] / writers=[29]
OOO / Test #94 / 1439449711617 / readers=[21, 20, 21, 21, 21, 21, 21, 21, 21, 21] / writers=[21]
OOO / Test #142 / 1439449711617 / readers=[20, 20, 20, 20, 20, 20, 20, 20, 20, 20] / writers=[21]
OOO / Test #72 / 1439449711622 / readers=[20, 20, 21, 21, 20, 20, 20, 20, 20, 20] / writers=[21]
OOO / Test #126 / 1439449711617 / readers=[25, 25, 25, 25, 25, 25, 25, 25, 24, 25] / writers=[25]
OOO / Test #72 / 1439449711622 / readers=[21, 21, 22, 21, 21, 21, 21, 21, 21, 21] / writers=[22]
OOO / Test #142 / 1439449711622 / readers=[22, 23, 23, 23, 23, 23, 23, 23, 23, 23] / writers=[23]
OOO / Test #107 / 1439449711617 / readers=[21, 22, 21, 21, 21, 21, 21, 21, 21, 21] / writers=[22]
OOO / Test #138 / 1439449711616 / readers=[20, 20, 21, 20, 20, 20, 20, 20, 20, 20] / writers=[21]
OOO / Test #110 / 1439449711616 / readers=[22, 21, 22, 21, 21, 21, 21, 21, 21, 21] / writers=[22]
OOO / Test #70 / 1439449711616 / readers=[20, 20, 19, 19, 19, 19, 19, 19, 19, 19] / writers=[20]
OOO / Test #120 / 1439449711616 / readers=[25, 25, 25, 25, 25, 25, 25, 25, 24, 24] / writers=[25]
OOO / Test #111 / 1439449711613 / readers=[24, 24, 24, 24, 24, 24, 24, 24, 24, 23] / writers=[24]
OOO / Test #83 / 1439449711613 / readers=[21, 21, 21, 21, 21, 21, 21, 21, 21, 21] / writers=[22]
OOO / Test #89 / 1439449711613 / readers=[24, 24, 24, 24, 24, 24, 24, 24, 24, 23] / writers=[24]
OOO / Test #120 / 1439449711625 / readers=[26, 26, 26, 26, 26, 26, 26, 25, 25, 25] / writers=[26]
OOO / Test #111 / 1439449711625 / readers=[25, 25, 25, 25, 25, 25, 25, 25, 24, 24] / writers=[25]
OOO / Test #140 / 1439449711613 / readers=[23, 24, 24, 24, 24, 24, 24, 24, 24, 23] / writers=[24]
OOO / Test #89 / 1439449711625 / readers=[25, 25, 25, 25, 25, 25, 25, 25, 24, 24] / writers=[25]
OOO / Test #99 / 1439449711613 / readers=[19, 19, 18, 19, 18, 18, 18, 18, 18, 18] / writers=[19]
OOO / Test #111 / 1439449711625 / readers=[25, 26, 26, 26, 26, 26, 26, 25, 25, 25] / writers=[26]
OOO / Test #121 / 1439449711613 / readers=[23, 23, 24, 24, 24, 24, 24, 24, 24, 24] / writers=[24]
OOO / Test #143 / 1439449711613 / readers=[18, 18, 18, 17, 18, 17, 17, 17, 17, 17] / writers=[18]
OOO / Test #105 / 1439449711613 / readers=[19, 19, 19, 18, 18, 18, 18, 18, 18, 18] / writers=[19]
OOO / Test #123 / 1439449711610 / readers=[18, 18, 18, 17, 17, 17, 17, 17, 18, 17] / writers=[18]
OOO / Test #115 / 1439449711610 / readers=[19, 19, 19, 18, 18, 18, 18, 18, 18, 18] / writers=[19]
OOO / Test #119 / 1439449711610 / readers=[20, 20, 20, 19, 19, 19, 19, 19, 20, 20] / writers=[20]
OOO / Test #108 / 1439449711610 / readers=[24, 24, 24, 24, 24, 24, 24, 24, 24, 23] / writers=[24]
OOO / Test #69 / 1439449711610 / readers=[23, 22, 22, 22, 23, 23, 23, 22, 23, 23] / writers=[23]
OOO / Test #79 / 1439449711610 / readers=[18, 17, 17, 18, 18, 18, 17, 17, 17, 17] / writers=[18]
OOO / Test #102 / 1439449711610 / readers=[20, 20, 19, 19, 19, 19, 19, 19, 19, 19] / writers=[20]
OOO / Test #134 / 1439449711610 / readers=[22, 22, 23, 23, 23, 23, 23, 23, 23, 23] / writers=[23]
OOO / Test #112 / 1439449711610 / readers=[21, 21, 21, 21, 21, 21, 21, 21, 21, 21] / writers=[22]
OOO / Test #81 / 1439449711610 / readers=[17, 17, 18, 17, 17, 17, 17, 17, 17, 17] / writers=[18]
OOO / Test #104 / 1439449711610 / readers=[21, 21, 21, 21, 21, 21, 21, 21, 21, 21] / writers=[22]
OOO / Test #132 / 1439449711607 / readers=[21, 20, 20, 20, 20, 20, 20, 20, 20, 20] / writers=[21]
OOO / Test #67 / 1439449711607 / readers=[22, 21, 21, 21, 21, 21, 21, 21, 21, 21] / writers=[22]
OOO / Test #81 / 1439449711632 / readers=[18, 18, 18, 18, 18, 18, 18, 18, 18, 18] / writers=[19]
OOO / Test #136 / 1439449711607 / readers=[20, 20, 20, 20, 20, 20, 20, 20, 20, 20] / writers=[21]
OOO / Test #92 / 1439449711607 / readers=[22, 22, 22, 22, 22, 22, 22, 22, 22, 22] / writers=[23]
OOO / Test #113 / 1439449711607 / readers=[21, 20, 20, 20, 20, 20, 20, 20, 20, 20] / writers=[21]
OOO / Test #117 / 1439449711607 / readers=[24, 24, 24, 24, 24, 24, 24, 24, 23, 24] / writers=[24]
OOO / Test #129 / 1439449711607 / readers=[21, 20, 20, 20, 20, 21, 20, 20, 20, 20] / writers=[21]
OOO / Test #74 / 1439449711607 / readers=[19, 20, 19, 19, 19, 20, 19, 19, 20, 19] / writers=[20]
OOO / Test #113 / 1439449711635 / readers=[21, 21, 21, 21, 21, 21, 21, 21, 21, 21] / writers=[22]
OOO / Test #117 / 1439449711635 / readers=[25, 25, 25, 25, 25, 25, 25, 25, 24, 24] / writers=[25]
OOO / Test #129 / 1439449711635 / readers=[21, 21, 21, 21, 21, 22, 21, 21, 21, 21] / writers=[22]
OOO / Test #106 / 1439449711607 / readers=[21, 21, 21, 21, 21, 21, 21, 21, 21, 21] / writers=[22]
OOO / Test #74 / 1439449711635 / readers=[20, 21, 20, 20, 20, 20, 20, 20, 21, 20] / writers=[21]
OOO / Test #117 / 1439449711635 / readers=[26, 26, 26, 26, 26, 26, 26, 25, 25, 25] / writers=[26]
OOO / Test #135 / 1439449711603 / readers=[22, 21, 21, 21, 21, 21, 21, 21, 21, 21] / writers=[22]
OOO / Test #88 / 1439449711603 / readers=[20, 19, 19, 19, 20, 19, 19, 19, 19, 19] / writers=[20]
OOO / Test #71 / 1439449711603 / readers=[19, 19, 19, 19, 19, 19, 19, 19, 19, 19] / writers=[20]
OOO / Test #76 / 1439449711603 / readers=[27, 27, 27, 27, 27, 27, 26, 26, 26, 26] / writers=[27]
OOO / Test #82 / 1439449711603 / readers=[19, 19, 19, 18, 18, 18, 18, 18, 19, 18] / writers=[19]
OOO / Test #88 / 1439449711638 / readers=[20, 20, 20, 20, 21, 20, 20, 20, 20, 20] / writers=[21]
OOO / Test #87 / 1439449711603 / readers=[18, 18, 19, 19, 19, 18, 18, 18, 18, 18] / writers=[19]
OOO / Test #76 / 1439449711639 / readers=[28, 28, 28, 28, 28, 27, 27, 27, 27, 27] / writers=[28]
OOO / Test #71 / 1439449711639 / readers=[22, 21, 22, 22, 22, 22, 22, 22, 22, 22] / writers=[22]
OOO / Test #130 / 1439449711603 / readers=[24, 24, 24, 24, 24, 24, 24, 24, 24, 23] / writers=[24]
OOO / Test #96 / 1439449711603 / readers=[20, 21, 20, 20, 20, 20, 20, 20, 20, 20] / writers=[21]
OOO / Test #71 / 1439449711639 / readers=[22, 22, 23, 23, 23, 23, 23, 23, 23, 23] / writers=[23]
OOO / Test #77 / 1439449711600 / readers=[25, 25, 25, 25, 25, 25, 25, 24, 25, 24] / writers=[25]
OOO / Test #68 / 1439449711600 / readers=[21, 20, 20, 20, 20, 20, 20, 20, 20, 20] / writers=[21]
OOO / Test #141 / 1439449711600 / readers=[27, 27, 27, 26, 27, 27, 26, 27, 26, 26] / writers=[27]
OOO / Test #71 / 1439449711642 / readers=[23, 23, 24, 24, 24, 24, 24, 24, 24, 23] / writers=[24]
OOO / Test #86 / 1439449711600 / readers=[20, 20, 19, 19, 19, 19, 19, 19, 19, 19] / writers=[20]
OOO / Test #77 / 1439449711642 / readers=[26, 26, 26, 26, 26, 26, 26, 25, 25, 25] / writers=[26]
OOO / Test #125 / 1439449711600 / readers=[21, 20, 20, 20, 20, 20, 20, 20, 20, 20] / writers=[21]
OOO / Test #141 / 1439449711642 / readers=[28, 28, 28, 27, 28, 28, 27, 27, 27, 27] / writers=[28]
OOO / Test #78 / 1439449711600 / readers=[24, 24, 24, 24, 24, 24, 24, 24, 24, 23] / writers=[24]
OOO / Test #93 / 1439449711599 / readers=[21, 20, 20, 21, 20, 20, 20, 20, 20, 20] / writers=[21]
OOO / Test #91 / 1439449711599 / readers=[19, 19, 18, 18, 19, 18, 18, 18, 18, 18] / writers=[19]
OOO / Test #63 / 1439449711596 / readers=[18, 18, 18, 17, 18, 17, 17, 17, 17, 17] / writers=[18]
OOO / Test #85 / 1439449711596 / readers=[21, 21, 21, 21, 21, 21, 21, 21, 21, 21] / writers=[22]
OOO / Test #29 / 1439449711596 / readers=[29, 29, 29, 29, 29, 29, 29, 29, 29, 30] / writers=[30]
OOO / Test #116 / 1439449711596 / readers=[21, 21, 21, 21, 21, 21, 21, 21, 21, 21] / writers=[22]
OOO / Test #124 / 1439449711596 / readers=[21, 21, 21, 21, 21, 21, 21, 21, 21, 21] / writers=[22]
OOO / Test #114 / 1439449711596 / readers=[21, 21, 21, 21, 21, 21, 21, 21, 21, 21] / writers=[22]
OOO / Test #118 / 1439449711596 / readers=[19, 19, 19, 18, 19, 18, 18, 18, 18, 18] / writers=[19]
OOO / Test #128 / 1439449711596 / readers=[21, 20, 20, 20, 20, 20, 20, 20, 20, 20] / writers=[21]
OOO / Test #66 / 1439449711596 / readers=[19, 19, 19, 18, 18, 18, 18, 18, 18, 18] / writers=[19]
OOO / Test #151 / 1439449711593 / readers=[20, 19, 20, 19, 19, 19, 19, 19, 19, 19] / writers=[20]
OOO / Test #9 / 1439449711593 / readers=[46, 47, 47, 47, 47, 47, 47, 47, 46, 46] / writers=[47]
OOO / Test #8 / 1439449711593 / readers=[47, 46, 46, 47, 47, 47, 47, 46, 47, 46] / writers=[47]
OOO / Test #75 / 1439449711593 / readers=[20, 20, 19, 19, 19, 19, 19, 19, 19, 19] / writers=[20]
OOO / Test #151 / 1439449711648 / readers=[20, 20, 21, 20, 20, 20, 20, 20, 20, 20] / writers=[21]
OOO / Test #10 / 1439449711593 / readers=[30, 31, 30, 30, 30, 30, 30, 30, 30, 31] / writers=[31]
OOO / Test #144 / 1439449711593 / readers=[19, 19, 19, 18, 18, 18, 18, 18, 18, 18] / writers=[19]
OOO / Test #90 / 1439449711593 / readers=[20, 21, 20, 20, 20, 20, 20, 20, 20, 20] / writers=[21]
OOO / Test #137 / 1439449711592 / readers=[19, 20, 20, 19, 19, 19, 19, 19, 19, 19] / writers=[20]
OOO / Test #10 / 1439449711649 / readers=[31, 32, 31, 31, 31, 31, 31, 31, 31, 31] / writers=[32]
OOO / Test #37 / 1439449711589 / readers=[22, 22, 22, 22, 22, 22, 22, 22, 22, 22] / writers=[23]
OOO / Test #127 / 1439449711589 / readers=[21, 21, 21, 21, 21, 21, 21, 21, 22, 21] / writers=[22]
OOO / Test #65 / 1439449711589 / readers=[26, 26, 26, 26, 26, 26, 26, 25, 25, 25] / writers=[26]
OOO / Test #122 / 1439449711589 / readers=[24, 24, 24, 24, 24, 24, 24, 24, 24, 23] / writers=[24]
OOO / Test #101 / 1439449711589 / readers=[18, 18, 18, 18, 18, 18, 18, 18, 18, 18] / writers=[19]
OOO / Test #80 / 1439449711589 / readers=[20, 20, 19, 19, 19, 19, 19, 19, 19, 19] / writers=[20]
OOO / Test #37 / 1439449711651 / readers=[25, 25, 25, 25, 25, 25, 25, 25, 25, 24] / writers=[25]
OOO / Test #48 / 1439449711589 / readers=[24, 24, 24, 24, 24, 24, 24, 24, 24, 23] / writers=[24]
OOO / Test #84 / 1439449711589 / readers=[21, 21, 20, 20, 20, 20, 20, 20, 20, 20] / writers=[21]
OOO / Test #139 / 1439449711586 / readers=[19, 19, 19, 20, 20, 19, 19, 19, 19, 19] / writers=[20]
OOO / Test #6 / 1439449711586 / readers=[53, 53, 53, 53, 54, 53, 53, 53, 53, 53] / writers=[54]
OOO / Test #37 / 1439449711651 / readers=[26, 26, 26, 26, 26, 26, 26, 26, 25, 25] / writers=[26]
OOO / Test #56 / 1439449711586 / readers=[32, 33, 32, 33, 32, 32, 32, 32, 32, 32] / writers=[33]
OOO / Test #17 / 1439449711586 / readers=[35, 35, 35, 35, 35, 35, 35, 35, 35, 36] / writers=[36]
OOO / Test #109 / 1439449711586 / readers=[26, 26, 26, 26, 26, 26, 26, 25, 25, 25] / writers=[26]
OOO / Test #24 / 1439449711586 / readers=[30, 29, 29, 29, 29, 30, 29, 30, 30, 30] / writers=[30]
OOO / Test #149 / 1439449711586 / readers=[20, 20, 19, 20, 19, 19, 19, 19, 19, 19] / writers=[20]
OOO / Test #21 / 1439449711586 / readers=[44, 43, 43, 43, 43, 43, 43, 43, 43, 43] / writers=[44]
OOO / Test #16 / 1439449711583 / readers=[40, 40, 40, 39, 40, 39, 39, 39, 39, 39] / writers=[40]
OOO / Test #52 / 1439449711583 / readers=[28, 28, 28, 28, 28, 27, 27, 27, 27, 27] / writers=[28]
OOO / Test #19 / 1439449711583 / readers=[32, 31, 31, 32, 32, 32, 32, 32, 31, 31] / writers=[32]
OOO / Test #32 / 1439449711583 / readers=[26, 25, 26, 26, 26, 25, 25, 26, 26, 25] / writers=[26]
OOO / Test #133 / 1439449711583 / readers=[21, 21, 22, 21, 21, 21, 21, 21, 21, 22] / writers=[22]
OOO / Test #73 / 1439449711583 / readers=[21, 21, 21, 21, 21, 21, 22, 22, 22, 22] / writers=[22]
OOO / Test #155 / 1439449711579 / readers=[21, 21, 20, 20, 20, 20, 20, 20, 21, 21] / writers=[21]
OOO / Test #38 / 1439449711579 / readers=[26, 26, 26, 26, 26, 25, 26, 25, 26, 25] / writers=[26]
OOO / Test #42 / 1439449711579 / readers=[25, 25, 25, 25, 25, 25, 25, 25, 24, 24] / writers=[25]
OOO / Test #73 / 1439449711658 / readers=[22, 22, 22, 22, 22, 22, 23, 23, 23, 22] / writers=[23]
OOO / Test #155 / 1439449711658 / readers=[22, 21, 21, 21, 21, 21, 21, 21, 22, 22] / writers=[22]
OOO / Test #41 / 1439449711579 / readers=[23, 23, 23, 23, 22, 23, 23, 23, 23, 23] / writers=[23]
OOO / Test #57 / 1439449711579 / readers=[26, 26, 26, 26, 26, 26, 26, 25, 25, 25] / writers=[26]
OOO / Test #73 / 1439449711658 / readers=[23, 23, 23, 23, 23, 23, 24, 24, 23, 23] / writers=[24]
OOO / Test #58 / 1439449711579 / readers=[25, 25, 26, 26, 25, 26, 26, 26, 25, 25] / writers=[26]
OOO / Test #45 / 1439449711579 / readers=[30, 30, 30, 30, 30, 29, 30, 30, 30, 30] / writers=[30]
OOO / Test #145 / 1439449711579 / readers=[20, 20, 20, 20, 20, 19, 19, 19, 20, 19] / writers=[20]
OOO / Test #33 / 1439449711579 / readers=[20, 20, 19, 19, 19, 19, 19, 19, 20, 19] / writers=[20]
OOO / Test #34 / 1439449711579 / readers=[21, 21, 21, 21, 21, 21, 21, 21, 21, 21] / writers=[22]
OOO / Test #157 / 1439449711576 / readers=[25, 25, 25, 25, 25, 25, 25, 25, 24, 25] / writers=[25]
OOO / Test #12 / 1439449711576 / readers=[47, 47, 47, 47, 47, 47, 47, 47, 46, 46] / writers=[47]
OOO / Test #33 / 1439449711661 / readers=[21, 20, 20, 20, 20, 20, 20, 20, 21, 20] / writers=[21]
OOO / Test #59 / 1439449711576 / readers=[22, 22, 22, 22, 22, 22, 22, 22, 21, 22] / writers=[22]
OOO / Test #46 / 1439449711575 / readers=[27, 27, 27, 27, 27, 27, 27, 28, 27, 28] / writers=[28]
OOO / Test #157 / 1439449711662 / readers=[26, 26, 26, 26, 26, 26, 26, 25, 25, 26] / writers=[26]
OOO / Test #154 / 1439449711575 / readers=[25, 25, 25, 25, 25, 25, 25, 25, 24, 24] / writers=[25]
OOO / Test #23 / 1439449711575 / readers=[28, 28, 28, 27, 28, 27, 27, 27, 27, 27] / writers=[28]
OOO / Test #26 / 1439449711575 / readers=[27, 27, 27, 27, 27, 27, 26, 27, 27, 27] / writers=[27]
OOO / Test #4 / 1439449711575 / readers=[50, 50, 50, 50, 50, 49, 49, 49, 49, 50] / writers=[50]
OOO / Test #35 / 1439449711575 / readers=[28, 27, 28, 28, 27, 27, 28, 28, 27, 27] / writers=[28]
OOO / Test #14 / 1439449711572 / readers=[52, 53, 53, 53, 53, 52, 52, 52, 53, 53] / writers=[53]
OOO / Test #39 / 1439449711572 / readers=[30, 29, 30, 30, 29, 30, 29, 29, 29, 30] / writers=[30]
OOO / Test #198 / 1439449711572 / readers=[21, 20, 21, 20, 20, 20, 21, 20, 20, 20] / writers=[21]
OOO / Test #147 / 1439449711572 / readers=[20, 19, 19, 20, 19, 19, 19, 20, 19, 19] / writers=[20]
OOO / Test #55 / 1439449711572 / readers=[25, 26, 26, 26, 26, 26, 26, 26, 25, 25] / writers=[26]
OOO / Test #51 / 1439449711572 / readers=[25, 25, 24, 24, 24, 25, 24, 24, 25, 25] / writers=[25]
OOO / Test #146 / 1439449711572 / readers=[21, 20, 20, 20, 21, 21, 20, 20, 20, 20] / writers=[21]
OOO / Test #167 / 1439449711568 / readers=[21, 21, 21, 21, 21, 21, 21, 21, 21, 21] / writers=[22]
OOO / Test #22 / 1439449711568 / readers=[27, 27, 28, 28, 28, 28, 27, 27, 27, 27] / writers=[28]
OOO / Test #55 / 1439449711669 / readers=[26, 27, 27, 27, 27, 27, 27, 26, 26, 26] / writers=[27]
OOO / Test #49 / 1439449711568 / readers=[28, 28, 28, 29, 28, 28, 28, 28, 28, 28] / writers=[29]
OOO / Test #146 / 1439449711669 / readers=[21, 21, 21, 21, 22, 22, 21, 21, 21, 21] / writers=[22]
OOO / Test #148 / 1439449711568 / readers=[19, 20, 19, 20, 19, 20, 19, 19, 19, 20] / writers=[20]
OOO / Test #36 / 1439449711568 / readers=[24, 24, 24, 24, 24, 24, 24, 24, 24, 25] / writers=[25]
OOO / Test #49 / 1439449711670 / readers=[29, 29, 29, 29, 29, 29, 29, 29, 29, 29] / writers=[30]
OOO / Test #61 / 1439449711568 / readers=[22, 23, 23, 23, 23, 23, 23, 23, 23, 23] / writers=[23]
OOO / Test #62 / 1439449711568 / readers=[23, 24, 24, 24, 24, 24, 24, 23, 24, 24] / writers=[24]
OOO / Test #64 / 1439449711568 / readers=[20, 19, 20, 19, 19, 19, 19, 19, 19, 19] / writers=[20]
OOO / Test #162 / 1439449711568 / readers=[19, 20, 20, 19, 19, 19, 19, 19, 19, 19] / writers=[20]
OOO / Test #61 / 1439449711672 / readers=[23, 24, 23, 24, 24, 24, 24, 24, 24, 24] / writers=[24]
OOO / Test #18 / 1439449711565 / readers=[32, 32, 33, 32, 32, 32, 32, 32, 32, 32] / writers=[33]
OOO / Test #44 / 1439449711565 / readers=[26, 26, 26, 26, 26, 26, 25, 25, 26, 26] / writers=[26]
OOO / Test #162 / 1439449711672 / readers=[20, 21, 20, 20, 20, 20, 20, 20, 20, 20] / writers=[21]
OOO / Test #28 / 1439449711565 / readers=[26, 27, 26, 27, 26, 26, 26, 27, 26, 27] / writers=[27]
OOO / Test #97 / 1439449711565 / readers=[21, 21, 21, 21, 21, 21, 21, 21, 21, 21] / writers=[22]
OOO / Test #164 / 1439449711564 / readers=[21, 21, 21, 21, 21, 21, 21, 21, 21, 21] / writers=[22]
OOO / Test #180 / 1439449711564 / readers=[20, 19, 19, 19, 19, 19, 19, 19, 19, 20] / writers=[20]
OOO / Test #40 / 1439449711564 / readers=[22, 22, 23, 22, 22, 22, 22, 23, 22, 22] / writers=[23]
OOO / Test #27 / 1439449711564 / readers=[22, 22, 22, 22, 22, 22, 22, 22, 23, 22] / writers=[23]
OOO / Test #43 / 1439449711561 / readers=[26, 27, 27, 27, 27, 27, 27, 27, 27, 27] / writers=[27]
OOO / Test #153 / 1439449711561 / readers=[24, 24, 24, 24, 24, 23, 24, 24, 24, 24] / writers=[24]
OOO / Test #31 / 1439449711561 / readers=[24, 24, 24, 24, 25, 24, 24, 24, 24, 25] / writers=[25]
OOO / Test #27 / 1439449711675 / readers=[23, 23, 23, 23, 23, 23, 23, 23, 23, 23] / writers=[24]
OOO / Test #30 / 1439449711561 / readers=[23, 23, 23, 23, 23, 23, 23, 23, 24, 24] / writers=[24]
OOO / Test #60 / 1439449711561 / readers=[22, 23, 23, 23, 23, 23, 23, 23, 23, 22] / writers=[23]
OOO / Test #15 / 1439449711561 / readers=[39, 39, 39, 40, 39, 39, 39, 39, 39, 39] / writers=[40]
OOO / Test #153 / 1439449711675 / readers=[24, 24, 24, 25, 25, 24, 25, 25, 25, 24] / writers=[25]
OOO / Test #95 / 1439449711560 / readers=[23, 24, 23, 23, 24, 24, 23, 23, 23, 23] / writers=[24]
OOO / Test #152 / 1439449711560 / readers=[19, 20, 19, 19, 19, 19, 19, 19, 19, 19] / writers=[20]
OOO / Test #54 / 1439449711560 / readers=[26, 26, 26, 26, 26, 26, 26, 26, 26, 26] / writers=[27]
OOO / Test #153 / 1439449711677 / readers=[25, 25, 25, 26, 26, 25, 26, 26, 25, 25] / writers=[26]
OOO / Test #20 / 1439449711560 / readers=[28, 28, 27, 28, 28, 27, 28, 27, 28, 28] / writers=[28]
OOO / Test #192 / 1439449711560 / readers=[27, 27, 27, 27, 27, 26, 26, 27, 26, 26] / writers=[27]
OOO / Test #100 / 1439449711557 / readers=[26, 26, 26, 26, 26, 26, 26, 25, 25, 25] / writers=[26]
OOO / Test #178 / 1439449711557 / readers=[22, 22, 22, 23, 23, 23, 23, 23, 23, 23] / writers=[23]
OOO / Test #153 / 1439449711678 / readers=[26, 26, 26, 27, 27, 26, 27, 26, 26, 26] / writers=[27]
OOO / Test #192 / 1439449711678 / readers=[28, 28, 28, 28, 27, 27, 27, 28, 27, 27] / writers=[28]
OOO / Test #160 / 1439449711557 / readers=[20, 20, 19, 19, 19, 19, 19, 19, 19, 19] / writers=[20]
OOO / Test #150 / 1439449711557 / readers=[22, 22, 23, 23, 23, 23, 23, 23, 23, 23] / writers=[23]
OOO / Test #161 / 1439449711557 / readers=[21, 20, 20, 20, 21, 21, 21, 21, 21, 21] / writers=[21]
OOO / Test #192 / 1439449711680 / readers=[29, 29, 29, 28, 28, 28, 28, 29, 28, 28] / writers=[29]
OOO / Test #182 / 1439449711557 / readers=[21, 21, 21, 21, 21, 21, 21, 21, 21, 21] / writers=[22]
OOO / Test #181 / 1439449711557 / readers=[20, 19, 19, 19, 19, 19, 20, 19, 19, 19] / writers=[20]
OOO / Test #192 / 1439449711681 / readers=[30, 30, 29, 29, 29, 29, 29, 30, 29, 29] / writers=[30]
OOO / Test #156 / 1439449711557 / readers=[18, 17, 18, 18, 18, 18, 17, 17, 17, 17] / writers=[18]
OOO / Test #190 / 1439449711554 / readers=[27, 28, 28, 28, 28, 28, 27, 27, 27, 27] / writers=[28]
OOO / Test #192 / 1439449711681 / readers=[30, 31, 30, 30, 30, 30, 30, 31, 30, 30] / writers=[31]
OOO / Test #163 / 1439449711554 / readers=[24, 24, 24, 24, 24, 24, 24, 24, 24, 23] / writers=[24]
OOO / Test #158 / 1439449711554 / readers=[22, 23, 23, 23, 23, 23, 23, 23, 23, 23] / writers=[23]
OOO / Test #166 / 1439449711554 / readers=[22, 21, 21, 22, 22, 22, 22, 22, 22, 22] / writers=[22]
OOO / Test #13 / 1439449711554 / readers=[46, 46, 46, 46, 46, 46, 46, 46, 46, 45] / writers=[46]
OOO / Test #163 / 1439449711683 / readers=[25, 25, 25, 25, 25, 25, 25, 25, 24, 24] / writers=[25]
OOO / Test #177 / 1439449711554 / readers=[20, 20, 20, 20, 20, 20, 20, 20, 20, 20] / writers=[21]
OOO / Test #176 / 1439449711554 / readers=[19, 19, 18, 18, 18, 18, 18, 18, 19, 18] / writers=[19]
OOO / Test #7 / 1439449711554 / readers=[31, 31, 31, 31, 31, 31, 31, 31, 31, 31] / writers=[32]
OOO / Test #168 / 1439449711554 / readers=[18, 19, 19, 18, 18, 18, 18, 18, 18, 18] / writers=[19]
OOO / Test #169 / 1439449711550 / readers=[20, 19, 19, 19, 19, 20, 19, 19, 19, 19] / writers=[20]
OOO / Test #173 / 1439449711550 / readers=[25, 25, 25, 25, 25, 25, 25, 25, 24, 24] / writers=[25]
OOO / Test #171 / 1439449711550 / readers=[18, 18, 18, 18, 18, 18, 18, 18, 18, 18] / writers=[19]
OOO / Test #200 / 1439449711550 / readers=[19, 19, 19, 18, 18, 18, 18, 18, 18, 18] / writers=[19]
OOO / Test #191 / 1439449711550 / readers=[18, 18, 18, 17, 18, 17, 17, 17, 17, 17] / writers=[18]
OOO / Test #197 / 1439449711550 / readers=[22, 21, 21, 21, 21, 21, 21, 21, 21, 21] / writers=[22]
OOO / Test #165 / 1439449711550 / readers=[16, 16, 16, 16, 16, 15, 15, 15, 15, 15] / writers=[16]
OOO / Test #200 / 1439449711686 / readers=[20, 20, 19, 19, 19, 19, 19, 19, 19, 19] / writers=[20]
OOO / Test #170 / 1439449711550 / readers=[18, 18, 18, 17, 17, 18, 17, 17, 17, 17] / writers=[18]
OOO / Test #174 / 1439449711550 / readers=[19, 19, 18, 18, 19, 18, 18, 18, 18, 18] / writers=[19]
OOO / Test #165 / 1439449711686 / readers=[17, 17, 17, 17, 16, 16, 16, 16, 16, 16] / writers=[17]
OOO / Test #200 / 1439449711686 / readers=[21, 20, 20, 20, 20, 20, 20, 20, 20, 20] / writers=[21]
OOO / Test #196 / 1439449711547 / readers=[22, 21, 21, 22, 22, 22, 22, 22, 22, 22] / writers=[22]
OOO / Test #194 / 1439449711547 / readers=[20, 20, 19, 19, 19, 19, 19, 19, 19, 19] / writers=[20]
OOO / Test #193 / 1439449711547 / readers=[17, 17, 17, 17, 17, 16, 16, 16, 16, 16] / writers=[17]
OOO / Test #187 / 1439449711547 / readers=[20, 20, 19, 19, 19, 19, 19, 19, 19, 19] / writers=[20]
OOO / Test #186 / 1439449711546 / readers=[21, 20, 20, 20, 20, 20, 20, 20, 20, 20] / writers=[21]
OOO / Test #184 / 1439449711546 / readers=[17, 17, 17, 17, 17, 16, 16, 16, 16, 16] / writers=[17]
OOO / Test #195 / 1439449711546 / readers=[20, 20, 19, 19, 19, 19, 19, 19, 19, 19] / writers=[20]
OOO / Test #185 / 1439449711546 / readers=[21, 20, 20, 20, 20, 20, 20, 20, 20, 20] / writers=[21]
OOO / Test #159 / 1439449711546 / readers=[24, 24, 23, 24, 24, 24, 23, 24, 24, 24] / writers=[24]
OOO / Test #199 / 1439449711543 / readers=[23, 23, 23, 23, 24, 24, 24, 23, 24, 23] / writers=[24]
OOO / Test #172 / 1439449711543 / readers=[20, 20, 19, 19, 19, 19, 19, 19, 19, 19] / writers=[20]
OOO / Test #183 / 1439449711543 / readers=[20, 20, 20, 20, 20, 20, 20, 20, 20, 20] / writers=[21]
OOO / Test #11 / 1439449711543 / readers=[47, 47, 48, 47, 48, 48, 48, 48, 47, 47] / writers=[48]
OOO / Test #188 / 1439449711543 / readers=[20, 20, 19, 19, 19, 19, 19, 19, 19, 19] / writers=[20]
OOO / Test #47 / 1439449711543 / readers=[22, 21, 21, 21, 21, 21, 22, 21, 21, 21] / writers=[22]
OOO / Test #50 / 1439449711543 / readers=[22, 22, 22, 22, 22, 22, 22, 22, 22, 22] / writers=[23]
OOO / Test #53 / 1439449711540 / readers=[15, 15, 15, 15, 14, 15, 15, 15, 15, 15] / writers=[15]
OOO / Test #11 / 1439449711691 / readers=[48, 48, 49, 48, 49, 49, 49, 48, 48, 48] / writers=[49]
OOO / Test #47 / 1439449711691 / readers=[22, 22, 22, 22, 22, 22, 23, 22, 22, 22] / writers=[23]
OOO / Test #3 / 1439449711540 / readers=[43, 43, 43, 44, 44, 44, 44, 44, 44, 44] / writers=[44]
OOO / Test #175 / 1439449711540 / readers=[16, 16, 16, 16, 16, 17, 16, 16, 16, 16] / writers=[17]
OOO / Test #2 / 1439449711540 / readers=[28, 27, 28, 28, 28, 28, 28, 27, 28, 27] / writers=[28]
OOO / Test #179 / 1439449711540 / readers=[21, 21, 20, 20, 20, 21, 21, 21, 21, 21] / writers=[21]
OOO / Test #189 / 1439449711540 / readers=[14, 14, 14, 14, 14, 14, 14, 14, 13, 13] / writers=[14]
OOO / Test #175 / 1439449711695 / readers=[17, 17, 17, 17, 17, 17, 17, 17, 17, 17] / writers=[18]
OOO / Test #3 / 1439449711691 / readers=[44, 44, 44, 44, 45, 45, 45, 45, 45, 45] / writers=[45]
OOO / Test #50 / 1439449711691 / readers=[25, 25, 25, 25, 25, 25, 25, 25, 25, 24] / writers=[25]
OOO / Test #47 / 1439449711691 / readers=[23, 23, 23, 23, 23, 23, 23, 23, 23, 23] / writers=[24]
OOO / Test #11 / 1439449711691 / readers=[49, 49, 50, 49, 50, 50, 49, 49, 49, 49] / writers=[50]
OOO / Test #53 / 1439449711691 / readers=[16, 15, 16, 16, 15, 16, 16, 16, 16, 16] / writers=[16]
OOO / Test #183 / 1439449711691 / readers=[22, 23, 23, 23, 23, 23, 23, 23, 23, 23] / writers=[23]
OOO / Test #188 / 1439449711691 / readers=[21, 20, 20, 20, 20, 20, 20, 20, 20, 20] / writers=[21]
OOO / Test #172 / 1439449711691 / readers=[21, 20, 20, 20, 20, 20, 20, 20, 20, 20] / writers=[21]
OOO / Test #199 / 1439449711689 / readers=[24, 24, 24, 24, 25, 25, 25, 24, 24, 24] / writers=[25]
OOO / Test #159 / 1439449711689 / readers=[25, 25, 24, 25, 25, 25, 24, 25, 25, 24] / writers=[25]
OOO / Test #195 / 1439449711689 / readers=[21, 20, 20, 20, 20, 20, 20, 20, 20, 20] / writers=[21]
OOO / Test #185 / 1439449711689 / readers=[21, 21, 21, 21, 21, 21, 21, 21, 21, 21] / writers=[22]
OOO / Test #184 / 1439449711689 / readers=[18, 18, 18, 18, 17, 17, 17, 17, 17, 17] / writers=[18]
OOO / Test #186 / 1439449711689 / readers=[21, 21, 21, 21, 21, 21, 21, 21, 21, 21] / writers=[22]
OOO / Test #187 / 1439449711689 / readers=[21, 20, 20, 20, 20, 20, 20, 20, 20, 20] / writers=[21]
OOO / Test #193 / 1439449711689 / readers=[18, 18, 18, 18, 17, 17, 17, 17, 17, 17] / writers=[18]
OOO / Test #194 / 1439449711689 / readers=[21, 20, 20, 20, 20, 20, 20, 20, 20, 20] / writers=[21]
OOO / Test #196 / 1439449711689 / readers=[22, 22, 22, 23, 23, 23, 23, 23, 23, 23] / writers=[23]
OOO / Test #200 / 1439449711689 / readers=[21, 21, 21, 21, 21, 21, 21, 21, 21, 21] / writers=[22]
OOO / Test #165 / 1439449711686 / readers=[18, 18, 18, 17, 17, 17, 17, 17, 17, 17] / writers=[18]
OOO / Test #174 / 1439449711686 / readers=[20, 20, 19, 19, 19, 19, 19, 19, 19, 19] / writers=[20]
OOO / Test #170 / 1439449711686 / readers=[19, 19, 19, 18, 18, 18, 18, 18, 18, 18] / writers=[19]
OOO / Test #171 / 1439449711686 / readers=[21, 21, 21, 20, 21, 21, 21, 21, 21, 21] / writers=[21]
OOO / Test #197 / 1439449711686 / readers=[22, 22, 22, 22, 22, 22, 22, 22, 22, 22] / writers=[23]
OOO / Test #191 / 1439449711686 / readers=[19, 19, 19, 18, 18, 18, 18, 18, 18, 18] / writers=[19]
OOO / Test #173 / 1439449711686 / readers=[26, 26, 26, 26, 26, 26, 26, 25, 25, 25] / writers=[26]
OOO / Test #7 / 1439449711683 / readers=[34, 34, 33, 34, 34, 34, 34, 34, 34, 34] / writers=[34]
OOO / Test #169 / 1439449711683 / readers=[20, 20, 20, 20, 20, 21, 20, 20, 20, 20] / writers=[21]
OOO / Test #168 / 1439449711683 / readers=[19, 20, 19, 19, 19, 19, 19, 19, 19, 19] / writers=[20]
OOO / Test #177 / 1439449711683 / readers=[22, 23, 23, 23, 23, 23, 23, 23, 23, 23] / writers=[23]
OOO / Test #176 / 1439449711683 / readers=[20, 19, 19, 19, 19, 19, 19, 19, 20, 19] / writers=[20]
OOO / Test #13 / 1439449711683 / readers=[47, 47, 47, 47, 47, 47, 47, 46, 47, 46] / writers=[47]
OOO / Test #163 / 1439449711683 / readers=[26, 26, 26, 26, 26, 26, 26, 25, 25, 25] / writers=[26]
OOO / Test #166 / 1439449711683 / readers=[22, 22, 22, 23, 23, 23, 23, 23, 23, 23] / writers=[23]
OOO / Test #176 / 1439449711706 / readers=[20, 20, 20, 20, 20, 20, 20, 20, 21, 20] / writers=[21]
OOO / Test #13 / 1439449711706 / readers=[48, 48, 48, 48, 48, 48, 48, 47, 47, 47] / writers=[48]
OOO / Test #158 / 1439449711683 / readers=[23, 24, 24, 24, 24, 24, 24, 24, 24, 23] / writers=[24]
OOO / Test #192 / 1439449711683 / readers=[31, 32, 31, 31, 31, 31, 31, 31, 31, 31] / writers=[32]
OOO / Test #190 / 1439449711681 / readers=[28, 29, 29, 29, 29, 28, 28, 28, 28, 28] / writers=[29]
OOO / Test #156 / 1439449711681 / readers=[19, 18, 19, 19, 19, 18, 18, 18, 18, 18] / writers=[19]
OOO / Test #182 / 1439449711681 / readers=[24, 24, 24, 24, 24, 24, 24, 24, 24, 23] / writers=[24]
OOO / Test #192 / 1439449711709 / readers=[32, 32, 32, 32, 32, 32, 32, 32, 32, 32] / writers=[33]
OOO / Test #181 / 1439449711681 / readers=[20, 20, 20, 20, 20, 20, 21, 20, 20, 20] / writers=[21]
OOO / Test #150 / 1439449711680 / readers=[23, 23, 24, 24, 24, 24, 24, 24, 24, 23] / writers=[24]
OOO / Test #161 / 1439449711681 / readers=[21, 21, 21, 21, 22, 22, 22, 22, 22, 22] / writers=[22]
OOO / Test #192 / 1439449711709 / readers=[35, 35, 35, 35, 35, 35, 35, 35, 34, 35] / writers=[35]
OOO / Test #160 / 1439449711680 / readers=[21, 20, 20, 20, 20, 20, 20, 20, 20, 20] / writers=[21]
OOO / Test #161 / 1439449711709 / readers=[22, 22, 22, 22, 23, 23, 22, 23, 23, 23] / writers=[23]
OOO / Test #153 / 1439449711678 / readers=[27, 27, 27, 28, 28, 27, 27, 27, 27, 27] / writers=[28]
OOO / Test #54 / 1439449711678 / readers=[30, 30, 30, 30, 30, 30, 30, 30, 29, 30] / writers=[30]
OOO / Test #178 / 1439449711678 / readers=[23, 23, 23, 24, 24, 24, 23, 24, 24, 24] / writers=[24]
OOO / Test #54 / 1439449711713 / readers=[31, 31, 31, 31, 31, 31, 31, 31, 30, 30] / writers=[31]
OOO / Test #100 / 1439449711678 / readers=[27, 27, 27, 27, 26, 27, 27, 26, 26, 26] / writers=[27]
OOO / Test #20 / 1439449711678 / readers=[29, 29, 28, 29, 29, 28, 28, 28, 29, 29] / writers=[29]
OOO / Test #54 / 1439449711713 / readers=[32, 32, 32, 31, 32, 32, 32, 32, 31, 31] / writers=[32]
OOO / Test #152 / 1439449711678 / readers=[20, 20, 20, 20, 20, 20, 20, 20, 20, 20] / writers=[21]
OOO / Test #95 / 1439449711677 / readers=[24, 25, 24, 24, 24, 25, 24, 24, 24, 24] / writers=[25]
OOO / Test #15 / 1439449711675 / readers=[40, 40, 40, 40, 40, 40, 40, 40, 40, 40] / writers=[41]
OOO / Test #60 / 1439449711675 / readers=[23, 23, 24, 24, 24, 24, 24, 24, 24, 23] / writers=[24]
OOO / Test #27 / 1439449711675 / readers=[26, 26, 26, 26, 26, 26, 26, 25, 26, 26] / writers=[26]
OOO / Test #30 / 1439449711675 / readers=[24, 24, 24, 24, 24, 24, 24, 24, 24, 25] / writers=[25]
OOO / Test #31 / 1439449711675 / readers=[25, 25, 25, 25, 25, 25, 25, 25, 25, 26] / writers=[26]
OOO / Test #43 / 1439449711675 / readers=[27, 28, 28, 28, 28, 28, 28, 28, 28, 27] / writers=[28]
OOO / Test #15 / 1439449711716 / readers=[43, 43, 42, 43, 43, 43, 43, 43, 43, 43] / writers=[43]
OOO / Test #27 / 1439449711716 / readers=[27, 27, 27, 27, 27, 27, 26, 26, 27, 27] / writers=[27]
OOO / Test #180 / 1439449711675 / readers=[20, 20, 20, 20, 20, 20, 20, 20, 20, 21] / writers=[21]
OOO / Test #43 / 1439449711716 / readers=[28, 29, 29, 29, 29, 29, 29, 28, 29, 28] / writers=[29]
OOO / Test #40 / 1439449711675 / readers=[23, 23, 24, 23, 23, 23, 23, 23, 23, 23] / writers=[24]
OOO / Test #180 / 1439449711716 / readers=[21, 21, 21, 21, 21, 21, 21, 21, 21, 21] / writers=[22]
OOO / Test #164 / 1439449711675 / readers=[24, 24, 24, 24, 24, 24, 24, 24, 23, 24] / writers=[24]
OOO / Test #97 / 1439449711672 / readers=[24, 24, 24, 24, 24, 24, 24, 23, 24, 24] / writers=[24]
OOO / Test #28 / 1439449711672 / readers=[27, 28, 27, 28, 27, 27, 27, 27, 27, 28] / writers=[28]
OOO / Test #162 / 1439449711672 / readers=[21, 21, 21, 21, 21, 21, 21, 21, 21, 21] / writers=[22]
OOO / Test #44 / 1439449711672 / readers=[27, 27, 27, 27, 27, 27, 26, 26, 27, 26] / writers=[27]
OOO / Test #97 / 1439449711719 / readers=[25, 24, 25, 25, 25, 25, 25, 24, 25, 25] / writers=[25]
OOO / Test #28 / 1439449711719 / readers=[28, 28, 28, 29, 28, 28, 28, 28, 28, 29] / writers=[29]
OOO / Test #18 / 1439449711672 / readers=[33, 33, 33, 33, 33, 33, 33, 33, 33, 33] / writers=[34]
OOO / Test #61 / 1439449711672 / readers=[24, 24, 24, 25, 25, 25, 25, 25, 25, 25] / writers=[25]
OOO / Test #64 / 1439449711672 / readers=[21, 20, 20, 20, 20, 20, 20, 20, 20, 20] / writers=[21]
OOO / Test #62 / 1439449711672 / readers=[24, 24, 25, 25, 25, 25, 25, 24, 25, 25] / writers=[25]
OOO / Test #49 / 1439449711670 / readers=[32, 32, 31, 32, 32, 32, 32, 32, 32, 32] / writers=[32]
OOO / Test #148 / 1439449711670 / readers=[20, 20, 20, 21, 20, 21, 20, 20, 20, 21] / writers=[21]
OOO / Test #36 / 1439449711670 / readers=[25, 25, 25, 25, 25, 25, 25, 25, 25, 25] / writers=[26]
OOO / Test #167 / 1439449711670 / readers=[24, 24, 24, 24, 24, 24, 24, 24, 24, 23] / writers=[24]
OOO / Test #146 / 1439449711670 / readers=[22, 22, 22, 22, 23, 22, 22, 22, 22, 22] / writers=[23]
OOO / Test #55 / 1439449711670 / readers=[27, 28, 28, 28, 28, 28, 27, 27, 27, 27] / writers=[28]
OOO / Test #22 / 1439449711669 / readers=[28, 28, 29, 28, 29, 29, 28, 28, 28, 28] / writers=[29]
OOO / Test #36 / 1439449711722 / readers=[28, 28, 28, 27, 28, 28, 28, 28, 28, 28] / writers=[28]
OOO / Test #51 / 1439449711669 / readers=[26, 26, 25, 25, 25, 26, 25, 25, 25, 26] / writers=[26]
OOO / Test #147 / 1439449711666 / readers=[20, 20, 20, 21, 20, 20, 20, 21, 20, 20] / writers=[21]
OOO / Test #39 / 1439449711666 / readers=[31, 30, 31, 31, 30, 30, 30, 30, 30, 31] / writers=[31]
OOO / Test #198 / 1439449711666 / readers=[21, 21, 22, 21, 21, 21, 22, 21, 21, 21] / writers=[22]
OOO / Test #14 / 1439449711666 / readers=[53, 54, 54, 54, 53, 53, 53, 53, 54, 54] / writers=[54]
OOO / Test #35 / 1439449711666 / readers=[29, 28, 28, 29, 28, 28, 29, 29, 28, 28] / writers=[29]
OOO / Test #4 / 1439449711666 / readers=[51, 51, 51, 51, 50, 50, 50, 50, 50, 51] / writers=[51]
OOO / Test #23 / 1439449711666 / readers=[29, 29, 29, 28, 28, 28, 28, 28, 28, 28] / writers=[29]
OOO / Test #26 / 1439449711666 / readers=[28, 28, 28, 28, 28, 28, 27, 27, 28, 28] / writers=[28]
OOO / Test #154 / 1439449711665 / readers=[26, 26, 26, 26, 26, 26, 26, 25, 25, 25] / writers=[26]
OOO / Test #157 / 1439449711665 / readers=[27, 27, 27, 27, 27, 27, 26, 26, 26, 27] / writers=[27]
OOO / Test #46 / 1439449711662 / readers=[28, 28, 28, 28, 28, 28, 28, 28, 28, 29] / writers=[29]
OOO / Test #59 / 1439449711662 / readers=[23, 23, 23, 23, 23, 23, 23, 22, 22, 23] / writers=[23]
OOO / Test #33 / 1439449711662 / readers=[21, 21, 21, 21, 21, 21, 21, 21, 22, 21] / writers=[22]
OOO / Test #12 / 1439449711662 / readers=[48, 48, 48, 48, 48, 48, 48, 47, 47, 47] / writers=[48]
OOO / Test #34 / 1439449711662 / readers=[24, 24, 24, 24, 24, 24, 24, 24, 24, 23] / writers=[24]
OOO / Test #145 / 1439449711661 / readers=[21, 21, 20, 21, 21, 20, 20, 20, 21, 20] / writers=[21]
OOO / Test #58 / 1439449711661 / readers=[26, 26, 27, 27, 26, 27, 26, 27, 26, 26] / writers=[27]
OOO / Test #12 / 1439449711727 / readers=[49, 49, 49, 49, 49, 49, 48, 48, 48, 48] / writers=[49]
OOO / Test #34 / 1439449711727 / readers=[25, 25, 25, 25, 25, 25, 25, 24, 25, 24] / writers=[25]
OOO / Test #45 / 1439449711661 / readers=[31, 31, 31, 31, 31, 30, 31, 31, 31, 30] / writers=[31]
OOO / Test #57 / 1439449711658 / readers=[27, 27, 26, 27, 27, 27, 27, 26, 26, 26] / writers=[27]
OOO / Test #73 / 1439449711658 / readers=[24, 24, 24, 24, 24, 24, 25, 24, 24, 24] / writers=[25]
OOO / Test #41 / 1439449711658 / readers=[23, 24, 24, 24, 23, 24, 24, 24, 24, 24] / writers=[24]
OOO / Test #155 / 1439449711658 / readers=[22, 22, 22, 22, 22, 22, 22, 22, 23, 23] / writers=[23]
OOO / Test #57 / 1439449711730 / readers=[28, 27, 27, 28, 28, 28, 28, 27, 27, 27] / writers=[28]
OOO / Test #73 / 1439449711730 / readers=[25, 25, 25, 25, 25, 25, 25, 25, 25, 25] / writers=[26]
OOO / Test #42 / 1439449711658 / readers=[26, 26, 26, 26, 26, 26, 26, 25, 25, 25] / writers=[26]
OOO / Test #38 / 1439449711658 / readers=[27, 27, 27, 27, 27, 26, 27, 26, 26, 26] / writers=[27]
OOO / Test #133 / 1439449711658 / readers=[22, 22, 22, 22, 22, 22, 22, 22, 22, 23] / writers=[23]
OOO / Test #32 / 1439449711658 / readers=[27, 26, 27, 26, 27, 26, 26, 27, 27, 26] / writers=[27]
OOO / Test #42 / 1439449711730 / readers=[27, 27, 27, 27, 27, 27, 26, 26, 26, 26] / writers=[27]
OOO / Test #38 / 1439449711730 / readers=[28, 28, 28, 28, 28, 27, 27, 27, 27, 27] / writers=[28]
OOO / Test #52 / 1439449711655 / readers=[29, 29, 29, 29, 28, 28, 28, 28, 28, 28] / writers=[29]
OOO / Test #19 / 1439449711655 / readers=[32, 32, 32, 33, 33, 33, 33, 33, 32, 32] / writers=[33]
OOO / Test #16 / 1439449711655 / readers=[41, 41, 41, 40, 40, 40, 40, 40, 40, 40] / writers=[41]
OOO / Test #21 / 1439449711655 / readers=[44, 44, 44, 44, 44, 44, 44, 44, 44, 44] / writers=[45]
OOO / Test #52 / 1439449711734 / readers=[30, 30, 30, 29, 29, 29, 29, 29, 29, 29] / writers=[30]
OOO / Test #24 / 1439449711655 / readers=[31, 30, 30, 30, 30, 31, 30, 31, 31, 30] / writers=[31]
OOO / Test #16 / 1439449711734 / readers=[42, 42, 41, 41, 41, 41, 41, 41, 41, 41] / writers=[42]
OOO / Test #149 / 1439449711655 / readers=[21, 20, 20, 21, 20, 20, 20, 20, 20, 20] / writers=[21]
OOO / Test #109 / 1439449711655 / readers=[27, 27, 27, 27, 27, 27, 26, 26, 26, 26] / writers=[27]
OOO / Test #17 / 1439449711655 / readers=[36, 36, 36, 36, 36, 36, 36, 36, 36, 36] / writers=[37]
OOO / Test #56 / 1439449711655 / readers=[33, 33, 33, 34, 33, 33, 33, 33, 33, 33] / writers=[34]
OOO / Test #37 / 1439449711655 / readers=[27, 27, 27, 27, 27, 26, 27, 27, 26, 26] / writers=[27]
OOO / Test #6 / 1439449711651 / readers=[54, 54, 54, 54, 54, 54, 54, 54, 54, 54] / writers=[55]
OOO / Test #139 / 1439449711651 / readers=[20, 20, 20, 21, 20, 20, 20, 20, 20, 20] / writers=[21]
OOO / Test #84 / 1439449711651 / readers=[22, 21, 21, 21, 21, 21, 21, 21, 21, 21] / writers=[22]
OOO / Test #48 / 1439449711651 / readers=[25, 25, 25, 25, 25, 25, 25, 25, 24, 24] / writers=[25]
OOO / Test #101 / 1439449711651 / readers=[21, 20, 21, 21, 21, 21, 21, 21, 21, 21] / writers=[21]
OOO / Test #139 / 1439449711737 / readers=[21, 21, 21, 21, 21, 21, 21, 21, 21, 21] / writers=[22]
OOO / Test #80 / 1439449711651 / readers=[21, 20, 20, 20, 20, 20, 20, 20, 20, 20] / writers=[21]
OOO / Test #122 / 1439449711651 / readers=[25, 25, 25, 25, 25, 25, 25, 25, 24, 24] / writers=[25]
OOO / Test #127 / 1439449711651 / readers=[22, 22, 22, 22, 22, 22, 22, 22, 22, 22] / writers=[23]
OOO / Test #65 / 1439449711651 / readers=[27, 27, 27, 27, 27, 27, 26, 26, 26, 26] / writers=[27]
OOO / Test #10 / 1439449711649 / readers=[32, 32, 32, 32, 32, 32, 32, 32, 32, 32] / writers=[33]
OOO / Test #137 / 1439449711649 / readers=[20, 21, 20, 20, 20, 20, 20, 20, 20, 20] / writers=[21]
OOO / Test #90 / 1439449711649 / readers=[21, 21, 21, 21, 21, 21, 21, 21, 21, 21] / writers=[22]
OOO / Test #144 / 1439449711649 / readers=[20, 20, 19, 19, 19, 19, 19, 19, 19, 19] / writers=[20]
OOO / Test #127 / 1439449711740 / readers=[25, 25, 25, 25, 25, 25, 25, 25, 25, 24] / writers=[25]
OOO / Test #75 / 1439449711649 / readers=[21, 20, 20, 20, 20, 20, 20, 20, 20, 20] / writers=[21]
OOO / Test #151 / 1439449711649 / readers=[21, 21, 21, 21, 21, 21, 21, 21, 21, 21] / writers=[22]
OOO / Test #144 / 1439449711740 / readers=[21, 20, 20, 20, 20, 20, 20, 20, 20, 20] / writers=[21]
OOO / Test #8 / 1439449711649 / readers=[48, 47, 47, 48, 48, 48, 47, 47, 48, 47] / writers=[48]
OOO / Test #9 / 1439449711649 / readers=[47, 47, 48, 48, 48, 48, 48, 48, 47, 47] / writers=[48]
OOO / Test #114 / 1439449711645 / readers=[24, 24, 24, 24, 24, 24, 24, 24, 24, 23] / writers=[24]
OOO / Test #66 / 1439449711645 / readers=[20, 20, 19, 19, 19, 19, 19, 19, 19, 19] / writers=[20]
OOO / Test #8 / 1439449711743 / readers=[49, 48, 48, 49, 49, 48, 48, 48, 49, 48] / writers=[49]
OOO / Test #9 / 1439449711743 / readers=[48, 48, 48, 49, 49, 49, 49, 49, 48, 48] / writers=[49]
OOO / Test #114 / 1439449711743 / readers=[25, 25, 25, 25, 25, 25, 25, 25, 24, 24] / writers=[25]
OOO / Test #128 / 1439449711645 / readers=[21, 21, 21, 21, 21, 21, 21, 21, 21, 21] / writers=[22]
OOO / Test #8 / 1439449711743 / readers=[49, 49, 49, 50, 50, 49, 49, 49, 50, 49] / writers=[50]
OOO / Test #118 / 1439449711645 / readers=[20, 19, 20, 19, 20, 19, 19, 19, 19, 19] / writers=[20]
OOO / Test #114 / 1439449711743 / readers=[26, 26, 26, 26, 26, 26, 26, 25, 25, 25] / writers=[26]
OOO / Test #124 / 1439449711645 / readers=[24, 24, 24, 24, 24, 24, 24, 24, 24, 23] / writers=[24]
OOO / Test #116 / 1439449711645 / readers=[23, 24, 23, 24, 24, 24, 24, 24, 24, 23] / writers=[24]
OOO / Test #85 / 1439449711645 / readers=[24, 24, 24, 24, 24, 24, 24, 24, 24, 23] / writers=[24]
OOO / Test #29 / 1439449711645 / readers=[30, 30, 30, 30, 30, 30, 30, 30, 30, 30] / writers=[31]
OOO / Test #114 / 1439449711746 / readers=[27, 27, 27, 27, 27, 27, 26, 26, 26, 26] / writers=[27]
OOO / Test #91 / 1439449711645 / readers=[20, 19, 19, 19, 20, 19, 19, 19, 19, 19] / writers=[20]
OOO / Test #116 / 1439449711746 / readers=[24, 25, 24, 25, 25, 25, 25, 25, 24, 24] / writers=[25]
OOO / Test #63 / 1439449711645 / readers=[19, 19, 19, 18, 18, 18, 18, 18, 18, 18] / writers=[19]
OOO / Test #93 / 1439449711642 / readers=[21, 21, 21, 22, 21, 21, 21, 21, 21, 21] / writers=[22]
OOO / Test #78 / 1439449711642 / readers=[25, 25, 25, 25, 25, 25, 25, 24, 25, 24] / writers=[25]
OOO / Test #125 / 1439449711642 / readers=[21, 21, 21, 21, 21, 21, 21, 21, 21, 21] / writers=[22]
OOO / Test #141 / 1439449711642 / readers=[29, 29, 29, 28, 29, 28, 28, 28, 28, 28] / writers=[29]
OOO / Test #77 / 1439449711642 / readers=[27, 27, 27, 27, 27, 27, 26, 26, 26, 26] / writers=[27]
OOO / Test #86 / 1439449711642 / readers=[21, 20, 20, 20, 20, 20, 20, 20, 20, 20] / writers=[21]
OOO / Test #71 / 1439449711642 / readers=[24, 24, 25, 25, 25, 25, 25, 25, 24, 24] / writers=[25]
OOO / Test #68 / 1439449711642 / readers=[21, 21, 21, 21, 21, 21, 21, 21, 21, 21] / writers=[22]
OOO / Test #96 / 1439449711639 / readers=[21, 21, 21, 21, 21, 21, 21, 21, 21, 21] / writers=[22]
OOO / Test #130 / 1439449711639 / readers=[25, 25, 25, 25, 25, 25, 25, 25, 24, 24] / writers=[25]
OOO / Test #76 / 1439449711639 / readers=[29, 29, 29, 29, 28, 28, 28, 28, 28, 28] / writers=[29]
OOO / Test #87 / 1439449711639 / readers=[19, 19, 20, 20, 19, 19, 19, 19, 19, 19] / writers=[20]
OOO / Test #88 / 1439449711639 / readers=[21, 21, 21, 21, 21, 21, 21, 21, 21, 21] / writers=[22]
OOO / Test #82 / 1439449711639 / readers=[20, 20, 19, 19, 19, 19, 19, 19, 20, 19] / writers=[20]
OOO / Test #106 / 1439449711636 / readers=[24, 24, 24, 24, 24, 24, 24, 24, 24, 23] / writers=[24]
OOO / Test #135 / 1439449711636 / readers=[22, 22, 22, 22, 22, 22, 22, 22, 22, 22] / writers=[23]
OOO / Test #117 / 1439449711635 / readers=[27, 27, 27, 27, 27, 27, 26, 26, 26, 26] / writers=[27]
OOO / Test #74 / 1439449711635 / readers=[21, 21, 21, 21, 21, 21, 22, 21, 22, 21] / writers=[22]
OOO / Test #113 / 1439449711635 / readers=[24, 24, 24, 24, 24, 24, 24, 24, 24, 23] / writers=[24]
OOO / Test #129 / 1439449711635 / readers=[22, 22, 22, 22, 22, 22, 22, 22, 22, 22] / writers=[23]
OOO / Test #92 / 1439449711632 / readers=[25, 25, 25, 25, 25, 25, 25, 25, 24, 25] / writers=[25]
OOO / Test #136 / 1439449711632 / readers=[22, 23, 23, 23, 23, 23, 23, 23, 23, 23] / writers=[23]
OOO / Test #81 / 1439449711632 / readers=[21, 21, 21, 21, 21, 21, 20, 21, 21, 21] / writers=[21]
OOO / Test #104 / 1439449711632 / readers=[24, 24, 24, 24, 24, 24, 24, 24, 24, 23] / writers=[24]
OOO / Test #67 / 1439449711632 / readers=[22, 22, 22, 22, 22, 22, 22, 22, 22, 22] / writers=[23]
OOO / Test #112 / 1439449711632 / readers=[24, 24, 24, 24, 24, 24, 24, 24, 24, 23] / writers=[24]
OOO / Test #132 / 1439449711632 / readers=[21, 21, 21, 21, 21, 21, 21, 21, 21, 21] / writers=[22]
OOO / Test #104 / 1439449711760 / readers=[25, 25, 25, 25, 25, 25, 25, 25, 24, 24] / writers=[25]
OOO / Test #134 / 1439449711632 / readers=[23, 23, 24, 24, 24, 24, 24, 24, 24, 23] / writers=[24]
OOO / Test #102 / 1439449711632 / readers=[20, 21, 20, 20, 20, 20, 20, 20, 20, 20] / writers=[21]
OOO / Test #69 / 1439449711629 / readers=[23, 23, 23, 23, 24, 24, 24, 23, 24, 24] / writers=[24]
OOO / Test #79 / 1439449711629 / readers=[19, 18, 18, 19, 19, 18, 18, 18, 18, 18] / writers=[19]
OOO / Test #134 / 1439449711760 / readers=[24, 24, 25, 25, 24, 25, 25, 25, 25, 24] / writers=[25]
OOO / Test #108 / 1439449711629 / readers=[25, 25, 25, 25, 25, 25, 25, 25, 24, 24] / writers=[25]
OOO / Test #119 / 1439449711629 / readers=[20, 21, 21, 20, 20, 20, 20, 20, 21, 21] / writers=[21]
OOO / Test #115 / 1439449711629 / readers=[20, 20, 19, 19, 19, 19, 19, 19, 19, 19] / writers=[20]
OOO / Test #143 / 1439449711629 / readers=[18, 19, 19, 18, 19, 18, 18, 18, 18, 18] / writers=[19]
OOO / Test #108 / 1439449711763 / readers=[26, 26, 26, 26, 26, 26, 26, 25, 25, 25] / writers=[26]
OOO / Test #123 / 1439449711629 / readers=[19, 19, 19, 18, 18, 18, 18, 18, 18, 18] / writers=[19]
OOO / Test #105 / 1439449711629 / readers=[20, 20, 19, 19, 19, 19, 19, 19, 19, 19] / writers=[20]
OOO / Test #121 / 1439449711629 / readers=[24, 24, 25, 25, 25, 25, 25, 25, 25, 24] / writers=[25]
OOO / Test #108 / 1439449711763 / readers=[27, 27, 27, 27, 27, 27, 26, 26, 26, 26] / writers=[27]
OOO / Test #123 / 1439449711763 / readers=[20, 20, 19, 19, 19, 19, 19, 19, 19, 19] / writers=[20]
OOO / Test #111 / 1439449711628 / readers=[26, 27, 27, 27, 27, 27, 26, 26, 26, 26] / writers=[27]
OOO / Test #99 / 1439449711626 / readers=[20, 20, 19, 19, 19, 19, 19, 19, 19, 19] / writers=[20]
OOO / Test #89 / 1439449711626 / readers=[26, 26, 26, 26, 26, 26, 26, 25, 25, 25] / writers=[26]
OOO / Test #140 / 1439449711626 / readers=[24, 25, 25, 25, 25, 24, 25, 25, 25, 24] / writers=[25]
OOO / Test #111 / 1439449711765 / readers=[27, 28, 28, 28, 28, 27, 27, 27, 27, 27] / writers=[28]
OOO / Test #120 / 1439449711625 / readers=[27, 27, 27, 27, 26, 27, 27, 26, 26, 26] / writers=[27]
OOO / Test #83 / 1439449711625 / readers=[24, 24, 24, 24, 24, 24, 23, 24, 24, 24] / writers=[24]
OOO / Test #140 / 1439449711765 / readers=[25, 26, 26, 26, 26, 25, 26, 26, 25, 25] / writers=[26]
OOO / Test #70 / 1439449711625 / readers=[21, 20, 20, 20, 20, 20, 20, 20, 20, 20] / writers=[21]
OOO / Test #110 / 1439449711625 / readers=[23, 22, 22, 22, 22, 22, 22, 22, 22, 22] / writers=[23]
OOO / Test #138 / 1439449711622 / readers=[21, 21, 21, 21, 21, 21, 21, 21, 21, 21] / writers=[22]
OOO / Test #107 / 1439449711622 / readers=[22, 22, 22, 22, 22, 22, 22, 22, 22, 22] / writers=[23]
OOO / Test #142 / 1439449711622 / readers=[23, 24, 24, 24, 24, 24, 24, 24, 24, 23] / writers=[24]
OOO / Test #126 / 1439449711622 / readers=[26, 26, 26, 26, 26, 26, 26, 25, 25, 26] / writers=[26]
OOO / Test #72 / 1439449711622 / readers=[22, 22, 22, 22, 22, 22, 22, 22, 22, 22] / writers=[23]
OOO / Test #94 / 1439449711622 / readers=[22, 21, 22, 22, 22, 22, 22, 22, 21, 22] / writers=[22]
OOO / Test #103 / 1439449711622 / readers=[30, 30, 30, 29, 29, 29, 29, 29, 29, 29] / writers=[30]
OOO / Test #1 / 1439449711620 / readers=[25, 25, 25, 25, 25, 25, 25, 24, 25, 25] / writers=[25]
OOO / Test #25 / 1439449711620 / readers=[35, 35, 35, 34, 35, 35, 35, 35, 35, 35] / writers=[35]
OOO / Test #131 / 1439449711620 / readers=[20, 20, 21, 21, 20, 20, 20, 20, 20, 20] / writers=[21]
OOO / Test #5 / 1439449711620 / readers=[47, 47, 47, 47, 47, 47, 47, 47, 46, 47] / writers=[47]
OOO / Test #103 / 1439449711769 / readers=[31, 31, 30, 30, 30, 30, 30, 30, 30, 30] / writers=[31]
OOO / Test #98 / 1439449711619 / readers=[20, 20, 20, 20, 20, 20, 20, 20, 20, 20] / writers=[21]
OOO / Test #103 / 1439449711772 / readers=[32, 31, 31, 31, 31, 31, 31, 31, 31, 31] / writers=[32]
OOO / Test #5 / 1439449711769 / readers=[48, 48, 48, 48, 48, 48, 48, 47, 47, 48] / writers=[48]
OOO / Test #131 / 1439449711769 / readers=[21, 21, 22, 21, 21, 21, 21, 21, 21, 21] / writers=[22]
OOO / Test #25 / 1439449711769 / readers=[36, 35, 36, 35, 36, 36, 36, 36, 36, 36] / writers=[36]
OOO / Test #1 / 1439449711769 / readers=[26, 26, 26, 26, 26, 26, 26, 25, 25, 26] / writers=[26]
OOO / Test #72 / 1439449711769 / readers=[25, 25, 25, 25, 25, 25, 25, 25, 25, 24] / writers=[25]
OOO / Test #107 / 1439449711769 / readers=[26, 26, 26, 26, 26, 26, 26, 25, 26, 26] / writers=[26]
OOO / Test #94 / 1439449711769 / readers=[22, 22, 23, 23, 23, 23, 23, 23, 22, 23] / writers=[23]
OOO / Test #126 / 1439449711769 / readers=[27, 27, 27, 27, 27, 27, 26, 26, 26, 27] / writers=[27]
OOO / Test #72 / 1439449711772 / readers=[26, 26, 26, 26, 26, 26, 26, 25, 26, 25] / writers=[26]
OOO / Test #142 / 1439449711769 / readers=[24, 25, 25, 25, 25, 25, 25, 25, 24, 24] / writers=[25]
OOO / Test #138 / 1439449711766 / readers=[24, 24, 24, 24, 24, 24, 24, 24, 23, 24] / writers=[24]
OOO / Test #110 / 1439449711766 / readers=[23, 23, 23, 23, 23, 23, 23, 23, 23, 23] / writers=[24]
OOO / Test #70 / 1439449711766 / readers=[21, 21, 21, 21, 21, 21, 21, 21, 21, 21] / writers=[22]
OOO / Test #72 / 1439449711775 / readers=[27, 27, 27, 27, 27, 27, 27, 26, 26, 26] / writers=[27]
OOO / Test #83 / 1439449711766 / readers=[25, 25, 25, 25, 25, 25, 24, 25, 25, 24] / writers=[25]
OOO / Test #140 / 1439449711766 / readers=[26, 27, 27, 27, 27, 26, 26, 27, 26, 26] / writers=[27]
OOO / Test #72 / 1439449711775 / readers=[28, 27, 28, 28, 28, 28, 28, 27, 27, 27] / writers=[28]
OOO / Test #120 / 1439449711766 / readers=[27, 28, 28, 28, 27, 28, 28, 27, 27, 27] / writers=[28]
OOO / Test #83 / 1439449711775 / readers=[26, 26, 26, 26, 26, 26, 25, 26, 25, 25] / writers=[26]
OOO / Test #111 / 1439449711765 / readers=[28, 29, 29, 29, 28, 28, 28, 28, 28, 28] / writers=[29]
OOO / Test #89 / 1439449711765 / readers=[27, 27, 27, 27, 27, 27, 26, 26, 26, 26] / writers=[27]
OOO / Test #99 / 1439449711765 / readers=[21, 20, 20, 20, 20, 20, 20, 20, 20, 20] / writers=[21]
OOO / Test #121 / 1439449711763 / readers=[25, 25, 26, 26, 26, 26, 26, 26, 25, 25] / writers=[26]
OOO / Test #123 / 1439449711763 / readers=[21, 20, 20, 20, 20, 20, 20, 20, 20, 20] / writers=[21]
OOO / Test #108 / 1439449711763 / readers=[28, 28, 28, 28, 28, 27, 27, 27, 27, 27] / writers=[28]
OOO / Test #99 / 1439449711778 / readers=[21, 21, 21, 21, 21, 21, 21, 21, 21, 21] / writers=[22]
OOO / Test #89 / 1439449711778 / readers=[28, 28, 28, 28, 28, 27, 27, 27, 27, 27] / writers=[28]
OOO / Test #105 / 1439449711763 / readers=[21, 20, 20, 20, 20, 20, 20, 20, 20, 20] / writers=[21]
OOO / Test #143 / 1439449711763 / readers=[19, 20, 20, 19, 19, 19, 19, 19, 19, 19] / writers=[20]
OOO / Test #119 / 1439449711763 / readers=[21, 22, 21, 21, 21, 21, 21, 21, 22, 22] / writers=[22]
OOO / Test #115 / 1439449711763 / readers=[20, 21, 20, 20, 20, 20, 20, 20, 20, 20] / writers=[21]
OOO / Test #79 / 1439449711760 / readers=[20, 19, 19, 20, 19, 19, 19, 19, 19, 19] / writers=[20]
OOO / Test #134 / 1439449711760 / readers=[25, 25, 26, 26, 25, 26, 26, 25, 26, 25] / writers=[26]
OOO / Test #69 / 1439449711760 / readers=[24, 24, 24, 24, 25, 25, 25, 24, 25, 24] / writers=[25]
OOO / Test #102 / 1439449711760 / readers=[21, 21, 21, 21, 21, 21, 21, 21, 21, 21] / writers=[22]
OOO / Test #132 / 1439449711760 / readers=[24, 24, 24, 24, 24, 24, 24, 24, 24, 23] / writers=[24]
OOO / Test #67 / 1439449711760 / readers=[25, 25, 25, 25, 25, 25, 25, 25, 25, 24] / writers=[25]
OOO / Test #104 / 1439449711760 / readers=[26, 26, 26, 26, 26, 26, 26, 25, 25, 25] / writers=[26]
OOO / Test #112 / 1439449711760 / readers=[25, 25, 25, 25, 25, 25, 25, 25, 24, 24] / writers=[25]
OOO / Test #81 / 1439449711757 / readers=[22, 21, 22, 22, 22, 22, 21, 22, 22, 22] / writers=[22]
OOO / Test #136 / 1439449711757 / readers=[23, 24, 24, 24, 24, 24, 24, 24, 24, 23] / writers=[24]
OOO / Test #129 / 1439449711757 / readers=[25, 25, 25, 25, 25, 25, 25, 25, 25, 24] / writers=[25]
OOO / Test #92 / 1439449711757 / readers=[26, 26, 26, 26, 26, 26, 26, 25, 25, 26] / writers=[26]
OOO / Test #113 / 1439449711757 / readers=[25, 25, 25, 25, 25, 25, 25, 25, 24, 24] / writers=[25]
OOO / Test #74 / 1439449711757 / readers=[22, 22, 22, 22, 22, 22, 22, 22, 23, 22] / writers=[23]
OOO / Test #135 / 1439449711757 / readers=[25, 25, 25, 25, 25, 25, 25, 25, 25, 24] / writers=[25]
OOO / Test #92 / 1439449711786 / readers=[27, 26, 27, 27, 27, 27, 27, 26, 26, 27] / writers=[27]
OOO / Test #113 / 1439449711786 / readers=[26, 26, 26, 25, 26, 26, 26, 26, 25, 25] / writers=[26]
OOO / Test #117 / 1439449711757 / readers=[28, 28, 28, 28, 28, 27, 27, 27, 27, 27] / writers=[28]
OOO / Test #135 / 1439449711786 / readers=[26, 26, 26, 26, 26, 26, 26, 26, 25, 25] / writers=[26]
OOO / Test #82 / 1439449711757 / readers=[21, 20, 20, 20, 20, 20, 20, 20, 21, 20] / writers=[21]
OOO / Test #88 / 1439449711757 / readers=[24, 24, 24, 24, 24, 24, 24, 24, 24, 23] / writers=[24]
OOO / Test #106 / 1439449711757 / readers=[25, 24, 25, 25, 25, 25, 25, 25, 25, 24] / writers=[25]
OOO / Test #96 / 1439449711752 / readers=[24, 24, 24, 24, 24, 24, 24, 24, 24, 23] / writers=[24]
OOO / Test #135 / 1439449711789 / readers=[27, 27, 27, 27, 27, 27, 27, 26, 26, 26] / writers=[27]
OOO / Test #76 / 1439449711752 / readers=[30, 30, 30, 29, 29, 29, 29, 29, 29, 29] / writers=[30]
OOO / Test #87 / 1439449711752 / readers=[20, 20, 21, 20, 20, 20, 20, 20, 20, 20] / writers=[21]
OOO / Test #68 / 1439449711752 / readers=[23, 24, 24, 24, 24, 24, 24, 24, 24, 23] / writers=[24]
OOO / Test #86 / 1439449711752 / readers=[21, 21, 21, 21, 21, 21, 21, 21, 21, 21] / writers=[22]
OOO / Test #71 / 1439449711752 / readers=[25, 25, 26, 26, 26, 26, 26, 25, 25, 25] / writers=[26]
OOO / Test #130 / 1439449711752 / readers=[26, 26, 26, 25, 26, 26, 26, 26, 25, 25] / writers=[26]
OOO / Test #125 / 1439449711751 / readers=[24, 24, 24, 24, 24, 24, 24, 24, 24, 23] / writers=[24]
OOO / Test #77 / 1439449711751 / readers=[28, 28, 28, 28, 28, 27, 27, 27, 27, 27] / writers=[28]
OOO / Test #141 / 1439449711751 / readers=[30, 30, 29, 29, 30, 29, 29, 29, 29, 29] / writers=[30]
OOO / Test #78 / 1439449711747 / readers=[26, 26, 26, 26, 26, 26, 26, 25, 25, 25] / writers=[26]
OOO / Test #130 / 1439449711792 / readers=[27, 27, 27, 26, 27, 27, 27, 26, 26, 26] / writers=[27]
OOO / Test #93 / 1439449711747 / readers=[22, 22, 22, 22, 22, 22, 22, 22, 22, 22] / writers=[23]
OOO / Test #29 / 1439449711747 / readers=[32, 33, 33, 33, 33, 33, 33, 33, 33, 33] / writers=[33]
OOO / Test #116 / 1439449711747 / readers=[25, 26, 25, 26, 26, 26, 26, 25, 25, 25] / writers=[26]
OOO / Test #63 / 1439449711747 / readers=[20, 19, 20, 19, 19, 19, 19, 19, 19, 19] / writers=[20]
OOO / Test #91 / 1439449711746 / readers=[21, 20, 20, 20, 20, 20, 20, 20, 20, 20] / writers=[21]
OOO / Test #114 / 1439449711746 / readers=[28, 28, 28, 28, 28, 27, 27, 27, 27, 27] / writers=[28]
OOO / Test #85 / 1439449711746 / readers=[25, 25, 25, 25, 25, 25, 24, 25, 25, 24] / writers=[25]
OOO / Test #124 / 1439449711746 / readers=[25, 25, 25, 25, 25, 25, 25, 25, 24, 24] / writers=[25]
OOO / Test #91 / 1439449711795 / readers=[21, 21, 21, 21, 21, 21, 21, 21, 21, 21] / writers=[22]
OOO / Test #118 / 1439449711743 / readers=[21, 20, 20, 20, 21, 20, 20, 20, 20, 20] / writers=[21]
OOO / Test #114 / 1439449711795 / readers=[29, 29, 29, 29, 28, 28, 28, 28, 28, 28] / writers=[29]
OOO / Test #128 / 1439449711743 / readers=[24, 24, 24, 24, 24, 24, 24, 24, 24, 23] / writers=[24]
OOO / Test #8 / 1439449711743 / readers=[50, 50, 50, 50, 51, 50, 50, 50, 51, 50] / writers=[51]
OOO / Test #9 / 1439449711743 / readers=[49, 49, 49, 49, 50, 50, 50, 50, 49, 49] / writers=[50]
OOO / Test #114 / 1439449711795 / readers=[30, 29, 30, 30, 29, 29, 29, 29, 29, 29] / writers=[30]
OOO / Test #66 / 1439449711743 / readers=[21, 20, 20, 20, 20, 20, 20, 20, 20, 20] / writers=[21]
OOO / Test #151 / 1439449711740 / readers=[24, 24, 24, 24, 24, 24, 23, 24, 24, 24] / writers=[24]
OOO / Test #144 / 1439449711740 / readers=[21, 21, 21, 21, 21, 21, 21, 21, 21, 21] / writers=[22]
OOO / Test #75 / 1439449711740 / readers=[21, 21, 21, 21, 21, 21, 21, 21, 21, 21] / writers=[22]
OOO / Test #127 / 1439449711740 / readers=[26, 26, 26, 26, 26, 26, 26, 25, 26, 25] / writers=[26]
OOO / Test #90 / 1439449711740 / readers=[24, 24, 24, 24, 24, 24, 24, 24, 24, 23] / writers=[24]
OOO / Test #10 / 1439449711740 / readers=[34, 35, 35, 35, 35, 35, 35, 35, 35, 35] / writers=[35]
OOO / Test #137 / 1439449711740 / readers=[21, 21, 21, 21, 21, 21, 21, 21, 21, 21] / writers=[22]
OOO / Test #127 / 1439449711798 / readers=[27, 27, 27, 27, 27, 26, 27, 26, 27, 26] / writers=[27]
OOO / Test #65 / 1439449711740 / readers=[28, 28, 28, 28, 28, 27, 27, 27, 27, 27] / writers=[28]
OOO / Test #139 / 1439449711737 / readers=[24, 24, 24, 24, 24, 24, 24, 24, 24, 23] / writers=[24]
OOO / Test #122 / 1439449711737 / readers=[26, 26, 26, 26, 26, 26, 26, 25, 25, 25] / writers=[26]
OOO / Test #80 / 1439449711737 / readers=[21, 21, 21, 21, 21, 21, 21, 21, 21, 21] / writers=[22]
OOO / Test #101 / 1439449711737 / readers=[21, 21, 22, 22, 22, 22, 22, 22, 22, 22] / writers=[22]
OOO / Test #6 / 1439449711737 / readers=[57, 57, 57, 57, 57, 57, 57, 57, 57, 56] / writers=[57]
OOO / Test #48 / 1439449711737 / readers=[26, 26, 26, 26, 26, 26, 26, 25, 25, 25] / writers=[26]
OOO / Test #84 / 1439449711737 / readers=[22, 22, 22, 22, 22, 22, 22, 22, 22, 22] / writers=[23]
OOO / Test #37 / 1439449711737 / readers=[28, 28, 28, 27, 28, 27, 28, 28, 27, 27] / writers=[28]
OOO / Test #17 / 1439449711737 / readers=[38, 39, 39, 39, 39, 39, 39, 39, 39, 39] / writers=[39]
OOO / Test #56 / 1439449711737 / readers=[34, 34, 34, 34, 34, 34, 34, 34, 34, 34] / writers=[35]
OOO / Test #109 / 1439449711734 / readers=[28, 28, 28, 28, 28, 27, 27, 27, 27, 27] / writers=[28]
OOO / Test #149 / 1439449711734 / readers=[21, 21, 21, 22, 21, 21, 21, 21, 21, 21] / writers=[22]
OOO / Test #16 / 1439449711734 / readers=[43, 42, 42, 42, 42, 42, 42, 42, 42, 42] / writers=[43]
OOO / Test #21 / 1439449711734 / readers=[47, 47, 47, 47, 47, 47, 47, 47, 46, 47] / writers=[47]
OOO / Test #109 / 1439449711804 / readers=[29, 29, 29, 29, 28, 28, 28, 28, 28, 28] / writers=[29]
OOO / Test #24 / 1439449711734 / readers=[32, 31, 31, 31, 31, 31, 31, 32, 32, 31] / writers=[32]
OOO / Test #16 / 1439449711804 / readers=[43, 43, 43, 43, 43, 43, 43, 43, 43, 43] / writers=[44]
OOO / Test #52 / 1439449711734 / readers=[31, 31, 30, 30, 30, 30, 30, 30, 30, 30] / writers=[31]
OOO / Test #19 / 1439449711734 / readers=[33, 33, 33, 34, 34, 34, 33, 34, 33, 33] / writers=[34]
OOO / Test #109 / 1439449711804 / readers=[30, 29, 30, 30, 29, 29, 29, 29, 29, 29] / writers=[30]
OOO / Test #38 / 1439449711733 / readers=[29, 29, 29, 29, 28, 28, 28, 28, 28, 28] / writers=[29]
OOO / Test #42 / 1439449711730 / readers=[28, 28, 27, 28, 28, 28, 27, 27, 27, 27] / writers=[28]
OOO / Test #32 / 1439449711730 / readers=[28, 27, 28, 27, 28, 27, 27, 28, 27, 27] / writers=[28]
OOO / Test #133 / 1439449711730 / readers=[23, 23, 23, 23, 23, 23, 23, 23, 23, 23] / writers=[24]
OOO / Test #73 / 1439449711730 / readers=[28, 28, 28, 28, 28, 27, 28, 28, 28, 28] / writers=[28]
OOO / Test #57 / 1439449711730 / readers=[29, 28, 28, 29, 29, 29, 28, 28, 28, 28] / writers=[29]
OOO / Test #155 / 1439449711730 / readers=[23, 23, 23, 23, 23, 23, 23, 23, 24, 23] / writers=[24]
OOO / Test #41 / 1439449711730 / readers=[24, 25, 25, 25, 24, 25, 25, 25, 24, 25] / writers=[25]
OOO / Test #73 / 1439449711807 / readers=[29, 29, 29, 28, 29, 28, 29, 29, 29, 29] / writers=[29]
OOO / Test #45 / 1439449711727 / readers=[32, 32, 32, 32, 32, 31, 31, 32, 32, 31] / writers=[32]
OOO / Test #34 / 1439449711727 / readers=[25, 26, 26, 26, 26, 26, 26, 25, 26, 25] / writers=[26]
OOO / Test #12 / 1439449711727 / readers=[50, 50, 50, 50, 50, 49, 49, 49, 49, 49] / writers=[50]
OOO / Test #58 / 1439449711727 / readers=[27, 27, 28, 28, 27, 27, 27, 28, 27, 27] / writers=[28]
OOO / Test #145 / 1439449711727 / readers=[21, 22, 21, 22, 22, 21, 21, 21, 22, 21] / writers=[22]
OOO / Test #33 / 1439449711727 / readers=[22, 22, 22, 22, 22, 22, 22, 22, 22, 22] / writers=[23]
OOO / Test #59 / 1439449711727 / readers=[24, 24, 24, 24, 24, 24, 24, 23, 23, 23] / writers=[24]
OOO / Test #46 / 1439449711727 / readers=[29, 29, 29, 29, 29, 29, 29, 29, 29, 29] / writers=[30]
OOO / Test #157 / 1439449711724 / readers=[28, 28, 27, 28, 28, 28, 27, 27, 27, 28] / writers=[28]
OOO / Test #154 / 1439449711724 / readers=[27, 27, 27, 27, 27, 27, 26, 26, 26, 26] / writers=[27]
OOO / Test #59 / 1439449711811 / readers=[25, 25, 25, 25, 25, 25, 24, 24, 24, 24] / writers=[25]
OOO / Test #26 / 1439449711724 / readers=[29, 29, 29, 29, 28, 29, 28, 28, 29, 29] / writers=[29]
OOO / Test #23 / 1439449711724 / readers=[30, 30, 29, 29, 29, 29, 29, 29, 29, 29] / writers=[30]
OOO / Test #4 / 1439449711724 / readers=[52, 52, 52, 51, 51, 51, 51, 51, 51, 52] / writers=[52]
OOO / Test #35 / 1439449711724 / readers=[30, 29, 29, 29, 29, 29, 30, 30, 29, 29] / writers=[30]
OOO / Test #198 / 1439449711724 / readers=[22, 22, 23, 22, 22, 22, 22, 22, 22, 22] / writers=[23]
OOO / Test #14 / 1439449711724 / readers=[54, 55, 55, 54, 54, 54, 54, 54, 55, 55] / writers=[55]
OOO / Test #23 / 1439449711814 / readers=[31, 30, 30, 30, 30, 30, 30, 30, 30, 30] / writers=[31]
OOO / Test #39 / 1439449711724 / readers=[32, 31, 32, 32, 31, 31, 31, 31, 31, 31] / writers=[32]
OOO / Test #198 / 1439449711814 / readers=[23, 23, 23, 23, 23, 23, 23, 23, 23, 23] / writers=[24]
OOO / Test #147 / 1439449711724 / readers=[21, 21, 21, 21, 21, 21, 21, 22, 21, 21] / writers=[22]
OOO / Test #51 / 1439449711724 / readers=[27, 27, 26, 26, 26, 27, 26, 26, 26, 26] / writers=[27]
OOO / Test #22 / 1439449711722 / readers=[29, 29, 30, 29, 30, 29, 29, 29, 29, 29] / writers=[30]
OOO / Test #198 / 1439449711815 / readers=[26, 26, 26, 26, 26, 26, 26, 26, 26, 25] / writers=[26]
OOO / Test #36 / 1439449711722 / readers=[29, 29, 29, 28, 28, 29, 29, 29, 29, 29] / writers=[29]
OOO / Test #55 / 1439449711722 / readers=[28, 29, 29, 29, 29, 28, 28, 28, 28, 28] / writers=[29]
OOO / Test #146 / 1439449711722 / readers=[23, 23, 23, 23, 23, 23, 23, 23, 23, 23] / writers=[24]
OOO / Test #198 / 1439449711817 / readers=[27, 27, 27, 27, 27, 27, 27, 27, 26, 26] / writers=[27]
OOO / Test #167 / 1439449711722 / readers=[25, 25, 25, 25, 25, 25, 25, 24, 25, 24] / writers=[25]
OOO / Test #148 / 1439449711722 / readers=[21, 21, 21, 21, 21, 22, 21, 21, 21, 22] / writers=[22]
OOO / Test #49 / 1439449711722 / readers=[33, 32, 32, 33, 33, 33, 33, 33, 33, 33] / writers=[33]
OOO / Test #62 / 1439449711722 / readers=[25, 25, 25, 26, 26, 26, 26, 25, 26, 26] / writers=[26]
OOO / Test #146 / 1439449711817 / readers=[26, 26, 26, 26, 26, 26, 26, 26, 25, 26] / writers=[26]
OOO / Test #64 / 1439449711722 / readers=[21, 21, 21, 21, 21, 21, 21, 21, 21, 21] / writers=[22]
OOO / Test #18 / 1439449711719 / readers=[36, 36, 36, 36, 36, 36, 36, 36, 35, 36] / writers=[36]
OOO / Test #61 / 1439449711719 / readers=[25, 25, 25, 25, 26, 26, 26, 26, 26, 26] / writers=[26]
OOO / Test #28 / 1439449711719 / readers=[29, 29, 29, 29, 29, 29, 29, 29, 29, 30] / writers=[30]
OOO / Test #162 / 1439449711719 / readers=[24, 24, 24, 24, 24, 24, 24, 24, 24, 23] / writers=[24]
OOO / Test #97 / 1439449711719 / readers=[26, 25, 26, 26, 26, 26, 26, 25, 25, 26] / writers=[26]
OOO / Test #44 / 1439449711719 / readers=[28, 28, 28, 28, 28, 28, 27, 27, 27, 27] / writers=[28]
OOO / Test #28 / 1439449711821 / readers=[30, 30, 30, 30, 30, 30, 30, 30, 30, 30] / writers=[31]
OOO / Test #180 / 1439449711719 / readers=[24, 24, 24, 24, 24, 24, 24, 24, 23, 24] / writers=[24]
OOO / Test #164 / 1439449711719 / readers=[25, 25, 25, 25, 25, 25, 25, 24, 24, 25] / writers=[25]
OOO / Test #44 / 1439449711821 / readers=[29, 29, 29, 29, 29, 28, 28, 28, 28, 28] / writers=[29]
OOO / Test #40 / 1439449711716 / readers=[24, 24, 24, 24, 24, 24, 24, 24, 24, 24] / writers=[25]
OOO / Test #43 / 1439449711716 / readers=[29, 30, 29, 30, 30, 30, 30, 29, 30, 29] / writers=[30]
OOO / Test #27 / 1439449711716 / readers=[28, 28, 28, 28, 28, 27, 27, 27, 28, 28] / writers=[28]
OOO / Test #15 / 1439449711716 / readers=[44, 43, 43, 44, 44, 44, 44, 44, 44, 44] / writers=[44]
OOO / Test #30 / 1439449711716 / readers=[25, 25, 25, 25, 25, 25, 25, 25, 25, 25] / writers=[26]
OOO / Test #31 / 1439449711716 / readers=[26, 26, 26, 26, 26, 26, 26, 26, 26, 26] / writers=[27]
OOO / Test #27 / 1439449711824 / readers=[29, 29, 29, 29, 28, 28, 28, 28, 29, 29] / writers=[29]
OOO / Test #60 / 1439449711716 / readers=[24, 24, 24, 25, 25, 25, 25, 25, 25, 24] / writers=[25]
OOO / Test #152 / 1439449711713 / readers=[22, 23, 23, 23, 23, 23, 23, 23, 23, 23] / writers=[23]
OOO / Test #95 / 1439449711713 / readers=[25, 26, 25, 25, 25, 25, 25, 25, 25, 25] / writers=[26]
OOO / Test #54 / 1439449711713 / readers=[32, 33, 33, 32, 33, 33, 33, 33, 32, 32] / writers=[33]
OOO / Test #20 / 1439449711713 / readers=[30, 30, 29, 29, 30, 29, 29, 29, 30, 30] / writers=[30]
OOO / Test #178 / 1439449711713 / readers=[24, 24, 24, 25, 25, 25, 24, 24, 25, 25] / writers=[25]
OOO / Test #100 / 1439449711713 / readers=[28, 28, 28, 28, 27, 28, 27, 27, 27, 27] / writers=[28]
OOO / Test #54 / 1439449711827 / readers=[33, 34, 33, 33, 34, 34, 34, 34, 33, 33] / writers=[34]
OOO / Test #153 / 1439449711713 / readers=[28, 28, 28, 29, 28, 28, 28, 28, 28, 28] / writers=[29]
OOO / Test #161 / 1439449711713 / readers=[23, 23, 23, 23, 24, 24, 23, 24, 24, 23] / writers=[24]
OOO / Test #160 / 1439449711709 / readers=[21, 21, 21, 21, 21, 21, 21, 21, 21, 21] / writers=[22]
OOO / Test #178 / 1439449711827 / readers=[27, 27, 27, 27, 27, 27, 27, 27, 27, 26] / writers=[27]
OOO / Test #153 / 1439449711827 / readers=[29, 29, 29, 29, 29, 29, 29, 29, 29, 29] / writers=[30]
OOO / Test #192 / 1439449711709 / readers=[36, 36, 36, 36, 36, 36, 36, 36, 35, 35] / writers=[36]
OOO / Test #150 / 1439449711709 / readers=[24, 24, 25, 24, 25, 25, 25, 25, 25, 24] / writers=[25]
OOO / Test #181 / 1439449711709 / readers=[21, 21, 21, 21, 21, 21, 21, 21, 21, 21] / writers=[22]
OOO / Test #182 / 1439449711709 / readers=[25, 25, 25, 25, 25, 25, 25, 25, 24, 24] / writers=[25]
OOO / Test #156 / 1439449711709 / readers=[20, 19, 20, 20, 19, 19, 19, 19, 19, 19] / writers=[20]
OOO / Test #190 / 1439449711709 / readers=[29, 30, 30, 30, 29, 29, 29, 29, 29, 29] / writers=[30]
OOO / Test #158 / 1439449711709 / readers=[24, 25, 25, 25, 25, 25, 25, 24, 25, 24] / writers=[25]
OOO / Test #176 / 1439449711706 / readers=[21, 21, 21, 21, 21, 21, 21, 21, 21, 21] / writers=[22]
OOO / Test #13 / 1439449711706 / readers=[48, 49, 49, 49, 49, 49, 49, 48, 48, 48] / writers=[49]
OOO / Test #166 / 1439449711706 / readers=[23, 23, 23, 24, 24, 24, 24, 24, 24, 23] / writers=[24]
OOO / Test #163 / 1439449711706 / readers=[27, 27, 27, 27, 27, 27, 26, 26, 26, 26] / writers=[27]
OOO / Test #177 / 1439449711706 / readers=[23, 24, 24, 24, 24, 24, 24, 24, 24, 23] / writers=[24]
OOO / Test #168 / 1439449711705 / readers=[20, 20, 20, 20, 20, 20, 20, 20, 20, 20] / writers=[21]
OOO / Test #7 / 1439449711705 / readers=[34, 35, 34, 35, 35, 35, 35, 35, 35, 35] / writers=[35]
OOO / Test #169 / 1439449711705 / readers=[21, 21, 21, 21, 21, 21, 21, 21, 21, 21] / writers=[22]
OOO / Test #197 / 1439449711702 / readers=[25, 25, 25, 25, 25, 25, 25, 25, 25, 24] / writers=[25]
OOO / Test #173 / 1439449711702 / readers=[27, 27, 27, 27, 27, 27, 26, 26, 26, 26] / writers=[27]
OOO / Test #191 / 1439449711702 / readers=[20, 20, 19, 19, 19, 19, 19, 19, 19, 19] / writers=[20]
OOO / Test #171 / 1439449711702 / readers=[22, 22, 21, 21, 22, 22, 22, 22, 22, 22] / writers=[22]
OOO / Test #197 / 1439449711832 / readers=[26, 26, 26, 26, 26, 26, 26, 25, 26, 25] / writers=[26]
OOO / Test #170 / 1439449711702 / readers=[20, 19, 20, 19, 19, 19, 19, 19, 19, 19] / writers=[20]
OOO / Test #174 / 1439449711702 / readers=[21, 20, 20, 20, 20, 20, 20, 20, 20, 20] / writers=[21]
OOO / Test #200 / 1439449711702 / readers=[24, 24, 24, 24, 24, 24, 24, 24, 24, 23] / writers=[24]
OOO / Test #165 / 1439449711702 / readers=[19, 19, 18, 18, 18, 18, 18, 18, 18, 18] / writers=[19]
OOO / Test #196 / 1439449711702 / readers=[23, 23, 23, 24, 24, 24, 24, 24, 24, 23] / writers=[24]
OOO / Test #194 / 1439449711701 / readers=[21, 21, 21, 21, 21, 21, 21, 21, 21, 21] / writers=[22]
OOO / Test #193 / 1439449711699 / readers=[19, 19, 19, 18, 18, 18, 18, 18, 18, 18] / writers=[19]
OOO / Test #186 / 1439449711699 / readers=[24, 24, 24, 24, 24, 24, 24, 24, 24, 23] / writers=[24]
OOO / Test #187 / 1439449711698 / readers=[21, 21, 21, 21, 21, 21, 21, 21, 21, 21] / writers=[22]
OOO / Test #185 / 1439449711698 / readers=[24, 24, 24, 24, 24, 24, 24, 24, 24, 23] / writers=[24]
OOO / Test #184 / 1439449711698 / readers=[19, 19, 19, 18, 18, 18, 18, 18, 18, 18] / writers=[19]
OOO / Test #194 / 1439449711836 / readers=[24, 24, 24, 24, 24, 24, 24, 24, 24, 23] / writers=[24]
OOO / Test #195 / 1439449711698 / readers=[21, 21, 21, 21, 21, 21, 21, 21, 21, 21] / writers=[22]
OOO / Test #159 / 1439449711698 / readers=[26, 26, 25, 26, 26, 26, 25, 26, 25, 25] / writers=[26]
OOO / Test #199 / 1439449711698 / readers=[25, 25, 25, 25, 26, 26, 25, 25, 25, 25] / writers=[26]
OOO / Test #172 / 1439449711698 / readers=[21, 21, 21, 21, 21, 21, 21, 21, 21, 21] / writers=[22]
OOO / Test #188 / 1439449711698 / readers=[21, 21, 21, 21, 21, 21, 21, 21, 21, 21] / writers=[22]
OOO / Test #183 / 1439449711698 / readers=[23, 24, 24, 24, 24, 24, 24, 24, 24, 23] / writers=[24]
OOO / Test #159 / 1439449711839 / readers=[27, 27, 26, 27, 27, 27, 26, 26, 26, 26] / writers=[27]
OOO / Test #47 / 1439449711695 / readers=[26, 26, 26, 26, 26, 26, 26, 26, 25, 26] / writers=[26]
OOO / Test #53 / 1439449711695 / readers=[17, 16, 17, 17, 16, 17, 17, 17, 16, 17] / writers=[17]
OOO / Test #11 / 1439449711695 / readers=[50, 50, 51, 50, 51, 50, 50, 50, 50, 50] / writers=[51]
OOO / Test #50 / 1439449711695 / readers=[26, 26, 26, 25, 26, 26, 26, 26, 26, 25] / writers=[26]
OOO / Test #3 / 1439449711695 / readers=[45, 45, 45, 45, 46, 46, 46, 46, 46, 45] / writers=[46]
OOO / Test #175 / 1439449711695 / readers=[20, 20, 20, 19, 20, 20, 20, 20, 20, 20] / writers=[20]
OOO / Test #189 / 1439449711695 / readers=[15, 15, 15, 15, 15, 15, 15, 14, 14, 14] / writers=[15]
OOO / Test #2 / 1439449711695 / readers=[29, 28, 29, 29, 29, 29, 28, 28, 29, 28] / writers=[29]
OOO / Test #179 / 1439449711695 / readers=[21, 22, 21, 21, 21, 22, 22, 22, 22, 22] / writers=[22]
OOO / Test #189 / 1439449711843 / readers=[16, 16, 16, 16, 16, 16, 15, 15, 15, 15] / writers=[16]
OOO / Test #50 / 1439449711842 / readers=[27, 27, 27, 26, 26, 27, 27, 27, 27, 26] / writers=[27]
OOO / Test #3 / 1439449711842 / readers=[46, 46, 46, 46, 47, 47, 47, 46, 47, 46] / writers=[47]
OOO / Test #11 / 1439449711839 / readers=[51, 51, 51, 51, 52, 51, 51, 51, 51, 51] / writers=[52]
OOO / Test #53 / 1439449711839 / readers=[18, 17, 18, 18, 17, 17, 18, 18, 17, 18] / writers=[18]
OOO / Test #47 / 1439449711839 / readers=[27, 27, 27, 26, 27, 27, 27, 27, 26, 27] / writers=[27]
OOO / Test #188 / 1439449711839 / readers=[24, 24, 24, 24, 24, 24, 24, 24, 24, 23] / writers=[24]
OOO / Test #172 / 1439449711839 / readers=[24, 24, 24, 24, 24, 24, 24, 24, 24, 23] / writers=[24]
OOO / Test #159 / 1439449711839 / readers=[27, 28, 27, 28, 28, 28, 27, 27, 27, 27] / writers=[28]
OOO / Test #183 / 1439449711839 / readers=[24, 25, 25, 24, 25, 25, 25, 25, 25, 24] / writers=[25]
OOO / Test #195 / 1439449711839 / readers=[24, 24, 24, 24, 24, 24, 24, 24, 24, 23] / writers=[24]
OOO / Test #188 / 1439449711846 / readers=[25, 25, 25, 25, 24, 25, 25, 25, 25, 24] / writers=[25]
OOO / Test #199 / 1439449711839 / readers=[26, 26, 26, 26, 27, 26, 26, 26, 26, 26] / writers=[27]
OOO / Test #194 / 1439449711836 / readers=[25, 25, 25, 25, 25, 25, 25, 25, 24, 24] / writers=[25]
OOO / Test #184 / 1439449711836 / readers=[20, 19, 20, 19, 19, 19, 19, 19, 19, 19] / writers=[20]
OOO / Test #187 / 1439449711836 / readers=[24, 24, 24, 24, 24, 24, 24, 24, 24, 23] / writers=[24]
OOO / Test #185 / 1439449711836 / readers=[25, 25, 25, 25, 25, 25, 25, 25, 24, 24] / writers=[25]
OOO / Test #186 / 1439449711836 / readers=[25, 25, 25, 25, 25, 25, 25, 25, 24, 24] / writers=[25]
OOO / Test #193 / 1439449711836 / readers=[19, 20, 20, 19, 19, 19, 19, 19, 19, 19] / writers=[20]
OOO / Test #196 / 1439449711835 / readers=[24, 24, 24, 25, 25, 25, 25, 25, 24, 24] / writers=[25]
OOO / Test #187 / 1439449711849 / readers=[25, 25, 25, 25, 25, 25, 25, 25, 24, 24] / writers=[25]
OOO / Test #165 / 1439449711835 / readers=[20, 19, 19, 19, 19, 19, 19, 19, 19, 19] / writers=[20]
OOO / Test #174 / 1439449711835 / readers=[21, 21, 21, 21, 21, 21, 21, 21, 21, 21] / writers=[22]
OOO / Test #200 / 1439449711835 / readers=[25, 25, 25, 25, 25, 25, 25, 25, 24, 24] / writers=[25]
OOO / Test #170 / 1439449711832 / readers=[21, 20, 20, 20, 20, 20, 20, 21, 20, 20] / writers=[21]
OOO / Test #197 / 1439449711832 / readers=[27, 27, 27, 27, 27, 27, 26, 26, 27, 26] / writers=[27]
OOO / Test #171 / 1439449711832 / readers=[23, 22, 22, 22, 23, 23, 23, 23, 23, 23] / writers=[23]
OOO / Test #191 / 1439449711832 / readers=[21, 20, 20, 20, 20, 20, 20, 20, 20, 20] / writers=[21]
OOO / Test #169 / 1439449711832 / readers=[24, 24, 24, 24, 24, 24, 24, 24, 24, 23] / writers=[24]
OOO / Test #173 / 1439449711832 / readers=[28, 28, 28, 28, 28, 27, 27, 27, 27, 27] / writers=[28]
OOO / Test #168 / 1439449711832 / readers=[23, 23, 23, 23, 23, 22, 23, 23, 23, 23] / writers=[23]
OOO / Test #171 / 1439449711853 / readers=[23, 23, 23, 23, 24, 24, 24, 24, 24, 24] / writers=[24]
OOO / Test #7 / 1439449711832 / readers=[35, 36, 35, 36, 36, 36, 36, 36, 35, 36] / writers=[36]
OOO / Test #169 / 1439449711853 / readers=[25, 25, 25, 25, 25, 25, 25, 25, 24, 24] / writers=[25]
OOO / Test #177 / 1439449711832 / readers=[24, 25, 25, 25, 25, 25, 25, 25, 24, 24] / writers=[25]
OOO / Test #171 / 1439449711853 / readers=[24, 24, 24, 24, 25, 25, 25, 25, 25, 24] / writers=[25]
OOO / Test #163 / 1439449711830 / readers=[28, 28, 28, 28, 28, 27, 27, 27, 27, 27] / writers=[28]
OOO / Test #166 / 1439449711830 / readers=[24, 24, 24, 25, 25, 25, 25, 25, 24, 24] / writers=[25]
OOO / Test #176 / 1439449711830 / readers=[24, 24, 24, 24, 24, 24, 24, 24, 24, 23] / writers=[24]
OOO / Test #13 / 1439449711830 / readers=[49, 49, 50, 50, 50, 50, 50, 49, 49, 49] / writers=[50]
OOO / Test #158 / 1439449711829 / readers=[25, 26, 26, 26, 26, 26, 26, 25, 25, 25] / writers=[26]
OOO / Test #163 / 1439449711855 / readers=[29, 29, 29, 29, 28, 28, 28, 28, 28, 28] / writers=[29]
OOO / Test #190 / 1439449711829 / readers=[30, 31, 31, 30, 30, 30, 30, 30, 30, 30] / writers=[31]
OOO / Test #156 / 1439449711829 / readers=[21, 20, 21, 20, 20, 20, 20, 20, 20, 20] / writers=[21]
OOO / Test #181 / 1439449711829 / readers=[24, 24, 24, 24, 24, 24, 24, 24, 24, 23] / writers=[24]
OOO / Test #158 / 1439449711855 / readers=[26, 27, 27, 27, 27, 27, 26, 26, 26, 26] / writers=[27]
OOO / Test #190 / 1439449711855 / readers=[31, 32, 31, 31, 31, 31, 31, 31, 31, 31] / writers=[32]
OOO / Test #182 / 1439449711829 / readers=[26, 26, 26, 26, 26, 26, 26, 25, 25, 25] / writers=[26]
OOO / Test #150 / 1439449711829 / readers=[25, 25, 26, 25, 26, 26, 26, 26, 25, 25] / writers=[26]
OOO / Test #192 / 1439449711829 / readers=[37, 37, 37, 37, 37, 37, 36, 37, 36, 36] / writers=[37]
OOO / Test #160 / 1439449711827 / readers=[24, 24, 24, 24, 24, 24, 24, 24, 24, 23] / writers=[24]
OOO / Test #190 / 1439449711859 / readers=[32, 32, 32, 32, 32, 32, 32, 32, 32, 32] / writers=[33]
OOO / Test #153 / 1439449711827 / readers=[32, 32, 31, 32, 32, 32, 32, 32, 32, 32] / writers=[32]
OOO / Test #192 / 1439449711859 / readers=[38, 38, 38, 38, 38, 37, 37, 38, 37, 37] / writers=[38]
OOO / Test #178 / 1439449711827 / readers=[28, 28, 28, 28, 28, 28, 28, 28, 27, 27] / writers=[28]
OOO / Test #161 / 1439449711827 / readers=[24, 24, 24, 24, 25, 25, 24, 25, 24, 24] / writers=[25]
OOO / Test #54 / 1439449711827 / readers=[34, 35, 34, 34, 35, 35, 34, 35, 34, 34] / writers=[35]
OOO / Test #100 / 1439449711827 / readers=[29, 29, 29, 28, 28, 29, 28, 28, 28, 28] / writers=[29]
OOO / Test #20 / 1439449711827 / readers=[31, 31, 30, 30, 30, 30, 30, 30, 31, 31] / writers=[31]
OOO / Test #95 / 1439449711824 / readers=[26, 26, 26, 26, 26, 26, 26, 26, 26, 26] / writers=[27]
OOO / Test #152 / 1439449711824 / readers=[23, 24, 24, 24, 24, 23, 24, 24, 24, 24] / writers=[24]
OOO / Test #31 / 1439449711824 / readers=[28, 29, 29, 29, 29, 29, 29, 29, 29, 29] / writers=[29]
OOO / Test #30 / 1439449711824 / readers=[28, 28, 28, 28, 28, 28, 27, 28, 28, 28] / writers=[28]
OOO / Test #60 / 1439449711824 / readers=[25, 25, 25, 25, 26, 26, 26, 26, 26, 25] / writers=[26]
OOO / Test #27 / 1439449711824 / readers=[30, 30, 30, 29, 29, 29, 29, 29, 30, 30] / writers=[30]
OOO / Test #31 / 1439449711862 / readers=[29, 30, 30, 30, 30, 30, 29, 30, 30, 30] / writers=[30]
OOO / Test #40 / 1439449711824 / readers=[26, 27, 27, 27, 27, 27, 27, 27, 27, 27] / writers=[27]
OOO / Test #15 / 1439449711824 / readers=[44, 44, 44, 45, 45, 45, 45, 45, 45, 45] / writers=[45]
OOO / Test #43 / 1439449711824 / readers=[30, 31, 30, 30, 31, 31, 31, 30, 31, 30] / writers=[31]
OOO / Test #164 / 1439449711821 / readers=[26, 26, 26, 26, 26, 26, 26, 25, 25, 25] / writers=[26]
OOO / Test #15 / 1439449711865 / readers=[45, 45, 45, 46, 46, 46, 46, 46, 46, 45] / writers=[46]
OOO / Test #44 / 1439449711821 / readers=[30, 30, 30, 30, 29, 29, 29, 29, 29, 29] / writers=[30]
OOO / Test #28 / 1439449711821 / readers=[33, 33, 32, 33, 33, 33, 33, 33, 33, 33] / writers=[33]
OOO / Test #180 / 1439449711821 / readers=[25, 25, 25, 25, 25, 25, 25, 24, 24, 25] / writers=[25]
OOO / Test #97 / 1439449711821 / readers=[27, 26, 27, 26, 27, 27, 27, 26, 26, 27] / writers=[27]
OOO / Test #162 / 1439449711821 / readers=[24, 25, 25, 25, 25, 25, 25, 25, 25, 24] / writers=[25]
OOO / Test #64 / 1439449711821 / readers=[24, 24, 24, 24, 24, 24, 24, 24, 24, 23] / writers=[24]
OOO / Test #180 / 1439449711865 / readers=[26, 26, 26, 26, 26, 26, 25, 25, 25, 26] / writers=[26]
OOO / Test #61 / 1439449711821 / readers=[26, 26, 26, 26, 26, 27, 27, 27, 27, 27] / writers=[27]
OOO / Test #18 / 1439449711821 / readers=[37, 37, 37, 37, 37, 37, 37, 37, 36, 36] / writers=[37]
OOO / Test #62 / 1439449711817 / readers=[26, 26, 26, 26, 27, 27, 27, 26, 27, 27] / writers=[27]
OOO / Test #49 / 1439449711817 / readers=[33, 33, 33, 34, 34, 34, 34, 34, 34, 34] / writers=[34]
OOO / Test #146 / 1439449711817 / readers=[27, 27, 27, 27, 27, 27, 27, 26, 26, 27] / writers=[27]
OOO / Test #148 / 1439449711817 / readers=[22, 22, 22, 22, 22, 22, 22, 22, 22, 23] / writers=[23]
OOO / Test #167 / 1439449711817 / readers=[26, 26, 26, 26, 26, 26, 26, 25, 25, 25] / writers=[26]
OOO / Test #198 / 1439449711817 / readers=[28, 28, 28, 28, 28, 28, 28, 27, 27, 27] / writers=[28]
OOO / Test #146 / 1439449711869 / readers=[28, 28, 28, 28, 28, 28, 28, 27, 27, 27] / writers=[28]
OOO / Test #55 / 1439449711817 / readers=[29, 30, 30, 30, 29, 29, 29, 29, 29, 29] / writers=[30]
OOO / Test #36 / 1439449711817 / readers=[30, 30, 30, 29, 29, 29, 30, 30, 30, 30] / writers=[30]
OOO / Test #22 / 1439449711815 / readers=[30, 30, 31, 30, 30, 30, 30, 30, 30, 30] / writers=[31]
OOO / Test #51 / 1439449711815 / readers=[27, 28, 27, 27, 27, 28, 27, 27, 27, 27] / writers=[28]
OOO / Test #147 / 1439449711815 / readers=[22, 22, 22, 22, 22, 22, 22, 22, 22, 22] / writers=[23]
OOO / Test #55 / 1439449711872 / readers=[30, 30, 31, 31, 30, 30, 30, 30, 30, 30] / writers=[31]
OOO / Test #39 / 1439449711814 / readers=[33, 32, 33, 32, 32, 32, 32, 32, 32, 32] / writers=[33]
OOO / Test #23 / 1439449711814 / readers=[31, 31, 31, 31, 31, 31, 31, 31, 31, 31] / writers=[32]
OOO / Test #14 / 1439449711814 / readers=[55, 56, 55, 55, 55, 55, 55, 55, 56, 56] / writers=[56]
OOO / Test #4 / 1439449711814 / readers=[53, 53, 53, 52, 52, 52, 52, 52, 52, 52] / writers=[53]
OOO / Test #35 / 1439449711814 / readers=[31, 30, 30, 30, 30, 30, 31, 30, 30, 30] / writers=[31]
OOO / Test #26 / 1439449711811 / readers=[30, 30, 30, 29, 29, 30, 29, 29, 30, 30] / writers=[30]
OOO / Test #59 / 1439449711811 / readers=[26, 26, 26, 26, 26, 25, 25, 25, 25, 25] / writers=[26]
OOO / Test #46 / 1439449711811 / readers=[31, 32, 32, 32, 32, 32, 32, 32, 32, 32] / writers=[32]
OOO / Test #154 / 1439449711811 / readers=[28, 28, 28, 27, 28, 28, 27, 27, 27, 27] / writers=[28]
OOO / Test #157 / 1439449711811 / readers=[29, 29, 28, 29, 29, 28, 28, 28, 28, 29] / writers=[29]
OOO / Test #59 / 1439449711875 / readers=[27, 27, 27, 27, 26, 26, 26, 26, 26, 26] / writers=[27]
OOO / Test #33 / 1439449711811 / readers=[25, 25, 25, 25, 25, 25, 25, 25, 25, 24] / writers=[25]
OOO / Test #145 / 1439449711811 / readers=[22, 23, 22, 23, 23, 22, 22, 22, 22, 22] / writers=[23]
OOO / Test #58 / 1439449711811 / readers=[28, 28, 28, 29, 28, 28, 28, 29, 28, 28] / writers=[29]
OOO / Test #12 / 1439449711811 / readers=[51, 51, 51, 51, 50, 50, 50, 50, 50, 50] / writers=[51]
OOO / Test #34 / 1439449711807 / readers=[26, 27, 27, 26, 27, 27, 27, 26, 27, 26] / writers=[27]
OOO / Test #45 / 1439449711807 / readers=[33, 32, 33, 33, 33, 32, 32, 33, 33, 32] / writers=[33]
OOO / Test #133 / 1439449711807 / readers=[26, 26, 26, 26, 25, 26, 26, 26, 26, 26] / writers=[26]
OOO / Test #73 / 1439449711807 / readers=[30, 30, 30, 29, 29, 29, 30, 30, 30, 30] / writers=[30]
OOO / Test #41 / 1439449711807 / readers=[25, 26, 26, 25, 25, 26, 26, 26, 25, 26] / writers=[26]
OOO / Test #34 / 1439449711879 / readers=[27, 28, 28, 27, 27, 28, 28, 27, 28, 27] / writers=[28]
OOO / Test #41 / 1439449711880 / readers=[26, 26, 27, 26, 26, 27, 27, 27, 26, 27] / writers=[27]
OOO / Test #155 / 1439449711807 / readers=[24, 24, 24, 24, 24, 24, 24, 24, 24, 24] / writers=[25]
OOO / Test #57 / 1439449711807 / readers=[30, 29, 29, 29, 30, 30, 29, 29, 29, 29] / writers=[30]
OOO / Test #32 / 1439449711807 / readers=[29, 28, 29, 28, 29, 28, 28, 28, 28, 28] / writers=[29]
OOO / Test #34 / 1439449711880 / readers=[28, 29, 28, 28, 28, 29, 29, 28, 29, 28] / writers=[29]
OOO / Test #42 / 1439449711807 / readers=[29, 29, 28, 29, 28, 29, 28, 28, 28, 28] / writers=[29]
OOO / Test #38 / 1439449711804 / readers=[30, 30, 30, 29, 29, 29, 29, 29, 29, 29] / writers=[30]
OOO / Test #16 / 1439449711804 / readers=[46, 46, 46, 46, 46, 46, 46, 46, 46, 45] / writers=[46]
OOO / Test #109 / 1439449711804 / readers=[31, 30, 31, 30, 30, 30, 30, 30, 30, 30] / writers=[31]
OOO / Test #19 / 1439449711804 / readers=[34, 34, 34, 34, 35, 35, 34, 35, 34, 34] / writers=[35]
OOO / Test #52 / 1439449711804 / readers=[31, 32, 31, 31, 31, 31, 31, 31, 31, 31] / writers=[32]
OOO / Test #42 / 1439449711883 / readers=[30, 30, 29, 30, 29, 29, 29, 29, 29, 29] / writers=[30]
OOO / Test #24 / 1439449711804 / readers=[33, 32, 32, 32, 32, 32, 32, 33, 32, 32] / writers=[33]
OOO / Test #21 / 1439449711804 / readers=[48, 48, 48, 48, 48, 48, 48, 48, 47, 47] / writers=[48]
OOO / Test #109 / 1439449711883 / readers=[32, 31, 31, 31, 31, 31, 31, 31, 31, 31] / writers=[32]
OOO / Test #149 / 1439449711804 / readers=[22, 22, 22, 22, 22, 22, 22, 22, 22, 22] / writers=[23]
OOO / Test #56 / 1439449711801 / readers=[37, 37, 37, 37, 37, 37, 37, 37, 37, 36] / writers=[37]
OOO / Test #17 / 1439449711801 / readers=[39, 39, 40, 40, 40, 40, 40, 40, 40, 40] / writers=[40]
OOO / Test #37 / 1439449711801 / readers=[29, 29, 29, 28, 29, 28, 28, 29, 28, 28] / writers=[29]
OOO / Test #84 / 1439449711801 / readers=[25, 25, 25, 25, 25, 25, 25, 25, 24, 25] / writers=[25]
OOO / Test #48 / 1439449711801 / readers=[27, 27, 27, 27, 27, 26, 27, 26, 26, 26] / writers=[27]
OOO / Test #80 / 1439449711801 / readers=[24, 24, 24, 24, 24, 24, 24, 23, 24, 24] / writers=[24]
OOO / Test #56 / 1439449711886 / readers=[38, 38, 37, 38, 38, 38, 38, 38, 38, 37] / writers=[38]
OOO / Test #6 / 1439449711801 / readers=[58, 58, 58, 58, 58, 58, 58, 58, 57, 57] / writers=[58]
OOO / Test #17 / 1439449711886 / readers=[40, 40, 40, 41, 41, 41, 41, 41, 41, 41] / writers=[41]
OOO / Test #84 / 1439449711887 / readers=[26, 26, 26, 26, 26, 26, 26, 25, 25, 26] / writers=[26]
OOO / Test #101 / 1439449711801 / readers=[22, 22, 23, 23, 23, 23, 23, 23, 23, 22] / writers=[23]
OOO / Test #122 / 1439449711800 / readers=[27, 27, 27, 27, 27, 27, 26, 26, 26, 26] / writers=[27]
OOO / Test #139 / 1439449711800 / readers=[25, 25, 25, 25, 25, 25, 25, 25, 24, 24] / writers=[25]
OOO / Test #137 / 1439449711798 / readers=[24, 24, 24, 24, 24, 24, 24, 24, 24, 23] / writers=[24]
OOO / Test #65 / 1439449711798 / readers=[29, 29, 29, 29, 28, 28, 28, 28, 28, 28] / writers=[29]
OOO / Test #127 / 1439449711798 / readers=[28, 28, 28, 28, 27, 27, 28, 27, 28, 27] / writers=[28]
OOO / Test #122 / 1439449711890 / readers=[28, 28, 28, 28, 27, 28, 27, 27, 27, 27] / writers=[28]
OOO / Test #10 / 1439449711798 / readers=[35, 36, 36, 36, 36, 36, 36, 36, 35, 36] / writers=[36]
OOO / Test #75 / 1439449711798 / readers=[24, 24, 24, 24, 24, 24, 24, 24, 24, 23] / writers=[24]
OOO / Test #137 / 1439449711890 / readers=[25, 25, 25, 25, 25, 25, 25, 25, 24, 24] / writers=[25]
OOO / Test #65 / 1439449711890 / readers=[30, 30, 30, 29, 29, 29, 29, 29, 29, 29] / writers=[30]
OOO / Test #90 / 1439449711798 / readers=[25, 25, 25, 25, 25, 25, 25, 25, 24, 24] / writers=[25]
OOO / Test #144 / 1439449711798 / readers=[24, 24, 24, 24, 24, 24, 24, 24, 24, 23] / writers=[24]
OOO / Test #151 / 1439449711798 / readers=[25, 25, 25, 25, 25, 25, 24, 25, 25, 24] / writers=[25]
OOO / Test #66 / 1439449711798 / readers=[21, 21, 21, 21, 21, 21, 21, 21, 21, 21] / writers=[22]
OOO / Test #114 / 1439449711798 / readers=[31, 30, 31, 30, 30, 30, 30, 30, 30, 30] / writers=[31]
OOO / Test #9 / 1439449711795 / readers=[50, 50, 50, 50, 50, 51, 51, 51, 50, 50] / writers=[51]
OOO / Test #8 / 1439449711795 / readers=[51, 51, 51, 51, 51, 51, 51, 51, 52, 51] / writers=[52]
OOO / Test #128 / 1439449711795 / readers=[25, 25, 25, 25, 25, 25, 25, 25, 24, 24] / writers=[25]
OOO / Test #91 / 1439449711795 / readers=[24, 24, 24, 24, 24, 24, 24, 24, 24, 23] / writers=[24]
OOO / Test #118 / 1439449711795 / readers=[21, 21, 21, 21, 22, 21, 21, 21, 21, 21] / writers=[22]
OOO / Test #124 / 1439449711795 / readers=[26, 26, 26, 26, 26, 26, 26, 25, 25, 25] / writers=[26]
OOO / Test #85 / 1439449711795 / readers=[26, 26, 26, 25, 26, 26, 25, 26, 26, 25] / writers=[26]
OOO / Test #63 / 1439449711792 / readers=[21, 20, 20, 20, 20, 20, 20, 20, 20, 20] / writers=[21]
OOO / Test #116 / 1439449711792 / readers=[26, 26, 26, 27, 27, 27, 27, 26, 26, 26] / writers=[27]
OOO / Test #93 / 1439449711792 / readers=[25, 25, 25, 25, 25, 25, 25, 25, 25, 24] / writers=[25]
OOO / Test #29 / 1439449711792 / readers=[33, 33, 34, 34, 34, 34, 34, 34, 34, 34] / writers=[34]
OOO / Test #78 / 1439449711792 / readers=[27, 27, 27, 27, 27, 27, 26, 26, 26, 26] / writers=[27]
OOO / Test #130 / 1439449711792 / readers=[28, 28, 28, 27, 28, 28, 27, 27, 27, 27] / writers=[28]
OOO / Test #141 / 1439449711792 / readers=[31, 31, 30, 30, 30, 30, 30, 30, 30, 30] / writers=[31]
OOO / Test #77 / 1439449711792 / readers=[28, 29, 29, 29, 29, 28, 28, 28, 28, 28] / writers=[29]
OOO / Test #125 / 1439449711792 / readers=[25, 25, 25, 25, 25, 25, 25, 25, 24, 24] / writers=[25]
OOO / Test #71 / 1439449711789 / readers=[26, 26, 27, 27, 27, 27, 26, 26, 26, 26] / writers=[27]
OOO / Test #86 / 1439449711789 / readers=[24, 24, 24, 24, 24, 24, 24, 24, 24, 23] / writers=[24]
OOO / Test #68 / 1439449711789 / readers=[24, 25, 25, 25, 25, 25, 25, 25, 24, 24] / writers=[25]
OOO / Test #87 / 1439449711789 / readers=[21, 21, 21, 21, 21, 21, 21, 21, 21, 21] / writers=[22]
OOO / Test #76 / 1439449711789 / readers=[31, 31, 30, 30, 30, 30, 30, 30, 30, 30] / writers=[31]
OOO / Test #125 / 1439449711899 / readers=[26, 26, 26, 26, 26, 26, 26, 25, 25, 25] / writers=[26]
OOO / Test #135 / 1439449711789 / readers=[28, 28, 27, 28, 28, 28, 28, 27, 27, 27] / writers=[28]
OOO / Test #71 / 1439449711899 / readers=[27, 27, 28, 28, 28, 27, 27, 27, 27, 27] / writers=[28]
OOO / Test #96 / 1439449711789 / readers=[25, 25, 25, 25, 25, 25, 25, 25, 24, 24] / writers=[25]
OOO / Test #68 / 1439449711899 / readers=[25, 26, 26, 26, 26, 26, 26, 25, 25, 25] / writers=[26]
OOO / Test #88 / 1439449711789 / readers=[25, 25, 25, 25, 25, 25, 25, 25, 24, 24] / writers=[25]
OOO / Test #106 / 1439449711789 / readers=[26, 25, 26, 26, 26, 26, 26, 26, 25, 25] / writers=[26]
OOO / Test #82 / 1439449711789 / readers=[21, 21, 21, 21, 21, 21, 21, 21, 22, 21] / writers=[22]
OOO / Test #117 / 1439449711786 / readers=[29, 29, 29, 29, 28, 28, 28, 28, 28, 28] / writers=[29]
OOO / Test #113 / 1439449711786 / readers=[27, 27, 27, 26, 27, 27, 27, 26, 26, 26] / writers=[27]
OOO / Test #92 / 1439449711786 / readers=[28, 27, 28, 28, 28, 28, 27, 27, 27, 28] / writers=[28]
OOO / Test #74 / 1439449711786 / readers=[23, 23, 23, 23, 24, 23, 23, 23, 23, 23] / writers=[24]
OOO / Test #129 / 1439449711786 / readers=[26, 26, 26, 26, 26, 26, 26, 26, 25, 25] / writers=[26]
OOO / Test #82 / 1439449711902 / readers=[22, 22, 22, 22, 22, 22, 22, 22, 22, 22] / writers=[23]
OOO / Test #117 / 1439449711902 / readers=[30, 30, 30, 29, 29, 29, 29, 29, 29, 29] / writers=[30]
OOO / Test #113 / 1439449711902 / readers=[28, 28, 28, 27, 28, 28, 27, 27, 27, 27] / writers=[28]
OOO / Test #136 / 1439449711786 / readers=[24, 25, 25, 25, 25, 25, 25, 25, 24, 24] / writers=[25]
OOO / Test #81 / 1439449711786 / readers=[22, 22, 23, 23, 23, 23, 22, 23, 23, 23] / writers=[23]
OOO / Test #112 / 1439449711782 / readers=[26, 26, 26, 26, 26, 26, 26, 25, 25, 25] / writers=[26]
OOO / Test #104 / 1439449711782 / readers=[27, 27, 27, 27, 27, 27, 26, 26, 26, 26] / writers=[27]
OOO / Test #102 / 1439449711782 / readers=[24, 24, 24, 24, 24, 24, 24, 24, 24, 23] / writers=[24]
OOO / Test #136 / 1439449711905 / readers=[25, 26, 26, 26, 26, 26, 26, 25, 25, 25] / writers=[26]
OOO / Test #67 / 1439449711782 / readers=[26, 26, 26, 26, 26, 26, 26, 25, 26, 25] / writers=[26]
OOO / Test #81 / 1439449711905 / readers=[23, 23, 24, 24, 24, 24, 23, 24, 24, 23] / writers=[24]
OOO / Test #132 / 1439449711782 / readers=[25, 25, 25, 25, 25, 25, 25, 25, 24, 24] / writers=[25]
OOO / Test #69 / 1439449711782 / readers=[25, 25, 25, 25, 26, 26, 26, 25, 25, 25] / writers=[26]
OOO / Test #134 / 1439449711782 / readers=[26, 26, 27, 27, 26, 27, 26, 26, 27, 26] / writers=[27]
OOO / Test #79 / 1439449711782 / readers=[21, 20, 20, 20, 20, 20, 20, 20, 20, 20] / writers=[21]
OOO / Test #115 / 1439449711782 / readers=[21, 21, 21, 21, 21, 21, 21, 21, 21, 21] / writers=[22]
OOO / Test #119 / 1439449711782 / readers=[22, 22, 22, 22, 22, 22, 22, 22, 23, 23] / writers=[23]
OOO / Test #143 / 1439449711782 / readers=[20, 21, 20, 20, 20, 20, 20, 20, 20, 20] / writers=[21]
OOO / Test #105 / 1439449711778 / readers=[21, 21, 21, 21, 21, 21, 21, 21, 21, 21] / writers=[22]
OOO / Test #89 / 1439449711778 / readers=[29, 28, 29, 29, 29, 28, 28, 28, 28, 28] / writers=[29]
OOO / Test #79 / 1439449711908 / readers=[21, 21, 21, 21, 21, 21, 21, 21, 21, 21] / writers=[22]
OOO / Test #99 / 1439449711778 / readers=[24, 24, 24, 24, 24, 24, 24, 24, 24, 23] / writers=[24]
OOO / Test #119 / 1439449711908 / readers=[23, 23, 23, 23, 23, 23, 23, 23, 24, 23] / writers=[24]
OOO / Test #121 / 1439449711778 / readers=[26, 26, 27, 27, 27, 27, 27, 26, 26, 26] / writers=[27]
OOO / Test #123 / 1439449711778 / readers=[21, 21, 21, 21, 21, 21, 21, 21, 21, 21] / writers=[22]
OOO / Test #108 / 1439449711778 / readers=[29, 29, 29, 29, 28, 28, 28, 28, 28, 28] / writers=[29]
OOO / Test #111 / 1439449711777 / readers=[29, 29, 30, 30, 29, 29, 29, 29, 29, 29] / writers=[30]
OOO / Test #83 / 1439449711777 / readers=[27, 27, 27, 27, 27, 27, 26, 26, 26, 26] / writers=[27]
OOO / Test #119 / 1439449711911 / readers=[24, 24, 24, 24, 24, 24, 24, 24, 24, 24] / writers=[25]
OOO / Test #120 / 1439449711775 / readers=[28, 29, 29, 29, 28, 29, 28, 28, 28, 28] / writers=[29]
OOO / Test #140 / 1439449711775 / readers=[27, 28, 28, 28, 27, 27, 27, 28, 27, 27] / writers=[28]
OOO / Test #70 / 1439449711775 / readers=[24, 24, 24, 24, 24, 24, 24, 24, 24, 23] / writers=[24]
OOO / Test #72 / 1439449711775 / readers=[29, 28, 29, 29, 29, 28, 29, 28, 28, 28] / writers=[29]
OOO / Test #83 / 1439449711911 / readers=[28, 28, 27, 28, 28, 28, 27, 27, 27, 27] / writers=[28]
OOO / Test #110 / 1439449711775 / readers=[26, 26, 26, 26, 26, 26, 26, 25, 26, 26] / writers=[26]
OOO / Test #138 / 1439449711775 / readers=[25, 25, 25, 25, 25, 25, 25, 25, 24, 24] / writers=[25]
OOO / Test #142 / 1439449711775 / readers=[25, 26, 26, 26, 26, 26, 26, 25, 25, 25] / writers=[26]
OOO / Test #126 / 1439449711772 / readers=[28, 28, 28, 28, 28, 27, 27, 27, 27, 28] / writers=[28]
OOO / Test #94 / 1439449711772 / readers=[23, 23, 24, 24, 24, 24, 24, 24, 23, 23] / writers=[24]
OOO / Test #107 / 1439449711772 / readers=[27, 27, 26, 27, 27, 27, 27, 26, 27, 27] / writers=[27]
OOO / Test #25 / 1439449711772 / readers=[37, 36, 37, 36, 36, 37, 37, 37, 37, 37] / writers=[37]
OOO / Test #1 / 1439449711772 / readers=[27, 27, 27, 27, 27, 27, 27, 26, 26, 26] / writers=[27]
OOO / Test #5 / 1439449711772 / readers=[49, 48, 49, 49, 49, 49, 49, 48, 48, 49] / writers=[49]
OOO / Test #131 / 1439449711772 / readers=[22, 22, 22, 22, 22, 22, 22, 22, 22, 22] / writers=[23]
OOO / Test #98 / 1439449711772 / readers=[22, 23, 23, 23, 23, 23, 23, 23, 23, 23] / writers=[23]
OOO / Test #103 / 1439449711772 / readers=[32, 32, 32, 32, 32, 32, 32, 32, 32, 32] / writers=[33]
OOO / Test #5 / 1439449711914 / readers=[50, 49, 50, 50, 50, 50, 49, 49, 49, 50] / writers=[50]
OOO / Test #1 / 1439449711914 / readers=[28, 27, 28, 28, 28, 28, 28, 27, 27, 27] / writers=[28]
OOO / Test #25 / 1439449711914 / readers=[38, 37, 38, 37, 37, 37, 38, 38, 38, 38] / writers=[38]
OOO / Test #94 / 1439449711914 / readers=[24, 24, 25, 25, 25, 25, 25, 24, 24, 24] / writers=[25]
OOO / Test #107 / 1439449711914 / readers=[28, 28, 27, 28, 28, 28, 27, 27, 28, 28] / writers=[28]
OOO / Test #5 / 1439449711916 / readers=[51, 50, 51, 51, 51, 50, 50, 50, 50, 51] / writers=[51]
OOO / Test #126 / 1439449711914 / readers=[29, 29, 29, 29, 28, 28, 28, 28, 28, 29] / writers=[29]
OOO / Test #142 / 1439449711914 / readers=[26, 27, 27, 27, 27, 27, 26, 26, 26, 26] / writers=[27]
OOO / Test #110 / 1439449711914 / readers=[27, 27, 27, 27, 27, 27, 27, 26, 26, 27] / writers=[27]
OOO / Test #138 / 1439449711914 / readers=[26, 26, 26, 26, 26, 26, 26, 25, 25, 25] / writers=[26]
OOO / Test #83 / 1439449711914 / readers=[29, 29, 28, 29, 29, 28, 28, 28, 28, 28] / writers=[29]
OOO / Test #72 / 1439449711911 / readers=[30, 29, 30, 30, 30, 29, 29, 29, 29, 29] / writers=[30]
OOO / Test #119 / 1439449711911 / readers=[26, 27, 27, 27, 27, 27, 27, 27, 27, 27] / writers=[27]
OOO / Test #70 / 1439449711911 / readers=[25, 25, 25, 25, 25, 25, 25, 25, 24, 24] / writers=[25]
OOO / Test #140 / 1439449711911 / readers=[28, 29, 29, 28, 28, 28, 28, 29, 28, 28] / writers=[29]
OOO / Test #110 / 1439449711919 / readers=[28, 28, 28, 28, 28, 28, 27, 27, 27, 28] / writers=[28]
OOO / Test #83 / 1439449711919 / readers=[30, 30, 29, 30, 29, 29, 29, 29, 29, 29] / writers=[30]
OOO / Test #123 / 1439449711911 / readers=[24, 24, 24, 24, 24, 24, 24, 24, 24, 23] / writers=[24]
OOO / Test #140 / 1439449711919 / readers=[29, 30, 29, 29, 29, 29, 29, 30, 29, 29] / writers=[30]
OOO / Test #120 / 1439449711911 / readers=[29, 30, 30, 30, 29, 29, 29, 29, 29, 29] / writers=[30]
OOO / Test #111 / 1439449711911 / readers=[30, 30, 31, 30, 30, 30, 30, 30, 30, 30] / writers=[31]
OOO / Test #108 / 1439449711911 / readers=[30, 30, 30, 29, 29, 29, 29, 29, 29, 29] / writers=[30]
OOO / Test #121 / 1439449711911 / readers=[27, 27, 28, 28, 28, 28, 27, 27, 27, 27] / writers=[28]
OOO / Test #140 / 1439449711922 / readers=[30, 31, 30, 30, 30, 30, 30, 30, 30, 30] / writers=[31]
OOO / Test #79 / 1439449711908 / readers=[24, 24, 24, 24, 24, 24, 24, 24, 24, 23] / writers=[24]
OOO / Test #120 / 1439449711922 / readers=[30, 31, 31, 30, 30, 30, 30, 30, 30, 30] / writers=[31]
OOO / Test #105 / 1439449711908 / readers=[24, 24, 24, 24, 24, 24, 24, 24, 24, 23] / writers=[24]
OOO / Test #99 / 1439449711908 / readers=[25, 25, 25, 25, 25, 25, 25, 25, 24, 24] / writers=[25]
OOO / Test #89 / 1439449711908 / readers=[30, 29, 30, 30, 29, 29, 29, 29, 29, 29] / writers=[30]
OOO / Test #115 / 1439449711908 / readers=[24, 24, 24, 24, 24, 24, 24, 24, 24, 23] / writers=[24]
OOO / Test #143 / 1439449711908 / readers=[21, 21, 21, 21, 21, 21, 21, 21, 21, 21] / writers=[22]
OOO / Test #69 / 1439449711908 / readers=[26, 26, 26, 26, 27, 27, 26, 26, 26, 26] / writers=[27]
OOO / Test #134 / 1439449711908 / readers=[27, 27, 28, 28, 27, 27, 27, 27, 28, 27] / writers=[28]
OOO / Test #132 / 1439449711905 / readers=[26, 26, 26, 26, 26, 26, 25, 26, 25, 25] / writers=[26]
OOO / Test #67 / 1439449711905 / readers=[27, 27, 27, 27, 27, 27, 27, 26, 26, 26] / writers=[27]
OOO / Test #81 / 1439449711905 / readers=[24, 24, 25, 25, 25, 25, 24, 24, 25, 24] / writers=[25]
OOO / Test #136 / 1439449711905 / readers=[26, 27, 27, 27, 27, 27, 26, 26, 26, 26] / writers=[27]
OOO / Test #102 / 1439449711905 / readers=[25, 25, 25, 25, 25, 25, 25, 25, 24, 24] / writers=[25]
OOO / Test #134 / 1439449711924 / readers=[28, 28, 29, 28, 28, 28, 28, 28, 29, 28] / writers=[29]
OOO / Test #132 / 1439449711924 / readers=[27, 27, 27, 27, 27, 27, 26, 26, 26, 26] / writers=[27]
OOO / Test #104 / 1439449711905 / readers=[28, 28, 27, 28, 28, 28, 27, 27, 27, 27] / writers=[28]
OOO / Test #112 / 1439449711905 / readers=[27, 27, 27, 27, 27, 27, 26, 26, 26, 26] / writers=[27]
OOO / Test #113 / 1439449711905 / readers=[28, 29, 29, 28, 29, 29, 28, 28, 28, 28] / writers=[29]
OOO / Test #82 / 1439449711902 / readers=[25, 25, 25, 25, 25, 25, 25, 25, 25, 24] / writers=[25]
OOO / Test #117 / 1439449711902 / readers=[30, 31, 31, 30, 30, 30, 30, 30, 30, 30] / writers=[31]
OOO / Test #129 / 1439449711902 / readers=[27, 27, 27, 27, 27, 27, 27, 26, 26, 26] / writers=[27]
OOO / Test #104 / 1439449711927 / readers=[29, 29, 28, 29, 29, 28, 28, 28, 28, 28] / writers=[29]
OOO / Test #113 / 1439449711927 / readers=[29, 30, 30, 29, 30, 29, 29, 29, 29, 29] / writers=[30]
OOO / Test #82 / 1439449711927 / readers=[26, 26, 26, 26, 26, 26, 26, 25, 26, 25] / writers=[26]
OOO / Test #74 / 1439449711902 / readers=[24, 24, 24, 24, 24, 24, 24, 24, 24, 24] / writers=[25]
OOO / Test #92 / 1439449711902 / readers=[29, 28, 29, 29, 29, 28, 28, 28, 28, 29] / writers=[29]
OOO / Test #106 / 1439449711902 / readers=[27, 26, 27, 27, 27, 27, 27, 26, 26, 26] / writers=[27]
OOO / Test #88 / 1439449711902 / readers=[26, 26, 26, 26, 26, 26, 26, 25, 25, 25] / writers=[26]
OOO / Test #68 / 1439449711902 / readers=[26, 27, 27, 27, 27, 27, 26, 26, 26, 26] / writers=[27]
OOO / Test #96 / 1439449711899 / readers=[26, 26, 26, 26, 26, 26, 25, 26, 25, 25] / writers=[26]
OOO / Test #87 / 1439449711899 / readers=[24, 24, 24, 24, 24, 24, 24, 24, 24, 23] / writers=[24]
OOO / Test #92 / 1439449711930 / readers=[30, 29, 30, 30, 29, 29, 29, 29, 29, 30] / writers=[30]
OOO / Test #135 / 1439449711899 / readers=[29, 29, 28, 29, 28, 29, 29, 28, 28, 28] / writers=[29]
OOO / Test #88 / 1439449711930 / readers=[27, 27, 27, 27, 27, 27, 26, 26, 26, 26] / writers=[27]
OOO / Test #74 / 1439449711930 / readers=[27, 27, 27, 27, 27, 27, 27, 26, 27, 27] / writers=[27]
OOO / Test #71 / 1439449711899 / readers=[28, 28, 29, 29, 28, 28, 28, 28, 28, 28] / writers=[29]
OOO / Test #125 / 1439449711899 / readers=[27, 27, 27, 27, 27, 27, 26, 26, 26, 26] / writers=[27]
OOO / Test #76 / 1439449711899 / readers=[32, 31, 31, 31, 31, 31, 31, 31, 31, 31] / writers=[32]
OOO / Test #86 / 1439449711899 / readers=[25, 25, 25, 25, 25, 25, 25, 25, 24, 24] / writers=[25]
OOO / Test #74 / 1439449711932 / readers=[27, 28, 28, 28, 28, 28, 28, 27, 28, 28] / writers=[28]
OOO / Test #77 / 1439449711896 / readers=[29, 30, 30, 30, 29, 29, 29, 29, 29, 29] / writers=[30]
OOO / Test #141 / 1439449711896 / readers=[32, 31, 31, 31, 31, 31, 31, 31, 31, 31] / writers=[32]
OOO / Test #29 / 1439449711896 / readers=[34, 34, 35, 35, 35, 34, 35, 35, 35, 35] / writers=[35]
OOO / Test #74 / 1439449711932 / readers=[28, 29, 29, 29, 29, 29, 29, 28, 29, 28] / writers=[29]
OOO / Test #86 / 1439449711932 / readers=[26, 26, 26, 26, 26, 26, 26, 25, 25, 25] / writers=[26]
OOO / Test #130 / 1439449711896 / readers=[29, 29, 29, 28, 29, 28, 28, 28, 28, 28] / writers=[29]
OOO / Test #78 / 1439449711896 / readers=[28, 28, 28, 28, 28, 27, 27, 27, 27, 27] / writers=[28]
OOO / Test #93 / 1439449711896 / readers=[26, 26, 26, 26, 26, 26, 26, 26, 25, 25] / writers=[26]
OOO / Test #116 / 1439449711896 / readers=[27, 27, 27, 28, 28, 28, 27, 27, 27, 27] / writers=[28]
OOO / Test #63 / 1439449711896 / readers=[21, 21, 21, 21, 21, 21, 21, 21, 21, 21] / writers=[22]
OOO / Test #124 / 1439449711896 / readers=[27, 27, 27, 27, 27, 27, 26, 26, 26, 26] / writers=[27]
OOO / Test #130 / 1439449711935 / readers=[30, 30, 30, 29, 29, 29, 29, 29, 29, 29] / writers=[30]
OOO / Test #78 / 1439449711935 / readers=[29, 29, 29, 29, 28, 28, 28, 28, 28, 28] / writers=[29]
OOO / Test #93 / 1439449711935 / readers=[27, 27, 27, 27, 27, 27, 27, 26, 26, 26] / writers=[27]
OOO / Test #85 / 1439449711896 / readers=[27, 27, 27, 26, 27, 27, 26, 27, 26, 26] / writers=[27]
OOO / Test #118 / 1439449711896 / readers=[22, 22, 22, 22, 22, 22, 22, 22, 22, 22] / writers=[23]
OOO / Test #66 / 1439449711894 / readers=[24, 24, 24, 24, 24, 24, 24, 24, 24, 23] / writers=[24]
OOO / Test #91 / 1439449711894 / readers=[25, 25, 25, 25, 25, 25, 25, 25, 24, 24] / writers=[25]
OOO / Test #128 / 1439449711894 / readers=[26, 26, 26, 26, 26, 26, 26, 25, 25, 25] / writers=[26]
OOO / Test #8 / 1439449711894 / readers=[52, 52, 52, 52, 52, 52, 52, 52, 52, 52] / writers=[53]
OOO / Test #114 / 1439449711894 / readers=[32, 31, 31, 31, 31, 31, 31, 31, 31, 31] / writers=[32]
OOO / Test #9 / 1439449711894 / readers=[51, 51, 51, 51, 51, 51, 52, 52, 51, 51] / writers=[52]
OOO / Test #66 / 1439449711938 / readers=[25, 25, 25, 25, 25, 25, 25, 25, 24, 24] / writers=[25]
OOO / Test #151 / 1439449711894 / readers=[26, 26, 26, 26, 26, 26, 25, 26, 25, 25] / writers=[26]
OOO / Test #144 / 1439449711894 / readers=[25, 25, 25, 25, 25, 25, 25, 24, 25, 24] / writers=[25]
OOO / Test #118 / 1439449711938 / readers=[25, 25, 25, 25, 25, 25, 25, 25, 25, 24] / writers=[25]
OOO / Test #128 / 1439449711938 / readers=[27, 27, 27, 27, 27, 27, 26, 26, 26, 26] / writers=[27]
OOO / Test #90 / 1439449711894 / readers=[26, 26, 26, 26, 26, 26, 26, 25, 25, 25] / writers=[26]
OOO / Test #65 / 1439449711894 / readers=[31, 30, 31, 30, 30, 30, 30, 30, 30, 30] / writers=[31]
OOO / Test #10 / 1439449711890 / readers=[36, 37, 37, 37, 37, 37, 37, 36, 36, 37] / writers=[37]
OOO / Test #75 / 1439449711890 / readers=[25, 25, 25, 25, 25, 25, 25, 25, 24, 24] / writers=[25]
OOO / Test #137 / 1439449711890 / readers=[26, 26, 26, 26, 26, 26, 26, 25, 25, 25] / writers=[26]
OOO / Test #127 / 1439449711890 / readers=[29, 29, 28, 29, 28, 28, 29, 28, 29, 28] / writers=[29]
OOO / Test #122 / 1439449711890 / readers=[29, 29, 29, 29, 28, 28, 28, 28, 28, 28] / writers=[29]
OOO / Test #139 / 1439449711890 / readers=[26, 26, 26, 26, 26, 26, 26, 25, 25, 25] / writers=[26]
OOO / Test #101 / 1439449711890 / readers=[23, 23, 24, 24, 24, 24, 24, 24, 23, 23] / writers=[24]
OOO / Test #84 / 1439449711887 / readers=[27, 27, 27, 27, 27, 27, 26, 26, 26, 27] / writers=[27]
OOO / Test #6 / 1439449711887 / readers=[59, 59, 59, 59, 59, 59, 59, 58, 58, 58] / writers=[59]
OOO / Test #17 / 1439449711887 / readers=[41, 41, 41, 42, 42, 42, 42, 42, 41, 42] / writers=[42]
OOO / Test #56 / 1439449711887 / readers=[39, 39, 38, 39, 38, 39, 39, 39, 39, 38] / writers=[39]
OOO / Test #80 / 1439449711887 / readers=[25, 25, 25, 25, 25, 25, 24, 24, 25, 25] / writers=[25]
OOO / Test #84 / 1439449711943 / readers=[28, 28, 28, 28, 28, 28, 27, 27, 27, 27] / writers=[28]
OOO / Test #48 / 1439449711887 / readers=[28, 28, 28, 28, 28, 27, 27, 27, 27, 27] / writers=[28]
OOO / Test #37 / 1439449711887 / readers=[30, 30, 30, 29, 30, 29, 29, 29, 29, 29] / writers=[30]
OOO / Test #149 / 1439449711886 / readers=[25, 25, 25, 25, 25, 25, 24, 25, 25, 25] / writers=[25]
OOO / Test #56 / 1439449711943 / readers=[40, 40, 39, 40, 39, 40, 39, 40, 40, 39] / writers=[40]
OOO / Test #21 / 1439449711883 / readers=[49, 49, 48, 49, 49, 49, 49, 49, 48, 48] / writers=[49]
OOO / Test #24 / 1439449711883 / readers=[33, 33, 33, 33, 33, 33, 33, 34, 33, 33] / writers=[34]
OOO / Test #109 / 1439449711883 / readers=[32, 32, 32, 32, 32, 32, 32, 32, 32, 32] / writers=[33]
OOO / Test #16 / 1439449711883 / readers=[48, 48, 48, 48, 48, 48, 48, 48, 47, 48] / writers=[48]
OOO / Test #42 / 1439449711883 / readers=[31, 31, 30, 30, 30, 30, 30, 30, 30, 30] / writers=[31]
OOO / Test #52 / 1439449711883 / readers=[32, 32, 32, 32, 32, 32, 32, 32, 32, 32] / writers=[33]
OOO / Test #19 / 1439449711883 / readers=[35, 35, 35, 35, 35, 36, 35, 36, 35, 35] / writers=[36]
OOO / Test #38 / 1439449711883 / readers=[31, 31, 30, 30, 30, 30, 30, 30, 30, 30] / writers=[31]
OOO / Test #32 / 1439449711880 / readers=[30, 29, 30, 29, 29, 29, 29, 29, 29, 29] / writers=[30]
OOO / Test #16 / 1439449711946 / readers=[49, 49, 49, 49, 49, 49, 48, 49, 48, 49] / writers=[49]
OOO / Test #155 / 1439449711880 / readers=[27, 27, 27, 27, 27, 27, 27, 26, 27, 27] / writers=[27]
OOO / Test #109 / 1439449711946 / readers=[35, 35, 35, 35, 35, 35, 35, 35, 35, 34] / writers=[35]
OOO / Test #34 / 1439449711880 / readers=[29, 29, 29, 29, 29, 30, 30, 29, 30, 29] / writers=[30]
OOO / Test #57 / 1439449711880 / readers=[31, 30, 30, 30, 31, 30, 30, 30, 30, 30] / writers=[31]
OOO / Test #109 / 1439449711950 / readers=[36, 36, 36, 36, 36, 36, 36, 36, 35, 35] / writers=[36]
OOO / Test #41 / 1439449711880 / readers=[27, 27, 28, 27, 27, 28, 28, 28, 27, 27] / writers=[28]
OOO / Test #133 / 1439449711880 / readers=[27, 27, 27, 27, 26, 27, 27, 27, 26, 27] / writers=[27]
OOO / Test #73 / 1439449711880 / readers=[31, 31, 30, 30, 30, 30, 31, 31, 31, 31] / writers=[31]
OOO / Test #45 / 1439449711879 / readers=[34, 33, 33, 34, 34, 33, 33, 34, 34, 33] / writers=[34]
OOO / Test #34 / 1439449711950 / readers=[30, 30, 30, 30, 30, 30, 31, 30, 31, 30] / writers=[31]
OOO / Test #12 / 1439449711875 / readers=[52, 51, 52, 52, 51, 51, 51, 51, 51, 51] / writers=[52]
OOO / Test #58 / 1439449711875 / readers=[29, 29, 29, 30, 29, 29, 29, 29, 29, 29] / writers=[30]
OOO / Test #145 / 1439449711875 / readers=[23, 24, 23, 24, 23, 23, 23, 23, 23, 23] / writers=[24]
OOO / Test #33 / 1439449711875 / readers=[26, 26, 26, 26, 26, 26, 26, 25, 26, 25] / writers=[26]
OOO / Test #59 / 1439449711875 / readers=[28, 28, 28, 27, 27, 27, 27, 27, 27, 27] / writers=[28]
OOO / Test #157 / 1439449711875 / readers=[30, 30, 29, 30, 29, 29, 29, 29, 29, 30] / writers=[30]
OOO / Test #154 / 1439449711875 / readers=[29, 29, 29, 28, 29, 28, 28, 28, 28, 28] / writers=[29]
OOO / Test #46 / 1439449711875 / readers=[32, 33, 33, 33, 33, 33, 32, 33, 33, 33] / writers=[33]
OOO / Test #26 / 1439449711875 / readers=[31, 31, 30, 30, 30, 31, 30, 30, 31, 31] / writers=[31]
OOO / Test #59 / 1439449711953 / readers=[29, 29, 28, 28, 28, 28, 28, 28, 28, 28] / writers=[29]
OOO / Test #35 / 1439449711872 / readers=[32, 31, 31, 31, 31, 31, 31, 31, 31, 31] / writers=[32]
OOO / Test #157 / 1439449711953 / readers=[31, 31, 30, 30, 30, 30, 30, 30, 30, 31] / writers=[31]
OOO / Test #4 / 1439449711872 / readers=[53, 54, 54, 53, 53, 53, 53, 53, 53, 53] / writers=[54]
OOO / Test #23 / 1439449711872 / readers=[34, 34, 34, 33, 34, 34, 34, 34, 34, 34] / writers=[34]
OOO / Test #14 / 1439449711872 / readers=[56, 56, 56, 56, 56, 56, 56, 56, 57, 57] / writers=[57]
OOO / Test #55 / 1439449711872 / readers=[31, 31, 32, 31, 31, 31, 31, 31, 31, 31] / writers=[32]
OOO / Test #39 / 1439449711872 / readers=[33, 33, 34, 33, 33, 33, 33, 33, 33, 33] / writers=[34]
OOO / Test #147 / 1439449711872 / readers=[25, 25, 25, 25, 25, 25, 25, 25, 25, 24] / writers=[25]
OOO / Test #23 / 1439449711957 / readers=[35, 35, 35, 34, 35, 35, 35, 35, 34, 35] / writers=[35]
OOO / Test #22 / 1439449711872 / readers=[31, 31, 31, 31, 31, 31, 31, 31, 31, 31] / writers=[32]
OOO / Test #51 / 1439449711872 / readers=[28, 28, 28, 28, 28, 29, 28, 28, 28, 28] / writers=[29]
OOO / Test #55 / 1439449711957 / readers=[32, 32, 32, 32, 32, 32, 32, 32, 32, 32] / writers=[33]
OOO / Test #36 / 1439449711872 / readers=[31, 31, 31, 30, 30, 30, 30, 31, 31, 31] / writers=[31]
OOO / Test #146 / 1439449711869 / readers=[29, 29, 29, 29, 29, 29, 28, 28, 28, 28] / writers=[29]
OOO / Test #198 / 1439449711869 / readers=[29, 29, 29, 29, 29, 28, 29, 28, 28, 28] / writers=[29]
OOO / Test #167 / 1439449711869 / readers=[27, 27, 27, 27, 27, 26, 27, 26, 26, 26] / writers=[27]
OOO / Test #148 / 1439449711869 / readers=[23, 23, 23, 23, 23, 23, 23, 23, 23, 23] / writers=[24]
OOO / Test #62 / 1439449711869 / readers=[29, 29, 29, 29, 29, 29, 28, 29, 29, 29] / writers=[29]
OOO / Test #36 / 1439449711959 / readers=[31, 32, 32, 31, 31, 31, 31, 32, 32, 32] / writers=[32]
OOO / Test #146 / 1439449711959 / readers=[30, 30, 29, 30, 30, 30, 29, 29, 29, 29] / writers=[30]
OOO / Test #49 / 1439449711869 / readers=[34, 34, 34, 35, 35, 35, 35, 35, 35, 34] / writers=[35]
OOO / Test #198 / 1439449711959 / readers=[30, 30, 30, 30, 29, 29, 30, 29, 29, 29] / writers=[30]
OOO / Test #18 / 1439449711869 / readers=[38, 38, 38, 38, 38, 38, 37, 38, 37, 37] / writers=[38]
OOO / Test #180 / 1439449711869 / readers=[27, 27, 27, 27, 27, 26, 26, 26, 26, 27] / writers=[27]
OOO / Test #61 / 1439449711869 / readers=[27, 27, 27, 27, 27, 27, 28, 28, 28, 28] / writers=[28]
OOO / Test #64 / 1439449711865 / readers=[25, 25, 25, 25, 25, 24, 25, 25, 25, 24] / writers=[25]
OOO / Test #162 / 1439449711865 / readers=[25, 26, 26, 26, 26, 26, 26, 26, 25, 25] / writers=[26]
OOO / Test #97 / 1439449711865 / readers=[27, 27, 28, 27, 28, 28, 28, 27, 27, 28] / writers=[28]
OOO / Test #28 / 1439449711865 / readers=[33, 34, 33, 34, 34, 34, 34, 34, 34, 34] / writers=[34]
OOO / Test #44 / 1439449711865 / readers=[31, 31, 30, 31, 30, 30, 30, 30, 30, 30] / writers=[31]
OOO / Test #15 / 1439449711865 / readers=[46, 46, 46, 47, 47, 47, 47, 47, 46, 46] / writers=[47]
OOO / Test #162 / 1439449711962 / readers=[26, 27, 27, 27, 27, 27, 27, 26, 26, 26] / writers=[27]
OOO / Test #64 / 1439449711962 / readers=[26, 26, 26, 26, 26, 25, 26, 26, 25, 25] / writers=[26]
OOO / Test #164 / 1439449711865 / readers=[27, 27, 27, 27, 27, 27, 26, 26, 26, 26] / writers=[27]
OOO / Test #43 / 1439449711865 / readers=[31, 32, 31, 31, 32, 32, 31, 31, 32, 31] / writers=[32]
OOO / Test #40 / 1439449711862 / readers=[27, 28, 28, 28, 28, 27, 28, 28, 28, 28] / writers=[28]
OOO / Test #31 / 1439449711862 / readers=[30, 31, 30, 31, 31, 31, 30, 31, 31, 31] / writers=[31]
OOO / Test #27 / 1439449711862 / readers=[31, 31, 30, 30, 30, 30, 30, 30, 31, 31] / writers=[31]
OOO / Test #30 / 1439449711862 / readers=[29, 29, 29, 29, 29, 29, 28, 28, 29, 29] / writers=[29]
OOO / Test #60 / 1439449711862 / readers=[26, 26, 26, 26, 26, 27, 27, 27, 27, 26] / writers=[27]
OOO / Test #43 / 1439449711965 / readers=[32, 33, 32, 32, 33, 33, 32, 32, 32, 32] / writers=[33]
OOO / Test #164 / 1439449711965 / readers=[28, 28, 28, 28, 28, 27, 27, 27, 27, 27] / writers=[28]
OOO / Test #40 / 1439449711965 / readers=[28, 29, 29, 29, 28, 28, 29, 29, 29, 29] / writers=[29]
OOO / Test #95 / 1439449711862 / readers=[29, 29, 29, 29, 29, 29, 28, 29, 29, 29] / writers=[29]
OOO / Test #152 / 1439449711862 / readers=[24, 25, 25, 25, 25, 24, 25, 25, 25, 24] / writers=[25]
OOO / Test #20 / 1439449711862 / readers=[32, 31, 31, 31, 31, 31, 31, 31, 32, 32] / writers=[32]
OOO / Test #100 / 1439449711862 / readers=[29, 30, 30, 29, 29, 30, 29, 29, 29, 29] / writers=[30]
OOO / Test #54 / 1439449711862 / readers=[35, 36, 35, 35, 35, 36, 35, 36, 35, 35] / writers=[36]
OOO / Test #161 / 1439449711859 / readers=[25, 25, 25, 25, 26, 26, 25, 25, 25, 25] / writers=[26]
OOO / Test #178 / 1439449711859 / readers=[29, 29, 29, 29, 29, 28, 29, 29, 28, 28] / writers=[29]
OOO / Test #192 / 1439449711859 / readers=[39, 39, 39, 39, 38, 38, 38, 39, 38, 38] / writers=[39]
OOO / Test #153 / 1439449711859 / readers=[33, 32, 32, 33, 33, 33, 33, 33, 33, 33] / writers=[33]
OOO / Test #54 / 1439449711967 / readers=[36, 37, 36, 36, 36, 37, 36, 36, 36, 36] / writers=[37]
OOO / Test #190 / 1439449711859 / readers=[34, 33, 34, 34, 34, 34, 34, 34, 34, 34] / writers=[34]
OOO / Test #160 / 1439449711859 / readers=[25, 25, 25, 25, 25, 25, 25, 25, 24, 24] / writers=[25]
OOO / Test #150 / 1439449711859 / readers=[26, 26, 27, 26, 27, 27, 27, 26, 26, 26] / writers=[27]
OOO / Test #182 / 1439449711859 / readers=[27, 27, 27, 27, 27, 27, 26, 26, 26, 26] / writers=[27]
OOO / Test #181 / 1439449711856 / readers=[25, 25, 25, 25, 25, 25, 25, 25, 24, 24] / writers=[25]
OOO / Test #158 / 1439449711856 / readers=[27, 28, 28, 28, 28, 27, 27, 27, 27, 27] / writers=[28]
OOO / Test #156 / 1439449711856 / readers=[22, 21, 21, 21, 21, 21, 21, 21, 21, 21] / writers=[22]
OOO / Test #13 / 1439449711855 / readers=[50, 50, 50, 51, 51, 51, 51, 50, 50, 50] / writers=[51]
OOO / Test #160 / 1439449711970 / readers=[26, 26, 26, 26, 26, 26, 26, 25, 25, 25] / writers=[26]
OOO / Test #150 / 1439449711970 / readers=[27, 27, 28, 27, 28, 28, 27, 27, 27, 27] / writers=[28]
OOO / Test #163 / 1439449711855 / readers=[30, 30, 30, 29, 29, 29, 29, 29, 29, 29] / writers=[30]
OOO / Test #181 / 1439449711970 / readers=[26, 26, 26, 26, 26, 26, 26, 25, 25, 25] / writers=[26]
OOO / Test #176 / 1439449711855 / readers=[25, 25, 25, 25, 25, 25, 24, 25, 25, 24] / writers=[25]
OOO / Test #166 / 1439449711855 / readers=[25, 25, 25, 26, 26, 26, 26, 25, 25, 25] / writers=[26]
OOO / Test #171 / 1439449711855 / readers=[25, 25, 25, 25, 26, 26, 26, 26, 25, 25] / writers=[26]
OOO / Test #177 / 1439449711853 / readers=[25, 26, 26, 26, 26, 26, 26, 25, 25, 25] / writers=[26]
OOO / Test #169 / 1439449711853 / readers=[26, 26, 26, 26, 26, 26, 26, 25, 25, 25] / writers=[26]
OOO / Test #181 / 1439449711973 / readers=[27, 27, 27, 27, 27, 26, 27, 26, 26, 26] / writers=[27]
OOO / Test #176 / 1439449711973 / readers=[26, 26, 26, 26, 26, 26, 25, 25, 26, 25] / writers=[26]
OOO / Test #7 / 1439449711853 / readers=[36, 37, 36, 37, 37, 37, 37, 37, 36, 36] / writers=[37]
OOO / Test #168 / 1439449711853 / readers=[23, 24, 24, 24, 24, 23, 24, 24, 24, 24] / writers=[24]
OOO / Test #171 / 1439449711973 / readers=[26, 26, 26, 26, 27, 27, 27, 26, 26, 26] / writers=[27]
OOO / Test #173 / 1439449711853 / readers=[29, 29, 29, 29, 28, 28, 28, 28, 28, 28] / writers=[29]
OOO / Test #191 / 1439449711853 / readers=[21, 21, 21, 21, 21, 21, 21, 21, 21, 21] / writers=[22]
OOO / Test #197 / 1439449711853 / readers=[28, 28, 28, 28, 28, 27, 27, 27, 28, 27] / writers=[28]
OOO / Test #174 / 1439449711849 / readers=[24, 24, 24, 24, 24, 24, 24, 24, 24, 23] / writers=[24]
OOO / Test #170 / 1439449711849 / readers=[22, 21, 21, 21, 21, 21, 21, 21, 21, 21] / writers=[22]
OOO / Test #200 / 1439449711849 / readers=[26, 26, 26, 26, 26, 26, 26, 25, 25, 25] / writers=[26]
OOO / Test #165 / 1439449711849 / readers=[20, 20, 20, 20, 20, 20, 20, 20, 20, 20] / writers=[21]
OOO / Test #196 / 1439449711849 / readers=[25, 25, 25, 26, 26, 26, 26, 25, 25, 25] / writers=[26]
OOO / Test #197 / 1439449711975 / readers=[29, 29, 29, 29, 28, 28, 28, 28, 29, 28] / writers=[29]
OOO / Test #174 / 1439449711975 / readers=[25, 25, 25, 25, 25, 25, 25, 25, 24, 24] / writers=[25]
OOO / Test #170 / 1439449711975 / readers=[22, 22, 22, 22, 22, 22, 22, 22, 22, 22] / writers=[23]
OOO / Test #187 / 1439449711849 / readers=[26, 26, 26, 26, 26, 26, 26, 25, 25, 25] / writers=[26]
OOO / Test #193 / 1439449711849 / readers=[20, 21, 20, 20, 20, 20, 20, 20, 20, 20] / writers=[21]
OOO / Test #186 / 1439449711849 / readers=[26, 26, 26, 26, 26, 26, 26, 25, 25, 25] / writers=[26]
OOO / Test #185 / 1439449711849 / readers=[26, 26, 26, 26, 26, 26, 26, 25, 25, 25] / writers=[26]
OOO / Test #194 / 1439449711846 / readers=[26, 26, 26, 26, 26, 26, 26, 25, 25, 25] / writers=[26]
OOO / Test #184 / 1439449711846 / readers=[21, 20, 20, 20, 20, 20, 20, 20, 20, 20] / writers=[21]
OOO / Test #199 / 1439449711846 / readers=[27, 27, 27, 27, 27, 27, 27, 27, 27, 27] / writers=[28]
OOO / Test #188 / 1439449711846 / readers=[26, 26, 26, 26, 25, 26, 26, 26, 25, 25] / writers=[26]
OOO / Test #194 / 1439449711978 / readers=[27, 27, 27, 27, 27, 27, 26, 26, 26, 26] / writers=[27]
OOO / Test #195 / 1439449711846 / readers=[25, 25, 25, 25, 25, 25, 25, 25, 24, 24] / writers=[25]
OOO / Test #183 / 1439449711846 / readers=[25, 26, 26, 25, 26, 26, 26, 26, 25, 25] / writers=[26]
OOO / Test #172 / 1439449711846 / readers=[25, 25, 25, 25, 25, 25, 25, 25, 24, 24] / writers=[25]
OOO / Test #159 / 1439449711846 / readers=[28, 29, 28, 29, 29, 28, 28, 28, 28, 28] / writers=[29]
OOO / Test #47 / 1439449711845 / readers=[28, 28, 27, 27, 28, 28, 28, 28, 27, 28] / writers=[28]
OOO / Test #53 / 1439449711845 / readers=[19, 18, 18, 19, 18, 18, 19, 19, 18, 19] / writers=[19]
OOO / Test #195 / 1439449711981 / readers=[26, 26, 26, 26, 26, 26, 26, 25, 25, 25] / writers=[26]
OOO / Test #183 / 1439449711981 / readers=[26, 27, 27, 26, 27, 27, 27, 26, 26, 26] / writers=[27]
OOO / Test #11 / 1439449711843 / readers=[52, 52, 52, 52, 52, 52, 52, 52, 52, 52] / writers=[53]
OOO / Test #3 / 1439449711843 / readers=[47, 47, 47, 47, 48, 48, 48, 47, 47, 47] / writers=[48]
OOO / Test #172 / 1439449711981 / readers=[26, 26, 26, 26, 26, 26, 26, 25, 25, 25] / writers=[26]
OOO / Test #189 / 1439449711843 / readers=[17, 17, 17, 17, 17, 16, 16, 16, 16, 16] / writers=[17]
OOO / Test #50 / 1439449711843 / readers=[28, 28, 28, 27, 27, 27, 28, 28, 28, 27] / writers=[28]
OOO / Test #179 / 1439449711843 / readers=[22, 22, 22, 22, 22, 23, 23, 23, 23, 23] / writers=[23]
OOO / Test #2 / 1439449711843 / readers=[30, 29, 30, 30, 30, 30, 29, 29, 29, 29] / writers=[30]
OOO / Test #175 / 1439449711843 / readers=[21, 21, 20, 20, 21, 21, 21, 21, 21, 21] / writers=[21]
OOO / Test #189 / 1439449711984 / readers=[18, 18, 18, 18, 17, 17, 17, 17, 17, 17] / writers=[18]
OOO / Test #11 / 1439449711982 / readers=[55, 54, 55, 55, 55, 55, 55, 55, 55, 55] / writers=[55]
OOO / Test #172 / 1439449711982 / readers=[27, 27, 27, 27, 27, 27, 26, 26, 26, 26] / writers=[27]
OOO / Test #3 / 1439449711982 / readers=[48, 48, 48, 48, 49, 49, 48, 48, 48, 48] / writers=[49]
OOO / Test #189 / 1439449711984 / readers=[19, 19, 19, 18, 18, 18, 18, 18, 18, 18] / writers=[19]
OOO / Test #175 / 1439449711985 / readers=[22, 21, 21, 21, 22, 22, 22, 22, 22, 22] / writers=[22]
OOO / Test #183 / 1439449711982 / readers=[27, 28, 28, 27, 28, 28, 27, 27, 27, 27] / writers=[28]
OOO / Test #53 / 1439449711982 / readers=[20, 19, 19, 20, 19, 19, 19, 20, 19, 20] / writers=[20]
OOO / Test #47 / 1439449711981 / readers=[29, 29, 28, 28, 29, 29, 29, 28, 28, 29] / writers=[29]
OOO / Test #195 / 1439449711981 / readers=[27, 27, 27, 27, 27, 27, 26, 26, 26, 26] / writers=[27]
OOO / Test #159 / 1439449711981 / readers=[29, 30, 29, 30, 29, 29, 29, 29, 29, 29] / writers=[30]
OOO / Test #175 / 1439449711988 / readers=[22, 22, 22, 22, 23, 23, 23, 23, 23, 23] / writers=[23]
OOO / Test #183 / 1439449711988 / readers=[28, 29, 29, 28, 29, 28, 28, 28, 28, 28] / writers=[29]
OOO / Test #53 / 1439449711988 / readers=[21, 20, 20, 21, 20, 20, 20, 20, 20, 21] / writers=[21]
OOO / Test #188 / 1439449711978 / readers=[27, 27, 27, 27, 26, 27, 27, 26, 26, 26] / writers=[27]
OOO / Test #199 / 1439449711978 / readers=[30, 30, 30, 29, 30, 30, 30, 30, 30, 30] / writers=[30]
OOO / Test #194 / 1439449711978 / readers=[28, 28, 28, 27, 28, 28, 27, 27, 27, 27] / writers=[28]
OOO / Test #184 / 1439449711978 / readers=[21, 21, 21, 21, 21, 21, 21, 21, 21, 21] / writers=[22]
OOO / Test #170 / 1439449711978 / readers=[25, 25, 25, 25, 25, 25, 25, 25, 25, 24] / writers=[25]
OOO / Test #185 / 1439449711978 / readers=[27, 27, 27, 27, 27, 27, 26, 26, 26, 26] / writers=[27]
OOO / Test #186 / 1439449711978 / readers=[27, 27, 27, 27, 27, 27, 26, 26, 26, 26] / writers=[27]
OOO / Test #193 / 1439449711978 / readers=[21, 21, 21, 21, 21, 21, 21, 21, 21, 21] / writers=[22]
OOO / Test #187 / 1439449711978 / readers=[27, 27, 27, 27, 27, 27, 26, 26, 26, 26] / writers=[27]
OOO / Test #170 / 1439449711991 / readers=[26, 26, 26, 26, 26, 26, 26, 26, 25, 25] / writers=[26]
OOO / Test #174 / 1439449711975 / readers=[26, 26, 26, 26, 26, 26, 26, 25, 25, 25] / writers=[26]
OOO / Test #165 / 1439449711975 / readers=[23, 23, 23, 23, 23, 23, 23, 23, 23, 22] / writers=[23]
OOO / Test #197 / 1439449711975 / readers=[30, 30, 30, 29, 29, 29, 29, 29, 30, 29] / writers=[30]
OOO / Test #196 / 1439449711975 / readers=[26, 26, 26, 27, 27, 27, 26, 26, 26, 26] / writers=[27]
OOO / Test #191 / 1439449711975 / readers=[24, 24, 24, 24, 24, 24, 24, 24, 23, 24] / writers=[24]
OOO / Test #200 / 1439449711975 / readers=[27, 27, 27, 27, 27, 27, 26, 26, 26, 26] / writers=[27]
OOO / Test #173 / 1439449711975 / readers=[30, 30, 29, 30, 29, 29, 29, 29, 29, 29] / writers=[30]
OOO / Test #171 / 1439449711973 / readers=[27, 27, 27, 27, 28, 27, 28, 27, 27, 27] / writers=[28]
OOO / Test #168 / 1439449711973 / readers=[24, 25, 25, 25, 25, 24, 25, 25, 25, 24] / writers=[25]
OOO / Test #7 / 1439449711973 / readers=[37, 38, 37, 38, 38, 38, 38, 37, 37, 37] / writers=[38]
OOO / Test #181 / 1439449711973 / readers=[28, 28, 28, 28, 27, 27, 28, 27, 27, 27] / writers=[28]
OOO / Test #176 / 1439449711973 / readers=[27, 27, 27, 27, 27, 26, 26, 26, 27, 26] / writers=[27]
OOO / Test #169 / 1439449711973 / readers=[27, 27, 27, 27, 27, 27, 26, 26, 26, 26] / writers=[27]
OOO / Test #177 / 1439449711973 / readers=[26, 27, 27, 27, 27, 27, 26, 26, 26, 26] / writers=[27]
OOO / Test #166 / 1439449711973 / readers=[26, 26, 26, 27, 27, 26, 27, 26, 26, 26] / writers=[27]
OOO / Test #163 / 1439449711970 / readers=[31, 31, 30, 30, 30, 30, 30, 30, 30, 30] / writers=[31]
OOO / Test #150 / 1439449711970 / readers=[28, 28, 29, 28, 29, 28, 28, 28, 28, 28] / writers=[29]
OOO / Test #160 / 1439449711970 / readers=[27, 27, 27, 27, 27, 27, 26, 26, 26, 26] / writers=[27]
OOO / Test #13 / 1439449711970 / readers=[51, 51, 51, 51, 52, 52, 52, 51, 51, 51] / writers=[52]
OOO / Test #156 / 1439449711970 / readers=[22, 22, 22, 22, 22, 22, 22, 22, 22, 22] / writers=[23]
OOO / Test #166 / 1439449711996 / readers=[27, 27, 27, 28, 28, 27, 27, 27, 27, 27] / writers=[28]
OOO / Test #163 / 1439449711996 / readers=[32, 31, 31, 31, 31, 31, 31, 31, 31, 31] / writers=[32]
OOO / Test #158 / 1439449711970 / readers=[28, 29, 29, 29, 28, 28, 28, 28, 28, 28] / writers=[29]
OOO / Test #182 / 1439449711970 / readers=[28, 28, 28, 28, 28, 27, 27, 27, 27, 27] / writers=[28]
OOO / Test #190 / 1439449711967 / readers=[35, 34, 35, 35, 35, 35, 35, 35, 35, 34] / writers=[35]
OOO / Test #54 / 1439449711967 / readers=[37, 38, 37, 37, 37, 37, 37, 37, 37, 37] / writers=[38]
OOO / Test #153 / 1439449711967 / readers=[33, 33, 33, 34, 34, 34, 34, 34, 34, 34] / writers=[34]
OOO / Test #192 / 1439449711967 / readers=[40, 40, 40, 39, 39, 39, 39, 40, 39, 39] / writers=[40]
OOO / Test #178 / 1439449711967 / readers=[30, 30, 30, 30, 29, 29, 30, 30, 29, 29] / writers=[30]
OOO / Test #182 / 1439449711999 / readers=[29, 29, 29, 29, 28, 28, 28, 28, 28, 28] / writers=[29]
OOO / Test #161 / 1439449711967 / readers=[26, 26, 26, 26, 27, 26, 26, 26, 26, 26] / writers=[27]
OOO / Test #190 / 1439449711999 / readers=[35, 35, 36, 36, 36, 36, 36, 36, 36, 35] / writers=[36]
OOO / Test #152 / 1439449711967 / readers=[25, 26, 26, 26, 26, 25, 26, 26, 25, 25] / writers=[26]
OOO / Test #100 / 1439449711967 / readers=[30, 31, 31, 30, 30, 30, 30, 30, 30, 30] / writers=[31]
OOO / Test #20 / 1439449711967 / readers=[33, 32, 32, 32, 32, 32, 32, 32, 33, 32] / writers=[33]
OOO / Test #95 / 1439449711967 / readers=[30, 30, 30, 30, 30, 30, 29, 29, 30, 30] / writers=[30]
OOO / Test #40 / 1439449711965 / readers=[29, 29, 30, 30, 29, 29, 30, 30, 30, 30] / writers=[30]
OOO / Test #60 / 1439449711965 / readers=[27, 27, 27, 27, 27, 27, 28, 28, 28, 27] / writers=[28]
OOO / Test #30 / 1439449711965 / readers=[30, 30, 30, 30, 30, 29, 29, 29, 30, 30] / writers=[30]
OOO / Test #164 / 1439449711965 / readers=[29, 29, 29, 29, 28, 28, 28, 28, 28, 28] / writers=[29]
OOO / Test #43 / 1439449711965 / readers=[33, 33, 33, 33, 34, 34, 33, 33, 33, 33] / writers=[34]
OOO / Test #27 / 1439449711965 / readers=[32, 31, 31, 31, 31, 31, 31, 31, 32, 32] / writers=[32]
OOO / Test #31 / 1439449711965 / readers=[31, 32, 31, 31, 32, 32, 31, 32, 32, 32] / writers=[32]
OOO / Test #64 / 1439449711962 / readers=[27, 27, 27, 27, 27, 26, 27, 26, 26, 26] / writers=[27]
OOO / Test #15 / 1439449711962 / readers=[47, 47, 47, 48, 48, 48, 48, 47, 47, 47] / writers=[48]
OOO / Test #162 / 1439449711962 / readers=[27, 28, 28, 28, 28, 28, 27, 27, 27, 27] / writers=[28]
OOO / Test #44 / 1439449711962 / readers=[32, 31, 31, 32, 31, 31, 31, 31, 31, 31] / writers=[32]
OOO / Test #28 / 1439449711962 / readers=[34, 35, 34, 35, 35, 34, 35, 35, 35, 35] / writers=[35]
OOO / Test #97 / 1439449711962 / readers=[28, 28, 29, 28, 29, 29, 29, 28, 28, 28] / writers=[29]
OOO / Test #64 / 1439449712005 / readers=[28, 28, 28, 28, 28, 27, 27, 27, 27, 27] / writers=[28]
OOO / Test #61 / 1439449711962 / readers=[28, 28, 28, 28, 28, 28, 28, 29, 29, 29] / writers=[29]
OOO / Test #15 / 1439449712005 / readers=[48, 48, 48, 49, 49, 49, 48, 48, 48, 48] / writers=[49]
OOO / Test #180 / 1439449711962 / readers=[28, 28, 28, 27, 28, 27, 27, 27, 27, 28] / writers=[28]
OOO / Test #148 / 1439449711960 / readers=[26, 26, 26, 26, 26, 26, 26, 26, 25, 26] / writers=[26]
OOO / Test #64 / 1439449712006 / readers=[29, 29, 29, 29, 28, 28, 28, 28, 28, 28] / writers=[29]
OOO / Test #18 / 1439449711960 / readers=[39, 39, 39, 38, 39, 39, 38, 39, 38, 38] / writers=[39]
OOO / Test #198 / 1439449711960 / readers=[31, 31, 31, 30, 30, 30, 31, 30, 30, 30] / writers=[31]
OOO / Test #49 / 1439449711960 / readers=[35, 35, 35, 36, 36, 36, 36, 36, 35, 35] / writers=[36]
OOO / Test #146 / 1439449711960 / readers=[31, 30, 30, 31, 31, 31, 30, 30, 30, 30] / writers=[31]
OOO / Test #64 / 1439449712008 / readers=[30, 30, 30, 29, 29, 29, 29, 29, 29, 29] / writers=[30]
OOO / Test #62 / 1439449711960 / readers=[30, 30, 30, 30, 29, 30, 29, 30, 30, 30] / writers=[30]
OOO / Test #36 / 1439449711959 / readers=[32, 33, 32, 32, 32, 32, 32, 33, 33, 33] / writers=[33]
OOO / Test #146 / 1439449712008 / readers=[32, 31, 31, 31, 32, 32, 31, 31, 31, 31] / writers=[32]
OOO / Test #64 / 1439449712008 / readers=[31, 30, 31, 30, 30, 30, 30, 30, 30, 30] / writers=[31]
OOO / Test #167 / 1439449711959 / readers=[28, 28, 28, 28, 27, 27, 28, 27, 27, 27] / writers=[28]
OOO / Test #55 / 1439449711957 / readers=[34, 35, 35, 35, 35, 35, 35, 35, 35, 35] / writers=[35]
OOO / Test #22 / 1439449711957 / readers=[33, 34, 34, 34, 34, 34, 34, 34, 34, 34] / writers=[34]
OOO / Test #51 / 1439449711957 / readers=[29, 29, 29, 29, 29, 29, 29, 29, 29, 29] / writers=[30]
OOO / Test #23 / 1439449711957 / readers=[36, 36, 36, 35, 36, 36, 36, 36, 35, 35] / writers=[36]
OOO / Test #39 / 1439449711957 / readers=[34, 34, 34, 34, 34, 34, 34, 34, 34, 34] / writers=[35]
OOO / Test #147 / 1439449711957 / readers=[26, 26, 26, 26, 26, 26, 25, 26, 26, 25] / writers=[26]
OOO / Test #55 / 1439449712011 / readers=[35, 36, 36, 36, 36, 36, 36, 36, 36, 35] / writers=[36]
OOO / Test #22 / 1439449712011 / readers=[34, 34, 35, 35, 35, 35, 35, 35, 35, 35] / writers=[35]
OOO / Test #14 / 1439449711957 / readers=[57, 57, 57, 57, 57, 57, 57, 57, 58, 57] / writers=[58]
OOO / Test #4 / 1439449711957 / readers=[54, 54, 55, 54, 54, 54, 54, 54, 54, 54] / writers=[55]
OOO / Test #157 / 1439449711953 / readers=[32, 31, 31, 31, 31, 31, 31, 31, 31, 32] / writers=[32]
OOO / Test #26 / 1439449711953 / readers=[32, 31, 31, 31, 31, 32, 31, 31, 32, 32] / writers=[32]
OOO / Test #35 / 1439449711953 / readers=[32, 32, 32, 32, 32, 32, 32, 32, 32, 32] / writers=[33]
OOO / Test #59 / 1439449711953 / readers=[30, 29, 29, 29, 29, 29, 29, 29, 29, 29] / writers=[30]
OOO / Test #46 / 1439449711953 / readers=[33, 33, 34, 34, 34, 34, 33, 34, 34, 34] / writers=[34]
OOO / Test #154 / 1439449711953 / readers=[30, 30, 30, 29, 29, 29, 29, 29, 29, 29] / writers=[30]
OOO / Test #145 / 1439449711953 / readers=[24, 25, 24, 24, 24, 24, 24, 24, 24, 24] / writers=[25]
OOO / Test #33 / 1439449711953 / readers=[27, 27, 27, 27, 27, 27, 26, 26, 27, 26] / writers=[27]
OOO / Test #59 / 1439449712014 / readers=[30, 30, 30, 30, 30, 30, 30, 30, 30, 30] / writers=[31]
OOO / Test #58 / 1439449711953 / readers=[30, 30, 30, 30, 30, 30, 30, 30, 30, 30] / writers=[31]
OOO / Test #46 / 1439449712014 / readers=[34, 34, 35, 35, 35, 34, 34, 35, 35, 35] / writers=[35]
OOO / Test #12 / 1439449711950 / readers=[53, 52, 53, 52, 52, 52, 52, 52, 52, 52] / writers=[53]
OOO / Test #73 / 1439449711950 / readers=[32, 31, 31, 31, 31, 31, 32, 32, 32, 32] / writers=[32]
OOO / Test #45 / 1439449711950 / readers=[35, 34, 34, 35, 35, 34, 34, 35, 34, 34] / writers=[35]
OOO / Test #34 / 1439449711950 / readers=[31, 31, 31, 31, 31, 31, 32, 31, 31, 31] / writers=[32]
OOO / Test #133 / 1439449711950 / readers=[28, 28, 28, 28, 27, 28, 28, 27, 27, 28] / writers=[28]
OOO / Test #41 / 1439449711950 / readers=[28, 28, 29, 28, 28, 28, 29, 29, 28, 28] / writers=[29]
OOO / Test #46 / 1439449712018 / readers=[35, 35, 36, 35, 36, 35, 35, 36, 36, 36] / writers=[36]
OOO / Test #57 / 1439449711950 / readers=[32, 31, 31, 31, 31, 31, 31, 31, 31, 31] / writers=[32]
OOO / Test #45 / 1439449712018 / readers=[36, 35, 35, 35, 36, 35, 35, 36, 35, 35] / writers=[36]
OOO / Test #109 / 1439449711950 / readers=[37, 37, 37, 37, 37, 37, 37, 36, 36, 36] / writers=[37]
OOO / Test #155 / 1439449711946 / readers=[28, 28, 28, 28, 28, 28, 27, 27, 28, 28] / writers=[28]
OOO / Test #16 / 1439449711946 / readers=[50, 50, 50, 49, 50, 50, 49, 50, 49, 50] / writers=[50]
OOO / Test #32 / 1439449711946 / readers=[31, 30, 30, 30, 30, 30, 30, 30, 30, 30] / writers=[31]
OOO / Test #52 / 1439449711946 / readers=[35, 35, 35, 35, 35, 35, 35, 35, 35, 34] / writers=[35]
OOO / Test #38 / 1439449711946 / readers=[32, 31, 31, 31, 31, 31, 31, 31, 31, 31] / writers=[32]
OOO / Test #109 / 1439449712021 / readers=[38, 38, 38, 38, 38, 38, 37, 37, 37, 37] / writers=[38]
OOO / Test #19 / 1439449711946 / readers=[36, 36, 36, 36, 36, 36, 36, 37, 36, 36] / writers=[37]
OOO / Test #42 / 1439449711946 / readers=[32, 31, 31, 31, 31, 31, 31, 31, 31, 31] / writers=[32]
OOO / Test #24 / 1439449711946 / readers=[34, 34, 34, 34, 34, 34, 34, 34, 34, 34] / writers=[35]
OOO / Test #21 / 1439449711943 / readers=[50, 50, 49, 50, 49, 50, 50, 50, 49, 49] / writers=[50]
OOO / Test #149 / 1439449711943 / readers=[26, 26, 26, 26, 26, 26, 25, 26, 26, 25] / writers=[26]
OOO / Test #56 / 1439449711943 / readers=[41, 41, 40, 41, 40, 40, 40, 41, 41, 40] / writers=[41]
OOO / Test #37 / 1439449711943 / readers=[31, 31, 30, 30, 31, 30, 30, 30, 30, 30] / writers=[31]
OOO / Test #48 / 1439449711943 / readers=[29, 29, 29, 29, 28, 28, 28, 28, 28, 28] / writers=[29]
OOO / Test #80 / 1439449711943 / readers=[26, 26, 26, 26, 26, 26, 25, 25, 26, 25] / writers=[26]
OOO / Test #84 / 1439449711943 / readers=[29, 29, 29, 29, 29, 28, 28, 28, 28, 28] / writers=[29]
OOO / Test #17 / 1439449711943 / readers=[42, 42, 42, 43, 43, 43, 43, 42, 42, 43] / writers=[43]
OOO / Test #56 / 1439449712024 / readers=[42, 42, 41, 42, 41, 41, 41, 41, 42, 41] / writers=[42]
OOO / Test #6 / 1439449711943 / readers=[60, 60, 60, 60, 60, 60, 59, 59, 59, 59] / writers=[60]
OOO / Test #101 / 1439449711941 / readers=[24, 24, 25, 25, 25, 25, 25, 24, 24, 24] / writers=[25]
OOO / Test #48 / 1439449712024 / readers=[29, 30, 30, 30, 29, 29, 29, 29, 29, 29] / writers=[30]
OOO / Test #122 / 1439449711941 / readers=[30, 30, 30, 29, 29, 29, 29, 29, 29, 29] / writers=[30]
OOO / Test #139 / 1439449711941 / readers=[26, 27, 27, 27, 27, 27, 27, 26, 26, 26] / writers=[27]
OOO / Test #127 / 1439449711941 / readers=[30, 30, 29, 29, 29, 29, 30, 29, 30, 29] / writers=[30]
OOO / Test #137 / 1439449711941 / readers=[27, 27, 27, 27, 27, 27, 26, 26, 26, 26] / writers=[27]
OOO / Test #48 / 1439449712028 / readers=[30, 31, 30, 31, 30, 30, 30, 30, 30, 30] / writers=[31]
OOO / Test #75 / 1439449711941 / readers=[26, 26, 26, 26, 26, 26, 26, 25, 25, 25] / writers=[26]
OOO / Test #10 / 1439449711941 / readers=[37, 38, 38, 38, 38, 38, 37, 37, 37, 38] / writers=[38]
OOO / Test #127 / 1439449712028 / readers=[31, 31, 30, 30, 30, 30, 30, 30, 31, 30] / writers=[31]
OOO / Test #65 / 1439449711940 / readers=[32, 31, 31, 31, 31, 31, 31, 31, 31, 31] / writers=[32]
OOO / Test #90 / 1439449711940 / readers=[27, 27, 27, 27, 27, 27, 26, 26, 26, 26] / writers=[27]
OOO / Test #128 / 1439449711940 / readers=[28, 28, 28, 28, 28, 27, 27, 27, 27, 27] / writers=[28]
OOO / Test #144 / 1439449711938 / readers=[26, 26, 26, 26, 26, 26, 26, 25, 25, 25] / writers=[26]
OOO / Test #8 / 1439449711938 / readers=[55, 54, 55, 55, 55, 55, 55, 55, 55, 55] / writers=[55]
OOO / Test #118 / 1439449711938 / readers=[26, 26, 26, 26, 26, 26, 26, 26, 25, 25] / writers=[26]
OOO / Test #151 / 1439449711938 / readers=[27, 27, 27, 27, 27, 27, 26, 26, 26, 26] / writers=[27]
OOO / Test #9 / 1439449711938 / readers=[52, 52, 52, 52, 52, 52, 53, 52, 52, 52] / writers=[53]
OOO / Test #66 / 1439449711938 / readers=[26, 26, 26, 26, 26, 26, 26, 25, 25, 25] / writers=[26]
OOO / Test #144 / 1439449712030 / readers=[27, 27, 27, 27, 27, 27, 26, 26, 26, 26] / writers=[27]
OOO / Test #114 / 1439449711938 / readers=[32, 32, 32, 32, 32, 32, 32, 32, 32, 32] / writers=[33]
OOO / Test #91 / 1439449711938 / readers=[26, 26, 26, 26, 26, 26, 26, 25, 25, 25] / writers=[26]
OOO / Test #85 / 1439449711935 / readers=[28, 28, 28, 27, 28, 28, 27, 27, 27, 27] / writers=[28]
OOO / Test #130 / 1439449711935 / readers=[32, 32, 31, 32, 32, 32, 32, 32, 32, 32] / writers=[32]
OOO / Test #63 / 1439449711935 / readers=[24, 24, 24, 24, 24, 24, 24, 24, 24, 23] / writers=[24]
OOO / Test #93 / 1439449711935 / readers=[28, 28, 28, 27, 28, 28, 28, 27, 27, 27] / writers=[28]
OOO / Test #78 / 1439449711935 / readers=[30, 30, 30, 29, 29, 29, 29, 29, 29, 29] / writers=[30]
OOO / Test #85 / 1439449712033 / readers=[29, 29, 29, 28, 29, 28, 28, 28, 28, 28] / writers=[29]
OOO / Test #130 / 1439449712033 / readers=[33, 32, 32, 33, 33, 33, 33, 33, 33, 33] / writers=[33]
OOO / Test #124 / 1439449711935 / readers=[28, 28, 28, 28, 27, 28, 27, 27, 27, 27] / writers=[28]
OOO / Test #116 / 1439449711935 / readers=[28, 28, 28, 29, 29, 29, 28, 28, 28, 28] / writers=[29]
OOO / Test #86 / 1439449711932 / readers=[27, 27, 27, 27, 27, 27, 26, 26, 26, 26] / writers=[27]
OOO / Test #85 / 1439449712033 / readers=[30, 30, 30, 29, 29, 29, 29, 29, 29, 29] / writers=[30]
OOO / Test #29 / 1439449711932 / readers=[35, 35, 36, 36, 36, 35, 36, 35, 36, 36] / writers=[36]
OOO / Test #74 / 1439449711932 / readers=[29, 30, 30, 29, 30, 30, 30, 29, 30, 29] / writers=[30]
OOO / Test #141 / 1439449711932 / readers=[32, 32, 32, 32, 32, 32, 32, 32, 32, 32] / writers=[33]
OOO / Test #85 / 1439449712037 / readers=[31, 31, 30, 30, 30, 30, 30, 30, 30, 30] / writers=[31]
OOO / Test #77 / 1439449711932 / readers=[30, 31, 31, 30, 30, 30, 30, 30, 30, 30] / writers=[31]
OOO / Test #76 / 1439449711932 / readers=[32, 32, 32, 32, 32, 32, 32, 32, 32, 32] / writers=[33]
OOO / Test #74 / 1439449712037 / readers=[30, 31, 30, 30, 31, 31, 31, 30, 31, 30] / writers=[31]
OOO / Test #125 / 1439449711932 / readers=[28, 28, 28, 28, 28, 27, 27, 27, 27, 27] / writers=[28]
OOO / Test #71 / 1439449711932 / readers=[29, 29, 30, 29, 29, 29, 29, 29, 29, 29] / writers=[30]
OOO / Test #135 / 1439449711930 / readers=[30, 30, 29, 30, 29, 30, 29, 29, 29, 29] / writers=[30]
OOO / Test #92 / 1439449711930 / readers=[31, 30, 31, 30, 30, 30, 30, 30, 30, 31] / writers=[31]
OOO / Test #88 / 1439449711930 / readers=[28, 28, 28, 28, 28, 27, 27, 27, 27, 27] / writers=[28]
OOO / Test #87 / 1439449711930 / readers=[25, 25, 25, 25, 25, 25, 25, 25, 24, 24] / writers=[25]
OOO / Test #96 / 1439449711930 / readers=[27, 27, 27, 27, 27, 27, 26, 26, 26, 26] / writers=[27]
OOO / Test #106 / 1439449711930 / readers=[29, 29, 29, 29, 29, 29, 28, 29, 29, 29] / writers=[29]
OOO / Test #68 / 1439449711930 / readers=[27, 28, 28, 28, 28, 27, 27, 27, 27, 27] / writers=[28]
OOO / Test #82 / 1439449711927 / readers=[27, 27, 27, 27, 27, 27, 26, 26, 27, 26] / writers=[27]
OOO / Test #113 / 1439449711927 / readers=[30, 31, 31, 30, 30, 30, 30, 30, 30, 30] / writers=[31]
OOO / Test #92 / 1439449712040 / readers=[32, 31, 32, 31, 31, 31, 31, 31, 31, 31] / writers=[32]
OOO / Test #96 / 1439449712040 / readers=[28, 28, 28, 28, 28, 27, 27, 27, 27, 27] / writers=[28]
OOO / Test #117 / 1439449711927 / readers=[31, 32, 31, 31, 31, 31, 31, 31, 31, 31] / writers=[32]
OOO / Test #104 / 1439449711927 / readers=[29, 30, 29, 30, 30, 29, 29, 29, 29, 29] / writers=[30]
OOO / Test #129 / 1439449711927 / readers=[28, 28, 28, 28, 27, 28, 28, 27, 27, 27] / writers=[28]
OOO / Test #112 / 1439449711927 / readers=[28, 28, 28, 28, 28, 27, 27, 27, 27, 27] / writers=[28]
OOO / Test #132 / 1439449711927 / readers=[28, 28, 28, 28, 28, 27, 27, 27, 27, 27] / writers=[28]
OOO / Test #102 / 1439449711924 / readers=[26, 26, 26, 26, 26, 26, 26, 25, 25, 25] / writers=[26]
OOO / Test #134 / 1439449711924 / readers=[29, 29, 29, 29, 29, 29, 29, 29, 30, 29] / writers=[30]
OOO / Test #129 / 1439449712043 / readers=[29, 28, 29, 29, 28, 29, 29, 28, 28, 28] / writers=[29]
OOO / Test #136 / 1439449711924 / readers=[27, 28, 28, 28, 27, 28, 27, 27, 27, 27] / writers=[28]
OOO / Test #102 / 1439449712043 / readers=[27, 27, 27, 27, 27, 27, 26, 26, 26, 26] / writers=[27]
OOO / Test #81 / 1439449711924 / readers=[25, 25, 26, 26, 26, 26, 25, 25, 25, 25] / writers=[26]
OOO / Test #67 / 1439449711924 / readers=[28, 28, 28, 28, 28, 27, 28, 27, 27, 27] / writers=[28]
OOO / Test #143 / 1439449711924 / readers=[24, 24, 24, 24, 24, 24, 24, 24, 24, 23] / writers=[24]
OOO / Test #69 / 1439449711924 / readers=[27, 27, 27, 27, 28, 27, 27, 27, 27, 27] / writers=[28]
OOO / Test #115 / 1439449711924 / readers=[25, 25, 25, 25, 25, 25, 25, 25, 24, 24] / writers=[25]
OOO / Test #89 / 1439449711924 / readers=[31, 30, 31, 30, 30, 30, 30, 30, 30, 30] / writers=[31]
OOO / Test #99 / 1439449711922 / readers=[26, 26, 26, 26, 26, 26, 26, 25, 25, 25] / writers=[26]
OOO / Test #105 / 1439449711922 / readers=[25, 25, 25, 25, 25, 25, 25, 25, 24, 24] / writers=[25]
OOO / Test #79 / 1439449711922 / readers=[25, 25, 25, 25, 25, 25, 25, 25, 24, 24] / writers=[25]
OOO / Test #120 / 1439449711922 / readers=[31, 32, 31, 31, 31, 31, 31, 31, 31, 31] / writers=[32]
OOO / Test #140 / 1439449711922 / readers=[31, 31, 31, 31, 31, 31, 31, 31, 31, 31] / writers=[32]
OOO / Test #99 / 1439449712046 / readers=[27, 27, 26, 27, 27, 27, 27, 26, 26, 26] / writers=[27]
OOO / Test #121 / 1439449711922 / readers=[28, 28, 29, 29, 29, 28, 28, 28, 28, 28] / writers=[29]
OOO / Test #108 / 1439449711922 / readers=[31, 31, 30, 30, 30, 30, 30, 30, 30, 30] / writers=[31]
OOO / Test #111 / 1439449711922 / readers=[31, 31, 31, 31, 31, 31, 31, 31, 31, 31] / writers=[32]
OOO / Test #123 / 1439449711919 / readers=[25, 25, 25, 25, 25, 25, 25, 24, 25, 24] / writers=[25]
OOO / Test #83 / 1439449711919 / readers=[31, 31, 30, 30, 30, 30, 30, 30, 30, 30] / writers=[31]
OOO / Test #99 / 1439449712049 / readers=[28, 28, 27, 28, 28, 27, 28, 27, 27, 27] / writers=[28]
OOO / Test #121 / 1439449712049 / readers=[29, 29, 30, 30, 29, 29, 29, 29, 29, 29] / writers=[30]
OOO / Test #108 / 1439449712049 / readers=[32, 31, 31, 31, 31, 31, 31, 31, 31, 31] / writers=[32]
OOO / Test #110 / 1439449711919 / readers=[29, 29, 29, 29, 29, 28, 28, 28, 28, 29] / writers=[29]
OOO / Test #70 / 1439449711919 / readers=[26, 26, 26, 26, 26, 26, 26, 25, 25, 25] / writers=[26]
OOO / Test #119 / 1439449711919 / readers=[27, 28, 28, 28, 28, 28, 27, 28, 28, 28] / writers=[28]
OOO / Test #72 / 1439449711919 / readers=[31, 30, 31, 31, 30, 30, 30, 30, 30, 30] / writers=[31]
OOO / Test #138 / 1439449711919 / readers=[27, 27, 27, 27, 27, 27, 26, 26, 26, 26] / writers=[27]
OOO / Test #142 / 1439449711917 / readers=[27, 28, 28, 28, 28, 27, 27, 27, 27, 27] / writers=[28]
OOO / Test #126 / 1439449711916 / readers=[29, 30, 30, 30, 29, 29, 29, 29, 29, 30] / writers=[30]
OOO / Test #5 / 1439449711916 / readers=[52, 51, 52, 52, 52, 51, 51, 51, 51, 51] / writers=[52]
OOO / Test #94 / 1439449711916 / readers=[25, 25, 26, 26, 26, 26, 25, 25, 25, 25] / writers=[26]
OOO / Test #107 / 1439449711916 / readers=[29, 29, 28, 29, 29, 28, 28, 28, 29, 29] / writers=[29]
OOO / Test #138 / 1439449712052 / readers=[28, 28, 28, 28, 28, 27, 27, 27, 27, 27] / writers=[28]
OOO / Test #1 / 1439449711916 / readers=[29, 28, 29, 29, 29, 29, 28, 28, 28, 28] / writers=[29]
OOO / Test #103 / 1439449711916 / readers=[35, 35, 35, 35, 35, 35, 35, 35, 35, 34] / writers=[35]
OOO / Test #25 / 1439449711916 / readers=[39, 38, 39, 38, 38, 38, 38, 39, 39, 39] / writers=[39]
OOO / Test #131 / 1439449711916 / readers=[25, 25, 25, 25, 25, 25, 25, 25, 25, 24] / writers=[25]
OOO / Test #98 / 1439449711916 / readers=[23, 24, 24, 24, 24, 24, 24, 24, 24, 23] / writers=[24]
OOO / Test #25 / 1439449712055 / readers=[40, 39, 39, 39, 39, 39, 39, 40, 40, 40] / writers=[40]
OOO / Test #131 / 1439449712055 / readers=[26, 26, 26, 26, 26, 26, 26, 25, 26, 25] / writers=[26]
OOO / Test #1 / 1439449712053 / readers=[30, 29, 30, 30, 29, 30, 29, 29, 29, 29] / writers=[30]
OOO / Test #94 / 1439449712053 / readers=[26, 26, 27, 27, 27, 26, 26, 26, 26, 26] / writers=[27]
OOO / Test #107 / 1439449712053 / readers=[30, 30, 29, 30, 29, 29, 29, 29, 30, 30] / writers=[30]
OOO / Test #98 / 1439449712055 / readers=[24, 25, 25, 25, 25, 25, 25, 25, 24, 24] / writers=[25]
OOO / Test #138 / 1439449712053 / readers=[29, 29, 29, 29, 28, 28, 28, 28, 28, 28] / writers=[29]
OOO / Test #5 / 1439449712053 / readers=[52, 52, 53, 53, 53, 52, 52, 52, 52, 52] / writers=[53]
OOO / Test #126 / 1439449712053 / readers=[30, 31, 31, 30, 30, 30, 30, 30, 30, 31] / writers=[31]
OOO / Test #142 / 1439449712053 / readers=[28, 29, 29, 29, 28, 28, 28, 28, 28, 28] / writers=[29]
OOO / Test #119 / 1439449712052 / readers=[28, 29, 29, 29, 29, 28, 28, 29, 29, 29] / writers=[29]
OOO / Test #138 / 1439449712058 / readers=[30, 30, 30, 29, 29, 29, 29, 29, 29, 29] / writers=[30]
OOO / Test #72 / 1439449712052 / readers=[31, 31, 32, 32, 31, 31, 31, 31, 31, 31] / writers=[32]
OOO / Test #70 / 1439449712052 / readers=[27, 27, 27, 27, 27, 27, 26, 26, 26, 26] / writers=[27]
OOO / Test #110 / 1439449712049 / readers=[30, 30, 30, 30, 29, 29, 29, 29, 29, 30] / writers=[30]
OOO / Test #138 / 1439449712058 / readers=[31, 30, 31, 30, 30, 30, 30, 30, 30, 30] / writers=[31]
OOO / Test #108 / 1439449712049 / readers=[32, 32, 32, 32, 32, 32, 32, 32, 32, 32] / writers=[33]
OOO / Test #83 / 1439449712049 / readers=[31, 32, 31, 31, 31, 31, 31, 31, 31, 31] / writers=[32]
OOO / Test #111 / 1439449712049 / readers=[33, 34, 34, 34, 34, 34, 34, 34, 34, 34] / writers=[34]
OOO / Test #121 / 1439449712049 / readers=[30, 30, 31, 30, 30, 30, 30, 30, 30, 30] / writers=[31]
OOO / Test #99 / 1439449712049 / readers=[29, 29, 28, 29, 29, 28, 28, 28, 28, 28] / writers=[29]
OOO / Test #123 / 1439449712049 / readers=[26, 26, 26, 26, 26, 26, 25, 25, 26, 25] / writers=[26]
OOO / Test #140 / 1439449712046 / readers=[33, 34, 34, 34, 34, 34, 34, 34, 34, 34] / writers=[34]
OOO / Test #79 / 1439449712046 / readers=[26, 26, 26, 26, 26, 26, 26, 25, 25, 25] / writers=[26]
OOO / Test #111 / 1439449712060 / readers=[34, 35, 35, 35, 35, 35, 35, 35, 35, 34] / writers=[35]
OOO / Test #120 / 1439449712046 / readers=[32, 32, 32, 32, 32, 32, 32, 32, 32, 32] / writers=[33]
OOO / Test #105 / 1439449712046 / readers=[26, 26, 26, 26, 26, 26, 26, 25, 25, 25] / writers=[26]
OOO / Test #89 / 1439449712046 / readers=[32, 31, 31, 31, 31, 31, 31, 31, 31, 31] / writers=[32]
OOO / Test #69 / 1439449712046 / readers=[28, 28, 28, 28, 28, 28, 28, 28, 28, 28] / writers=[29]
OOO / Test #115 / 1439449712046 / readers=[26, 26, 26, 26, 26, 26, 26, 25, 25, 25] / writers=[26]
OOO / Test #143 / 1439449712046 / readers=[25, 25, 25, 25, 25, 25, 25, 25, 24, 24] / writers=[25]
OOO / Test #67 / 1439449712046 / readers=[29, 29, 29, 29, 28, 28, 29, 28, 28, 28] / writers=[29]
OOO / Test #81 / 1439449712043 / readers=[26, 26, 27, 27, 27, 26, 26, 26, 26, 26] / writers=[27]
OOO / Test #102 / 1439449712043 / readers=[28, 28, 28, 28, 28, 27, 27, 27, 27, 27] / writers=[28]
OOO / Test #129 / 1439449712043 / readers=[30, 29, 30, 30, 29, 30, 29, 29, 29, 29] / writers=[30]
OOO / Test #136 / 1439449712043 / readers=[28, 29, 29, 28, 28, 29, 28, 28, 28, 28] / writers=[29]
OOO / Test #67 / 1439449712064 / readers=[30, 30, 30, 29, 29, 29, 30, 29, 29, 29] / writers=[30]
OOO / Test #134 / 1439449712043 / readers=[30, 30, 30, 30, 30, 30, 30, 30, 30, 30] / writers=[31]
OOO / Test #132 / 1439449712043 / readers=[29, 29, 29, 29, 28, 28, 28, 28, 28, 28] / writers=[29]
OOO / Test #112 / 1439449712043 / readers=[29, 29, 29, 29, 28, 28, 28, 28, 28, 28] / writers=[29]
OOO / Test #104 / 1439449712043 / readers=[30, 31, 30, 31, 30, 30, 30, 30, 30, 30] / writers=[31]
OOO / Test #117 / 1439449712043 / readers=[32, 32, 32, 32, 32, 32, 32, 32, 32, 32] / writers=[33]
OOO / Test #96 / 1439449712040 / readers=[29, 29, 29, 29, 28, 28, 28, 28, 28, 28] / writers=[29]
OOO / Test #113 / 1439449712040 / readers=[31, 32, 31, 31, 31, 31, 31, 31, 31, 31] / writers=[32]
OOO / Test #92 / 1439449712040 / readers=[33, 32, 32, 32, 32, 32, 32, 32, 32, 32] / writers=[33]
OOO / Test #82 / 1439449712040 / readers=[28, 28, 28, 28, 28, 27, 27, 27, 28, 27] / writers=[28]
OOO / Test #68 / 1439449712040 / readers=[28, 29, 28, 29, 29, 28, 28, 28, 28, 28] / writers=[29]
OOO / Test #106 / 1439449712040 / readers=[30, 30, 30, 30, 29, 30, 29, 30, 30, 30] / writers=[30]
OOO / Test #87 / 1439449712040 / readers=[26, 26, 26, 26, 26, 26, 26, 25, 25, 25] / writers=[26]
OOO / Test #88 / 1439449712040 / readers=[29, 29, 29, 28, 29, 28, 28, 28, 28, 28] / writers=[29]
OOO / Test #135 / 1439449712037 / readers=[31, 31, 30, 31, 30, 30, 30, 30, 30, 30] / writers=[31]
OOO / Test #71 / 1439449712037 / readers=[30, 30, 30, 30, 30, 30, 30, 30, 30, 30] / writers=[31]
OOO / Test #76 / 1439449712037 / readers=[35, 35, 35, 35, 35, 35, 35, 35, 35, 34] / writers=[35]
OOO / Test #125 / 1439449712037 / readers=[29, 29, 29, 29, 28, 28, 28, 28, 28, 28] / writers=[29]
OOO / Test #87 / 1439449712069 / readers=[27, 27, 27, 27, 27, 27, 26, 26, 26, 26] / writers=[27]
OOO / Test #74 / 1439449712037 / readers=[31, 32, 31, 31, 32, 31, 32, 31, 32, 31] / writers=[32]
OOO / Test #88 / 1439449712070 / readers=[30, 30, 29, 29, 30, 29, 29, 29, 29, 29] / writers=[30]
OOO / Test #141 / 1439449712037 / readers=[35, 35, 35, 35, 35, 35, 34, 35, 35, 35] / writers=[35]
OOO / Test #77 / 1439449712037 / readers=[31, 32, 31, 31, 31, 31, 31, 31, 31, 31] / writers=[32]
OOO / Test #85 / 1439449712037 / readers=[31, 32, 31, 31, 31, 31, 31, 31, 31, 31] / writers=[32]
OOO / Test #29 / 1439449712037 / readers=[36, 36, 36, 37, 37, 36, 37, 36, 37, 37] / writers=[37]
OOO / Test #86 / 1439449712033 / readers=[28, 28, 28, 28, 28, 27, 27, 27, 27, 27] / writers=[28]
OOO / Test #116 / 1439449712033 / readers=[29, 29, 29, 30, 30, 29, 29, 29, 29, 29] / writers=[30]
OOO / Test #124 / 1439449712033 / readers=[29, 29, 29, 29, 28, 28, 28, 28, 28, 28] / writers=[29]
OOO / Test #77 / 1439449712072 / readers=[32, 32, 32, 32, 32, 32, 32, 32, 32, 32] / writers=[33]
OOO / Test #130 / 1439449712033 / readers=[33, 33, 33, 34, 34, 34, 34, 34, 34, 34] / writers=[34]
OOO / Test #78 / 1439449712033 / readers=[31, 31, 30, 30, 30, 30, 30, 30, 30, 30] / writers=[31]
OOO / Test #63 / 1439449712033 / readers=[25, 25, 25, 25, 25, 25, 25, 24, 25, 24] / writers=[25]
OOO / Test #93 / 1439449712033 / readers=[29, 29, 29, 28, 29, 29, 28, 28, 28, 28] / writers=[29]
OOO / Test #124 / 1439449712072 / readers=[30, 30, 30, 29, 29, 29, 29, 29, 29, 29] / writers=[30]
OOO / Test #114 / 1439449712031 / readers=[35, 35, 35, 35, 35, 35, 35, 35, 35, 34] / writers=[35]
OOO / Test #91 / 1439449712031 / readers=[27, 27, 27, 27, 27, 27, 26, 26, 26, 26] / writers=[27]
OOO / Test #66 / 1439449712031 / readers=[27, 27, 27, 27, 27, 27, 26, 26, 26, 26] / writers=[27]
OOO / Test #144 / 1439449712031 / readers=[28, 28, 28, 28, 28, 27, 27, 27, 27, 27] / writers=[28]
OOO / Test #114 / 1439449712075 / readers=[36, 36, 36, 36, 36, 36, 36, 36, 35, 35] / writers=[36]
OOO / Test #9 / 1439449712031 / readers=[53, 53, 53, 53, 53, 53, 53, 53, 53, 53] / writers=[54]
OOO / Test #118 / 1439449712031 / readers=[27, 27, 27, 27, 27, 27, 27, 26, 26, 26] / writers=[27]
OOO / Test #151 / 1439449712031 / readers=[28, 28, 28, 28, 28, 27, 27, 27, 27, 27] / writers=[28]
OOO / Test #8 / 1439449712031 / readers=[56, 55, 55, 56, 56, 56, 56, 56, 56, 56] / writers=[56]
OOO / Test #128 / 1439449712030 / readers=[29, 29, 29, 28, 29, 28, 28, 28, 28, 28] / writers=[29]
OOO / Test #90 / 1439449712028 / readers=[28, 28, 28, 28, 28, 27, 27, 27, 27, 27] / writers=[28]
OOO / Test #65 / 1439449712028 / readers=[32, 32, 32, 32, 32, 32, 32, 32, 32, 32] / writers=[33]
OOO / Test #128 / 1439449712080 / readers=[30, 30, 30, 29, 29, 29, 29, 29, 29, 29] / writers=[30]
OOO / Test #10 / 1439449712028 / readers=[38, 39, 39, 39, 39, 38, 38, 38, 38, 39] / writers=[39]
OOO / Test #127 / 1439449712028 / readers=[32, 31, 31, 31, 31, 31, 31, 31, 32, 31] / writers=[32]
OOO / Test #75 / 1439449712028 / readers=[27, 27, 27, 27, 27, 27, 26, 26, 26, 26] / writers=[27]
OOO / Test #137 / 1439449712028 / readers=[28, 28, 28, 28, 28, 27, 27, 27, 27, 27] / writers=[28]
OOO / Test #48 / 1439449712028 / readers=[31, 31, 31, 32, 31, 31, 31, 31, 31, 31] / writers=[32]
OOO / Test #139 / 1439449712028 / readers=[27, 28, 28, 28, 28, 27, 28, 27, 27, 27] / writers=[28]
OOO / Test #128 / 1439449712080 / readers=[31, 31, 30, 30, 30, 30, 30, 30, 30, 30] / writers=[31]
OOO / Test #122 / 1439449712028 / readers=[31, 30, 31, 30, 30, 30, 30, 30, 30, 30] / writers=[31]
OOO / Test #101 / 1439449712025 / readers=[25, 25, 26, 26, 26, 26, 25, 25, 25, 25] / writers=[26]
OOO / Test #6 / 1439449712025 / readers=[61, 61, 61, 61, 61, 60, 60, 60, 60, 60] / writers=[61]
OOO / Test #56 / 1439449712024 / readers=[43, 43, 42, 43, 42, 42, 42, 42, 42, 42] / writers=[43]
OOO / Test #17 / 1439449712024 / readers=[43, 43, 43, 44, 44, 44, 43, 43, 43, 44] / writers=[44]
OOO / Test #84 / 1439449712024 / readers=[30, 30, 30, 30, 29, 29, 29, 29, 29, 29] / writers=[30]
OOO / Test #122 / 1439449712083 / readers=[32, 31, 31, 31, 31, 31, 31, 31, 31, 31] / writers=[32]
OOO / Test #80 / 1439449712024 / readers=[27, 27, 27, 27, 27, 27, 26, 26, 26, 26] / writers=[27]
OOO / Test #101 / 1439449712083 / readers=[26, 26, 27, 27, 27, 26, 26, 26, 26, 26] / writers=[27]
OOO / Test #37 / 1439449712024 / readers=[32, 32, 31, 31, 31, 31, 31, 31, 31, 31] / writers=[32]
OOO / Test #149 / 1439449712024 / readers=[27, 27, 27, 27, 27, 27, 26, 27, 26, 26] / writers=[27]
OOO / Test #24 / 1439449712021 / readers=[37, 36, 37, 37, 37, 37, 37, 37, 37, 37] / writers=[37]
OOO / Test #21 / 1439449712021 / readers=[51, 51, 50, 50, 50, 51, 51, 51, 50, 50] / writers=[51]
OOO / Test #42 / 1439449712021 / readers=[32, 32, 32, 32, 32, 32, 32, 32, 32, 32] / writers=[33]
OOO / Test #19 / 1439449712021 / readers=[37, 37, 37, 37, 37, 37, 37, 37, 37, 37] / writers=[38]
OOO / Test #109 / 1439449712021 / readers=[39, 39, 39, 39, 39, 38, 38, 38, 38, 38] / writers=[39]
OOO / Test #149 / 1439449712088 / readers=[28, 28, 28, 28, 28, 28, 27, 27, 27, 27] / writers=[28]
OOO / Test #24 / 1439449712088 / readers=[38, 37, 38, 38, 38, 38, 37, 38, 38, 38] / writers=[38]
OOO / Test #38 / 1439449712021 / readers=[32, 32, 32, 32, 32, 32, 32, 32, 32, 32] / writers=[33]
OOO / Test #52 / 1439449712021 / readers=[36, 36, 36, 36, 36, 36, 35, 36, 36, 35] / writers=[36]
OOO / Test #32 / 1439449712021 / readers=[31, 31, 31, 31, 31, 31, 31, 31, 31, 31] / writers=[32]
OOO / Test #155 / 1439449712021 / readers=[29, 29, 29, 29, 29, 28, 28, 28, 29, 29] / writers=[29]
OOO / Test #16 / 1439449712021 / readers=[51, 51, 51, 50, 51, 51, 50, 50, 50, 51] / writers=[51]
OOO / Test #57 / 1439449712018 / readers=[32, 32, 32, 32, 32, 32, 32, 32, 32, 32] / writers=[33]
OOO / Test #45 / 1439449712018 / readers=[37, 36, 36, 36, 36, 36, 36, 37, 36, 36] / writers=[37]
OOO / Test #41 / 1439449712018 / readers=[29, 29, 30, 29, 29, 29, 30, 29, 29, 29] / writers=[30]
OOO / Test #46 / 1439449712018 / readers=[36, 36, 36, 36, 37, 36, 36, 37, 37, 37] / writers=[37]
OOO / Test #133 / 1439449712018 / readers=[29, 29, 29, 29, 28, 29, 28, 28, 28, 29] / writers=[29]
OOO / Test #155 / 1439449712091 / readers=[30, 30, 30, 30, 29, 29, 29, 29, 30, 30] / writers=[30]
OOO / Test #32 / 1439449712091 / readers=[34, 33, 34, 34, 34, 34, 34, 34, 34, 34] / writers=[34]
OOO / Test #34 / 1439449712018 / readers=[32, 32, 32, 32, 32, 32, 32, 32, 32, 32] / writers=[33]
OOO / Test #45 / 1439449712091 / readers=[38, 37, 37, 37, 37, 37, 37, 37, 37, 37] / writers=[38]
OOO / Test #73 / 1439449712018 / readers=[32, 32, 32, 32, 32, 32, 33, 33, 33, 33] / writers=[33]
OOO / Test #12 / 1439449712018 / readers=[54, 53, 53, 53, 53, 53, 53, 53, 53, 53] / writers=[54]
OOO / Test #58 / 1439449712015 / readers=[32, 33, 33, 33, 33, 33, 33, 33, 33, 33] / writers=[33]
OOO / Test #59 / 1439449712015 / readers=[33, 33, 33, 33, 33, 33, 33, 33, 32, 33] / writers=[33]
OOO / Test #33 / 1439449712015 / readers=[28, 28, 28, 28, 28, 27, 27, 27, 28, 27] / writers=[28]
OOO / Test #154 / 1439449712015 / readers=[31, 31, 30, 30, 30, 30, 30, 30, 30, 30] / writers=[31]
OOO / Test #145 / 1439449712015 / readers=[25, 25, 25, 25, 25, 25, 25, 25, 25, 25] / writers=[26]
OOO / Test #58 / 1439449712096 / readers=[33, 34, 34, 34, 33, 34, 34, 34, 34, 34] / writers=[34]
OOO / Test #35 / 1439449712014 / readers=[35, 35, 35, 35, 35, 35, 35, 35, 34, 35] / writers=[35]
OOO / Test #59 / 1439449712096 / readers=[34, 34, 34, 34, 34, 34, 34, 33, 33, 34] / writers=[34]
OOO / Test #26 / 1439449712014 / readers=[32, 32, 32, 32, 32, 33, 32, 32, 33, 33] / writers=[33]
OOO / Test #157 / 1439449712014 / readers=[33, 32, 32, 32, 32, 32, 32, 32, 32, 32] / writers=[33]
OOO / Test #4 / 1439449712011 / readers=[55, 55, 55, 55, 55, 55, 55, 55, 55, 55] / writers=[56]
OOO / Test #14 / 1439449712011 / readers=[58, 58, 58, 58, 58, 58, 58, 58, 58, 58] / writers=[59]
OOO / Test #22 / 1439449712011 / readers=[35, 35, 36, 36, 36, 36, 36, 36, 35, 36] / writers=[36]
OOO / Test #39 / 1439449712011 / readers=[37, 37, 37, 37, 37, 37, 36, 37, 37, 37] / writers=[37]
OOO / Test #147 / 1439449712011 / readers=[27, 27, 27, 27, 27, 27, 26, 27, 26, 26] / writers=[27]
OOO / Test #157 / 1439449712099 / readers=[33, 33, 33, 33, 33, 33, 33, 33, 33, 33] / writers=[34]
OOO / Test #51 / 1439449712011 / readers=[32, 32, 31, 32, 32, 32, 32, 32, 32, 32] / writers=[32]
OOO / Test #22 / 1439449712099 / readers=[36, 36, 37, 37, 37, 37, 36, 37, 36, 37] / writers=[37]
OOO / Test #55 / 1439449712011 / readers=[36, 37, 37, 37, 37, 37, 37, 37, 36, 36] / writers=[37]
OOO / Test #23 / 1439449712011 / readers=[37, 37, 37, 36, 37, 37, 37, 36, 36, 36] / writers=[37]
OOO / Test #167 / 1439449712011 / readers=[29, 29, 29, 29, 28, 28, 28, 28, 28, 28] / writers=[29]
OOO / Test #36 / 1439449712008 / readers=[33, 34, 33, 33, 33, 33, 33, 34, 33, 34] / writers=[34]
OOO / Test #146 / 1439449712008 / readers=[32, 32, 32, 32, 33, 33, 32, 32, 32, 32] / writers=[33]
OOO / Test #55 / 1439449712101 / readers=[37, 38, 38, 38, 38, 38, 38, 37, 37, 37] / writers=[38]
OOO / Test #64 / 1439449712008 / readers=[32, 31, 31, 31, 31, 31, 31, 31, 31, 31] / writers=[32]
OOO / Test #167 / 1439449712101 / readers=[30, 30, 30, 29, 29, 29, 29, 29, 29, 29] / writers=[30]
OOO / Test #36 / 1439449712101 / readers=[34, 35, 34, 34, 34, 34, 34, 34, 34, 35] / writers=[35]
OOO / Test #62 / 1439449712008 / readers=[31, 31, 31, 31, 30, 30, 30, 31, 31, 31] / writers=[31]
OOO / Test #146 / 1439449712101 / readers=[33, 33, 33, 33, 34, 33, 33, 33, 33, 33] / writers=[34]
OOO / Test #49 / 1439449712008 / readers=[36, 36, 36, 37, 37, 37, 37, 36, 36, 36] / writers=[37]
OOO / Test #198 / 1439449712008 / readers=[32, 31, 32, 31, 31, 31, 32, 31, 31, 31] / writers=[32]
OOO / Test #18 / 1439449712008 / readers=[40, 40, 40, 39, 40, 39, 39, 40, 39, 39] / writers=[40]
OOO / Test #180 / 1439449712006 / readers=[29, 29, 29, 28, 28, 28, 28, 28, 28, 29] / writers=[29]
OOO / Test #148 / 1439449712006 / readers=[27, 27, 27, 27, 27, 27, 27, 26, 26, 27] / writers=[27]
OOO / Test #146 / 1439449712104 / readers=[34, 34, 34, 34, 34, 34, 34, 34, 34, 34] / writers=[35]
OOO / Test #49 / 1439449712104 / readers=[37, 37, 37, 38, 38, 38, 37, 37, 37, 37] / writers=[38]
OOO / Test #15 / 1439449712006 / readers=[49, 49, 49, 50, 50, 49, 49, 49, 49, 49] / writers=[50]
OOO / Test #18 / 1439449712104 / readers=[41, 41, 41, 40, 40, 40, 40, 41, 40, 40] / writers=[41]
OOO / Test #61 / 1439449712006 / readers=[29, 29, 29, 29, 29, 29, 29, 29, 30, 30] / writers=[30]
OOO / Test #97 / 1439449712006 / readers=[29, 29, 30, 29, 30, 30, 29, 29, 29, 29] / writers=[30]
OOO / Test #28 / 1439449712005 / readers=[35, 36, 35, 36, 36, 35, 36, 36, 35, 36] / writers=[36]
OOO / Test #162 / 1439449712005 / readers=[28, 29, 29, 29, 29, 28, 28, 28, 28, 28] / writers=[29]
OOO / Test #44 / 1439449712005 / readers=[33, 32, 32, 32, 32, 32, 32, 32, 32, 32] / writers=[33]
OOO / Test #31 / 1439449712003 / readers=[32, 33, 32, 32, 33, 33, 32, 33, 32, 33] / writers=[33]
OOO / Test #43 / 1439449712003 / readers=[34, 34, 34, 34, 34, 35, 34, 34, 34, 34] / writers=[35]
OOO / Test #61 / 1439449712107 / readers=[30, 30, 30, 30, 30, 30, 30, 30, 30, 31] / writers=[31]
OOO / Test #27 / 1439449712003 / readers=[32, 32, 32, 32, 32, 32, 32, 32, 33, 33] / writers=[33]
OOO / Test #97 / 1439449712107 / readers=[30, 30, 30, 30, 31, 31, 30, 30, 30, 30] / writers=[31]
OOO / Test #162 / 1439449712107 / readers=[29, 30, 30, 29, 30, 29, 29, 29, 29, 29] / writers=[30]
OOO / Test #164 / 1439449712003 / readers=[30, 30, 30, 29, 29, 29, 29, 29, 29, 29] / writers=[30]
OOO / Test #30 / 1439449712003 / readers=[31, 31, 31, 30, 31, 30, 30, 30, 31, 31] / writers=[31]
OOO / Test #95 / 1439449712003 / readers=[31, 31, 31, 30, 31, 31, 30, 30, 31, 31] / writers=[31]
OOO / Test #60 / 1439449712003 / readers=[28, 28, 28, 28, 28, 28, 28, 29, 29, 28] / writers=[29]
OOO / Test #40 / 1439449712003 / readers=[30, 30, 31, 31, 30, 30, 31, 31, 30, 31] / writers=[31]
OOO / Test #164 / 1439449712109 / readers=[31, 30, 31, 30, 30, 30, 30, 30, 30, 30] / writers=[31]
OOO / Test #20 / 1439449712003 / readers=[33, 33, 33, 33, 33, 33, 33, 33, 34, 33] / writers=[34]
OOO / Test #100 / 1439449712003 / readers=[31, 32, 31, 31, 31, 31, 31, 31, 31, 31] / writers=[32]
OOO / Test #60 / 1439449712109 / readers=[29, 29, 29, 29, 29, 29, 29, 29, 30, 29] / writers=[30]
OOO / Test #40 / 1439449712109 / readers=[31, 31, 32, 32, 31, 31, 32, 32, 31, 31] / writers=[32]
OOO / Test #152 / 1439449711999 / readers=[26, 27, 27, 27, 27, 26, 27, 26, 26, 26] / writers=[27]
OOO / Test #161 / 1439449711999 / readers=[27, 27, 27, 27, 27, 27, 27, 27, 27, 27] / writers=[28]
OOO / Test #190 / 1439449711999 / readers=[36, 36, 37, 37, 37, 37, 37, 37, 36, 36] / writers=[37]
OOO / Test #178 / 1439449711999 / readers=[31, 31, 31, 30, 30, 30, 31, 31, 30, 30] / writers=[31]
OOO / Test #182 / 1439449711999 / readers=[30, 30, 30, 29, 29, 29, 29, 29, 29, 29] / writers=[30]
OOO / Test #192 / 1439449711999 / readers=[41, 41, 40, 40, 40, 40, 40, 41, 40, 40] / writers=[41]
OOO / Test #153 / 1439449711999 / readers=[34, 34, 34, 35, 35, 34, 35, 35, 35, 35] / writers=[35]
OOO / Test #54 / 1439449711999 / readers=[38, 38, 38, 38, 38, 38, 38, 38, 38, 38] / writers=[39]
OOO / Test #158 / 1439449711999 / readers=[29, 30, 30, 29, 29, 29, 29, 29, 29, 29] / writers=[30]
OOO / Test #182 / 1439449712112 / readers=[31, 31, 30, 30, 30, 30, 30, 30, 30, 30] / writers=[31]
OOO / Test #161 / 1439449712112 / readers=[30, 30, 30, 29, 30, 30, 30, 30, 30, 30] / writers=[30]
OOO / Test #156 / 1439449711996 / readers=[25, 25, 25, 25, 25, 25, 25, 25, 25, 24] / writers=[25]
OOO / Test #163 / 1439449711996 / readers=[32, 32, 32, 32, 32, 32, 32, 32, 32, 32] / writers=[33]
OOO / Test #13 / 1439449711996 / readers=[52, 52, 52, 52, 52, 53, 53, 52, 52, 52] / writers=[53]
OOO / Test #160 / 1439449711996 / readers=[28, 28, 27, 28, 28, 28, 27, 27, 27, 27] / writers=[28]
OOO / Test #166 / 1439449711996 / readers=[28, 28, 28, 29, 28, 28, 28, 28, 28, 28] / writers=[29]
OOO / Test #150 / 1439449711996 / readers=[29, 29, 30, 29, 29, 29, 29, 29, 29, 29] / writers=[30]
OOO / Test #156 / 1439449712115 / readers=[26, 26, 26, 26, 26, 26, 26, 26, 25, 25] / writers=[26]
OOO / Test #177 / 1439449711996 / readers=[27, 28, 28, 28, 28, 27, 27, 27, 27, 27] / writers=[28]
OOO / Test #169 / 1439449711996 / readers=[28, 28, 28, 28, 27, 28, 27, 27, 27, 27] / writers=[28]
OOO / Test #160 / 1439449712115 / readers=[29, 29, 28, 29, 29, 28, 28, 28, 28, 28] / writers=[29]
OOO / Test #176 / 1439449711993 / readers=[28, 28, 28, 28, 27, 27, 27, 27, 28, 27] / writers=[28]
OOO / Test #181 / 1439449711993 / readers=[29, 29, 29, 28, 28, 28, 29, 28, 28, 28] / writers=[29]
OOO / Test #7 / 1439449711993 / readers=[38, 39, 38, 39, 39, 39, 38, 38, 38, 38] / writers=[39]
OOO / Test #171 / 1439449711993 / readers=[28, 28, 28, 28, 29, 28, 28, 28, 28, 28] / writers=[29]
OOO / Test #168 / 1439449711993 / readers=[25, 26, 26, 26, 26, 25, 26, 26, 25, 25] / writers=[26]
OOO / Test #176 / 1439449712118 / readers=[29, 28, 29, 29, 28, 28, 28, 28, 29, 28] / writers=[29]
OOO / Test #181 / 1439449712118 / readers=[30, 30, 29, 29, 29, 29, 30, 29, 29, 29] / writers=[30]
OOO / Test #173 / 1439449711993 / readers=[31, 31, 30, 30, 30, 30, 30, 30, 30, 30] / writers=[31]
OOO / Test #200 / 1439449711993 / readers=[28, 28, 28, 28, 28, 27, 27, 27, 27, 27] / writers=[28]
OOO / Test #191 / 1439449711993 / readers=[25, 25, 25, 25, 25, 25, 25, 25, 24, 24] / writers=[25]
OOO / Test #196 / 1439449711993 / readers=[27, 27, 27, 28, 28, 27, 27, 27, 27, 27] / writers=[28]
OOO / Test #197 / 1439449711993 / readers=[31, 31, 30, 30, 30, 30, 30, 30, 31, 30] / writers=[31]
OOO / Test #165 / 1439449711991 / readers=[24, 24, 24, 24, 24, 24, 24, 24, 23, 23] / writers=[24]
OOO / Test #193 / 1439449711991 / readers=[24, 24, 24, 24, 24, 24, 24, 24, 24, 23] / writers=[24]
OOO / Test #174 / 1439449711991 / readers=[27, 27, 27, 26, 27, 27, 27, 26, 26, 26] / writers=[27]
OOO / Test #187 / 1439449711991 / readers=[28, 28, 28, 27, 28, 28, 27, 27, 27, 27] / writers=[28]
OOO / Test #170 / 1439449711991 / readers=[27, 27, 27, 27, 26, 27, 27, 27, 26, 26] / writers=[27]
OOO / Test #184 / 1439449711991 / readers=[24, 24, 24, 24, 24, 24, 24, 24, 24, 23] / writers=[24]
OOO / Test #197 / 1439449712121 / readers=[32, 32, 31, 31, 31, 31, 31, 31, 31, 31] / writers=[32]
OOO / Test #165 / 1439449712121 / readers=[25, 25, 25, 25, 25, 25, 24, 25, 24, 24] / writers=[25]
OOO / Test #193 / 1439449712121 / readers=[25, 25, 25, 25, 25, 24, 25, 25, 25, 24] / writers=[25]
OOO / Test #186 / 1439449711991 / readers=[28, 28, 28, 28, 28, 27, 27, 27, 27, 27] / writers=[28]
OOO / Test #185 / 1439449711991 / readers=[28, 28, 28, 28, 28, 27, 27, 27, 27, 27] / writers=[28]
OOO / Test #199 / 1439449711990 / readers=[31, 31, 30, 30, 31, 31, 31, 31, 31, 31] / writers=[31]
OOO / Test #194 / 1439449711990 / readers=[29, 29, 29, 28, 29, 28, 28, 28, 28, 28] / writers=[29]
OOO / Test #188 / 1439449711988 / readers=[28, 28, 28, 28, 27, 28, 27, 27, 27, 27] / writers=[28]
OOO / Test #53 / 1439449711988 / readers=[21, 21, 21, 22, 21, 21, 21, 21, 21, 22] / writers=[22]
OOO / Test #185 / 1439449712124 / readers=[29, 29, 29, 29, 28, 28, 28, 28, 28, 28] / writers=[29]
OOO / Test #183 / 1439449711988 / readers=[29, 30, 30, 29, 29, 29, 29, 29, 29, 29] / writers=[30]
OOO / Test #175 / 1439449711988 / readers=[23, 23, 23, 23, 24, 24, 24, 24, 24, 23] / writers=[24]
OOO / Test #194 / 1439449712124 / readers=[29, 29, 29, 29, 29, 29, 29, 29, 29, 29] / writers=[30]
OOO / Test #159 / 1439449711988 / readers=[30, 30, 30, 31, 30, 30, 30, 30, 30, 30] / writers=[31]
OOO / Test #195 / 1439449711988 / readers=[28, 28, 28, 28, 28, 27, 27, 27, 27, 27] / writers=[28]
OOO / Test #47 / 1439449711988 / readers=[30, 30, 29, 29, 29, 30, 30, 29, 29, 30] / writers=[30]
OOO / Test #3 / 1439449711985 / readers=[49, 49, 49, 49, 50, 49, 49, 49, 49, 49] / writers=[50]
OOO / Test #189 / 1439449711985 / readers=[20, 20, 19, 19, 19, 19, 19, 19, 19, 19] / writers=[20]
OOO / Test #172 / 1439449711985 / readers=[28, 28, 28, 28, 28, 27, 27, 27, 27, 27] / writers=[28]
OOO / Test #159 / 1439449712127 / readers=[31, 31, 31, 31, 31, 31, 31, 31, 31, 31] / writers=[32]
OOO / Test #11 / 1439449711985 / readers=[56, 55, 56, 55, 56, 56, 56, 56, 56, 56] / writers=[56]
OOO / Test #50 / 1439449711984 / readers=[29, 29, 29, 28, 28, 28, 28, 29, 29, 28] / writers=[29]
OOO / Test #47 / 1439449712127 / readers=[31, 31, 30, 30, 30, 31, 31, 30, 30, 30] / writers=[31]
OOO / Test #2 / 1439449711984 / readers=[31, 30, 31, 30, 31, 31, 30, 30, 30, 30] / writers=[31]
OOO / Test #179 / 1439449711984 / readers=[23, 23, 23, 23, 23, 24, 24, 24, 24, 23] / writers=[24]
OOO / Test #159 / 1439449712127 / readers=[34, 34, 34, 34, 34, 34, 33, 34, 34, 34] / writers=[34]
OOO / Test #50 / 1439449712127 / readers=[30, 30, 30, 29, 29, 29, 29, 29, 30, 29] / writers=[30]
OOO / Test #47 / 1439449712127 / readers=[32, 32, 31, 31, 31, 31, 32, 31, 31, 31] / writers=[32]
OOO / Test #11 / 1439449712127 / readers=[57, 56, 57, 56, 57, 57, 57, 57, 57, 56] / writers=[57]
OOO / Test #172 / 1439449712127 / readers=[29, 29, 29, 29, 28, 28, 28, 28, 28, 28] / writers=[29]
OOO / Test #189 / 1439449712127 / readers=[21, 20, 20, 20, 20, 20, 20, 20, 20, 20] / writers=[21]
OOO / Test #159 / 1439449712131 / readers=[35, 35, 35, 35, 35, 35, 34, 34, 35, 35] / writers=[35]
OOO / Test #3 / 1439449712127 / readers=[50, 50, 50, 50, 50, 50, 50, 50, 50, 50] / writers=[51]
OOO / Test #195 / 1439449712127 / readers=[29, 29, 29, 29, 28, 28, 28, 28, 28, 28] / writers=[29]
OOO / Test #11 / 1439449712131 / readers=[58, 57, 58, 57, 58, 58, 58, 58, 57, 57] / writers=[58]
OOO / Test #194 / 1439449712124 / readers=[32, 32, 31, 32, 32, 32, 32, 32, 32, 32] / writers=[32]
OOO / Test #175 / 1439449712124 / readers=[24, 24, 24, 24, 25, 25, 25, 25, 24, 24] / writers=[25]
OOO / Test #183 / 1439449712124 / readers=[30, 31, 30, 30, 30, 30, 30, 30, 30, 30] / writers=[31]
OOO / Test #53 / 1439449712124 / readers=[22, 22, 22, 22, 22, 22, 22, 22, 22, 23] / writers=[23]
OOO / Test #194 / 1439449712134 / readers=[33, 32, 32, 33, 33, 33, 33, 33, 33, 33] / writers=[33]
OOO / Test #175 / 1439449712134 / readers=[25, 25, 25, 25, 26, 26, 26, 25, 25, 25] / writers=[26]
OOO / Test #185 / 1439449712124 / readers=[30, 30, 30, 29, 29, 29, 29, 29, 29, 29] / writers=[30]
OOO / Test #188 / 1439449712124 / readers=[29, 29, 29, 29, 28, 28, 28, 28, 28, 28] / writers=[29]
OOO / Test #199 / 1439449712124 / readers=[32, 31, 31, 31, 32, 32, 32, 32, 32, 32] / writers=[32]
OOO / Test #194 / 1439449712134 / readers=[33, 33, 33, 34, 34, 34, 34, 34, 34, 34] / writers=[34]
OOO / Test #186 / 1439449712124 / readers=[29, 29, 29, 28, 29, 28, 28, 28, 28, 28] / writers=[29]
OOO / Test #165 / 1439449712121 / readers=[26, 26, 26, 26, 26, 26, 25, 25, 25, 25] / writers=[26]
OOO / Test #193 / 1439449712121 / readers=[26, 26, 26, 26, 26, 25, 26, 26, 25, 25] / writers=[26]
OOO / Test #184 / 1439449712121 / readers=[25, 25, 25, 25, 25, 25, 25, 25, 24, 24] / writers=[25]
OOO / Test #197 / 1439449712121 / readers=[33, 32, 32, 32, 32, 32, 32, 32, 32, 32] / writers=[33]
OOO / Test #170 / 1439449712121 / readers=[28, 28, 28, 27, 27, 28, 28, 28, 27, 27] / writers=[28]
OOO / Test #194 / 1439449712138 / readers=[34, 34, 34, 35, 35, 35, 35, 35, 35, 34] / writers=[35]
OOO / Test #187 / 1439449712121 / readers=[29, 29, 29, 28, 29, 28, 28, 28, 28, 28] / writers=[29]
OOO / Test #174 / 1439449712121 / readers=[28, 28, 28, 27, 28, 28, 27, 27, 27, 27] / writers=[28]
OOO / Test #196 / 1439449712121 / readers=[28, 28, 28, 28, 29, 28, 28, 28, 28, 28] / writers=[29]
OOO / Test #191 / 1439449712118 / readers=[26, 26, 26, 25, 26, 26, 26, 26, 25, 25] / writers=[26]
OOO / Test #200 / 1439449712118 / readers=[29, 29, 29, 29, 28, 28, 28, 28, 28, 28] / writers=[29]
OOO / Test #173 / 1439449712118 / readers=[32, 31, 31, 31, 31, 31, 31, 31, 31, 31] / writers=[32]
OOO / Test #181 / 1439449712118 / readers=[31, 30, 30, 30, 30, 30, 31, 30, 30, 30] / writers=[31]
OOO / Test #176 / 1439449712118 / readers=[30, 29, 30, 29, 29, 29, 29, 29, 30, 29] / writers=[30]
OOO / Test #168 / 1439449712118 / readers=[26, 27, 27, 27, 27, 26, 27, 26, 26, 26] / writers=[27]
OOO / Test #191 / 1439449712141 / readers=[27, 27, 27, 26, 27, 27, 27, 26, 26, 26] / writers=[27]
OOO / Test #7 / 1439449712118 / readers=[39, 40, 39, 40, 40, 39, 39, 39, 39, 39] / writers=[40]
OOO / Test #171 / 1439449712118 / readers=[29, 29, 29, 29, 29, 29, 29, 29, 29, 29] / writers=[30]
OOO / Test #181 / 1439449712141 / readers=[31, 31, 31, 31, 31, 31, 32, 31, 31, 31] / writers=[32]
OOO / Test #160 / 1439449712115 / readers=[30, 30, 29, 30, 29, 29, 29, 29, 29, 29] / writers=[30]
OOO / Test #169 / 1439449712115 / readers=[29, 29, 29, 28, 28, 29, 28, 28, 28, 28] / writers=[29]
OOO / Test #177 / 1439449712115 / readers=[28, 29, 29, 29, 28, 28, 28, 28, 28, 28] / writers=[29]
OOO / Test #150 / 1439449712115 / readers=[30, 30, 30, 30, 30, 30, 30, 30, 30, 30] / writers=[31]
OOO / Test #156 / 1439449712115 / readers=[27, 27, 27, 27, 27, 27, 27, 26, 26, 26] / writers=[27]
OOO / Test #163 / 1439449712115 / readers=[35, 35, 35, 35, 35, 35, 35, 35, 35, 34] / writers=[35]
OOO / Test #166 / 1439449712115 / readers=[29, 29, 29, 29, 29, 29, 29, 29, 29, 29] / writers=[30]
OOO / Test #13 / 1439449712115 / readers=[53, 53, 53, 53, 53, 53, 54, 53, 53, 53] / writers=[54]
OOO / Test #54 / 1439449712112 / readers=[41, 41, 41, 41, 41, 41, 41, 41, 40, 41] / writers=[41]
OOO / Test #156 / 1439449712144 / readers=[28, 28, 28, 28, 28, 28, 27, 27, 27, 27] / writers=[28]
OOO / Test #169 / 1439449712144 / readers=[30, 30, 29, 29, 29, 30, 29, 29, 29, 29] / writers=[30]
OOO / Test #161 / 1439449712112 / readers=[31, 31, 30, 30, 31, 31, 31, 31, 31, 31] / writers=[31]
OOO / Test #158 / 1439449712112 / readers=[30, 31, 30, 30, 30, 30, 30, 30, 30, 30] / writers=[31]
OOO / Test #182 / 1439449712112 / readers=[32, 31, 31, 31, 31, 31, 31, 31, 31, 31] / writers=[32]
OOO / Test #153 / 1439449712112 / readers=[35, 35, 35, 36, 36, 35, 36, 36, 36, 35] / writers=[36]
OOO / Test #192 / 1439449712112 / readers=[41, 42, 41, 41, 41, 41, 41, 42, 41, 41] / writers=[42]
OOO / Test #178 / 1439449712112 / readers=[32, 32, 31, 31, 31, 31, 32, 32, 31, 31] / writers=[32]
OOO / Test #161 / 1439449712147 / readers=[32, 31, 31, 31, 32, 32, 32, 32, 32, 32] / writers=[32]
OOO / Test #190 / 1439449712112 / readers=[37, 37, 38, 38, 38, 38, 37, 38, 37, 37] / writers=[38]
OOO / Test #152 / 1439449712112 / readers=[27, 28, 28, 28, 27, 27, 28, 27, 27, 27] / writers=[28]
OOO / Test #40 / 1439449712110 / readers=[32, 32, 33, 32, 32, 32, 33, 33, 32, 32] / writers=[33]
OOO / Test #153 / 1439449712147 / readers=[36, 36, 36, 37, 37, 36, 37, 37, 36, 36] / writers=[37]
OOO / Test #60 / 1439449712110 / readers=[30, 30, 30, 30, 30, 30, 30, 30, 30, 30] / writers=[31]
OOO / Test #100 / 1439449712110 / readers=[32, 32, 32, 32, 32, 32, 32, 32, 32, 32] / writers=[33]
OOO / Test #20 / 1439449712110 / readers=[34, 34, 34, 34, 34, 34, 34, 34, 34, 34] / writers=[35]
OOO / Test #164 / 1439449712109 / readers=[31, 31, 32, 31, 31, 31, 31, 31, 31, 31] / writers=[32]
OOO / Test #153 / 1439449712150 / readers=[37, 37, 37, 38, 38, 37, 38, 37, 37, 37] / writers=[38]
OOO / Test #95 / 1439449712109 / readers=[32, 32, 31, 31, 32, 32, 31, 31, 32, 32] / writers=[32]
OOO / Test #30 / 1439449712109 / readers=[32, 32, 32, 31, 31, 31, 31, 31, 32, 32] / writers=[32]
OOO / Test #162 / 1439449712107 / readers=[30, 31, 31, 30, 30, 30, 30, 30, 30, 30] / writers=[31]
OOO / Test #61 / 1439449712107 / readers=[33, 33, 33, 33, 33, 33, 33, 33, 33, 32] / writers=[33]
OOO / Test #27 / 1439449712107 / readers=[33, 33, 33, 33, 33, 33, 33, 33, 34, 33] / writers=[34]
OOO / Test #97 / 1439449712107 / readers=[31, 31, 31, 31, 32, 31, 31, 31, 31, 31] / writers=[32]
OOO / Test #43 / 1439449712107 / readers=[35, 35, 35, 35, 35, 35, 35, 35, 35, 35] / writers=[36]
OOO / Test #31 / 1439449712107 / readers=[33, 34, 33, 33, 34, 33, 33, 34, 33, 34] / writers=[34]
OOO / Test #44 / 1439449712107 / readers=[33, 33, 33, 33, 33, 33, 33, 33, 33, 33] / writers=[34]
OOO / Test #28 / 1439449712107 / readers=[36, 37, 36, 37, 36, 36, 37, 37, 36, 37] / writers=[37]
OOO / Test #15 / 1439449712104 / readers=[50, 50, 50, 51, 50, 50, 50, 50, 50, 50] / writers=[51]
OOO / Test #146 / 1439449712104 / readers=[38, 38, 38, 38, 38, 38, 38, 38, 37, 38] / writers=[38]
OOO / Test #18 / 1439449712104 / readers=[41, 42, 42, 41, 41, 41, 41, 42, 41, 41] / writers=[42]
OOO / Test #49 / 1439449712104 / readers=[38, 38, 38, 39, 39, 38, 38, 38, 38, 38] / writers=[39]
OOO / Test #31 / 1439449712155 / readers=[34, 34, 34, 34, 35, 34, 34, 35, 34, 35] / writers=[35]
OOO / Test #148 / 1439449712104 / readers=[28, 28, 28, 28, 27, 28, 28, 27, 27, 28] / writers=[28]
OOO / Test #180 / 1439449712104 / readers=[30, 30, 29, 29, 29, 29, 29, 29, 29, 30] / writers=[30]
OOO / Test #198 / 1439449712104 / readers=[32, 32, 33, 32, 32, 32, 33, 32, 32, 32] / writers=[33]
OOO / Test #62 / 1439449712101 / readers=[32, 32, 32, 32, 31, 31, 31, 32, 32, 31] / writers=[32]
OOO / Test #36 / 1439449712101 / readers=[35, 35, 35, 35, 35, 35, 35, 35, 35, 36] / writers=[36]
OOO / Test #167 / 1439449712101 / readers=[31, 31, 30, 30, 30, 30, 30, 30, 30, 30] / writers=[31]
OOO / Test #180 / 1439449712158 / readers=[31, 30, 30, 30, 30, 30, 30, 30, 30, 31] / writers=[31]
OOO / Test #64 / 1439449712101 / readers=[32, 32, 32, 32, 32, 32, 32, 32, 32, 32] / writers=[33]
OOO / Test #62 / 1439449712158 / readers=[33, 33, 33, 33, 32, 32, 32, 33, 32, 32] / writers=[33]
OOO / Test #55 / 1439449712101 / readers=[38, 39, 39, 39, 39, 39, 38, 38, 38, 38] / writers=[39]
OOO / Test #23 / 1439449712101 / readers=[38, 38, 38, 37, 38, 38, 37, 37, 37, 37] / writers=[38]
OOO / Test #157 / 1439449712099 / readers=[36, 36, 36, 36, 36, 36, 36, 36, 35, 36] / writers=[36]
OOO / Test #51 / 1439449712099 / readers=[33, 33, 32, 32, 33, 33, 33, 33, 33, 33] / writers=[33]
OOO / Test #22 / 1439449712099 / readers=[37, 37, 38, 38, 38, 38, 37, 37, 37, 38] / writers=[38]
OOO / Test #147 / 1439449712099 / readers=[28, 28, 28, 28, 28, 27, 27, 28, 27, 27] / writers=[28]
OOO / Test #14 / 1439449712099 / readers=[60, 61, 61, 61, 61, 61, 61, 61, 61, 61] / writers=[61]
OOO / Test #51 / 1439449712161 / readers=[34, 34, 33, 33, 33, 34, 34, 34, 34, 34] / writers=[34]
OOO / Test #39 / 1439449712099 / readers=[38, 38, 38, 38, 38, 38, 37, 37, 38, 38] / writers=[38]
OOO / Test #4 / 1439449712099 / readers=[58, 58, 58, 58, 58, 58, 58, 57, 58, 58] / writers=[58]
OOO / Test #59 / 1439449712098 / readers=[35, 35, 35, 35, 35, 35, 35, 34, 34, 34] / writers=[35]
OOO / Test #51 / 1439449712161 / readers=[35, 35, 34, 34, 34, 35, 34, 35, 35, 35] / writers=[35]
OOO / Test #26 / 1439449712098 / readers=[33, 33, 33, 33, 33, 34, 33, 33, 33, 34] / writers=[34]
OOO / Test #145 / 1439449712096 / readers=[28, 28, 28, 28, 28, 28, 28, 28, 28, 27] / writers=[28]
OOO / Test #35 / 1439449712096 / readers=[36, 35, 36, 36, 36, 36, 36, 36, 35, 36] / writers=[36]
OOO / Test #58 / 1439449712096 / readers=[34, 35, 35, 35, 34, 35, 35, 35, 35, 34] / writers=[35]
OOO / Test #154 / 1439449712096 / readers=[32, 31, 31, 31, 31, 31, 31, 31, 31, 31] / writers=[32]
OOO / Test #33 / 1439449712096 / readers=[29, 29, 29, 29, 28, 28, 28, 28, 29, 28] / writers=[29]
OOO / Test #145 / 1439449712164 / readers=[29, 29, 29, 29, 29, 29, 29, 28, 29, 28] / writers=[29]
OOO / Test #73 / 1439449712096 / readers=[33, 33, 33, 33, 33, 33, 34, 34, 34, 33] / writers=[34]
OOO / Test #12 / 1439449712096 / readers=[54, 54, 54, 54, 54, 54, 54, 54, 54, 54] / writers=[55]
OOO / Test #145 / 1439449712164 / readers=[30, 30, 30, 30, 30, 30, 29, 29, 30, 29] / writers=[30]
OOO / Test #154 / 1439449712164 / readers=[32, 32, 32, 32, 32, 32, 32, 32, 32, 32] / writers=[33]
OOO / Test #45 / 1439449712096 / readers=[38, 38, 38, 38, 38, 38, 38, 38, 38, 38] / writers=[39]
OOO / Test #34 / 1439449712091 / readers=[35, 35, 35, 35, 35, 35, 35, 35, 35, 34] / writers=[35]
OOO / Test #32 / 1439449712091 / readers=[35, 34, 35, 35, 35, 34, 35, 35, 35, 35] / writers=[35]
OOO / Test #133 / 1439449712091 / readers=[30, 30, 30, 30, 29, 29, 29, 29, 29, 30] / writers=[30]
OOO / Test #155 / 1439449712091 / readers=[31, 31, 31, 30, 30, 30, 31, 30, 31, 31] / writers=[31]
OOO / Test #57 / 1439449712091 / readers=[35, 35, 35, 35, 35, 35, 35, 35, 35, 34] / writers=[35]
OOO / Test #34 / 1439449712167 / readers=[36, 36, 36, 36, 36, 36, 36, 35, 36, 35] / writers=[36]
OOO / Test #46 / 1439449712091 / readers=[37, 37, 37, 37, 37, 37, 37, 38, 38, 38] / writers=[38]
OOO / Test #154 / 1439449712167 / readers=[35, 35, 35, 35, 35, 35, 35, 35, 35, 34] / writers=[35]
OOO / Test #32 / 1439449712167 / readers=[36, 35, 36, 36, 36, 35, 36, 36, 36, 35] / writers=[36]
OOO / Test #41 / 1439449712091 / readers=[30, 30, 31, 30, 30, 30, 30, 30, 30, 30] / writers=[31]
OOO / Test #16 / 1439449712091 / readers=[52, 52, 52, 51, 52, 51, 51, 51, 51, 52] / writers=[52]
OOO / Test #38 / 1439449712088 / readers=[35, 35, 35, 35, 35, 35, 35, 34, 35, 35] / writers=[35]
OOO / Test #19 / 1439449712088 / readers=[40, 40, 40, 40, 40, 40, 40, 40, 39, 40] / writers=[40]
OOO / Test #52 / 1439449712088 / readers=[37, 37, 37, 37, 37, 36, 36, 37, 37, 36] / writers=[37]
OOO / Test #42 / 1439449712088 / readers=[35, 35, 35, 35, 35, 35, 35, 35, 35, 34] / writers=[35]
OOO / Test #24 / 1439449712088 / readers=[39, 38, 38, 39, 39, 39, 38, 39, 39, 39] / writers=[39]
OOO / Test #16 / 1439449712170 / readers=[53, 53, 52, 52, 53, 52, 52, 52, 52, 53] / writers=[53]
OOO / Test #109 / 1439449712088 / readers=[40, 40, 40, 40, 39, 39, 39, 39, 39, 39] / writers=[40]
OOO / Test #52 / 1439449712170 / readers=[38, 38, 38, 37, 38, 37, 37, 38, 38, 37] / writers=[38]
OOO / Test #149 / 1439449712088 / readers=[29, 29, 29, 29, 28, 29, 28, 28, 28, 28] / writers=[29]
OOO / Test #21 / 1439449712088 / readers=[52, 52, 51, 51, 51, 52, 51, 52, 51, 51] / writers=[52]
OOO / Test #37 / 1439449712083 / readers=[33, 32, 32, 32, 32, 32, 32, 32, 32, 32] / writers=[33]
OOO / Test #80 / 1439449712083 / readers=[28, 28, 28, 28, 28, 27, 27, 27, 27, 27] / writers=[28]
OOO / Test #101 / 1439449712083 / readers=[27, 27, 28, 28, 27, 27, 27, 27, 27, 27] / writers=[28]
OOO / Test #149 / 1439449712172 / readers=[30, 30, 30, 30, 29, 29, 29, 29, 29, 29] / writers=[30]
OOO / Test #84 / 1439449712083 / readers=[31, 31, 31, 30, 30, 30, 30, 30, 30, 30] / writers=[31]
OOO / Test #17 / 1439449712083 / readers=[44, 44, 44, 45, 45, 44, 44, 44, 44, 45] / writers=[45]
OOO / Test #122 / 1439449712083 / readers=[32, 32, 32, 32, 32, 32, 32, 32, 32, 32] / writers=[33]
OOO / Test #56 / 1439449712083 / readers=[43, 44, 43, 44, 43, 43, 43, 43, 43, 43] / writers=[44]
OOO / Test #149 / 1439449712172 / readers=[31, 31, 30, 31, 30, 30, 30, 30, 30, 30] / writers=[31]
OOO / Test #6 / 1439449712083 / readers=[61, 62, 62, 62, 62, 61, 61, 61, 61, 61] / writers=[62]
OOO / Test #128 / 1439449712083 / readers=[32, 31, 31, 31, 31, 31, 31, 31, 31, 31] / writers=[32]
OOO / Test #139 / 1439449712080 / readers=[28, 29, 28, 29, 29, 28, 29, 28, 28, 28] / writers=[29]
OOO / Test #48 / 1439449712080 / readers=[32, 32, 32, 32, 32, 32, 32, 32, 32, 32] / writers=[33]
OOO / Test #137 / 1439449712080 / readers=[29, 29, 29, 29, 28, 28, 28, 28, 28, 28] / writers=[29]
OOO / Test #75 / 1439449712080 / readers=[28, 28, 28, 28, 28, 27, 27, 27, 27, 27] / writers=[28]
OOO / Test #6 / 1439449712176 / readers=[62, 62, 63, 63, 63, 62, 62, 62, 62, 62] / writers=[63]
OOO / Test #128 / 1439449712176 / readers=[32, 32, 32, 32, 32, 32, 32, 32, 32, 32] / writers=[33]
OOO / Test #127 / 1439449712080 / readers=[32, 32, 32, 32, 32, 32, 32, 32, 33, 32] / writers=[33]
OOO / Test #10 / 1439449712080 / readers=[39, 40, 40, 40, 39, 39, 39, 39, 39, 40] / writers=[40]
OOO / Test #65 / 1439449712080 / readers=[35, 35, 35, 35, 35, 35, 35, 35, 35, 34] / writers=[35]
OOO / Test #90 / 1439449712080 / readers=[29, 29, 28, 29, 29, 28, 28, 28, 28, 28] / writers=[29]
OOO / Test #8 / 1439449712075 / readers=[57, 56, 56, 57, 57, 57, 57, 56, 57, 57] / writers=[57]
OOO / Test #9 / 1439449712075 / readers=[56, 56, 56, 56, 56, 56, 56, 56, 55, 56] / writers=[56]
OOO / Test #151 / 1439449712075 / readers=[29, 29, 29, 29, 28, 28, 28, 28, 28, 28] / writers=[29]
OOO / Test #118 / 1439449712075 / readers=[28, 28, 28, 28, 28, 28, 27, 27, 27, 27] / writers=[28]
OOO / Test #144 / 1439449712075 / readers=[29, 29, 29, 29, 28, 28, 28, 28, 28, 28] / writers=[29]
OOO / Test #114 / 1439449712075 / readers=[37, 37, 37, 37, 37, 37, 37, 36, 36, 36] / writers=[37]
OOO / Test #8 / 1439449712180 / readers=[58, 57, 57, 58, 58, 58, 58, 57, 58, 57] / writers=[58]
OOO / Test #9 / 1439449712180 / readers=[57, 57, 57, 57, 57, 57, 57, 57, 56, 56] / writers=[57]
OOO / Test #66 / 1439449712075 / readers=[28, 28, 28, 28, 28, 27, 27, 27, 27, 27] / writers=[28]
OOO / Test #91 / 1439449712075 / readers=[28, 28, 28, 28, 28, 27, 27, 27, 27, 27] / writers=[28]
OOO / Test #124 / 1439449712075 / readers=[31, 31, 30, 30, 30, 30, 30, 30, 30, 30] / writers=[31]
OOO / Test #93 / 1439449712072 / readers=[30, 30, 30, 29, 30, 29, 29, 29, 29, 29] / writers=[30]
OOO / Test #63 / 1439449712072 / readers=[26, 26, 26, 26, 26, 26, 26, 25, 25, 25] / writers=[26]
OOO / Test #77 / 1439449712072 / readers=[35, 35, 35, 35, 35, 35, 35, 35, 35, 34] / writers=[35]
OOO / Test #78 / 1439449712072 / readers=[32, 31, 31, 31, 31, 31, 31, 31, 31, 31] / writers=[32]
OOO / Test #130 / 1439449712072 / readers=[34, 34, 34, 35, 35, 35, 35, 35, 35, 34] / writers=[35]
OOO / Test #116 / 1439449712072 / readers=[30, 30, 30, 31, 30, 30, 30, 30, 30, 30] / writers=[31]
OOO / Test #124 / 1439449712184 / readers=[32, 31, 31, 31, 31, 31, 31, 31, 31, 31] / writers=[32]
OOO / Test #86 / 1439449712072 / readers=[29, 29, 29, 29, 28, 28, 28, 28, 28, 28] / writers=[29]
OOO / Test #85 / 1439449712072 / readers=[32, 33, 32, 32, 32, 32, 32, 32, 32, 32] / writers=[33]
OOO / Test #29 / 1439449712072 / readers=[37, 37, 37, 38, 38, 37, 37, 37, 38, 38] / writers=[38]
OOO / Test #141 / 1439449712070 / readers=[36, 36, 36, 36, 36, 36, 35, 36, 36, 35] / writers=[36]
OOO / Test #88 / 1439449712070 / readers=[31, 30, 30, 30, 31, 30, 30, 30, 30, 30] / writers=[31]
OOO / Test #74 / 1439449712070 / readers=[32, 32, 32, 32, 33, 32, 33, 32, 33, 32] / writers=[33]
OOO / Test #87 / 1439449712070 / readers=[28, 28, 28, 28, 28, 27, 27, 27, 27, 27] / writers=[28]
OOO / Test #85 / 1439449712186 / readers=[33, 33, 33, 33, 33, 33, 33, 33, 33, 33] / writers=[34]
OOO / Test #125 / 1439449712070 / readers=[30, 30, 29, 30, 29, 29, 29, 29, 29, 29] / writers=[30]
OOO / Test #141 / 1439449712187 / readers=[37, 37, 37, 37, 37, 37, 36, 37, 36, 36] / writers=[37]
OOO / Test #71 / 1439449712070 / readers=[33, 32, 33, 33, 33, 33, 33, 33, 33, 33] / writers=[33]
OOO / Test #88 / 1439449712187 / readers=[31, 31, 31, 31, 32, 31, 31, 31, 31, 31] / writers=[32]
OOO / Test #76 / 1439449712070 / readers=[36, 36, 36, 36, 36, 36, 36, 36, 35, 35] / writers=[36]
OOO / Test #135 / 1439449712070 / readers=[32, 32, 31, 31, 31, 31, 31, 31, 31, 31] / writers=[32]
OOO / Test #106 / 1439449712067 / readers=[31, 31, 31, 30, 30, 31, 30, 31, 31, 31] / writers=[31]
OOO / Test #82 / 1439449712067 / readers=[29, 29, 29, 29, 28, 28, 28, 28, 29, 28] / writers=[29]
OOO / Test #88 / 1439449712189 / readers=[32, 32, 32, 32, 32, 32, 32, 32, 32, 32] / writers=[33]
OOO / Test #68 / 1439449712067 / readers=[29, 30, 29, 30, 29, 29, 29, 29, 29, 29] / writers=[30]
OOO / Test #76 / 1439449712189 / readers=[37, 37, 37, 37, 37, 37, 37, 36, 36, 36] / writers=[37]
OOO / Test #117 / 1439449712067 / readers=[35, 35, 35, 35, 35, 35, 35, 35, 34, 35] / writers=[35]
OOO / Test #92 / 1439449712067 / readers=[33, 33, 33, 33, 33, 33, 33, 33, 33, 33] / writers=[34]
OOO / Test #113 / 1439449712067 / readers=[32, 32, 32, 32, 32, 32, 32, 32, 32, 32] / writers=[33]
OOO / Test #96 / 1439449712067 / readers=[30, 30, 30, 29, 29, 29, 29, 29, 29, 29] / writers=[30]
OOO / Test #134 / 1439449712067 / readers=[33, 32, 33, 33, 33, 33, 33, 33, 33, 33] / writers=[33]
OOO / Test #112 / 1439449712067 / readers=[30, 30, 30, 29, 29, 29, 29, 29, 29, 29] / writers=[30]
OOO / Test #104 / 1439449712066 / readers=[31, 32, 31, 31, 31, 31, 31, 31, 31, 31] / writers=[32]
OOO / Test #132 / 1439449712066 / readers=[30, 30, 30, 29, 29, 29, 29, 29, 29, 29] / writers=[30]
OOO / Test #67 / 1439449712064 / readers=[31, 31, 30, 30, 30, 30, 31, 30, 30, 30] / writers=[31]
OOO / Test #134 / 1439449712192 / readers=[33, 33, 34, 34, 34, 34, 34, 34, 34, 34] / writers=[34]
OOO / Test #136 / 1439449712064 / readers=[29, 30, 29, 29, 29, 30, 29, 29, 29, 29] / writers=[30]
OOO / Test #129 / 1439449712064 / readers=[31, 30, 31, 30, 30, 31, 30, 30, 30, 30] / writers=[31]
OOO / Test #102 / 1439449712064 / readers=[29, 29, 29, 29, 28, 29, 28, 28, 28, 28] / writers=[29]
OOO / Test #81 / 1439449712064 / readers=[27, 27, 28, 28, 27, 27, 27, 27, 27, 27] / writers=[28]
OOO / Test #143 / 1439449712064 / readers=[26, 26, 26, 26, 26, 26, 26, 25, 25, 25] / writers=[26]
OOO / Test #69 / 1439449712064 / readers=[31, 31, 31, 30, 31, 31, 31, 31, 31, 31] / writers=[31]
OOO / Test #115 / 1439449712064 / readers=[27, 27, 27, 27, 27, 27, 26, 26, 26, 26] / writers=[27]
OOO / Test #89 / 1439449712064 / readers=[32, 32, 32, 32, 32, 32, 32, 32, 32, 32] / writers=[33]
OOO / Test #102 / 1439449712196 / readers=[30, 30, 30, 29, 29, 30, 29, 29, 29, 29] / writers=[30]
OOO / Test #120 / 1439449712060 / readers=[35, 35, 35, 35, 35, 35, 35, 35, 35, 34] / writers=[35]
OOO / Test #81 / 1439449712196 / readers=[28, 28, 29, 28, 28, 28, 28, 28, 28, 28] / writers=[29]
OOO / Test #69 / 1439449712196 / readers=[32, 32, 31, 31, 32, 32, 32, 32, 32, 32] / writers=[32]
OOO / Test #105 / 1439449712060 / readers=[27, 27, 27, 27, 27, 27, 26, 26, 26, 26] / writers=[27]
OOO / Test #111 / 1439449712060 / readers=[35, 36, 36, 36, 36, 36, 36, 36, 35, 35] / writers=[36]
OOO / Test #79 / 1439449712060 / readers=[27, 27, 27, 27, 27, 27, 26, 26, 26, 26] / writers=[27]
OOO / Test #140 / 1439449712060 / readers=[34, 35, 35, 35, 35, 35, 35, 35, 35, 34] / writers=[35]
OOO / Test #123 / 1439449712060 / readers=[27, 27, 27, 27, 27, 26, 26, 26, 27, 26] / writers=[27]
OOO / Test #99 / 1439449712060 / readers=[30, 30, 29, 30, 29, 29, 29, 29, 29, 29] / writers=[30]
OOO / Test #121 / 1439449712060 / readers=[31, 31, 31, 31, 31, 31, 31, 31, 31, 31] / writers=[32]
OOO / Test #111 / 1439449712199 / readers=[36, 37, 37, 37, 37, 37, 37, 36, 36, 36] / writers=[37]
OOO / Test #83 / 1439449712060 / readers=[32, 32, 32, 32, 32, 32, 32, 32, 32, 32] / writers=[33]
OOO / Test #108 / 1439449712058 / readers=[35, 35, 35, 35, 35, 35, 35, 35, 35, 34] / writers=[35]
OOO / Test #110 / 1439449712058 / readers=[31, 30, 31, 31, 30, 30, 30, 30, 30, 31] / writers=[31]
OOO / Test #140 / 1439449712199 / readers=[35, 36, 36, 36, 36, 35, 36, 36, 36, 35] / writers=[36]
OOO / Test #70 / 1439449712058 / readers=[28, 28, 28, 28, 28, 27, 27, 27, 27, 27] / writers=[28]
OOO / Test #138 / 1439449712058 / readers=[31, 31, 32, 31, 31, 31, 31, 31, 31, 31] / writers=[32]
OOO / Test #72 / 1439449712058 / readers=[32, 32, 33, 32, 32, 32, 32, 32, 32, 32] / writers=[33]
OOO / Test #119 / 1439449712058 / readers=[29, 30, 30, 29, 30, 29, 29, 30, 30, 30] / writers=[30]
OOO / Test #142 / 1439449712058 / readers=[29, 30, 30, 29, 29, 29, 29, 29, 29, 29] / writers=[30]
OOO / Test #140 / 1439449712202 / readers=[36, 37, 37, 37, 37, 36, 37, 37, 36, 36] / writers=[37]
OOO / Test #126 / 1439449712058 / readers=[31, 32, 31, 31, 31, 31, 31, 31, 31, 32] / writers=[32]
OOO / Test #5 / 1439449712058 / readers=[53, 53, 54, 54, 53, 53, 53, 53, 53, 53] / writers=[54]
OOO / Test #72 / 1439449712202 / readers=[33, 33, 33, 33, 33, 33, 33, 33, 33, 33] / writers=[34]
OOO / Test #98 / 1439449712055 / readers=[25, 26, 26, 26, 26, 26, 25, 26, 25, 25] / writers=[26]
OOO / Test #140 / 1439449712202 / readers=[37, 38, 38, 38, 38, 37, 37, 38, 37, 37] / writers=[38]
OOO / Test #107 / 1439449712055 / readers=[31, 31, 31, 30, 30, 30, 30, 30, 31, 31] / writers=[31]
OOO / Test #94 / 1439449712055 / readers=[27, 27, 28, 28, 27, 27, 27, 27, 27, 27] / writers=[28]
OOO / Test #1 / 1439449712055 / readers=[31, 30, 30, 31, 30, 31, 30, 30, 30, 30] / writers=[31]
OOO / Test #131 / 1439449712055 / readers=[27, 26, 27, 27, 27, 27, 27, 26, 27, 26] / writers=[27]
OOO / Test #107 / 1439449712204 / readers=[32, 32, 32, 31, 31, 31, 31, 31, 31, 32] / writers=[32]
OOO / Test #25 / 1439449712055 / readers=[40, 40, 40, 40, 40, 40, 40, 41, 41, 41] / writers=[41]
OOO / Test #103 / 1439449712055 / readers=[36, 36, 36, 36, 36, 36, 36, 36, 35, 35] / writers=[36]
OOO / Test #131 / 1439449712204 / readers=[27, 27, 28, 28, 28, 28, 28, 27, 28, 27] / writers=[28]
OOO / Test #107 / 1439449712204 / readers=[33, 33, 32, 32, 32, 32, 32, 32, 32, 33] / writers=[33]
OOO / Test #1 / 1439449712204 / readers=[32, 31, 31, 31, 31, 32, 31, 31, 31, 31] / writers=[32]
OOO / Test #94 / 1439449712204 / readers=[28, 28, 29, 28, 28, 28, 28, 28, 28, 28] / writers=[29]
OOO / Test #140 / 1439449712204 / readers=[38, 39, 39, 39, 38, 38, 38, 39, 38, 38] / writers=[39]
OOO / Test #72 / 1439449712202 / readers=[36, 36, 36, 36, 36, 36, 36, 36, 36, 35] / writers=[36]
OOO / Test #98 / 1439449712202 / readers=[26, 27, 27, 27, 27, 27, 26, 26, 26, 26] / writers=[27]
OOO / Test #5 / 1439449712202 / readers=[54, 54, 54, 55, 54, 54, 54, 54, 54, 54] / writers=[55]
OOO / Test #126 / 1439449712202 / readers=[32, 32, 32, 32, 32, 32, 32, 32, 32, 33] / writers=[33]
OOO / Test #119 / 1439449712202 / readers=[30, 31, 31, 30, 31, 30, 30, 30, 31, 31] / writers=[31]
OOO / Test #140 / 1439449712206 / readers=[39, 40, 40, 39, 39, 39, 39, 40, 39, 39] / writers=[40]
OOO / Test #98 / 1439449712206 / readers=[27, 28, 28, 28, 28, 27, 27, 27, 27, 27] / writers=[28]
OOO / Test #142 / 1439449712202 / readers=[30, 31, 30, 30, 30, 30, 30, 30, 30, 30] / writers=[31]
OOO / Test #138 / 1439449712202 / readers=[32, 32, 32, 32, 32, 32, 32, 32, 32, 32] / writers=[33]
OOO / Test #70 / 1439449712202 / readers=[29, 29, 29, 29, 28, 28, 28, 28, 28, 28] / writers=[29]
OOO / Test #83 / 1439449712199 / readers=[35, 35, 35, 35, 35, 35, 34, 35, 35, 35] / writers=[35]
OOO / Test #121 / 1439449712199 / readers=[34, 33, 34, 34, 34, 34, 34, 34, 34, 34] / writers=[34]
OOO / Test #110 / 1439449712199 / readers=[32, 31, 32, 32, 31, 31, 31, 31, 31, 31] / writers=[32]
OOO / Test #108 / 1439449712199 / readers=[36, 36, 36, 36, 36, 36, 36, 36, 35, 35] / writers=[36]
OOO / Test #99 / 1439449712199 / readers=[31, 31, 30, 30, 30, 30, 30, 30, 30, 30] / writers=[31]
OOO / Test #111 / 1439449712199 / readers=[37, 38, 38, 38, 38, 38, 37, 37, 37, 37] / writers=[38]
OOO / Test #123 / 1439449712199 / readers=[28, 28, 28, 28, 27, 27, 27, 27, 28, 27] / writers=[28]
OOO / Test #138 / 1439449712210 / readers=[35, 35, 35, 35, 35, 35, 35, 35, 34, 35] / writers=[35]
OOO / Test #79 / 1439449712199 / readers=[28, 27, 28, 28, 28, 28, 27, 27, 27, 27] / writers=[28]
OOO / Test #105 / 1439449712196 / readers=[28, 28, 28, 28, 28, 27, 27, 27, 27, 27] / writers=[28]
OOO / Test #81 / 1439449712196 / readers=[31, 31, 30, 31, 31, 31, 31, 31, 31, 31] / writers=[31]
OOO / Test #79 / 1439449712213 / readers=[29, 28, 28, 29, 29, 29, 28, 28, 28, 28] / writers=[29]
OOO / Test #89 / 1439449712196 / readers=[35, 35, 35, 35, 35, 35, 35, 35, 35, 34] / writers=[35]
OOO / Test #120 / 1439449712196 / readers=[36, 36, 36, 36, 36, 36, 36, 36, 35, 35] / writers=[36]
OOO / Test #105 / 1439449712213 / readers=[29, 29, 29, 29, 28, 28, 28, 28, 28, 28] / writers=[29]
OOO / Test #69 / 1439449712196 / readers=[33, 32, 32, 32, 33, 33, 33, 33, 33, 33] / writers=[33]
OOO / Test #102 / 1439449712196 / readers=[31, 31, 30, 30, 30, 31, 30, 30, 30, 30] / writers=[31]
OOO / Test #115 / 1439449712196 / readers=[28, 28, 28, 28, 28, 27, 27, 27, 27, 27] / writers=[28]
OOO / Test #89 / 1439449712213 / readers=[36, 36, 36, 36, 36, 36, 36, 36, 35, 35] / writers=[36]
OOO / Test #143 / 1439449712196 / readers=[27, 27, 27, 27, 27, 27, 26, 26, 26, 26] / writers=[27]
OOO / Test #129 / 1439449712192 / readers=[32, 31, 31, 31, 31, 32, 31, 31, 31, 31] / writers=[32]
OOO / Test #136 / 1439449712192 / readers=[30, 31, 30, 30, 30, 30, 30, 30, 30, 30] / writers=[31]
OOO / Test #134 / 1439449712192 / readers=[34, 34, 35, 35, 35, 35, 35, 35, 35, 34] / writers=[35]
OOO / Test #67 / 1439449712192 / readers=[32, 31, 31, 31, 31, 31, 32, 31, 31, 31] / writers=[32]
OOO / Test #132 / 1439449712192 / readers=[31, 31, 30, 30, 30, 30, 30, 30, 30, 30] / writers=[31]
OOO / Test #89 / 1439449712218 / readers=[37, 37, 37, 37, 37, 37, 37, 36, 36, 36] / writers=[37]
OOO / Test #104 / 1439449712192 / readers=[32, 32, 32, 32, 32, 32, 32, 32, 32, 32] / writers=[33]
OOO / Test #113 / 1439449712192 / readers=[35, 35, 35, 35, 35, 35, 35, 35, 35, 34] / writers=[35]
OOO / Test #112 / 1439449712192 / readers=[31, 31, 30, 30, 30, 30, 30, 30, 30, 30] / writers=[31]
OOO / Test #96 / 1439449712192 / readers=[30, 31, 31, 30, 30, 30, 30, 30, 30, 30] / writers=[31]
OOO / Test #92 / 1439449712189 / readers=[36, 36, 36, 36, 36, 36, 36, 36, 35, 36] / writers=[36]
OOO / Test #117 / 1439449712189 / readers=[36, 36, 36, 36, 36, 36, 36, 36, 35, 35] / writers=[36]
OOO / Test #88 / 1439449712189 / readers=[35, 35, 35, 35, 35, 35, 35, 35, 35, 34] / writers=[35]
OOO / Test #76 / 1439449712189 / readers=[38, 38, 38, 38, 38, 38, 37, 37, 37, 37] / writers=[38]
OOO / Test #68 / 1439449712189 / readers=[30, 31, 30, 30, 30, 30, 30, 30, 30, 30] / writers=[31]
OOO / Test #106 / 1439449712189 / readers=[32, 32, 32, 31, 31, 31, 31, 32, 32, 32] / writers=[32]
OOO / Test #88 / 1439449712221 / readers=[36, 36, 36, 36, 36, 36, 36, 36, 35, 35] / writers=[36]
OOO / Test #82 / 1439449712189 / readers=[30, 30, 30, 29, 29, 29, 29, 29, 30, 29] / writers=[30]
OOO / Test #135 / 1439449712189 / readers=[33, 32, 32, 32, 32, 32, 32, 32, 32, 32] / writers=[33]
OOO / Test #85 / 1439449712187 / readers=[36, 36, 36, 36, 36, 36, 36, 36, 36, 35] / writers=[36]
OOO / Test #71 / 1439449712187 / readers=[33, 33, 34, 34, 34, 34, 34, 34, 34, 34] / writers=[34]
OOO / Test #125 / 1439449712187 / readers=[31, 31, 30, 30, 30, 30, 30, 30, 30, 30] / writers=[31]
OOO / Test #141 / 1439449712187 / readers=[38, 38, 38, 37, 38, 38, 37, 38, 37, 37] / writers=[38]
OOO / Test #87 / 1439449712187 / readers=[29, 28, 29, 29, 29, 28, 28, 28, 28, 28] / writers=[29]
OOO / Test #74 / 1439449712187 / readers=[33, 33, 33, 33, 34, 33, 33, 33, 34, 33] / writers=[34]
OOO / Test #29 / 1439449712186 / readers=[38, 38, 38, 39, 39, 38, 38, 38, 38, 39] / writers=[39]
OOO / Test #86 / 1439449712186 / readers=[30, 30, 30, 29, 29, 29, 29, 29, 29, 29] / writers=[30]
OOO / Test #124 / 1439449712184 / readers=[32, 32, 32, 32, 32, 32, 32, 32, 32, 32] / writers=[33]
OOO / Test #116 / 1439449712184 / readers=[31, 31, 31, 31, 31, 31, 31, 31, 31, 31] / writers=[32]
OOO / Test #130 / 1439449712184 / readers=[35, 35, 35, 36, 36, 36, 36, 36, 35, 35] / writers=[36]
OOO / Test #78 / 1439449712184 / readers=[32, 32, 32, 32, 32, 32, 32, 32, 32, 32] / writers=[33]
OOO / Test #77 / 1439449712184 / readers=[36, 36, 36, 36, 36, 36, 36, 35, 36, 35] / writers=[36]
OOO / Test #63 / 1439449712184 / readers=[27, 27, 27, 27, 27, 27, 26, 26, 26, 26] / writers=[27]
OOO / Test #93 / 1439449712184 / readers=[31, 31, 31, 30, 30, 30, 30, 30, 30, 30] / writers=[31]
OOO / Test #66 / 1439449712184 / readers=[29, 29, 29, 29, 28, 28, 28, 28, 28, 28] / writers=[29]
OOO / Test #130 / 1439449712227 / readers=[36, 36, 36, 36, 37, 37, 37, 37, 36, 36] / writers=[37]
OOO / Test #91 / 1439449712184 / readers=[29, 29, 29, 28, 29, 28, 28, 28, 28, 28] / writers=[29]
OOO / Test #114 / 1439449712180 / readers=[38, 38, 38, 38, 38, 38, 37, 37, 37, 37] / writers=[38]
OOO / Test #9 / 1439449712180 / readers=[57, 58, 58, 58, 58, 58, 58, 58, 57, 57] / writers=[58]
OOO / Test #8 / 1439449712180 / readers=[59, 58, 58, 59, 59, 59, 58, 58, 59, 58] / writers=[59]
OOO / Test #144 / 1439449712180 / readers=[30, 30, 30, 29, 29, 29, 29, 29, 29, 29] / writers=[30]
OOO / Test #151 / 1439449712180 / readers=[30, 30, 30, 29, 29, 29, 29, 29, 29, 29] / writers=[30]
OOO / Test #118 / 1439449712180 / readers=[29, 29, 29, 29, 29, 28, 28, 28, 28, 28] / writers=[29]
OOO / Test #90 / 1439449712180 / readers=[30, 30, 29, 30, 29, 29, 29, 29, 29, 29] / writers=[30]
OOO / Test #144 / 1439449712230 / readers=[31, 31, 30, 30, 30, 30, 30, 30, 30, 30] / writers=[31]
OOO / Test #65 / 1439449712180 / readers=[36, 36, 36, 36, 36, 36, 36, 36, 35, 35] / writers=[36]
OOO / Test #10 / 1439449712180 / readers=[40, 41, 41, 40, 40, 40, 40, 41, 40, 41] / writers=[41]
OOO / Test #128 / 1439449712176 / readers=[35, 35, 35, 35, 35, 35, 35, 35, 35, 34] / writers=[35]
OOO / Test #127 / 1439449712176 / readers=[33, 33, 33, 33, 33, 33, 33, 33, 33, 33] / writers=[34]
OOO / Test #48 / 1439449712176 / readers=[35, 35, 35, 35, 35, 35, 35, 35, 35, 34] / writers=[35]
OOO / Test #65 / 1439449712230 / readers=[37, 37, 37, 37, 37, 37, 37, 36, 36, 36] / writers=[37]
OOO / Test #75 / 1439449712176 / readers=[29, 29, 29, 29, 28, 28, 28, 28, 28, 28] / writers=[29]
OOO / Test #6 / 1439449712176 / readers=[63, 63, 63, 64, 64, 63, 63, 63, 63, 63] / writers=[64]
OOO / Test #137 / 1439449712176 / readers=[30, 30, 30, 29, 29, 29, 29, 29, 29, 29] / writers=[30]
OOO / Test #139 / 1439449712176 / readers=[29, 29, 29, 30, 30, 29, 30, 29, 29, 29] / writers=[30]
OOO / Test #149 / 1439449712176 / readers=[32, 31, 31, 32, 31, 31, 31, 31, 31, 31] / writers=[32]
OOO / Test #65 / 1439449712233 / readers=[38, 38, 38, 38, 38, 38, 37, 37, 37, 37] / writers=[38]
OOO / Test #75 / 1439449712233 / readers=[30, 30, 30, 29, 29, 29, 29, 29, 29, 29] / writers=[30]
OOO / Test #122 / 1439449712173 / readers=[35, 35, 35, 35, 35, 35, 35, 35, 35, 34] / writers=[35]
OOO / Test #137 / 1439449712234 / readers=[30, 31, 31, 30, 30, 30, 30, 30, 30, 30] / writers=[31]
OOO / Test #56 / 1439449712173 / readers=[44, 44, 44, 45, 44, 44, 44, 44, 44, 44] / writers=[45]
OOO / Test #84 / 1439449712172 / readers=[32, 32, 31, 31, 31, 31, 31, 31, 31, 31] / writers=[32]
OOO / Test #17 / 1439449712172 / readers=[45, 45, 45, 46, 45, 45, 45, 45, 45, 46] / writers=[46]
OOO / Test #101 / 1439449712172 / readers=[28, 28, 29, 28, 28, 28, 28, 28, 28, 28] / writers=[29]
OOO / Test #80 / 1439449712172 / readers=[29, 29, 29, 29, 28, 28, 28, 28, 28, 28] / writers=[29]
OOO / Test #37 / 1439449712172 / readers=[33, 33, 33, 33, 33, 33, 33, 33, 33, 33] / writers=[34]
OOO / Test #21 / 1439449712172 / readers=[53, 53, 52, 52, 52, 53, 52, 52, 52, 52] / writers=[53]
OOO / Test #52 / 1439449712170 / readers=[39, 39, 39, 38, 39, 38, 38, 39, 38, 38] / writers=[39]
OOO / Test #17 / 1439449712237 / readers=[46, 46, 46, 46, 46, 46, 46, 46, 46, 47] / writers=[47]
OOO / Test #84 / 1439449712237 / readers=[33, 32, 32, 32, 32, 32, 32, 32, 32, 32] / writers=[33]
OOO / Test #109 / 1439449712170 / readers=[41, 40, 41, 41, 40, 40, 40, 40, 40, 40] / writers=[41]
OOO / Test #80 / 1439449712237 / readers=[30, 30, 30, 29, 29, 29, 29, 29, 29, 29] / writers=[30]
OOO / Test #24 / 1439449712170 / readers=[40, 39, 39, 39, 40, 40, 39, 40, 40, 40] / writers=[40]
OOO / Test #16 / 1439449712170 / readers=[54, 54, 53, 53, 53, 53, 53, 53, 53, 54] / writers=[54]
OOO / Test #42 / 1439449712170 / readers=[36, 36, 36, 36, 36, 36, 36, 36, 35, 35] / writers=[36]
OOO / Test #19 / 1439449712170 / readers=[41, 41, 40, 41, 41, 41, 41, 41, 40, 41] / writers=[41]
OOO / Test #38 / 1439449712170 / readers=[35, 35, 36, 36, 36, 36, 36, 35, 36, 35] / writers=[36]
OOO / Test #41 / 1439449712170 / readers=[31, 31, 31, 31, 31, 31, 31, 31, 31, 31] / writers=[32]
OOO / Test #32 / 1439449712170 / readers=[37, 36, 37, 37, 37, 36, 36, 37, 37, 36] / writers=[37]
OOO / Test #154 / 1439449712167 / readers=[36, 36, 36, 36, 36, 36, 36, 36, 35, 35] / writers=[36]
OOO / Test #42 / 1439449712241 / readers=[37, 37, 37, 37, 37, 37, 37, 36, 36, 36] / writers=[37]
OOO / Test #19 / 1439449712241 / readers=[42, 42, 41, 42, 42, 42, 42, 42, 41, 41] / writers=[42]
OOO / Test #46 / 1439449712167 / readers=[38, 38, 38, 38, 38, 38, 38, 39, 38, 39] / writers=[39]
OOO / Test #155 / 1439449712167 / readers=[32, 32, 31, 31, 31, 31, 32, 31, 32, 32] / writers=[32]
OOO / Test #57 / 1439449712167 / readers=[36, 36, 36, 36, 36, 36, 36, 36, 35, 35] / writers=[36]
OOO / Test #34 / 1439449712167 / readers=[36, 37, 37, 37, 37, 37, 37, 36, 37, 36] / writers=[37]
OOO / Test #45 / 1439449712167 / readers=[41, 41, 41, 41, 41, 40, 41, 41, 41, 41] / writers=[41]
OOO / Test #133 / 1439449712167 / readers=[31, 31, 31, 30, 30, 30, 30, 30, 30, 31] / writers=[31]
OOO / Test #12 / 1439449712164 / readers=[57, 57, 57, 57, 57, 57, 57, 57, 57, 56] / writers=[57]
OOO / Test #155 / 1439449712244 / readers=[33, 32, 32, 32, 32, 32, 33, 32, 33, 33] / writers=[33]
OOO / Test #145 / 1439449712164 / readers=[31, 31, 31, 31, 31, 30, 30, 30, 31, 30] / writers=[31]
OOO / Test #73 / 1439449712164 / readers=[34, 34, 34, 34, 34, 34, 35, 35, 34, 34] / writers=[35]
OOO / Test #33 / 1439449712164 / readers=[30, 30, 29, 30, 29, 29, 29, 29, 30, 29] / writers=[30]
OOO / Test #58 / 1439449712164 / readers=[35, 36, 36, 36, 35, 36, 36, 36, 35, 35] / writers=[36]
OOO / Test #35 / 1439449712164 / readers=[37, 36, 37, 37, 36, 37, 37, 37, 36, 37] / writers=[37]
OOO / Test #26 / 1439449712164 / readers=[34, 34, 34, 34, 34, 35, 34, 34, 34, 34] / writers=[35]
OOO / Test #51 / 1439449712164 / readers=[36, 36, 35, 35, 35, 36, 35, 35, 36, 36] / writers=[36]
OOO / Test #59 / 1439449712161 / readers=[36, 36, 36, 36, 36, 36, 35, 35, 35, 35] / writers=[36]
OOO / Test #4 / 1439449712161 / readers=[59, 59, 59, 59, 59, 59, 59, 58, 58, 59] / writers=[59]
OOO / Test #39 / 1439449712161 / readers=[39, 39, 39, 39, 39, 39, 38, 38, 38, 39] / writers=[39]
OOO / Test #147 / 1439449712161 / readers=[29, 29, 29, 29, 28, 28, 28, 29, 28, 28] / writers=[29]
OOO / Test #14 / 1439449712161 / readers=[61, 62, 62, 62, 62, 62, 61, 62, 62, 62] / writers=[62]
OOO / Test #59 / 1439449712246 / readers=[37, 37, 37, 37, 37, 36, 36, 36, 36, 36] / writers=[37]
OOO / Test #22 / 1439449712161 / readers=[38, 38, 39, 39, 39, 39, 38, 38, 38, 38] / writers=[39]
OOO / Test #23 / 1439449712161 / readers=[39, 39, 39, 38, 39, 38, 38, 38, 38, 38] / writers=[39]
OOO / Test #157 / 1439449712161 / readers=[37, 37, 37, 37, 37, 37, 37, 36, 36, 37] / writers=[37]
OOO / Test #64 / 1439449712158 / readers=[35, 35, 35, 35, 35, 35, 35, 35, 35, 34] / writers=[35]
OOO / Test #55 / 1439449712158 / readers=[39, 40, 40, 40, 39, 40, 39, 39, 39, 39] / writers=[40]
OOO / Test #22 / 1439449712249 / readers=[39, 39, 40, 39, 40, 40, 39, 39, 39, 39] / writers=[40]
OOO / Test #62 / 1439449712158 / readers=[33, 34, 34, 34, 33, 33, 33, 34, 33, 33] / writers=[34]
OOO / Test #167 / 1439449712158 / readers=[31, 31, 31, 31, 31, 31, 31, 31, 31, 31] / writers=[32]
OOO / Test #23 / 1439449712249 / readers=[40, 40, 40, 39, 39, 39, 39, 39, 39, 39] / writers=[40]
OOO / Test #180 / 1439449712158 / readers=[31, 31, 31, 31, 31, 31, 31, 31, 31, 32] / writers=[32]
OOO / Test #36 / 1439449712158 / readers=[36, 36, 36, 36, 36, 36, 36, 36, 36, 36] / writers=[37]
OOO / Test #198 / 1439449712158 / readers=[33, 33, 34, 33, 33, 33, 33, 33, 33, 33] / writers=[34]
OOO / Test #148 / 1439449712158 / readers=[28, 29, 29, 29, 28, 29, 29, 28, 28, 29] / writers=[29]
OOO / Test #31 / 1439449712158 / readers=[35, 35, 35, 35, 36, 35, 35, 35, 35, 36] / writers=[36]
OOO / Test #49 / 1439449712155 / readers=[39, 39, 39, 40, 39, 39, 39, 39, 39, 39] / writers=[40]
OOO / Test #18 / 1439449712155 / readers=[42, 43, 43, 42, 42, 42, 42, 42, 42, 42] / writers=[43]
OOO / Test #146 / 1439449712155 / readers=[39, 39, 39, 39, 39, 39, 39, 38, 38, 39] / writers=[39]
OOO / Test #15 / 1439449712155 / readers=[51, 51, 51, 51, 51, 51, 51, 51, 51, 51] / writers=[52]
OOO / Test #44 / 1439449712155 / readers=[36, 36, 36, 36, 36, 36, 36, 35, 36, 36] / writers=[36]
OOO / Test #18 / 1439449712252 / readers=[43, 43, 44, 43, 43, 43, 43, 43, 43, 43] / writers=[44]
OOO / Test #146 / 1439449712252 / readers=[40, 40, 40, 40, 40, 40, 40, 39, 39, 39] / writers=[40]
OOO / Test #28 / 1439449712155 / readers=[37, 38, 37, 38, 37, 37, 37, 38, 37, 38] / writers=[38]
OOO / Test #43 / 1439449712155 / readers=[37, 38, 38, 38, 38, 38, 38, 38, 38, 38] / writers=[38]
OOO / Test #27 / 1439449712155 / readers=[34, 34, 34, 34, 34, 34, 34, 34, 34, 34] / writers=[35]
OOO / Test #97 / 1439449712155 / readers=[32, 32, 32, 32, 32, 32, 32, 32, 32, 32] / writers=[33]
OOO / Test #61 / 1439449712151 / readers=[33, 34, 34, 34, 34, 34, 34, 34, 34, 33] / writers=[34]
OOO / Test #162 / 1439449712151 / readers=[31, 32, 31, 31, 31, 31, 31, 31, 31, 31] / writers=[32]
OOO / Test #28 / 1439449712254 / readers=[38, 39, 38, 39, 38, 38, 38, 38, 38, 39] / writers=[39]
OOO / Test #30 / 1439449712151 / readers=[33, 33, 32, 32, 32, 32, 32, 32, 33, 33] / writers=[33]
OOO / Test #43 / 1439449712254 / readers=[38, 39, 39, 39, 39, 39, 39, 39, 39, 38] / writers=[39]
OOO / Test #20 / 1439449712151 / readers=[37, 37, 36, 37, 37, 37, 37, 37, 37, 37] / writers=[37]
OOO / Test #61 / 1439449712254 / readers=[34, 35, 34, 35, 35, 35, 35, 35, 35, 34] / writers=[35]
OOO / Test #95 / 1439449712151 / readers=[32, 33, 32, 32, 33, 33, 32, 32, 33, 33] / writers=[33]
OOO / Test #60 / 1439449712151 / readers=[33, 33, 33, 33, 33, 33, 33, 33, 33, 32] / writers=[33]
OOO / Test #164 / 1439449712151 / readers=[32, 32, 32, 32, 32, 32, 32, 32, 32, 32] / writers=[33]
OOO / Test #100 / 1439449712151 / readers=[35, 35, 35, 35, 35, 35, 35, 35, 34, 35] / writers=[35]
OOO / Test #61 / 1439449712258 / readers=[35, 35, 35, 36, 36, 36, 36, 36, 36, 35] / writers=[36]
OOO / Test #153 / 1439449712151 / readers=[38, 38, 38, 39, 39, 38, 38, 38, 38, 38] / writers=[39]
OOO / Test #40 / 1439449712147 / readers=[33, 33, 34, 33, 33, 33, 33, 34, 33, 33] / writers=[34]
OOO / Test #60 / 1439449712258 / readers=[33, 34, 34, 34, 34, 34, 34, 34, 34, 33] / writers=[34]
OOO / Test #95 / 1439449712258 / readers=[33, 34, 33, 33, 34, 34, 33, 33, 34, 33] / writers=[34]
OOO / Test #152 / 1439449712147 / readers=[28, 29, 29, 29, 28, 28, 28, 28, 28, 28] / writers=[29]
OOO / Test #190 / 1439449712147 / readers=[38, 38, 39, 39, 39, 39, 38, 38, 38, 38] / writers=[39]
OOO / Test #178 / 1439449712147 / readers=[33, 32, 32, 32, 32, 32, 33, 33, 32, 32] / writers=[33]
OOO / Test #161 / 1439449712147 / readers=[32, 32, 32, 32, 33, 33, 33, 33, 33, 33] / writers=[33]
OOO / Test #192 / 1439449712147 / readers=[42, 43, 42, 42, 42, 42, 42, 42, 42, 42] / writers=[43]
OOO / Test #182 / 1439449712147 / readers=[32, 32, 32, 32, 32, 32, 32, 32, 32, 32] / writers=[33]
OOO / Test #158 / 1439449712147 / readers=[31, 31, 31, 31, 31, 31, 31, 31, 31, 31] / writers=[32]
OOO / Test #190 / 1439449712263 / readers=[39, 39, 40, 40, 40, 39, 39, 39, 39, 39] / writers=[40]
OOO / Test #169 / 1439449712147 / readers=[30, 31, 30, 30, 30, 31, 30, 30, 30, 30] / writers=[31]
OOO / Test #166 / 1439449712144 / readers=[32, 32, 31, 32, 32, 32, 32, 32, 32, 32] / writers=[32]
OOO / Test #54 / 1439449712144 / readers=[42, 42, 42, 42, 42, 42, 42, 42, 41, 41] / writers=[42]
OOO / Test #13 / 1439449712144 / readers=[54, 54, 54, 54, 54, 54, 54, 54, 54, 54] / writers=[55]
OOO / Test #156 / 1439449712144 / readers=[29, 28, 29, 29, 29, 29, 28, 28, 28, 28] / writers=[29]
OOO / Test #150 / 1439449712144 / readers=[33, 32, 33, 33, 33, 33, 33, 33, 33, 33] / writers=[33]
OOO / Test #163 / 1439449712144 / readers=[36, 36, 36, 36, 36, 36, 36, 36, 35, 35] / writers=[36]
OOO / Test #54 / 1439449712266 / readers=[43, 43, 43, 42, 43, 43, 43, 43, 42, 42] / writers=[43]
OOO / Test #177 / 1439449712144 / readers=[29, 30, 30, 29, 29, 29, 29, 29, 29, 29] / writers=[30]
OOO / Test #156 / 1439449712266 / readers=[30, 29, 30, 30, 30, 29, 29, 29, 29, 29] / writers=[30]
OOO / Test #160 / 1439449712144 / readers=[31, 31, 30, 30, 30, 30, 30, 30, 30, 30] / writers=[31]
OOO / Test #171 / 1439449712141 / readers=[32, 32, 32, 31, 32, 32, 32, 32, 32, 32] / writers=[32]
OOO / Test #13 / 1439449712266 / readers=[57, 57, 57, 57, 57, 57, 57, 57, 57, 56] / writers=[57]
OOO / Test #54 / 1439449712266 / readers=[43, 44, 44, 43, 44, 44, 44, 44, 43, 43] / writers=[44]
OOO / Test #181 / 1439449712141 / readers=[32, 32, 32, 32, 32, 32, 32, 32, 32, 32] / writers=[33]
OOO / Test #7 / 1439449712141 / readers=[40, 41, 40, 41, 40, 40, 40, 40, 40, 40] / writers=[41]
OOO / Test #191 / 1439449712141 / readers=[28, 28, 28, 27, 28, 28, 27, 27, 27, 27] / writers=[28]
OOO / Test #176 / 1439449712141 / readers=[31, 30, 30, 30, 30, 30, 30, 30, 31, 30] / writers=[31]
OOO / Test #54 / 1439449712269 / readers=[44, 45, 44, 44, 45, 45, 45, 45, 44, 44] / writers=[45]
OOO / Test #168 / 1439449712141 / readers=[27, 28, 28, 28, 28, 27, 27, 27, 27, 27] / writers=[28]
OOO / Test #173 / 1439449712141 / readers=[32, 32, 32, 32, 32, 32, 32, 32, 32, 32] / writers=[33]
OOO / Test #200 / 1439449712141 / readers=[30, 30, 30, 29, 29, 29, 29, 29, 29, 29] / writers=[30]
OOO / Test #196 / 1439449712141 / readers=[29, 29, 29, 29, 29, 29, 29, 29, 29, 29] / writers=[30]
OOO / Test #191 / 1439449712269 / readers=[29, 29, 29, 28, 29, 28, 28, 28, 28, 28] / writers=[29]
OOO / Test #174 / 1439449712138 / readers=[29, 29, 29, 28, 29, 28, 28, 28, 28, 28] / writers=[29]
OOO / Test #187 / 1439449712138 / readers=[30, 30, 30, 29, 29, 29, 29, 29, 29, 29] / writers=[30]
OOO / Test #170 / 1439449712138 / readers=[29, 29, 29, 28, 28, 29, 28, 29, 28, 28] / writers=[29]
OOO / Test #197 / 1439449712138 / readers=[33, 33, 33, 33, 33, 33, 33, 33, 33, 33] / writers=[34]
OOO / Test #194 / 1439449712138 / readers=[35, 35, 35, 36, 35, 36, 36, 36, 36, 35] / writers=[36]
OOO / Test #184 / 1439449712138 / readers=[26, 26, 26, 26, 26, 26, 26, 25, 25, 25] / writers=[26]
OOO / Test #193 / 1439449712138 / readers=[27, 27, 27, 27, 27, 26, 27, 26, 26, 26] / writers=[27]
OOO / Test #170 / 1439449712272 / readers=[30, 30, 30, 29, 29, 29, 29, 30, 29, 29] / writers=[30]
OOO / Test #165 / 1439449712138 / readers=[27, 27, 27, 27, 27, 26, 26, 26, 26, 26] / writers=[27]
OOO / Test #186 / 1439449712138 / readers=[30, 30, 30, 29, 29, 29, 29, 29, 29, 29] / writers=[30]
OOO / Test #199 / 1439449712134 / readers=[32, 32, 32, 32, 33, 33, 33, 33, 33, 33] / writers=[33]
OOO / Test #188 / 1439449712134 / readers=[30, 30, 30, 29, 29, 29, 29, 29, 29, 29] / writers=[30]
OOO / Test #185 / 1439449712134 / readers=[31, 31, 30, 30, 30, 30, 30, 30, 30, 30] / writers=[31]
OOO / Test #53 / 1439449712134 / readers=[23, 23, 23, 23, 23, 23, 23, 23, 23, 23] / writers=[24]
OOO / Test #175 / 1439449712134 / readers=[26, 26, 26, 26, 26, 27, 27, 26, 26, 26] / writers=[27]
OOO / Test #199 / 1439449712276 / readers=[33, 33, 33, 33, 34, 34, 34, 33, 34, 34] / writers=[34]
OOO / Test #183 / 1439449712134 / readers=[31, 31, 31, 31, 31, 31, 31, 31, 31, 31] / writers=[32]
OOO / Test #188 / 1439449712276 / readers=[31, 31, 30, 30, 30, 30, 30, 30, 30, 30] / writers=[31]
OOO / Test #11 / 1439449712134 / readers=[58, 58, 59, 58, 59, 59, 59, 59, 58, 58] / writers=[59]
OOO / Test #3 / 1439449712131 / readers=[52, 53, 53, 53, 53, 53, 53, 53, 53, 53] / writers=[53]
OOO / Test #185 / 1439449712276 / readers=[32, 31, 31, 31, 31, 31, 31, 31, 31, 31] / writers=[32]
OOO / Test #195 / 1439449712131 / readers=[30, 30, 30, 29, 29, 29, 29, 29, 29, 29] / writers=[30]
OOO / Test #189 / 1439449712131 / readers=[21, 21, 21, 21, 21, 21, 21, 21, 21, 21] / writers=[22]
OOO / Test #159 / 1439449712131 / readers=[36, 36, 36, 36, 36, 36, 35, 35, 35, 36] / writers=[36]
OOO / Test #172 / 1439449712131 / readers=[30, 30, 30, 29, 29, 29, 29, 29, 29, 29] / writers=[30]
OOO / Test #50 / 1439449712131 / readers=[30, 31, 31, 30, 30, 30, 30, 30, 31, 30] / writers=[31]
OOO / Test #185 / 1439449712278 / readers=[32, 32, 32, 32, 32, 32, 32, 32, 32, 32] / writers=[33]
OOO / Test #47 / 1439449712131 / readers=[33, 32, 32, 32, 32, 32, 33, 32, 32, 32] / writers=[33]
OOO / Test #179 / 1439449712131 / readers=[24, 24, 24, 24, 24, 25, 25, 25, 24, 24] / writers=[25]
OOO / Test #2 / 1439449712131 / readers=[32, 31, 32, 31, 32, 31, 31, 31, 31, 31] / writers=[32]
OOO / Test #189 / 1439449712278 / readers=[24, 24, 24, 24, 24, 24, 24, 24, 24, 23] / writers=[24]
OOO / Test #172 / 1439449712278 / readers=[31, 31, 30, 30, 30, 30, 30, 30, 30, 30] / writers=[31]
OOO / Test #195 / 1439449712278 / readers=[31, 31, 30, 30, 30, 30, 30, 30, 30, 30] / writers=[31]
OOO / Test #159 / 1439449712278 / readers=[37, 37, 36, 37, 37, 37, 36, 36, 36, 37] / writers=[37]
OOO / Test #183 / 1439449712276 / readers=[33, 34, 34, 34, 34, 34, 34, 34, 34, 34] / writers=[34]
OOO / Test #11 / 1439449712276 / readers=[59, 59, 60, 59, 60, 60, 60, 59, 59, 59] / writers=[60]
OOO / Test #3 / 1439449712276 / readers=[53, 53, 54, 54, 54, 54, 54, 54, 54, 54] / writers=[54]
OOO / Test #53 / 1439449712276 / readers=[26, 26, 26, 26, 25, 26, 26, 26, 26, 26] / writers=[26]
OOO / Test #175 / 1439449712276 / readers=[27, 27, 27, 27, 27, 28, 27, 27, 27, 27] / writers=[28]
OOO / Test #188 / 1439449712276 / readers=[32, 31, 31, 31, 31, 31, 31, 31, 31, 31] / writers=[32]
OOO / Test #199 / 1439449712276 / readers=[34, 34, 34, 34, 35, 35, 35, 34, 35, 34] / writers=[35]
OOO / Test #11 / 1439449712281 / readers=[60, 60, 61, 60, 61, 61, 60, 60, 60, 60] / writers=[61]
OOO / Test #186 / 1439449712275 / readers=[31, 31, 30, 30, 30, 30, 30, 30, 30, 30] / writers=[31]
OOO / Test #165 / 1439449712272 / readers=[28, 28, 28, 28, 27, 27, 27, 27, 27, 27] / writers=[28]
OOO / Test #193 / 1439449712272 / readers=[28, 28, 28, 28, 28, 27, 27, 27, 27, 27] / writers=[28]
OOO / Test #170 / 1439449712272 / readers=[31, 30, 31, 30, 30, 30, 30, 31, 30, 30] / writers=[31]
OOO / Test #197 / 1439449712272 / readers=[36, 36, 36, 36, 36, 36, 36, 36, 36, 35] / writers=[36]
OOO / Test #184 / 1439449712272 / readers=[27, 27, 27, 27, 27, 27, 26, 26, 26, 26] / writers=[27]
OOO / Test #165 / 1439449712284 / readers=[29, 29, 29, 28, 28, 28, 28, 28, 28, 28] / writers=[29]
OOO / Test #194 / 1439449712272 / readers=[36, 36, 36, 37, 36, 37, 37, 37, 36, 36] / writers=[37]
OOO / Test #170 / 1439449712284 / readers=[32, 31, 31, 31, 31, 31, 31, 32, 31, 31] / writers=[32]
OOO / Test #187 / 1439449712272 / readers=[31, 31, 30, 30, 30, 30, 30, 30, 30, 30] / writers=[31]
OOO / Test #174 / 1439449712272 / readers=[30, 30, 29, 29, 30, 29, 29, 29, 29, 29] / writers=[30]
OOO / Test #191 / 1439449712272 / readers=[29, 30, 30, 29, 30, 29, 29, 29, 29, 29] / writers=[30]
OOO / Test #196 / 1439449712269 / readers=[32, 31, 32, 32, 32, 32, 32, 32, 32, 32] / writers=[32]
OOO / Test #173 / 1439449712269 / readers=[35, 35, 35, 35, 35, 35, 35, 35, 35, 34] / writers=[35]
OOO / Test #200 / 1439449712269 / readers=[31, 31, 30, 30, 30, 30, 30, 30, 30, 30] / writers=[31]
OOO / Test #168 / 1439449712269 / readers=[28, 29, 29, 29, 28, 28, 28, 28, 28, 28] / writers=[29]
OOO / Test #191 / 1439449712287 / readers=[30, 31, 31, 30, 30, 30, 30, 30, 30, 30] / writers=[31]
OOO / Test #181 / 1439449712269 / readers=[35, 35, 35, 35, 35, 35, 35, 35, 35, 34] / writers=[35]
OOO / Test #176 / 1439449712269 / readers=[31, 31, 31, 31, 31, 31, 31, 31, 32, 31] / writers=[32]
OOO / Test #54 / 1439449712269 / readers=[45, 46, 45, 45, 45, 46, 46, 46, 45, 45] / writers=[46]
OOO / Test #7 / 1439449712269 / readers=[41, 42, 41, 41, 41, 41, 41, 41, 41, 41] / writers=[42]
OOO / Test #13 / 1439449712266 / readers=[58, 58, 58, 58, 58, 58, 58, 57, 58, 57] / writers=[58]
OOO / Test #171 / 1439449712266 / readers=[33, 33, 32, 32, 33, 33, 33, 33, 33, 33] / writers=[33]
OOO / Test #160 / 1439449712266 / readers=[32, 31, 31, 31, 31, 31, 31, 31, 31, 31] / writers=[32]
OOO / Test #156 / 1439449712266 / readers=[31, 30, 30, 31, 31, 30, 30, 30, 30, 30] / writers=[31]
OOO / Test #177 / 1439449712266 / readers=[30, 30, 31, 30, 30, 30, 30, 30, 30, 30] / writers=[31]
OOO / Test #163 / 1439449712266 / readers=[37, 37, 37, 37, 37, 37, 37, 36, 36, 36] / writers=[37]
OOO / Test #171 / 1439449712290 / readers=[34, 33, 33, 33, 34, 34, 34, 34, 34, 34] / writers=[34]
OOO / Test #150 / 1439449712266 / readers=[33, 33, 34, 34, 34, 34, 34, 34, 34, 34] / writers=[34]
OOO / Test #160 / 1439449712290 / readers=[32, 32, 32, 32, 32, 32, 32, 32, 32, 32] / writers=[33]
OOO / Test #166 / 1439449712263 / readers=[33, 32, 32, 33, 33, 33, 33, 33, 33, 33] / writers=[33]
OOO / Test #158 / 1439449712263 / readers=[33, 34, 34, 34, 34, 34, 34, 34, 34, 34] / writers=[34]
OOO / Test #182 / 1439449712263 / readers=[35, 35, 35, 35, 35, 35, 35, 35, 35, 34] / writers=[35]
OOO / Test #166 / 1439449712294 / readers=[33, 33, 33, 34, 34, 34, 34, 34, 34, 34] / writers=[34]
OOO / Test #169 / 1439449712263 / readers=[31, 31, 31, 31, 31, 32, 31, 31, 31, 31] / writers=[32]
OOO / Test #190 / 1439449712263 / readers=[40, 40, 41, 41, 40, 40, 40, 40, 40, 40] / writers=[41]
OOO / Test #158 / 1439449712294 / readers=[34, 35, 35, 35, 35, 35, 35, 35, 35, 34] / writers=[35]
OOO / Test #161 / 1439449712263 / readers=[33, 33, 33, 33, 34, 34, 33, 34, 34, 34] / writers=[34]
OOO / Test #166 / 1439449712294 / readers=[34, 34, 34, 35, 35, 35, 35, 35, 35, 34] / writers=[35]
OOO / Test #192 / 1439449712263 / readers=[43, 43, 43, 43, 43, 43, 43, 43, 43, 43] / writers=[44]
OOO / Test #178 / 1439449712263 / readers=[33, 33, 33, 33, 33, 33, 34, 34, 33, 33] / writers=[34]
OOO / Test #152 / 1439449712263 / readers=[29, 30, 30, 29, 29, 29, 29, 29, 29, 29] / writers=[30]
OOO / Test #40 / 1439449712258 / readers=[34, 34, 35, 34, 34, 34, 34, 34, 34, 34] / writers=[35]
OOO / Test #95 / 1439449712258 / readers=[34, 35, 34, 34, 35, 35, 34, 34, 34, 34] / writers=[35]
OOO / Test #60 / 1439449712258 / readers=[34, 34, 35, 35, 35, 35, 35, 35, 35, 34] / writers=[35]
OOO / Test #164 / 1439449712258 / readers=[35, 35, 35, 35, 35, 35, 35, 35, 34, 35] / writers=[35]
OOO / Test #178 / 1439449712297 / readers=[34, 34, 34, 34, 34, 34, 34, 35, 34, 34] / writers=[35]
OOO / Test #152 / 1439449712297 / readers=[30, 31, 30, 30, 30, 30, 30, 30, 30, 30] / writers=[31]
OOO / Test #40 / 1439449712297 / readers=[35, 35, 35, 35, 35, 35, 35, 35, 35, 35] / writers=[36]
OOO / Test #95 / 1439449712297 / readers=[35, 36, 35, 35, 35, 36, 35, 35, 35, 35] / writers=[36]
OOO / Test #100 / 1439449712258 / readers=[36, 36, 36, 36, 36, 36, 36, 36, 35, 35] / writers=[36]
OOO / Test #153 / 1439449712258 / readers=[39, 39, 39, 40, 39, 39, 39, 39, 39, 39] / writers=[40]
OOO / Test #61 / 1439449712258 / readers=[36, 36, 36, 36, 37, 37, 37, 37, 37, 36] / writers=[37]
OOO / Test #20 / 1439449712254 / readers=[38, 38, 37, 38, 38, 38, 38, 37, 38, 38] / writers=[38]
OOO / Test #43 / 1439449712254 / readers=[39, 40, 40, 40, 40, 40, 40, 39, 40, 39] / writers=[40]
OOO / Test #30 / 1439449712254 / readers=[34, 33, 33, 33, 33, 33, 33, 33, 34, 34] / writers=[34]
OOO / Test #162 / 1439449712254 / readers=[32, 32, 32, 32, 32, 32, 32, 32, 32, 32] / writers=[33]
OOO / Test #153 / 1439449712300 / readers=[40, 40, 40, 40, 40, 40, 40, 40, 40, 40] / writers=[41]
OOO / Test #61 / 1439449712300 / readers=[37, 37, 37, 37, 37, 38, 38, 38, 38, 37] / writers=[38]
OOO / Test #97 / 1439449712254 / readers=[35, 35, 35, 35, 35, 35, 35, 34, 35, 35] / writers=[35]
OOO / Test #27 / 1439449712254 / readers=[37, 37, 37, 37, 37, 37, 37, 36, 37, 37] / writers=[37]
OOO / Test #30 / 1439449712300 / readers=[34, 34, 34, 34, 34, 34, 34, 34, 35, 35] / writers=[35]
OOO / Test #28 / 1439449712254 / readers=[39, 39, 39, 40, 39, 39, 39, 39, 39, 40] / writers=[40]
OOO / Test #146 / 1439449712254 / readers=[41, 41, 41, 41, 41, 41, 40, 40, 40, 40] / writers=[41]
OOO / Test #18 / 1439449712252 / readers=[44, 44, 44, 44, 44, 44, 44, 44, 44, 44] / writers=[45]
OOO / Test #15 / 1439449712252 / readers=[54, 54, 54, 54, 54, 54, 54, 54, 54, 53] / writers=[54]
OOO / Test #44 / 1439449712252 / readers=[37, 37, 37, 37, 37, 37, 36, 36, 37, 37] / writers=[37]
OOO / Test #49 / 1439449712252 / readers=[40, 40, 40, 41, 40, 40, 40, 40, 40, 40] / writers=[41]
OOO / Test #36 / 1439449712252 / readers=[39, 39, 39, 38, 39, 39, 39, 39, 39, 39] / writers=[39]
OOO / Test #28 / 1439449712304 / readers=[40, 40, 40, 40, 40, 40, 40, 40, 40, 41] / writers=[41]
OOO / Test #148 / 1439449712252 / readers=[29, 30, 30, 30, 29, 30, 29, 29, 29, 30] / writers=[30]
OOO / Test #31 / 1439449712252 / readers=[36, 36, 36, 36, 37, 36, 36, 36, 36, 36] / writers=[37]
OOO / Test #198 / 1439449712252 / readers=[34, 34, 34, 34, 34, 34, 34, 34, 34, 34] / writers=[35]
OOO / Test #167 / 1439449712249 / readers=[33, 34, 34, 34, 34, 34, 34, 34, 34, 34] / writers=[34]
OOO / Test #180 / 1439449712249 / readers=[32, 32, 32, 32, 32, 32, 32, 32, 32, 32] / writers=[33]
OOO / Test #23 / 1439449712249 / readers=[41, 40, 41, 40, 40, 40, 40, 40, 40, 40] / writers=[41]
OOO / Test #62 / 1439449712249 / readers=[34, 35, 35, 35, 34, 34, 34, 34, 34, 34] / writers=[35]
OOO / Test #55 / 1439449712249 / readers=[40, 41, 41, 41, 40, 40, 40, 40, 40, 40] / writers=[41]
OOO / Test #167 / 1439449712307 / readers=[34, 35, 35, 35, 35, 35, 35, 35, 35, 34] / writers=[35]
OOO / Test #22 / 1439449712249 / readers=[40, 40, 41, 40, 41, 40, 40, 40, 40, 40] / writers=[41]
OOO / Test #23 / 1439449712307 / readers=[42, 41, 41, 41, 41, 41, 41, 41, 41, 41] / writers=[42]
OOO / Test #64 / 1439449712249 / readers=[36, 36, 36, 36, 36, 35, 36, 36, 36, 35] / writers=[36]
OOO / Test #157 / 1439449712249 / readers=[38, 38, 38, 38, 38, 38, 37, 37, 37, 38] / writers=[38]
OOO / Test #59 / 1439449712249 / readers=[38, 38, 38, 38, 37, 37, 37, 37, 37, 37] / writers=[38]
OOO / Test #14 / 1439449712246 / readers=[62, 63, 63, 63, 63, 63, 62, 62, 63, 63] / writers=[63]
OOO / Test #147 / 1439449712246 / readers=[30, 30, 29, 30, 29, 29, 29, 30, 29, 29] / writers=[30]
OOO / Test #39 / 1439449712246 / readers=[40, 39, 40, 40, 40, 40, 39, 39, 39, 40] / writers=[40]
OOO / Test #4 / 1439449712246 / readers=[60, 60, 60, 60, 60, 60, 59, 59, 59, 60] / writers=[60]
OOO / Test #51 / 1439449712246 / readers=[37, 37, 36, 36, 36, 37, 36, 36, 36, 37] / writers=[37]
OOO / Test #59 / 1439449712311 / readers=[39, 39, 39, 38, 38, 38, 38, 38, 38, 38] / writers=[39]
OOO / Test #26 / 1439449712246 / readers=[35, 35, 35, 35, 35, 35, 35, 35, 35, 35] / writers=[36]
OOO / Test #4 / 1439449712311 / readers=[61, 61, 61, 61, 61, 60, 60, 60, 60, 61] / writers=[61]
OOO / Test #35 / 1439449712246 / readers=[38, 37, 38, 38, 37, 37, 38, 38, 37, 38] / writers=[38]
OOO / Test #58 / 1439449712246 / readers=[36, 36, 37, 37, 36, 37, 37, 37, 36, 36] / writers=[37]
OOO / Test #33 / 1439449712246 / readers=[31, 31, 30, 30, 30, 30, 30, 30, 31, 30] / writers=[31]
OOO / Test #73 / 1439449712244 / readers=[35, 35, 35, 35, 35, 35, 36, 35, 35, 35] / writers=[36]
OOO / Test #145 / 1439449712244 / readers=[32, 32, 31, 32, 32, 31, 31, 31, 32, 31] / writers=[32]
OOO / Test #12 / 1439449712244 / readers=[58, 58, 58, 58, 58, 58, 58, 58, 57, 57] / writers=[58]
OOO / Test #35 / 1439449712314 / readers=[39, 38, 39, 39, 38, 38, 39, 39, 39, 38] / writers=[39]
OOO / Test #133 / 1439449712244 / readers=[31, 32, 32, 31, 31, 31, 31, 31, 31, 32] / writers=[32]
OOO / Test #73 / 1439449712314 / readers=[36, 36, 36, 36, 36, 36, 36, 36, 36, 36] / writers=[37]
OOO / Test #155 / 1439449712244 / readers=[33, 33, 33, 33, 33, 33, 34, 33, 34, 34] / writers=[34]
OOO / Test #145 / 1439449712314 / readers=[32, 33, 32, 33, 33, 32, 32, 32, 33, 32] / writers=[33]
OOO / Test #45 / 1439449712244 / readers=[42, 42, 42, 42, 42, 41, 42, 42, 42, 41] / writers=[42]
OOO / Test #34 / 1439449712244 / readers=[37, 38, 38, 37, 38, 38, 38, 37, 38, 37] / writers=[38]
OOO / Test #145 / 1439449712318 / readers=[33, 34, 33, 34, 34, 33, 33, 33, 33, 33] / writers=[34]
OOO / Test #57 / 1439449712244 / readers=[37, 37, 37, 37, 37, 37, 37, 36, 36, 36] / writers=[37]
OOO / Test #46 / 1439449712244 / readers=[39, 39, 39, 39, 39, 39, 39, 39, 39, 40] / writers=[40]
OOO / Test #19 / 1439449712244 / readers=[43, 42, 42, 43, 43, 43, 43, 43, 42, 42] / writers=[43]
OOO / Test #45 / 1439449712319 / readers=[43, 43, 43, 43, 43, 43, 42, 43, 43, 42] / writers=[43]
OOO / Test #41 / 1439449712241 / readers=[34, 34, 34, 34, 33, 34, 34, 34, 34, 34] / writers=[34]
OOO / Test #42 / 1439449712241 / readers=[38, 38, 38, 38, 38, 38, 37, 37, 37, 37] / writers=[38]
OOO / Test #32 / 1439449712241 / readers=[38, 37, 38, 37, 38, 37, 37, 38, 38, 37] / writers=[38]
OOO / Test #57 / 1439449712319 / readers=[38, 38, 37, 38, 38, 38, 38, 37, 37, 37] / writers=[38]
OOO / Test #154 / 1439449712241 / readers=[37, 37, 37, 37, 37, 37, 37, 36, 36, 36] / writers=[37]
OOO / Test #38 / 1439449712241 / readers=[36, 36, 37, 37, 37, 36, 37, 36, 37, 36] / writers=[37]
OOO / Test #16 / 1439449712241 / readers=[55, 54, 54, 54, 54, 54, 54, 54, 54, 55] / writers=[55]
OOO / Test #24 / 1439449712241 / readers=[41, 40, 40, 40, 40, 41, 40, 41, 41, 41] / writers=[41]
OOO / Test #80 / 1439449712241 / readers=[31, 31, 30, 30, 30, 30, 30, 30, 30, 30] / writers=[31]
OOO / Test #57 / 1439449712322 / readers=[39, 38, 38, 39, 39, 39, 39, 38, 38, 38] / writers=[39]
OOO / Test #109 / 1439449712238 / readers=[42, 41, 42, 41, 41, 41, 41, 41, 41, 41] / writers=[42]
OOO / Test #37 / 1439449712238 / readers=[36, 36, 36, 36, 36, 36, 36, 36, 36, 35] / writers=[36]
OOO / Test #21 / 1439449712238 / readers=[54, 53, 53, 53, 53, 54, 53, 53, 53, 53] / writers=[54]
OOO / Test #24 / 1439449712322 / readers=[42, 41, 41, 41, 41, 42, 41, 41, 42, 42] / writers=[42]
OOO / Test #84 / 1439449712238 / readers=[33, 33, 33, 33, 33, 33, 33, 33, 33, 33] / writers=[34]
OOO / Test #52 / 1439449712238 / readers=[40, 40, 40, 39, 40, 39, 39, 39, 39, 39] / writers=[40]
OOO / Test #17 / 1439449712238 / readers=[47, 47, 47, 47, 47, 47, 47, 47, 47, 47] / writers=[48]
OOO / Test #101 / 1439449712237 / readers=[29, 29, 29, 29, 29, 29, 29, 29, 29, 29] / writers=[30]
OOO / Test #56 / 1439449712234 / readers=[45, 45, 45, 45, 45, 45, 45, 45, 45, 45] / writers=[46]
OOO / Test #24 / 1439449712325 / readers=[43, 42, 42, 42, 42, 43, 42, 42, 43, 42] / writers=[43]
OOO / Test #137 / 1439449712234 / readers=[31, 32, 31, 31, 31, 31, 31, 31, 31, 31] / writers=[32]
OOO / Test #122 / 1439449712234 / readers=[36, 36, 36, 36, 36, 36, 36, 36, 35, 35] / writers=[36]
OOO / Test #75 / 1439449712234 / readers=[31, 31, 30, 30, 30, 30, 30, 30, 30, 30] / writers=[31]
OOO / Test #84 / 1439449712325 / readers=[36, 36, 36, 36, 36, 36, 36, 36, 35, 36] / writers=[36]
OOO / Test #65 / 1439449712234 / readers=[39, 39, 39, 39, 39, 38, 38, 38, 38, 38] / writers=[39]
OOO / Test #149 / 1439449712234 / readers=[32, 32, 32, 33, 32, 32, 32, 32, 32, 32] / writers=[33]
OOO / Test #139 / 1439449712234 / readers=[30, 30, 30, 31, 31, 30, 30, 30, 30, 30] / writers=[31]
OOO / Test #6 / 1439449712234 / readers=[64, 64, 64, 64, 65, 64, 64, 64, 64, 64] / writers=[65]
OOO / Test #127 / 1439449712230 / readers=[36, 36, 36, 36, 36, 36, 36, 36, 36, 35] / writers=[36]
OOO / Test #48 / 1439449712230 / readers=[36, 36, 36, 36, 36, 36, 36, 36, 35, 35] / writers=[36]
OOO / Test #10 / 1439449712230 / readers=[41, 42, 41, 41, 41, 41, 41, 42, 41, 42] / writers=[42]
OOO / Test #128 / 1439449712230 / readers=[36, 36, 36, 36, 36, 36, 36, 36, 35, 35] / writers=[36]
OOO / Test #139 / 1439449712328 / readers=[31, 31, 31, 32, 31, 31, 31, 31, 31, 31] / writers=[32]
OOO / Test #144 / 1439449712230 / readers=[32, 31, 31, 31, 31, 31, 31, 31, 31, 31] / writers=[32]
OOO / Test #90 / 1439449712230 / readers=[31, 31, 30, 30, 30, 30, 30, 30, 30, 30] / writers=[31]
OOO / Test #118 / 1439449712230 / readers=[30, 30, 30, 29, 30, 29, 29, 29, 29, 29] / writers=[30]
OOO / Test #151 / 1439449712230 / readers=[31, 30, 31, 30, 30, 30, 30, 30, 30, 30] / writers=[31]
OOO / Test #9 / 1439449712227 / readers=[58, 58, 59, 59, 59, 59, 59, 59, 58, 58] / writers=[59]
OOO / Test #8 / 1439449712227 / readers=[60, 59, 59, 60, 60, 59, 59, 59, 60, 59] / writers=[60]
OOO / Test #114 / 1439449712227 / readers=[39, 39, 39, 39, 39, 38, 38, 38, 38, 38] / writers=[39]
OOO / Test #91 / 1439449712227 / readers=[30, 30, 29, 29, 30, 29, 29, 29, 29, 29] / writers=[30]
OOO / Test #151 / 1439449712332 / readers=[31, 31, 32, 31, 31, 31, 31, 31, 31, 31] / writers=[32]
OOO / Test #78 / 1439449712227 / readers=[35, 35, 35, 35, 35, 35, 35, 35, 35, 34] / writers=[35]
OOO / Test #66 / 1439449712227 / readers=[30, 30, 30, 29, 29, 29, 29, 29, 29, 29] / writers=[30]
OOO / Test #130 / 1439449712227 / readers=[37, 37, 37, 37, 38, 38, 38, 37, 37, 37] / writers=[38]
OOO / Test #63 / 1439449712227 / readers=[28, 28, 28, 28, 28, 27, 27, 27, 27, 27] / writers=[28]
OOO / Test #93 / 1439449712227 / readers=[32, 32, 31, 31, 31, 31, 31, 31, 31, 31] / writers=[32]
OOO / Test #77 / 1439449712227 / readers=[37, 37, 37, 37, 37, 37, 37, 36, 36, 36] / writers=[37]
OOO / Test #116 / 1439449712224 / readers=[34, 34, 33, 34, 34, 34, 34, 34, 34, 34] / writers=[34]
OOO / Test #124 / 1439449712224 / readers=[35, 35, 35, 35, 35, 35, 35, 35, 35, 34] / writers=[35]
OOO / Test #86 / 1439449712224 / readers=[31, 31, 30, 30, 30, 30, 30, 30, 30, 30] / writers=[31]
OOO / Test #29 / 1439449712224 / readers=[39, 39, 39, 39, 40, 39, 39, 39, 39, 40] / writers=[40]
OOO / Test #63 / 1439449712336 / readers=[29, 29, 29, 28, 29, 28, 28, 28, 28, 28] / writers=[29]
OOO / Test #77 / 1439449712337 / readers=[38, 38, 38, 38, 38, 38, 37, 37, 37, 37] / writers=[38]
OOO / Test #74 / 1439449712224 / readers=[34, 34, 34, 34, 35, 34, 34, 34, 34, 34] / writers=[35]
OOO / Test #87 / 1439449712224 / readers=[29, 29, 30, 30, 30, 29, 29, 29, 29, 29] / writers=[30]
OOO / Test #71 / 1439449712224 / readers=[34, 34, 35, 35, 35, 35, 35, 35, 34, 35] / writers=[35]
OOO / Test #141 / 1439449712224 / readers=[39, 39, 39, 38, 39, 39, 38, 38, 38, 38] / writers=[39]
OOO / Test #125 / 1439449712224 / readers=[32, 31, 31, 31, 31, 31, 31, 31, 31, 31] / writers=[32]
OOO / Test #85 / 1439449712224 / readers=[37, 37, 37, 37, 37, 37, 36, 37, 37, 36] / writers=[37]
OOO / Test #135 / 1439449712221 / readers=[33, 33, 33, 33, 33, 33, 33, 33, 33, 33] / writers=[34]
OOO / Test #106 / 1439449712221 / readers=[32, 33, 33, 32, 32, 32, 32, 33, 33, 33] / writers=[33]
OOO / Test #71 / 1439449712340 / readers=[35, 35, 36, 36, 36, 36, 36, 36, 35, 35] / writers=[36]
OOO / Test #82 / 1439449712221 / readers=[31, 31, 30, 30, 30, 30, 30, 30, 31, 30] / writers=[31]
OOO / Test #88 / 1439449712221 / readers=[37, 37, 37, 37, 37, 37, 36, 37, 36, 36] / writers=[37]
OOO / Test #68 / 1439449712221 / readers=[31, 31, 31, 31, 31, 31, 31, 31, 31, 31] / writers=[32]
OOO / Test #76 / 1439449712221 / readers=[39, 39, 39, 39, 39, 38, 38, 38, 38, 38] / writers=[39]
OOO / Test #117 / 1439449712221 / readers=[37, 37, 37, 37, 37, 37, 36, 37, 36, 36] / writers=[37]
OOO / Test #96 / 1439449712221 / readers=[31, 32, 31, 31, 31, 31, 31, 31, 31, 31] / writers=[32]
OOO / Test #92 / 1439449712221 / readers=[37, 37, 37, 37, 37, 37, 37, 36, 36, 37] / writers=[37]
OOO / Test #112 / 1439449712221 / readers=[32, 31, 31, 31, 31, 31, 31, 31, 31, 31] / writers=[32]
OOO / Test #104 / 1439449712218 / readers=[35, 35, 35, 35, 35, 35, 35, 35, 35, 34] / writers=[35]
OOO / Test #113 / 1439449712218 / readers=[36, 36, 36, 36, 36, 36, 36, 36, 35, 35] / writers=[36]
OOO / Test #132 / 1439449712218 / readers=[32, 31, 31, 31, 31, 31, 31, 31, 31, 31] / writers=[32]
OOO / Test #68 / 1439449712343 / readers=[33, 34, 34, 34, 34, 34, 34, 34, 34, 34] / writers=[34]
OOO / Test #89 / 1439449712218 / readers=[38, 38, 38, 38, 38, 38, 37, 37, 37, 37] / writers=[38]
OOO / Test #67 / 1439449712218 / readers=[33, 32, 32, 32, 32, 32, 32, 32, 32, 32] / writers=[33]
OOO / Test #136 / 1439449712218 / readers=[31, 31, 31, 31, 31, 31, 31, 31, 31, 31] / writers=[32]
OOO / Test #134 / 1439449712218 / readers=[35, 35, 36, 36, 35, 36, 36, 36, 36, 35] / writers=[36]
OOO / Test #129 / 1439449712218 / readers=[32, 32, 32, 32, 32, 33, 32, 32, 32, 32] / writers=[33]
OOO / Test #143 / 1439449712218 / readers=[28, 28, 28, 28, 28, 27, 27, 27, 27, 27] / writers=[28]
OOO / Test #115 / 1439449712214 / readers=[29, 29, 29, 29, 28, 28, 28, 28, 28, 28] / writers=[29]
OOO / Test #102 / 1439449712214 / readers=[31, 32, 31, 31, 31, 32, 31, 31, 31, 31] / writers=[32]
OOO / Test #134 / 1439449712345 / readers=[36, 36, 37, 37, 36, 37, 37, 36, 37, 36] / writers=[37]
OOO / Test #69 / 1439449712213 / readers=[34, 33, 33, 33, 34, 34, 34, 33, 34, 34] / writers=[34]
OOO / Test #120 / 1439449712213 / readers=[37, 37, 37, 37, 37, 37, 37, 36, 36, 36] / writers=[37]
OOO / Test #79 / 1439449712213 / readers=[30, 29, 29, 30, 30, 29, 29, 29, 29, 29] / writers=[30]
OOO / Test #105 / 1439449712213 / readers=[30, 30, 30, 29, 29, 29, 29, 29, 29, 29] / writers=[30]
OOO / Test #81 / 1439449712213 / readers=[32, 32, 31, 32, 32, 32, 31, 32, 32, 32] / writers=[32]
OOO / Test #123 / 1439449712210 / readers=[29, 29, 29, 28, 28, 28, 28, 28, 29, 28] / writers=[29]
OOO / Test #138 / 1439449712210 / readers=[36, 36, 36, 36, 36, 36, 36, 36, 35, 35] / writers=[36]
OOO / Test #111 / 1439449712210 / readers=[38, 39, 39, 39, 39, 38, 38, 38, 38, 38] / writers=[39]
OOO / Test #105 / 1439449712348 / readers=[31, 31, 30, 30, 30, 30, 30, 30, 30, 30] / writers=[31]
OOO / Test #99 / 1439449712210 / readers=[32, 31, 31, 31, 31, 31, 31, 31, 31, 31] / writers=[32]
OOO / Test #108 / 1439449712210 / readers=[37, 37, 37, 37, 37, 37, 37, 36, 36, 36] / writers=[37]
OOO / Test #138 / 1439449712348 / readers=[37, 37, 37, 37, 37, 37, 37, 36, 36, 36] / writers=[37]
OOO / Test #110 / 1439449712210 / readers=[33, 32, 33, 32, 32, 32, 32, 32, 32, 32] / writers=[33]
OOO / Test #111 / 1439449712348 / readers=[39, 40, 40, 40, 39, 39, 39, 39, 39, 39] / writers=[40]
OOO / Test #121 / 1439449712210 / readers=[34, 34, 35, 35, 35, 35, 35, 35, 35, 35] / writers=[35]
OOO / Test #83 / 1439449712210 / readers=[36, 36, 36, 36, 36, 36, 35, 36, 36, 35] / writers=[36]
OOO / Test #70 / 1439449712210 / readers=[30, 30, 30, 29, 29, 29, 29, 29, 29, 29] / writers=[30]
OOO / Test #142 / 1439449712210 / readers=[31, 31, 31, 31, 31, 31, 31, 31, 31, 31] / writers=[32]
OOO / Test #98 / 1439449712206 / readers=[28, 29, 29, 29, 28, 28, 28, 29, 28, 28] / writers=[29]
OOO / Test #140 / 1439449712206 / readers=[40, 41, 40, 40, 40, 40, 40, 41, 40, 40] / writers=[41]
OOO / Test #111 / 1439449712352 / readers=[40, 40, 41, 41, 40, 40, 40, 40, 40, 40] / writers=[41]
OOO / Test #119 / 1439449712206 / readers=[31, 32, 32, 31, 31, 31, 31, 31, 32, 32] / writers=[32]
OOO / Test #83 / 1439449712352 / readers=[37, 37, 37, 37, 37, 37, 36, 37, 36, 36] / writers=[37]
OOO / Test #126 / 1439449712206 / readers=[33, 33, 33, 33, 33, 33, 33, 33, 33, 33] / writers=[34]
OOO / Test #5 / 1439449712206 / readers=[55, 55, 55, 55, 55, 55, 55, 55, 55, 55] / writers=[56]
OOO / Test #72 / 1439449712206 / readers=[37, 37, 37, 37, 37, 37, 37, 36, 37, 36] / writers=[37]
OOO / Test #94 / 1439449712206 / readers=[29, 29, 29, 29, 29, 29, 29, 29, 29, 29] / writers=[30]
OOO / Test #1 / 1439449712206 / readers=[32, 32, 32, 32, 32, 33, 32, 32, 32, 32] / writers=[33]
OOO / Test #107 / 1439449712204 / readers=[33, 34, 33, 33, 33, 33, 33, 33, 33, 34] / writers=[34]
OOO / Test #72 / 1439449712355 / readers=[38, 38, 38, 38, 38, 38, 38, 37, 37, 37] / writers=[38]
OOO / Test #126 / 1439449712355 / readers=[36, 36, 36, 36, 36, 36, 36, 36, 35, 36] / writers=[36]
OOO / Test #103 / 1439449712204 / readers=[37, 37, 37, 37, 37, 37, 37, 36, 36, 36] / writers=[37]
OOO / Test #131 / 1439449712204 / readers=[28, 28, 29, 29, 29, 29, 28, 28, 29, 28] / writers=[29]
OOO / Test #25 / 1439449712204 / readers=[41, 41, 41, 41, 41, 41, 41, 42, 41, 42] / writers=[42]
OOO / Test #131 / 1439449712355 / readers=[29, 29, 30, 30, 30, 29, 29, 29, 30, 29] / writers=[30]
OOO / Test #103 / 1439449712355 / readers=[38, 38, 38, 38, 38, 38, 37, 37, 37, 37] / writers=[38]
OOO / Test #107 / 1439449712355 / readers=[34, 34, 34, 34, 34, 34, 34, 34, 34, 35] / writers=[35]
OOO / Test #126 / 1439449712355 / readers=[37, 37, 37, 37, 37, 37, 37, 36, 36, 37] / writers=[37]
OOO / Test #94 / 1439449712355 / readers=[32, 31, 32, 32, 32, 32, 32, 32, 32, 32] / writers=[32]
OOO / Test #131 / 1439449712358 / readers=[30, 30, 31, 31, 30, 30, 30, 30, 31, 30] / writers=[31]
OOO / Test #72 / 1439449712355 / readers=[39, 38, 39, 39, 39, 39, 39, 38, 38, 38] / writers=[39]
OOO / Test #1 / 1439449712355 / readers=[33, 33, 33, 33, 33, 33, 33, 33, 33, 33] / writers=[34]
OOO / Test #5 / 1439449712355 / readers=[58, 58, 58, 58, 58, 58, 58, 58, 57, 58] / writers=[58]
OOO / Test #103 / 1439449712358 / readers=[39, 39, 39, 39, 39, 38, 38, 38, 38, 38] / writers=[39]
OOO / Test #83 / 1439449712352 / readers=[38, 38, 38, 38, 38, 38, 37, 37, 37, 37] / writers=[38]
OOO / Test #119 / 1439449712352 / readers=[32, 32, 33, 32, 32, 32, 32, 32, 33, 33] / writers=[33]
OOO / Test #142 / 1439449712352 / readers=[33, 34, 34, 34, 34, 34, 34, 34, 34, 34] / writers=[34]
OOO / Test #98 / 1439449712352 / readers=[29, 30, 30, 29, 29, 29, 29, 30, 29, 29] / writers=[30]
OOO / Test #140 / 1439449712352 / readers=[41, 42, 41, 41, 41, 41, 41, 41, 41, 41] / writers=[42]
OOO / Test #70 / 1439449712352 / readers=[31, 31, 30, 30, 30, 30, 30, 30, 30, 30] / writers=[31]
OOO / Test #111 / 1439449712352 / readers=[41, 41, 42, 41, 41, 41, 41, 41, 41, 41] / writers=[42]
OOO / Test #98 / 1439449712361 / readers=[30, 31, 30, 30, 30, 30, 30, 31, 30, 30] / writers=[31]
OOO / Test #140 / 1439449712361 / readers=[42, 42, 42, 42, 42, 42, 42, 42, 42, 42] / writers=[43]
OOO / Test #121 / 1439449712352 / readers=[35, 35, 36, 36, 36, 36, 36, 36, 36, 35] / writers=[36]
OOO / Test #110 / 1439449712349 / readers=[34, 33, 33, 33, 33, 33, 33, 33, 33, 33] / writers=[34]
OOO / Test #108 / 1439449712349 / readers=[38, 38, 38, 38, 38, 38, 37, 37, 37, 37] / writers=[38]
OOO / Test #138 / 1439449712349 / readers=[38, 38, 38, 38, 38, 38, 37, 37, 37, 37] / writers=[38]
OOO / Test #99 / 1439449712348 / readers=[32, 32, 32, 32, 32, 32, 32, 32, 32, 32] / writers=[33]
OOO / Test #105 / 1439449712348 / readers=[32, 31, 31, 31, 31, 31, 31, 31, 31, 31] / writers=[32]
OOO / Test #123 / 1439449712348 / readers=[30, 30, 30, 29, 29, 30, 29, 29, 29, 29] / writers=[30]
OOO / Test #110 / 1439449712363 / readers=[34, 34, 34, 34, 34, 34, 34, 34, 34, 34] / writers=[35]
OOO / Test #108 / 1439449712363 / readers=[39, 39, 39, 39, 39, 38, 38, 38, 38, 38] / writers=[39]
OOO / Test #138 / 1439449712363 / readers=[39, 39, 39, 39, 39, 38, 38, 38, 38, 38] / writers=[39]
OOO / Test #81 / 1439449712348 / readers=[33, 32, 32, 33, 33, 33, 32, 33, 33, 33] / writers=[33]
OOO / Test #79 / 1439449712348 / readers=[31, 30, 30, 31, 30, 30, 30, 30, 30, 30] / writers=[31]
OOO / Test #120 / 1439449712345 / readers=[38, 38, 38, 38, 37, 38, 38, 37, 37, 37] / writers=[38]
OOO / Test #69 / 1439449712345 / readers=[34, 34, 34, 34, 35, 35, 35, 34, 35, 35] / writers=[35]
OOO / Test #134 / 1439449712345 / readers=[37, 37, 38, 38, 37, 38, 37, 37, 38, 37] / writers=[38]
OOO / Test #136 / 1439449712345 / readers=[33, 34, 34, 34, 34, 34, 34, 34, 34, 34] / writers=[34]
OOO / Test #102 / 1439449712345 / readers=[32, 32, 32, 32, 32, 33, 32, 32, 32, 32] / writers=[33]
OOO / Test #115 / 1439449712345 / readers=[30, 30, 30, 29, 29, 29, 29, 29, 29, 29] / writers=[30]
OOO / Test #69 / 1439449712366 / readers=[35, 35, 35, 35, 36, 36, 36, 35, 36, 35] / writers=[36]
OOO / Test #134 / 1439449712366 / readers=[38, 38, 39, 38, 38, 39, 38, 38, 39, 38] / writers=[39]
OOO / Test #143 / 1439449712345 / readers=[29, 29, 29, 28, 29, 28, 28, 28, 28, 28] / writers=[29]
OOO / Test #136 / 1439449712366 / readers=[34, 35, 35, 35, 35, 35, 35, 35, 35, 34] / writers=[35]
OOO / Test #129 / 1439449712345 / readers=[33, 33, 33, 33, 33, 33, 33, 33, 33, 33] / writers=[34]
OOO / Test #67 / 1439449712345 / readers=[33, 33, 33, 33, 33, 33, 33, 33, 33, 33] / writers=[34]
OOO / Test #132 / 1439449712343 / readers=[32, 32, 32, 32, 32, 32, 32, 32, 32, 32] / writers=[33]
OOO / Test #89 / 1439449712343 / readers=[39, 39, 39, 39, 39, 38, 38, 38, 38, 38] / writers=[39]
OOO / Test #113 / 1439449712343 / readers=[37, 37, 37, 36, 37, 37, 37, 37, 36, 36] / writers=[37]
OOO / Test #68 / 1439449712343 / readers=[34, 35, 35, 35, 35, 35, 35, 35, 35, 34] / writers=[35]
OOO / Test #104 / 1439449712343 / readers=[36, 36, 36, 36, 36, 36, 36, 35, 36, 35] / writers=[36]
OOO / Test #112 / 1439449712343 / readers=[32, 32, 32, 32, 32, 32, 32, 32, 32, 32] / writers=[33]
OOO / Test #89 / 1439449712369 / readers=[40, 40, 40, 40, 39, 39, 39, 39, 39, 39] / writers=[40]
OOO / Test #92 / 1439449712343 / readers=[38, 37, 38, 38, 38, 38, 38, 37, 37, 38] / writers=[38]
OOO / Test #96 / 1439449712343 / readers=[32, 32, 32, 32, 32, 32, 32, 32, 32, 32] / writers=[33]
OOO / Test #117 / 1439449712343 / readers=[38, 38, 38, 38, 38, 38, 37, 37, 37, 37] / writers=[38]
OOO / Test #76 / 1439449712343 / readers=[40, 40, 40, 40, 39, 39, 39, 39, 39, 39] / writers=[40]
OOO / Test #135 / 1439449712340 / readers=[36, 36, 36, 36, 36, 36, 36, 36, 36, 35] / writers=[36]
OOO / Test #88 / 1439449712340 / readers=[38, 38, 38, 38, 38, 38, 37, 37, 37, 37] / writers=[38]
OOO / Test #82 / 1439449712340 / readers=[32, 31, 31, 31, 31, 31, 31, 31, 32, 31] / writers=[32]
OOO / Test #71 / 1439449712340 / readers=[36, 36, 37, 37, 37, 37, 37, 36, 36, 36] / writers=[37]
OOO / Test #106 / 1439449712340 / readers=[33, 34, 34, 33, 33, 33, 33, 34, 34, 33] / writers=[34]
OOO / Test #76 / 1439449712371 / readers=[41, 41, 41, 40, 40, 40, 40, 40, 40, 40] / writers=[41]
OOO / Test #125 / 1439449712340 / readers=[32, 32, 32, 32, 32, 32, 32, 32, 32, 32] / writers=[33]
OOO / Test #82 / 1439449712371 / readers=[32, 32, 32, 32, 32, 32, 32, 32, 33, 32] / writers=[33]
OOO / Test #85 / 1439449712340 / readers=[38, 38, 38, 37, 38, 38, 37, 38, 38, 37] / writers=[38]
OOO / Test #141 / 1439449712340 / readers=[40, 40, 40, 39, 40, 39, 39, 39, 39, 39] / writers=[40]
OOO / Test #87 / 1439449712340 / readers=[30, 30, 31, 31, 30, 30, 30, 30, 30, 30] / writers=[31]
OOO / Test #74 / 1439449712337 / readers=[35, 35, 35, 35, 35, 35, 35, 35, 35, 35] / writers=[36]
OOO / Test #77 / 1439449712337 / readers=[39, 39, 39, 39, 39, 38, 38, 38, 38, 38] / writers=[39]
OOO / Test #63 / 1439449712337 / readers=[30, 30, 30, 29, 29, 29, 29, 29, 29, 29] / writers=[30]
OOO / Test #87 / 1439449712374 / readers=[31, 31, 31, 32, 31, 31, 31, 31, 31, 31] / writers=[32]
OOO / Test #29 / 1439449712337 / readers=[40, 40, 40, 40, 40, 40, 40, 40, 40, 41] / writers=[41]
OOO / Test #86 / 1439449712337 / readers=[32, 31, 31, 31, 31, 31, 31, 31, 31, 31] / writers=[32]
OOO / Test #124 / 1439449712337 / readers=[36, 36, 36, 36, 36, 36, 36, 36, 35, 35] / writers=[36]
OOO / Test #77 / 1439449712374 / readers=[39, 40, 40, 40, 40, 39, 39, 39, 39, 39] / writers=[40]
OOO / Test #116 / 1439449712337 / readers=[35, 35, 34, 35, 35, 35, 35, 35, 35, 34] / writers=[35]
OOO / Test #93 / 1439449712337 / readers=[33, 32, 32, 32, 32, 32, 32, 32, 32, 32] / writers=[33]
OOO / Test #66 / 1439449712333 / readers=[31, 31, 30, 30, 30, 30, 30, 30, 30, 30] / writers=[31]
OOO / Test #77 / 1439449712377 / readers=[40, 41, 41, 41, 40, 40, 40, 40, 40, 40] / writers=[41]
OOO / Test #116 / 1439449712377 / readers=[36, 36, 35, 36, 36, 36, 36, 36, 35, 35] / writers=[36]
OOO / Test #78 / 1439449712333 / readers=[36, 36, 36, 36, 36, 36, 36, 35, 36, 35] / writers=[36]
OOO / Test #130 / 1439449712333 / readers=[38, 38, 38, 38, 39, 39, 38, 38, 38, 38] / writers=[39]
OOO / Test #8 / 1439449712333 / readers=[61, 60, 60, 61, 60, 60, 60, 60, 61, 60] / writers=[61]
OOO / Test #151 / 1439449712333 / readers=[32, 32, 32, 32, 32, 32, 32, 32, 32, 32] / writers=[33]
OOO / Test #91 / 1439449712333 / readers=[31, 30, 30, 30, 31, 30, 30, 30, 30, 30] / writers=[31]
OOO / Test #78 / 1439449712377 / readers=[37, 37, 37, 37, 37, 37, 37, 36, 36, 36] / writers=[37]
OOO / Test #114 / 1439449712333 / readers=[40, 40, 40, 40, 39, 39, 39, 39, 39, 39] / writers=[40]
OOO / Test #9 / 1439449712332 / readers=[59, 59, 59, 60, 60, 60, 60, 60, 59, 59] / writers=[60]
OOO / Test #90 / 1439449712332 / readers=[31, 32, 31, 31, 31, 31, 31, 31, 31, 31] / writers=[32]
OOO / Test #118 / 1439449712332 / readers=[31, 30, 31, 30, 31, 30, 30, 30, 30, 30] / writers=[31]
OOO / Test #144 / 1439449712329 / readers=[32, 32, 32, 32, 32, 32, 32, 32, 32, 32] / writers=[33]
OOO / Test #139 / 1439449712329 / readers=[32, 32, 32, 32, 32, 32, 32, 32, 32, 32] / writers=[33]
OOO / Test #128 / 1439449712329 / readers=[37, 37, 37, 37, 37, 37, 37, 36, 36, 36] / writers=[37]
OOO / Test #10 / 1439449712329 / readers=[42, 43, 42, 42, 42, 42, 42, 43, 42, 42] / writers=[43]
OOO / Test #90 / 1439449712381 / readers=[32, 32, 32, 32, 32, 32, 32, 32, 32, 32] / writers=[33]
OOO / Test #48 / 1439449712329 / readers=[37, 37, 37, 37, 37, 37, 37, 36, 36, 36] / writers=[37]
OOO / Test #127 / 1439449712329 / readers=[37, 37, 37, 37, 37, 37, 37, 36, 37, 36] / writers=[37]
OOO / Test #6 / 1439449712329 / readers=[65, 65, 65, 65, 65, 65, 65, 65, 65, 65] / writers=[66]
OOO / Test #149 / 1439449712328 / readers=[33, 33, 33, 33, 33, 33, 33, 33, 33, 33] / writers=[34]
OOO / Test #65 / 1439449712328 / readers=[40, 40, 40, 40, 39, 39, 39, 39, 39, 39] / writers=[40]
OOO / Test #84 / 1439449712325 / readers=[37, 37, 37, 37, 37, 37, 37, 36, 36, 37] / writers=[37]
OOO / Test #56 / 1439449712325 / readers=[48, 48, 48, 48, 48, 48, 48, 48, 48, 47] / writers=[48]
OOO / Test #48 / 1439449712384 / readers=[38, 38, 38, 38, 38, 37, 38, 37, 37, 37] / writers=[38]
OOO / Test #101 / 1439449712325 / readers=[32, 31, 32, 32, 32, 32, 32, 32, 32, 32] / writers=[32]
OOO / Test #75 / 1439449712325 / readers=[32, 31, 31, 31, 31, 31, 31, 31, 31, 31] / writers=[32]
OOO / Test #122 / 1439449712325 / readers=[37, 37, 37, 37, 37, 37, 37, 36, 36, 36] / writers=[37]
OOO / Test #17 / 1439449712325 / readers=[49, 50, 50, 50, 50, 50, 50, 50, 50, 50] / writers=[50]
OOO / Test #137 / 1439449712325 / readers=[32, 32, 32, 32, 32, 32, 32, 32, 32, 32] / writers=[33]
OOO / Test #122 / 1439449712387 / readers=[38, 38, 38, 38, 38, 38, 37, 37, 37, 37] / writers=[38]
OOO / Test #24 / 1439449712325 / readers=[44, 43, 43, 43, 43, 43, 43, 43, 44, 43] / writers=[44]
OOO / Test #52 / 1439449712325 / readers=[41, 41, 41, 40, 40, 40, 40, 40, 40, 40] / writers=[41]
OOO / Test #21 / 1439449712322 / readers=[55, 54, 54, 54, 54, 54, 54, 54, 54, 54] / writers=[55]
OOO / Test #37 / 1439449712322 / readers=[37, 37, 37, 37, 37, 37, 37, 37, 36, 36] / writers=[37]
OOO / Test #57 / 1439449712322 / readers=[41, 41, 41, 41, 41, 41, 40, 41, 41, 41] / writers=[41]
OOO / Test #109 / 1439449712322 / readers=[43, 42, 42, 42, 42, 42, 42, 42, 42, 42] / writers=[43]
OOO / Test #122 / 1439449712387 / readers=[39, 39, 39, 39, 38, 39, 38, 38, 38, 38] / writers=[39]
OOO / Test #52 / 1439449712387 / readers=[42, 42, 41, 41, 41, 41, 41, 41, 41, 41] / writers=[42]
OOO / Test #80 / 1439449712322 / readers=[32, 31, 31, 31, 31, 31, 31, 31, 31, 31] / writers=[32]
OOO / Test #16 / 1439449712322 / readers=[55, 55, 55, 55, 55, 55, 55, 55, 55, 56] / writers=[56]
OOO / Test #38 / 1439449712322 / readers=[37, 37, 38, 38, 38, 37, 38, 37, 37, 37] / writers=[38]
OOO / Test #154 / 1439449712322 / readers=[38, 38, 38, 38, 38, 38, 37, 37, 37, 37] / writers=[38]
OOO / Test #32 / 1439449712319 / readers=[39, 38, 39, 38, 39, 38, 38, 39, 38, 38] / writers=[39]
OOO / Test #42 / 1439449712319 / readers=[39, 39, 38, 39, 39, 39, 38, 38, 38, 38] / writers=[39]
OOO / Test #41 / 1439449712319 / readers=[34, 35, 35, 35, 34, 35, 35, 35, 35, 35] / writers=[35]
OOO / Test #38 / 1439449712390 / readers=[38, 38, 39, 39, 39, 38, 38, 38, 38, 38] / writers=[39]
OOO / Test #19 / 1439449712319 / readers=[43, 43, 43, 44, 44, 44, 44, 44, 43, 43] / writers=[44]
OOO / Test #154 / 1439449712390 / readers=[39, 39, 39, 38, 39, 39, 38, 38, 38, 38] / writers=[39]
OOO / Test #45 / 1439449712319 / readers=[44, 43, 44, 44, 44, 44, 43, 44, 44, 43] / writers=[44]
OOO / Test #145 / 1439449712319 / readers=[34, 35, 34, 35, 34, 34, 34, 34, 34, 34] / writers=[35]
OOO / Test #46 / 1439449712319 / readers=[40, 40, 40, 40, 40, 40, 40, 40, 40, 40] / writers=[41]
OOO / Test #154 / 1439449712392 / readers=[40, 40, 40, 39, 40, 39, 39, 39, 39, 39] / writers=[40]
OOO / Test #34 / 1439449712319 / readers=[38, 39, 39, 38, 38, 39, 39, 38, 39, 38] / writers=[39]
OOO / Test #73 / 1439449712314 / readers=[39, 39, 39, 39, 39, 38, 39, 39, 39, 39] / writers=[39]
OOO / Test #155 / 1439449712314 / readers=[34, 34, 34, 34, 34, 34, 35, 34, 35, 34] / writers=[35]
OOO / Test #133 / 1439449712314 / readers=[32, 32, 33, 32, 32, 32, 32, 32, 32, 33] / writers=[33]
OOO / Test #12 / 1439449712314 / readers=[59, 59, 59, 59, 59, 59, 59, 58, 58, 58] / writers=[59]
OOO / Test #35 / 1439449712314 / readers=[40, 39, 39, 40, 39, 39, 40, 40, 40, 39] / writers=[40]
OOO / Test #46 / 1439449712393 / readers=[42, 43, 43, 43, 43, 43, 43, 43, 43, 43] / writers=[43]
OOO / Test #33 / 1439449712314 / readers=[32, 31, 31, 31, 31, 31, 31, 31, 32, 31] / writers=[32]
OOO / Test #58 / 1439449712314 / readers=[37, 37, 38, 38, 37, 38, 37, 38, 37, 37] / writers=[38]
OOO / Test #26 / 1439449712311 / readers=[38, 38, 38, 38, 38, 38, 37, 38, 38, 38] / writers=[38]
OOO / Test #4 / 1439449712311 / readers=[62, 62, 62, 62, 61, 61, 61, 61, 61, 62] / writers=[62]
OOO / Test #46 / 1439449712396 / readers=[43, 44, 44, 44, 44, 44, 43, 44, 44, 44] / writers=[44]
OOO / Test #59 / 1439449712311 / readers=[40, 40, 39, 39, 39, 39, 39, 39, 39, 39] / writers=[40]
OOO / Test #51 / 1439449712311 / readers=[38, 38, 37, 37, 37, 38, 37, 37, 37, 37] / writers=[38]
OOO / Test #147 / 1439449712311 / readers=[31, 30, 30, 31, 30, 30, 30, 31, 30, 30] / writers=[31]
OOO / Test #33 / 1439449712396 / readers=[32, 32, 32, 32, 32, 32, 32, 32, 33, 32] / writers=[33]
OOO / Test #39 / 1439449712311 / readers=[41, 40, 41, 41, 40, 41, 40, 40, 40, 41] / writers=[41]
OOO / Test #14 / 1439449712311 / readers=[63, 64, 64, 64, 64, 63, 63, 63, 64, 64] / writers=[64]
OOO / Test #157 / 1439449712311 / readers=[39, 39, 38, 39, 39, 39, 38, 38, 38, 39] / writers=[39]
OOO / Test #64 / 1439449712307 / readers=[37, 37, 37, 37, 37, 36, 37, 37, 36, 36] / writers=[37]
OOO / Test #23 / 1439449712307 / readers=[42, 42, 42, 42, 42, 42, 42, 42, 42, 42] / writers=[43]
OOO / Test #22 / 1439449712307 / readers=[41, 41, 42, 41, 41, 41, 41, 41, 41, 41] / writers=[42]
OOO / Test #39 / 1439449712400 / readers=[42, 41, 42, 42, 41, 41, 41, 41, 41, 42] / writers=[42]
OOO / Test #62 / 1439449712307 / readers=[35, 35, 36, 36, 35, 35, 35, 35, 35, 35] / writers=[36]
OOO / Test #180 / 1439449712307 / readers=[35, 35, 35, 35, 35, 35, 35, 35, 34, 35] / writers=[35]
OOO / Test #157 / 1439449712400 / readers=[40, 40, 39, 40, 40, 40, 39, 39, 39, 39] / writers=[40]
OOO / Test #167 / 1439449712307 / readers=[35, 36, 36, 36, 36, 36, 36, 35, 36, 35] / writers=[36]
OOO / Test #55 / 1439449712307 / readers=[42, 41, 42, 42, 41, 41, 41, 41, 41, 41] / writers=[42]
OOO / Test #198 / 1439449712307 / readers=[37, 37, 37, 37, 37, 37, 37, 37, 37, 36] / writers=[37]
OOO / Test #31 / 1439449712307 / readers=[37, 37, 37, 37, 37, 37, 37, 37, 37, 37] / writers=[38]
OOO / Test #148 / 1439449712304 / readers=[30, 31, 30, 31, 30, 31, 30, 30, 30, 31] / writers=[31]
OOO / Test #28 / 1439449712304 / readers=[41, 41, 41, 41, 41, 41, 41, 41, 41, 41] / writers=[42]
OOO / Test #49 / 1439449712304 / readers=[41, 41, 41, 41, 41, 41, 41, 41, 41, 41] / writers=[42]
OOO / Test #198 / 1439449712403 / readers=[38, 38, 38, 38, 38, 38, 38, 38, 37, 37] / writers=[38]
OOO / Test #18 / 1439449712304 / readers=[47, 47, 47, 47, 47, 47, 47, 47, 46, 47] / writers=[47]
OOO / Test #148 / 1439449712403 / readers=[31, 31, 31, 32, 31, 32, 31, 31, 31, 32] / writers=[32]
OOO / Test #36 / 1439449712304 / readers=[40, 40, 40, 39, 39, 40, 40, 40, 40, 40] / writers=[40]
OOO / Test #31 / 1439449712403 / readers=[39, 40, 40, 40, 40, 40, 40, 40, 40, 40] / writers=[40]
OOO / Test #44 / 1439449712304 / readers=[38, 38, 38, 38, 38, 38, 37, 37, 38, 37] / writers=[38]
OOO / Test #15 / 1439449712304 / readers=[55, 55, 54, 55, 55, 55, 55, 55, 55, 54] / writers=[55]
OOO / Test #146 / 1439449712304 / readers=[42, 42, 41, 42, 42, 42, 41, 41, 41, 41] / writers=[42]
OOO / Test #30 / 1439449712304 / readers=[35, 35, 35, 35, 35, 35, 35, 35, 35, 36] / writers=[36]
OOO / Test #162 / 1439449712301 / readers=[35, 35, 35, 35, 35, 35, 35, 35, 35, 34] / writers=[35]
OOO / Test #31 / 1439449712406 / readers=[40, 41, 41, 41, 41, 41, 40, 41, 41, 41] / writers=[41]
OOO / Test #27 / 1439449712300 / readers=[38, 38, 38, 38, 38, 38, 37, 37, 38, 38] / writers=[38]
OOO / Test #153 / 1439449712300 / readers=[43, 43, 42, 43, 43, 43, 43, 43, 43, 43] / writers=[43]
OOO / Test #30 / 1439449712406 / readers=[36, 36, 36, 36, 36, 36, 36, 36, 36, 36] / writers=[37]
OOO / Test #97 / 1439449712300 / readers=[36, 35, 36, 36, 36, 36, 36, 35, 36, 36] / writers=[36]
OOO / Test #61 / 1439449712300 / readers=[38, 38, 38, 38, 38, 38, 39, 39, 39, 38] / writers=[39]
OOO / Test #43 / 1439449712300 / readers=[40, 41, 40, 41, 41, 41, 41, 40, 41, 40] / writers=[41]
OOO / Test #20 / 1439449712300 / readers=[39, 39, 38, 39, 39, 38, 39, 38, 39, 39] / writers=[39]
OOO / Test #100 / 1439449712300 / readers=[37, 37, 37, 37, 37, 37, 37, 36, 36, 36] / writers=[37]
OOO / Test #40 / 1439449712297 / readers=[37, 38, 38, 38, 38, 38, 38, 38, 38, 38] / writers=[38]
OOO / Test #95 / 1439449712297 / readers=[36, 37, 36, 36, 36, 36, 36, 36, 36, 36] / writers=[37]
OOO / Test #97 / 1439449712409 / readers=[37, 36, 37, 37, 37, 37, 37, 36, 36, 37] / writers=[37]
OOO / Test #178 / 1439449712297 / readers=[35, 35, 35, 35, 35, 35, 35, 35, 35, 35] / writers=[36]
OOO / Test #152 / 1439449712297 / readers=[31, 31, 31, 31, 31, 31, 31, 31, 31, 31] / writers=[32]
OOO / Test #164 / 1439449712297 / readers=[36, 36, 36, 36, 36, 36, 36, 35, 35, 36] / writers=[36]
OOO / Test #60 / 1439449712297 / readers=[35, 35, 35, 36, 36, 36, 36, 36, 36, 35] / writers=[36]
OOO / Test #192 / 1439449712294 / readers=[46, 46, 46, 46, 46, 46, 46, 46, 45, 46] / writers=[46]
OOO / Test #161 / 1439449712294 / readers=[34, 34, 34, 34, 35, 35, 34, 35, 35, 34] / writers=[35]
OOO / Test #166 / 1439449712294 / readers=[35, 35, 35, 36, 36, 36, 36, 36, 35, 35] / writers=[36]
OOO / Test #158 / 1439449712294 / readers=[35, 36, 36, 36, 36, 36, 36, 35, 36, 35] / writers=[36]
OOO / Test #190 / 1439449712294 / readers=[41, 41, 42, 41, 41, 41, 41, 41, 41, 41] / writers=[42]
OOO / Test #169 / 1439449712294 / readers=[32, 32, 32, 32, 32, 32, 32, 32, 32, 32] / writers=[33]
OOO / Test #161 / 1439449712413 / readers=[35, 35, 35, 35, 36, 36, 35, 36, 35, 35] / writers=[36]
OOO / Test #158 / 1439449712413 / readers=[36, 37, 37, 37, 37, 37, 37, 36, 36, 36] / writers=[37]
OOO / Test #182 / 1439449712294 / readers=[36, 36, 36, 36, 36, 36, 36, 36, 35, 35] / writers=[36]
OOO / Test #160 / 1439449712290 / readers=[35, 35, 35, 35, 34, 35, 35, 35, 35, 35] / writers=[35]
OOO / Test #150 / 1439449712290 / readers=[34, 34, 35, 35, 35, 35, 35, 35, 35, 34] / writers=[35]
OOO / Test #171 / 1439449712290 / readers=[34, 34, 34, 34, 35, 35, 35, 35, 35, 35] / writers=[35]
OOO / Test #163 / 1439449712290 / readers=[38, 38, 38, 38, 38, 38, 37, 37, 37, 37] / writers=[38]
OOO / Test #177 / 1439449712290 / readers=[31, 31, 31, 31, 31, 31, 31, 31, 31, 31] / writers=[32]
OOO / Test #156 / 1439449712290 / readers=[32, 31, 31, 32, 31, 31, 31, 31, 31, 31] / writers=[32]
OOO / Test #160 / 1439449712416 / readers=[36, 36, 36, 36, 35, 36, 36, 36, 36, 35] / writers=[36]
OOO / Test #7 / 1439449712290 / readers=[42, 42, 42, 42, 42, 42, 42, 42, 42, 42] / writers=[43]
OOO / Test #13 / 1439449712290 / readers=[58, 59, 59, 59, 59, 59, 59, 58, 59, 58] / writers=[59]
OOO / Test #54 / 1439449712290 / readers=[46, 47, 46, 46, 46, 47, 46, 47, 46, 46] / writers=[47]
OOO / Test #176 / 1439449712287 / readers=[32, 32, 32, 32, 32, 32, 32, 32, 32, 32] / writers=[33]
OOO / Test #181 / 1439449712287 / readers=[36, 36, 36, 36, 36, 36, 36, 36, 35, 35] / writers=[36]
OOO / Test #191 / 1439449712287 / readers=[31, 32, 31, 31, 31, 31, 31, 31, 31, 31] / writers=[32]
OOO / Test #168 / 1439449712287 / readers=[29, 30, 30, 29, 29, 29, 29, 29, 29, 29] / writers=[30]
OOO / Test #200 / 1439449712287 / readers=[32, 31, 31, 31, 31, 31, 31, 31, 31, 31] / writers=[32]
OOO / Test #196 / 1439449712287 / readers=[33, 32, 32, 33, 33, 33, 33, 33, 33, 33] / writers=[33]
OOO / Test #191 / 1439449712420 / readers=[32, 32, 32, 32, 32, 32, 32, 32, 32, 32] / writers=[33]
OOO / Test #173 / 1439449712287 / readers=[36, 36, 36, 36, 36, 36, 36, 36, 35, 35] / writers=[36]
OOO / Test #174 / 1439449712287 / readers=[31, 31, 30, 30, 30, 30, 30, 30, 30, 30] / writers=[31]
OOO / Test #187 / 1439449712287 / readers=[32, 31, 31, 31, 31, 31, 31, 31, 31, 31] / writers=[32]
OOO / Test #194 / 1439449712284 / readers=[37, 37, 37, 38, 37, 38, 38, 37, 37, 37] / writers=[38]
OOO / Test #170 / 1439449712284 / readers=[33, 32, 32, 32, 32, 32, 32, 32, 32, 32] / writers=[33]
OOO / Test #165 / 1439449712284 / readers=[30, 30, 29, 29, 29, 29, 29, 29, 29, 29] / writers=[30]
OOO / Test #184 / 1439449712284 / readers=[28, 28, 28, 28, 28, 27, 27, 27, 27, 27] / writers=[28]
OOO / Test #197 / 1439449712284 / readers=[37, 37, 37, 37, 37, 37, 37, 36, 37, 36] / writers=[37]
OOO / Test #193 / 1439449712284 / readers=[29, 29, 29, 29, 28, 28, 28, 28, 28, 28] / writers=[29]
OOO / Test #170 / 1439449712423 / readers=[33, 33, 33, 33, 33, 33, 33, 33, 33, 33] / writers=[34]
OOO / Test #165 / 1439449712423 / readers=[31, 30, 30, 30, 30, 30, 30, 30, 30, 30] / writers=[31]
OOO / Test #197 / 1439449712423 / readers=[38, 38, 38, 38, 38, 38, 37, 37, 38, 37] / writers=[38]
OOO / Test #193 / 1439449712423 / readers=[30, 30, 30, 29, 29, 29, 29, 29, 29, 29] / writers=[30]
OOO / Test #186 / 1439449712284 / readers=[32, 31, 31, 31, 31, 31, 31, 31, 31, 31] / writers=[32]
OOO / Test #11 / 1439449712284 / readers=[61, 61, 62, 61, 62, 61, 61, 61, 61, 61] / writers=[62]
OOO / Test #188 / 1439449712281 / readers=[32, 32, 32, 32, 32, 32, 32, 32, 32, 32] / writers=[33]
OOO / Test #199 / 1439449712281 / readers=[35, 35, 35, 35, 36, 36, 36, 35, 35, 35] / writers=[36]
OOO / Test #175 / 1439449712281 / readers=[28, 28, 28, 28, 28, 28, 28, 28, 28, 28] / writers=[29]
OOO / Test #53 / 1439449712281 / readers=[27, 27, 27, 27, 26, 27, 26, 27, 27, 27] / writers=[27]
OOO / Test #3 / 1439449712281 / readers=[54, 54, 54, 55, 55, 55, 55, 55, 55, 55] / writers=[55]
OOO / Test #199 / 1439449712427 / readers=[36, 36, 36, 36, 37, 37, 36, 36, 36, 36] / writers=[37]
OOO / Test #183 / 1439449712281 / readers=[34, 35, 35, 35, 35, 35, 35, 35, 35, 34] / writers=[35]
OOO / Test #188 / 1439449712427 / readers=[35, 35, 35, 35, 35, 35, 35, 35, 35, 34] / writers=[35]
OOO / Test #159 / 1439449712281 / readers=[38, 38, 37, 38, 38, 38, 37, 37, 37, 37] / writers=[38]
OOO / Test #195 / 1439449712281 / readers=[32, 31, 31, 31, 31, 31, 31, 31, 31, 31] / writers=[32]
OOO / Test #3 / 1439449712427 / readers=[55, 55, 55, 55, 56, 56, 56, 56, 56, 56] / writers=[56]
OOO / Test #172 / 1439449712281 / readers=[32, 31, 31, 31, 31, 31, 31, 31, 31, 31] / writers=[32]
OOO / Test #189 / 1439449712281 / readers=[25, 25, 25, 25, 25, 25, 25, 25, 24, 24] / writers=[25]
OOO / Test #2 / 1439449712278 / readers=[33, 32, 33, 32, 32, 32, 32, 32, 32, 32] / writers=[33]
OOO / Test #185 / 1439449712278 / readers=[35, 35, 35, 35, 35, 35, 35, 35, 35, 34] / writers=[35]
OOO / Test #47 / 1439449712278 / readers=[33, 33, 33, 33, 33, 33, 34, 33, 33, 33] / writers=[34]
OOO / Test #172 / 1439449712430 / readers=[32, 32, 32, 32, 32, 32, 32, 32, 32, 32] / writers=[33]
OOO / Test #179 / 1439449712278 / readers=[25, 25, 25, 25, 25, 26, 26, 25, 25, 25] / writers=[26]
OOO / Test #50 / 1439449712278 / readers=[31, 32, 31, 31, 31, 31, 31, 31, 32, 31] / writers=[32]
OOO / Test #2 / 1439449712430 / readers=[33, 33, 34, 33, 33, 33, 33, 33, 33, 33] / writers=[34]
OOO / Test #172 / 1439449712430 / readers=[35, 35, 35, 35, 35, 35, 35, 35, 35, 34] / writers=[35]
OOO / Test #189 / 1439449712430 / readers=[26, 26, 26, 26, 26, 26, 26, 25, 25, 25] / writers=[26]
OOO / Test #3 / 1439449712430 / readers=[56, 56, 56, 56, 57, 57, 57, 57, 57, 56] / writers=[57]
OOO / Test #195 / 1439449712427 / readers=[32, 32, 32, 32, 32, 32, 32, 32, 32, 32] / writers=[33]
OOO / Test #159 / 1439449712427 / readers=[38, 39, 38, 39, 39, 39, 38, 38, 38, 38] / writers=[39]
OOO / Test #172 / 1439449712433 / readers=[36, 36, 36, 36, 36, 36, 36, 36, 35, 35] / writers=[36]
OOO / Test #188 / 1439449712427 / readers=[36, 36, 36, 36, 35, 36, 36, 36, 36, 35] / writers=[36]
OOO / Test #183 / 1439449712427 / readers=[35, 36, 36, 35, 36, 36, 36, 36, 36, 35] / writers=[36]
OOO / Test #199 / 1439449712427 / readers=[37, 37, 37, 37, 38, 37, 37, 37, 37, 37] / writers=[38]
OOO / Test #175 / 1439449712427 / readers=[31, 31, 31, 30, 31, 31, 31, 31, 31, 31] / writers=[31]
OOO / Test #53 / 1439449712427 / readers=[28, 27, 28, 28, 27, 28, 27, 28, 28, 28] / writers=[28]
OOO / Test #11 / 1439449712427 / readers=[62, 62, 62, 62, 63, 62, 62, 62, 62, 62] / writers=[63]
OOO / Test #186 / 1439449712423 / readers=[32, 32, 32, 32, 32, 32, 32, 32, 32, 32] / writers=[33]
OOO / Test #193 / 1439449712423 / readers=[30, 31, 31, 30, 30, 30, 30, 30, 30, 30] / writers=[31]
OOO / Test #165 / 1439449712423 / readers=[31, 31, 31, 31, 31, 31, 31, 31, 31, 31] / writers=[32]
OOO / Test #197 / 1439449712423 / readers=[39, 39, 39, 39, 39, 38, 38, 38, 39, 38] / writers=[39]
OOO / Test #53 / 1439449712436 / readers=[29, 28, 29, 29, 28, 29, 28, 29, 28, 29] / writers=[29]
OOO / Test #170 / 1439449712423 / readers=[36, 36, 36, 36, 36, 36, 36, 36, 36, 35] / writers=[36]
OOO / Test #184 / 1439449712423 / readers=[29, 29, 29, 29, 28, 28, 28, 28, 28, 28] / writers=[29]
OOO / Test #193 / 1439449712436 / readers=[31, 32, 31, 31, 31, 31, 31, 31, 31, 31] / writers=[32]
OOO / Test #194 / 1439449712420 / readers=[38, 38, 38, 39, 38, 39, 38, 38, 38, 38] / writers=[39]
OOO / Test #187 / 1439449712420 / readers=[32, 32, 32, 32, 32, 32, 32, 32, 32, 32] / writers=[33]
OOO / Test #174 / 1439449712420 / readers=[32, 31, 31, 31, 31, 31, 31, 31, 31, 31] / writers=[32]
OOO / Test #191 / 1439449712420 / readers=[35, 35, 35, 35, 35, 35, 35, 35, 34, 35] / writers=[35]
OOO / Test #173 / 1439449712420 / readers=[37, 37, 37, 37, 37, 37, 37, 36, 36, 36] / writers=[37]
OOO / Test #196 / 1439449712420 / readers=[33, 33, 33, 34, 34, 34, 34, 34, 34, 34] / writers=[34]
OOO / Test #200 / 1439449712420 / readers=[32, 32, 32, 32, 32, 32, 32, 32, 32, 32] / writers=[33]
OOO / Test #168 / 1439449712420 / readers=[30, 31, 30, 30, 30, 30, 30, 30, 30, 30] / writers=[31]
OOO / Test #176 / 1439449712420 / readers=[35, 35, 35, 35, 35, 35, 34, 35, 35, 35] / writers=[35]
OOO / Test #181 / 1439449712420 / readers=[37, 37, 37, 37, 37, 37, 37, 36, 36, 36] / writers=[37]
OOO / Test #7 / 1439449712417 / readers=[45, 45, 44, 45, 45, 45, 45, 45, 45, 45] / writers=[45]
OOO / Test #54 / 1439449712417 / readers=[47, 48, 47, 47, 47, 48, 47, 47, 47, 47] / writers=[48]
OOO / Test #13 / 1439449712417 / readers=[59, 60, 60, 60, 60, 60, 60, 59, 59, 59] / writers=[60]
OOO / Test #177 / 1439449712417 / readers=[33, 34, 34, 34, 34, 34, 34, 34, 34, 34] / writers=[34]
OOO / Test #160 / 1439449712417 / readers=[37, 37, 37, 37, 36, 37, 37, 37, 36, 36] / writers=[37]
OOO / Test #156 / 1439449712417 / readers=[33, 32, 32, 32, 32, 32, 32, 32, 32, 32] / writers=[33]
OOO / Test #163 / 1439449712416 / readers=[39, 39, 39, 39, 39, 38, 38, 38, 38, 38] / writers=[39]
OOO / Test #13 / 1439449712441 / readers=[60, 60, 61, 61, 61, 61, 61, 60, 60, 60] / writers=[61]
OOO / Test #177 / 1439449712441 / readers=[34, 35, 35, 35, 35, 35, 35, 34, 35, 35] / writers=[35]
OOO / Test #171 / 1439449712416 / readers=[35, 35, 35, 35, 36, 36, 36, 36, 36, 35] / writers=[36]
OOO / Test #156 / 1439449712441 / readers=[33, 33, 33, 33, 33, 33, 33, 33, 33, 33] / writers=[34]
OOO / Test #150 / 1439449712416 / readers=[35, 35, 36, 36, 36, 36, 36, 36, 35, 35] / writers=[36]
OOO / Test #169 / 1439449712413 / readers=[35, 35, 35, 35, 35, 35, 35, 35, 35, 34] / writers=[35]
OOO / Test #182 / 1439449712413 / readers=[37, 37, 37, 37, 37, 37, 37, 36, 36, 36] / writers=[37]
OOO / Test #158 / 1439449712413 / readers=[37, 38, 38, 38, 38, 38, 37, 37, 37, 37] / writers=[38]
OOO / Test #161 / 1439449712413 / readers=[36, 36, 36, 36, 37, 37, 36, 36, 36, 36] / writers=[37]
OOO / Test #190 / 1439449712413 / readers=[42, 42, 42, 42, 42, 42, 42, 42, 42, 42] / writers=[43]
OOO / Test #166 / 1439449712413 / readers=[36, 36, 36, 37, 37, 37, 37, 36, 36, 36] / writers=[37]
OOO / Test #192 / 1439449712413 / readers=[47, 47, 47, 47, 47, 47, 47, 47, 46, 46] / writers=[47]
OOO / Test #60 / 1439449712413 / readers=[36, 36, 36, 36, 37, 37, 37, 37, 37, 36] / writers=[37]
OOO / Test #152 / 1439449712410 / readers=[33, 34, 34, 34, 34, 34, 34, 34, 34, 34] / writers=[34]
OOO / Test #178 / 1439449712410 / readers=[38, 38, 38, 38, 38, 38, 38, 38, 38, 37] / writers=[38]
OOO / Test #164 / 1439449712410 / readers=[37, 37, 37, 37, 37, 37, 37, 36, 36, 36] / writers=[37]
OOO / Test #97 / 1439449712409 / readers=[38, 37, 38, 37, 38, 38, 38, 37, 37, 38] / writers=[38]
OOO / Test #95 / 1439449712409 / readers=[37, 37, 37, 37, 37, 37, 37, 37, 37, 37] / writers=[38]
OOO / Test #100 / 1439449712409 / readers=[38, 38, 38, 38, 37, 38, 38, 37, 37, 37] / writers=[38]
OOO / Test #40 / 1439449712409 / readers=[38, 39, 39, 39, 39, 38, 39, 39, 39, 39] / writers=[39]
OOO / Test #20 / 1439449712409 / readers=[40, 40, 39, 40, 40, 39, 39, 39, 40, 40] / writers=[40]
OOO / Test #43 / 1439449712409 / readers=[41, 42, 41, 41, 42, 42, 42, 41, 42, 41] / writers=[42]
OOO / Test #61 / 1439449712409 / readers=[39, 39, 39, 39, 39, 39, 39, 40, 40, 39] / writers=[40]
OOO / Test #97 / 1439449712447 / readers=[38, 38, 39, 38, 39, 39, 39, 38, 38, 39] / writers=[39]
OOO / Test #100 / 1439449712447 / readers=[39, 39, 39, 39, 38, 39, 38, 38, 38, 38] / writers=[39]
OOO / Test #40 / 1439449712447 / readers=[39, 40, 40, 40, 39, 39, 40, 40, 40, 40] / writers=[40]
OOO / Test #30 / 1439449712406 / readers=[39, 39, 39, 39, 39, 39, 38, 39, 39, 39] / writers=[39]
OOO / Test #153 / 1439449712406 / readers=[44, 43, 43, 44, 44, 44, 44, 44, 44, 44] / writers=[44]
OOO / Test #27 / 1439449712406 / readers=[39, 39, 39, 39, 39, 38, 38, 38, 39, 39] / writers=[39]
OOO / Test #162 / 1439449712406 / readers=[35, 36, 36, 36, 36, 36, 36, 36, 36, 35] / writers=[36]
OOO / Test #31 / 1439449712406 / readers=[41, 42, 41, 42, 42, 42, 41, 42, 42, 42] / writers=[42]
OOO / Test #40 / 1439449712449 / readers=[40, 40, 41, 41, 40, 40, 41, 41, 41, 41] / writers=[41]
OOO / Test #30 / 1439449712449 / readers=[40, 40, 40, 40, 40, 40, 39, 39, 40, 40] / writers=[40]
OOO / Test #146 / 1439449712406 / readers=[43, 42, 42, 43, 43, 43, 42, 42, 42, 42] / writers=[43]
OOO / Test #153 / 1439449712449 / readers=[44, 44, 44, 45, 45, 45, 45, 45, 45, 45] / writers=[45]
OOO / Test #15 / 1439449712406 / readers=[56, 55, 55, 56, 56, 56, 56, 56, 56, 55] / writers=[56]
OOO / Test #40 / 1439449712449 / readers=[41, 41, 42, 42, 41, 41, 42, 42, 41, 42] / writers=[42]
OOO / Test #44 / 1439449712406 / readers=[39, 39, 39, 39, 39, 39, 38, 38, 38, 38] / writers=[39]
OOO / Test #36 / 1439449712403 / readers=[41, 41, 41, 40, 40, 40, 41, 41, 41, 41] / writers=[41]
OOO / Test #28 / 1439449712403 / readers=[44, 44, 43, 44, 44, 44, 44, 44, 44, 44] / writers=[44]
OOO / Test #49 / 1439449712403 / readers=[44, 43, 44, 44, 44, 44, 44, 44, 44, 44] / writers=[44]
OOO / Test #148 / 1439449712403 / readers=[32, 32, 32, 32, 32, 33, 32, 32, 32, 33] / writers=[33]
OOO / Test #18 / 1439449712403 / readers=[48, 48, 48, 48, 48, 48, 48, 48, 47, 47] / writers=[48]
OOO / Test #44 / 1439449712453 / readers=[40, 40, 40, 40, 40, 39, 39, 39, 39, 39] / writers=[40]
OOO / Test #198 / 1439449712403 / readers=[39, 39, 39, 39, 39, 39, 39, 38, 38, 38] / writers=[39]
OOO / Test #167 / 1439449712403 / readers=[36, 37, 37, 37, 37, 37, 37, 36, 36, 36] / writers=[37]
OOO / Test #28 / 1439449712453 / readers=[44, 45, 44, 45, 45, 45, 45, 45, 45, 45] / writers=[45]
OOO / Test #55 / 1439449712403 / readers=[43, 42, 43, 42, 42, 42, 42, 42, 42, 42] / writers=[43]
OOO / Test #180 / 1439449712400 / readers=[36, 36, 36, 36, 36, 36, 36, 35, 35, 36] / writers=[36]
OOO / Test #157 / 1439449712400 / readers=[41, 41, 40, 41, 41, 40, 40, 40, 40, 40] / writers=[41]
OOO / Test #62 / 1439449712400 / readers=[36, 36, 36, 37, 36, 36, 36, 36, 36, 36] / writers=[37]
OOO / Test #23 / 1439449712400 / readers=[45, 45, 45, 44, 45, 45, 45, 45, 45, 45] / writers=[45]
OOO / Test #39 / 1439449712400 / readers=[43, 42, 43, 43, 42, 42, 42, 42, 42, 42] / writers=[43]
OOO / Test #22 / 1439449712400 / readers=[42, 42, 42, 42, 42, 42, 42, 42, 42, 42] / writers=[43]
OOO / Test #55 / 1439449712455 / readers=[43, 43, 44, 43, 43, 43, 43, 43, 43, 43] / writers=[44]
OOO / Test #64 / 1439449712400 / readers=[38, 38, 38, 38, 38, 37, 38, 37, 37, 37] / writers=[38]
OOO / Test #14 / 1439449712400 / readers=[64, 65, 65, 65, 64, 64, 64, 64, 65, 65] / writers=[65]
OOO / Test #147 / 1439449712396 / readers=[31, 31, 31, 32, 31, 31, 31, 32, 31, 31] / writers=[32]
OOO / Test #33 / 1439449712396 / readers=[33, 33, 33, 33, 33, 33, 33, 33, 33, 33] / writers=[34]
OOO / Test #51 / 1439449712396 / readers=[38, 39, 38, 38, 38, 39, 38, 38, 38, 38] / writers=[39]
OOO / Test #59 / 1439449712396 / readers=[41, 40, 40, 40, 40, 40, 40, 40, 40, 40] / writers=[41]
OOO / Test #4 / 1439449712396 / readers=[63, 63, 63, 62, 62, 62, 62, 62, 62, 63] / writers=[63]
OOO / Test #46 / 1439449712396 / readers=[44, 44, 45, 45, 45, 45, 44, 45, 45, 45] / writers=[45]
OOO / Test #14 / 1439449712458 / readers=[65, 66, 66, 65, 65, 65, 65, 65, 66, 66] / writers=[66]
OOO / Test #26 / 1439449712396 / readers=[39, 39, 38, 39, 39, 39, 38, 39, 39, 39] / writers=[39]
OOO / Test #58 / 1439449712396 / readers=[38, 38, 39, 39, 38, 38, 38, 39, 38, 38] / writers=[39]
OOO / Test #147 / 1439449712458 / readers=[32, 32, 32, 32, 32, 32, 32, 33, 32, 32] / writers=[33]
OOO / Test #51 / 1439449712458 / readers=[39, 39, 39, 39, 39, 40, 39, 39, 39, 39] / writers=[40]
OOO / Test #12 / 1439449712393 / readers=[60, 60, 60, 60, 60, 60, 59, 59, 59, 59] / writers=[60]
OOO / Test #35 / 1439449712393 / readers=[41, 40, 40, 40, 40, 40, 41, 41, 41, 40] / writers=[41]
OOO / Test #133 / 1439449712393 / readers=[33, 33, 33, 33, 33, 33, 33, 33, 33, 34] / writers=[34]
OOO / Test #155 / 1439449712393 / readers=[35, 35, 35, 35, 35, 35, 36, 35, 35, 35] / writers=[36]
OOO / Test #12 / 1439449712462 / readers=[61, 61, 61, 61, 60, 61, 60, 60, 60, 60] / writers=[61]
OOO / Test #34 / 1439449712393 / readers=[39, 40, 39, 39, 39, 40, 40, 39, 40, 39] / writers=[40]
OOO / Test #73 / 1439449712393 / readers=[40, 40, 40, 39, 40, 39, 40, 40, 40, 40] / writers=[40]
OOO / Test #154 / 1439449712393 / readers=[41, 41, 41, 40, 40, 40, 40, 40, 40, 40] / writers=[41]
OOO / Test #145 / 1439449712392 / readers=[35, 36, 35, 35, 35, 35, 35, 35, 35, 35] / writers=[36]
OOO / Test #155 / 1439449712462 / readers=[36, 36, 36, 36, 36, 36, 36, 36, 36, 36] / writers=[37]
OOO / Test #45 / 1439449712392 / readers=[45, 44, 44, 45, 45, 45, 44, 45, 45, 44] / writers=[45]
OOO / Test #42 / 1439449712390 / readers=[40, 40, 39, 40, 39, 40, 39, 39, 39, 39] / writers=[40]
OOO / Test #19 / 1439449712390 / readers=[44, 44, 44, 45, 45, 45, 44, 45, 44, 44] / writers=[45]
OOO / Test #41 / 1439449712390 / readers=[35, 36, 36, 36, 35, 36, 36, 36, 35, 36] / writers=[36]
OOO / Test #38 / 1439449712390 / readers=[39, 39, 40, 40, 39, 39, 39, 39, 39, 39] / writers=[40]
OOO / Test #32 / 1439449712390 / readers=[40, 39, 40, 39, 40, 39, 39, 39, 39, 39] / writers=[40]
OOO / Test #16 / 1439449712390 / readers=[56, 56, 56, 56, 56, 56, 56, 56, 56, 56] / writers=[57]
OOO / Test #42 / 1439449712465 / readers=[41, 41, 40, 41, 40, 40, 40, 40, 40, 40] / writers=[41]
OOO / Test #45 / 1439449712465 / readers=[46, 45, 45, 46, 46, 46, 45, 46, 45, 45] / writers=[46]
OOO / Test #80 / 1439449712390 / readers=[32, 32, 32, 32, 32, 32, 32, 32, 32, 32] / writers=[33]
OOO / Test #52 / 1439449712390 / readers=[42, 43, 42, 42, 42, 42, 42, 42, 42, 42] / writers=[43]
OOO / Test #122 / 1439449712387 / readers=[40, 40, 40, 40, 39, 39, 39, 39, 39, 39] / writers=[40]
OOO / Test #109 / 1439449712387 / readers=[43, 43, 43, 43, 43, 43, 43, 43, 43, 43] / writers=[44]
OOO / Test #57 / 1439449712387 / readers=[42, 42, 42, 41, 42, 42, 41, 42, 42, 42] / writers=[42]
OOO / Test #37 / 1439449712387 / readers=[38, 38, 38, 38, 38, 37, 38, 38, 37, 37] / writers=[38]
OOO / Test #21 / 1439449712387 / readers=[55, 55, 55, 55, 55, 55, 55, 55, 55, 55] / writers=[56]
OOO / Test #137 / 1439449712387 / readers=[35, 35, 35, 35, 35, 35, 35, 35, 35, 34] / writers=[35]
OOO / Test #24 / 1439449712387 / readers=[45, 44, 44, 44, 44, 44, 44, 44, 44, 44] / writers=[45]
OOO / Test #57 / 1439449712468 / readers=[43, 43, 43, 42, 43, 42, 42, 43, 43, 43] / writers=[43]
OOO / Test #17 / 1439449712387 / readers=[50, 51, 51, 51, 51, 51, 51, 51, 51, 51] / writers=[51]
OOO / Test #149 / 1439449712384 / readers=[36, 36, 36, 36, 36, 36, 35, 36, 36, 36] / writers=[36]
OOO / Test #75 / 1439449712384 / readers=[32, 32, 32, 32, 32, 32, 32, 32, 32, 32] / writers=[33]
OOO / Test #101 / 1439449712384 / readers=[32, 32, 33, 33, 33, 33, 33, 33, 33, 33] / writers=[33]
OOO / Test #65 / 1439449712384 / readers=[41, 41, 41, 40, 40, 40, 40, 40, 40, 40] / writers=[41]
OOO / Test #56 / 1439449712384 / readers=[49, 49, 48, 49, 49, 49, 49, 49, 49, 48] / writers=[49]
OOO / Test #84 / 1439449712384 / readers=[38, 38, 38, 38, 38, 38, 37, 37, 37, 38] / writers=[38]
OOO / Test #48 / 1439449712384 / readers=[39, 39, 39, 39, 39, 38, 38, 38, 38, 38] / writers=[39]
OOO / Test #6 / 1439449712384 / readers=[68, 68, 68, 68, 68, 68, 68, 68, 68, 67] / writers=[68]
OOO / Test #101 / 1439449712471 / readers=[33, 33, 34, 34, 34, 34, 34, 34, 34, 33] / writers=[34]
OOO / Test #127 / 1439449712384 / readers=[38, 38, 38, 38, 38, 37, 38, 37, 38, 37] / writers=[38]
OOO / Test #90 / 1439449712381 / readers=[35, 35, 35, 35, 35, 35, 35, 35, 35, 34] / writers=[35]
OOO / Test #65 / 1439449712471 / readers=[42, 41, 42, 41, 41, 41, 41, 41, 41, 41] / writers=[42]
OOO / Test #139 / 1439449712381 / readers=[35, 35, 35, 35, 35, 35, 35, 35, 35, 34] / writers=[35]
OOO / Test #10 / 1439449712381 / readers=[43, 44, 43, 43, 43, 43, 43, 43, 43, 43] / writers=[44]
OOO / Test #144 / 1439449712381 / readers=[35, 35, 35, 35, 35, 35, 35, 35, 35, 34] / writers=[35]
OOO / Test #128 / 1439449712381 / readers=[38, 38, 38, 38, 38, 38, 37, 37, 37, 37] / writers=[38]
OOO / Test #65 / 1439449712473 / readers=[43, 42, 42, 42, 42, 42, 42, 42, 42, 42] / writers=[43]
OOO / Test #139 / 1439449712473 / readers=[36, 36, 36, 36, 36, 36, 36, 36, 35, 35] / writers=[36]
OOO / Test #118 / 1439449712381 / readers=[32, 31, 31, 31, 32, 31, 31, 31, 31, 31] / writers=[32]
OOO / Test #10 / 1439449712473 / readers=[44, 44, 44, 44, 44, 44, 44, 44, 44, 44] / writers=[45]
OOO / Test #144 / 1439449712473 / readers=[36, 36, 36, 36, 36, 36, 36, 35, 36, 35] / writers=[36]
OOO / Test #9 / 1439449712381 / readers=[60, 60, 60, 60, 61, 61, 61, 61, 60, 60] / writers=[61]
OOO / Test #114 / 1439449712380 / readers=[41, 40, 41, 41, 40, 40, 40, 40, 40, 40] / writers=[41]
OOO / Test #78 / 1439449712380 / readers=[38, 38, 38, 38, 38, 38, 37, 37, 37, 37] / writers=[38]
OOO / Test #151 / 1439449712377 / readers=[35, 35, 35, 35, 35, 35, 34, 35, 35, 35] / writers=[35]
OOO / Test #91 / 1439449712377 / readers=[32, 31, 31, 31, 31, 31, 31, 31, 31, 31] / writers=[32]
OOO / Test #8 / 1439449712377 / readers=[61, 61, 61, 62, 61, 61, 61, 61, 62, 61] / writers=[62]
OOO / Test #9 / 1439449712476 / readers=[61, 61, 61, 61, 61, 62, 62, 62, 61, 61] / writers=[62]
OOO / Test #114 / 1439449712476 / readers=[42, 41, 42, 41, 41, 41, 41, 41, 41, 41] / writers=[42]
OOO / Test #130 / 1439449712377 / readers=[39, 39, 39, 39, 40, 39, 39, 39, 39, 39] / writers=[40]
OOO / Test #151 / 1439449712476 / readers=[36, 36, 36, 36, 36, 36, 35, 36, 36, 35] / writers=[36]
OOO / Test #116 / 1439449712377 / readers=[37, 37, 36, 37, 37, 37, 37, 36, 36, 36] / writers=[37]
OOO / Test #66 / 1439449712377 / readers=[32, 31, 31, 31, 31, 31, 31, 31, 31, 31] / writers=[32]
OOO / Test #77 / 1439449712377 / readers=[41, 42, 42, 41, 41, 41, 41, 41, 41, 41] / writers=[42]
OOO / Test #93 / 1439449712377 / readers=[33, 33, 33, 33, 33, 33, 33, 33, 33, 33] / writers=[34]
OOO / Test #124 / 1439449712374 / readers=[37, 37, 37, 37, 37, 37, 37, 36, 36, 36] / writers=[37]
OOO / Test #86 / 1439449712374 / readers=[32, 32, 32, 32, 32, 32, 32, 32, 32, 32] / writers=[33]
OOO / Test #29 / 1439449712374 / readers=[41, 41, 41, 41, 41, 41, 41, 41, 41, 41] / writers=[42]
OOO / Test #74 / 1439449712374 / readers=[38, 38, 38, 38, 38, 38, 38, 37, 38, 38] / writers=[38]
OOO / Test #63 / 1439449712374 / readers=[31, 30, 31, 30, 30, 30, 30, 30, 30, 30] / writers=[31]
OOO / Test #87 / 1439449712374 / readers=[32, 32, 32, 32, 32, 32, 32, 32, 32, 32] / writers=[33]
OOO / Test #141 / 1439449712374 / readers=[41, 41, 40, 40, 41, 40, 40, 40, 40, 40] / writers=[41]
OOO / Test #93 / 1439449712478 / readers=[36, 36, 36, 36, 36, 36, 36, 36, 36, 35] / writers=[36]
OOO / Test #85 / 1439449712374 / readers=[39, 39, 39, 38, 39, 39, 38, 39, 38, 38] / writers=[39]
OOO / Test #125 / 1439449712371 / readers=[35, 35, 35, 35, 35, 35, 35, 35, 35, 34] / writers=[35]
OOO / Test #82 / 1439449712371 / readers=[33, 33, 33, 33, 33, 33, 33, 33, 33, 33] / writers=[34]
OOO / Test #106 / 1439449712371 / readers=[34, 35, 34, 34, 34, 34, 34, 35, 35, 34] / writers=[35]
OOO / Test #93 / 1439449712481 / readers=[37, 37, 37, 37, 37, 37, 37, 37, 36, 36] / writers=[37]
OOO / Test #76 / 1439449712371 / readers=[42, 42, 41, 41, 41, 41, 41, 41, 41, 41] / writers=[42]
OOO / Test #71 / 1439449712371 / readers=[37, 37, 38, 38, 38, 38, 37, 37, 37, 37] / writers=[38]
OOO / Test #88 / 1439449712371 / readers=[39, 39, 39, 39, 39, 38, 38, 38, 38, 38] / writers=[39]
OOO / Test #93 / 1439449712481 / readers=[38, 38, 38, 38, 38, 38, 38, 37, 37, 37] / writers=[38]
OOO / Test #106 / 1439449712481 / readers=[35, 35, 35, 35, 35, 35, 35, 36, 36, 35] / writers=[36]
OOO / Test #135 / 1439449712371 / readers=[37, 37, 37, 37, 37, 37, 37, 37, 36, 36] / writers=[37]
OOO / Test #96 / 1439449712371 / readers=[35, 35, 35, 35, 35, 35, 35, 35, 35, 34] / writers=[35]
OOO / Test #117 / 1439449712371 / readers=[39, 39, 39, 39, 39, 38, 38, 38, 38, 38] / writers=[39]
OOO / Test #112 / 1439449712369 / readers=[35, 35, 35, 35, 35, 35, 35, 35, 35, 34] / writers=[35]
OOO / Test #92 / 1439449712369 / readers=[39, 38, 39, 39, 39, 39, 38, 38, 38, 39] / writers=[39]
OOO / Test #89 / 1439449712369 / readers=[41, 40, 41, 41, 40, 40, 40, 40, 40, 40] / writers=[41]
OOO / Test #68 / 1439449712369 / readers=[35, 36, 36, 36, 36, 36, 36, 36, 35, 35] / writers=[36]
OOO / Test #96 / 1439449712484 / readers=[36, 36, 36, 36, 36, 36, 36, 36, 35, 35] / writers=[36]
OOO / Test #104 / 1439449712369 / readers=[37, 37, 37, 37, 37, 37, 37, 36, 36, 36] / writers=[37]
OOO / Test #112 / 1439449712484 / readers=[36, 36, 36, 36, 36, 36, 36, 36, 35, 35] / writers=[36]
OOO / Test #129 / 1439449712369 / readers=[36, 36, 36, 36, 36, 36, 36, 36, 36, 35] / writers=[36]
OOO / Test #67 / 1439449712369 / readers=[36, 36, 36, 36, 36, 36, 36, 36, 36, 35] / writers=[36]
OOO / Test #113 / 1439449712369 / readers=[38, 38, 38, 37, 38, 38, 38, 37, 37, 37] / writers=[38]
OOO / Test #132 / 1439449712369 / readers=[33, 33, 33, 33, 33, 33, 33, 33, 33, 33] / writers=[34]
OOO / Test #136 / 1439449712366 / readers=[35, 36, 36, 36, 36, 36, 36, 36, 35, 35] / writers=[36]
OOO / Test #143 / 1439449712366 / readers=[29, 30, 30, 29, 30, 29, 29, 29, 29, 29] / writers=[30]
OOO / Test #129 / 1439449712487 / readers=[37, 37, 37, 37, 37, 37, 37, 37, 36, 36] / writers=[37]
OOO / Test #67 / 1439449712487 / readers=[37, 37, 37, 37, 37, 37, 37, 36, 37, 36] / writers=[37]
OOO / Test #134 / 1439449712366 / readers=[39, 39, 40, 39, 39, 39, 39, 39, 40, 39] / writers=[40]
OOO / Test #115 / 1439449712366 / readers=[31, 31, 30, 30, 30, 30, 30, 30, 30, 30] / writers=[31]
OOO / Test #136 / 1439449712487 / readers=[36, 37, 37, 37, 37, 37, 36, 37, 36, 36] / writers=[37]
OOO / Test #69 / 1439449712366 / readers=[36, 36, 36, 36, 37, 37, 37, 36, 36, 36] / writers=[37]
OOO / Test #102 / 1439449712366 / readers=[33, 33, 33, 33, 33, 33, 33, 33, 33, 33] / writers=[34]
OOO / Test #120 / 1439449712366 / readers=[38, 39, 39, 39, 38, 39, 39, 38, 38, 38] / writers=[39]
OOO / Test #79 / 1439449712363 / readers=[32, 31, 31, 31, 31, 31, 31, 31, 31, 31] / writers=[32]
OOO / Test #81 / 1439449712363 / readers=[33, 33, 33, 34, 34, 34, 33, 34, 34, 34] / writers=[34]
OOO / Test #110 / 1439449712363 / readers=[37, 37, 37, 37, 37, 37, 37, 36, 37, 37] / writers=[37]
OOO / Test #138 / 1439449712363 / readers=[40, 40, 40, 40, 39, 39, 39, 39, 39, 39] / writers=[40]
OOO / Test #120 / 1439449712490 / readers=[39, 40, 40, 40, 39, 40, 39, 39, 39, 39] / writers=[40]
OOO / Test #108 / 1439449712363 / readers=[40, 40, 40, 40, 39, 39, 39, 39, 39, 39] / writers=[40]
OOO / Test #123 / 1439449712363 / readers=[31, 31, 30, 30, 30, 31, 30, 30, 30, 30] / writers=[31]
OOO / Test #99 / 1439449712363 / readers=[35, 35, 35, 35, 35, 35, 35, 35, 35, 34] / writers=[35]
OOO / Test #105 / 1439449712363 / readers=[32, 32, 32, 32, 32, 32, 32, 32, 32, 32] / writers=[33]
OOO / Test #140 / 1439449712361 / readers=[44, 45, 45, 45, 45, 45, 45, 45, 45, 45] / writers=[45]
OOO / Test #121 / 1439449712361 / readers=[36, 36, 37, 37, 37, 37, 37, 37, 36, 36] / writers=[37]
OOO / Test #98 / 1439449712361 / readers=[31, 32, 31, 31, 31, 31, 31, 31, 31, 31] / writers=[32]
OOO / Test #111 / 1439449712361 / readers=[42, 42, 42, 42, 42, 42, 42, 42, 42, 42] / writers=[43]
OOO / Test #140 / 1439449712493 / readers=[45, 46, 46, 46, 46, 46, 46, 46, 46, 45] / writers=[46]
OOO / Test #70 / 1439449712361 / readers=[32, 31, 31, 31, 31, 31, 31, 31, 31, 31] / writers=[32]
OOO / Test #98 / 1439449712493 / readers=[32, 32, 32, 32, 32, 32, 32, 32, 32, 32] / writers=[33]
OOO / Test #142 / 1439449712361 / readers=[34, 35, 35, 35, 35, 35, 35, 35, 35, 34] / writers=[35]
OOO / Test #119 / 1439449712361 / readers=[33, 33, 33, 33, 33, 33, 33, 33, 34, 34] / writers=[34]
OOO / Test #83 / 1439449712361 / readers=[39, 39, 38, 39, 39, 39, 38, 38, 38, 38] / writers=[39]
OOO / Test #1 / 1439449712358 / readers=[36, 36, 36, 36, 36, 36, 36, 35, 36, 36] / writers=[36]
OOO / Test #5 / 1439449712358 / readers=[59, 59, 59, 59, 59, 59, 59, 58, 58, 59] / writers=[59]
OOO / Test #103 / 1439449712358 / readers=[40, 40, 40, 40, 39, 39, 39, 39, 39, 39] / writers=[40]
OOO / Test #72 / 1439449712358 / readers=[40, 39, 40, 40, 40, 39, 40, 39, 39, 39] / writers=[40]
OOO / Test #131 / 1439449712358 / readers=[31, 31, 32, 32, 31, 31, 31, 31, 31, 31] / writers=[32]
OOO / Test #83 / 1439449712496 / readers=[40, 40, 39, 40, 40, 39, 39, 39, 39, 39] / writers=[40]
OOO / Test #94 / 1439449712358 / readers=[33, 32, 33, 33, 33, 33, 33, 33, 32, 33] / writers=[33]
OOO / Test #126 / 1439449712358 / readers=[38, 38, 38, 38, 38, 38, 37, 37, 37, 38] / writers=[38]
OOO / Test #107 / 1439449712358 / readers=[35, 35, 35, 35, 35, 35, 35, 35, 35, 35] / writers=[36]
OOO / Test #25 / 1439449712358 / readers=[42, 42, 42, 42, 42, 42, 42, 42, 42, 43] / writers=[43]
OOO / Test #126 / 1439449712496 / readers=[39, 39, 39, 39, 39, 38, 38, 38, 38, 39] / writers=[39]
OOO / Test #94 / 1439449712496 / readers=[33, 33, 34, 34, 34, 34, 34, 34, 33, 34] / writers=[34]
OOO / Test #131 / 1439449712496 / readers=[32, 32, 33, 32, 32, 32, 32, 32, 32, 32] / writers=[33]
OOO / Test #83 / 1439449712496 / readers=[41, 41, 40, 41, 40, 40, 40, 40, 40, 40] / writers=[41]
OOO / Test #72 / 1439449712496 / readers=[41, 40, 41, 41, 41, 40, 40, 40, 40, 40] / writers=[41]
OOO / Test #103 / 1439449712496 / readers=[41, 41, 41, 40, 40, 40, 40, 40, 40, 40] / writers=[41]
OOO / Test #5 / 1439449712496 / readers=[60, 59, 60, 60, 60, 60, 60, 59, 59, 60] / writers=[60]
OOO / Test #1 / 1439449712496 / readers=[37, 37, 37, 37, 37, 37, 37, 36, 36, 37] / writers=[37]
OOO / Test #83 / 1439449712501 / readers=[42, 42, 41, 41, 41, 41, 41, 41, 41, 41] / writers=[42]
OOO / Test #103 / 1439449712501 / readers=[42, 42, 41, 41, 41, 41, 41, 41, 41, 41] / writers=[42]
OOO / Test #119 / 1439449712496 / readers=[34, 34, 34, 34, 34, 34, 34, 34, 35, 34] / writers=[35]
OOO / Test #98 / 1439449712494 / readers=[35, 35, 35, 35, 35, 35, 35, 35, 35, 34] / writers=[35]
OOO / Test #103 / 1439449712504 / readers=[43, 42, 42, 42, 42, 42, 42, 42, 42, 42] / writers=[43]
OOO / Test #142 / 1439449712493 / readers=[35, 36, 36, 36, 36, 36, 36, 36, 35, 35] / writers=[36]
OOO / Test #70 / 1439449712493 / readers=[32, 32, 32, 32, 32, 32, 32, 32, 32, 32] / writers=[33]
OOO / Test #111 / 1439449712493 / readers=[44, 45, 45, 45, 45, 45, 45, 45, 45, 45] / writers=[45]
OOO / Test #140 / 1439449712493 / readers=[46, 47, 47, 47, 47, 46, 47, 47, 47, 46] / writers=[47]
OOO / Test #121 / 1439449712493 / readers=[37, 37, 38, 38, 38, 38, 38, 37, 37, 37] / writers=[38]
OOO / Test #98 / 1439449712504 / readers=[35, 36, 36, 36, 36, 36, 36, 36, 36, 35] / writers=[36]
OOO / Test #142 / 1439449712504 / readers=[36, 37, 37, 37, 37, 37, 37, 36, 36, 36] / writers=[37]
OOO / Test #105 / 1439449712493 / readers=[35, 35, 35, 35, 35, 35, 35, 35, 35, 34] / writers=[35]
OOO / Test #99 / 1439449712493 / readers=[36, 36, 36, 36, 36, 36, 36, 36, 35, 35] / writers=[36]
OOO / Test #123 / 1439449712493 / readers=[32, 31, 31, 31, 31, 32, 31, 31, 31, 31] / writers=[32]
OOO / Test #108 / 1439449712490 / readers=[41, 41, 41, 40, 40, 40, 40, 40, 40, 40] / writers=[41]
OOO / Test #120 / 1439449712490 / readers=[40, 41, 41, 41, 40, 40, 40, 40, 40, 40] / writers=[41]
OOO / Test #138 / 1439449712490 / readers=[41, 41, 41, 40, 40, 40, 40, 40, 40, 40] / writers=[41]
OOO / Test #110 / 1439449712490 / readers=[38, 38, 38, 38, 38, 38, 38, 37, 37, 38] / writers=[38]
OOO / Test #105 / 1439449712508 / readers=[36, 36, 36, 36, 36, 36, 36, 36, 35, 35] / writers=[36]
OOO / Test #123 / 1439449712508 / readers=[33, 32, 32, 32, 32, 32, 32, 32, 32, 32] / writers=[33]
OOO / Test #108 / 1439449712508 / readers=[42, 42, 41, 41, 41, 41, 41, 41, 41, 41] / writers=[42]
OOO / Test #102 / 1439449712490 / readers=[36, 36, 36, 36, 36, 36, 36, 36, 36, 35] / writers=[36]
OOO / Test #81 / 1439449712490 / readers=[34, 34, 34, 35, 35, 35, 34, 35, 35, 34] / writers=[35]
OOO / Test #79 / 1439449712490 / readers=[32, 32, 32, 32, 32, 32, 32, 32, 32, 32] / writers=[33]
OOO / Test #69 / 1439449712490 / readers=[37, 37, 37, 37, 38, 38, 37, 37, 37, 37] / writers=[38]
OOO / Test #136 / 1439449712490 / readers=[37, 38, 38, 38, 38, 38, 37, 37, 37, 37] / writers=[38]
OOO / Test #115 / 1439449712487 / readers=[31, 32, 31, 31, 31, 31, 31, 31, 31, 31] / writers=[32]
OOO / Test #134 / 1439449712487 / readers=[40, 40, 40, 40, 40, 40, 40, 40, 41, 40] / writers=[41]
OOO / Test #67 / 1439449712487 / readers=[38, 38, 38, 38, 38, 38, 38, 37, 37, 37] / writers=[38]
OOO / Test #81 / 1439449712511 / readers=[35, 35, 35, 36, 36, 36, 35, 35, 36, 35] / writers=[36]
OOO / Test #132 / 1439449712487 / readers=[36, 36, 36, 36, 36, 36, 36, 36, 36, 35] / writers=[36]
OOO / Test #136 / 1439449712511 / readers=[38, 39, 39, 39, 38, 39, 38, 38, 38, 38] / writers=[39]
OOO / Test #143 / 1439449712487 / readers=[30, 31, 31, 30, 30, 30, 30, 30, 30, 30] / writers=[31]
OOO / Test #129 / 1439449712487 / readers=[38, 38, 38, 38, 38, 38, 38, 37, 37, 37] / writers=[38]
OOO / Test #113 / 1439449712487 / readers=[39, 39, 39, 38, 38, 39, 39, 38, 38, 38] / writers=[39]
OOO / Test #112 / 1439449712484 / readers=[37, 37, 37, 37, 37, 37, 37, 36, 36, 36] / writers=[37]
OOO / Test #104 / 1439449712484 / readers=[38, 38, 38, 38, 38, 38, 37, 37, 37, 37] / writers=[38]
OOO / Test #96 / 1439449712484 / readers=[37, 37, 37, 37, 37, 37, 36, 37, 36, 36] / writers=[37]
OOO / Test #68 / 1439449712484 / readers=[36, 37, 37, 37, 37, 37, 37, 36, 36, 36] / writers=[37]
OOO / Test #92 / 1439449712484 / readers=[40, 39, 40, 40, 40, 39, 39, 39, 39, 40] / writers=[40]
OOO / Test #89 / 1439449712484 / readers=[42, 41, 42, 41, 41, 41, 41, 41, 41, 41] / writers=[42]
OOO / Test #117 / 1439449712484 / readers=[40, 40, 40, 40, 39, 39, 39, 39, 39, 39] / writers=[40]
OOO / Test #106 / 1439449712484 / readers=[36, 36, 36, 36, 36, 36, 36, 37, 36, 36] / writers=[37]
OOO / Test #135 / 1439449712484 / readers=[38, 38, 38, 38, 38, 38, 38, 37, 37, 37] / writers=[38]
OOO / Test #88 / 1439449712481 / readers=[40, 40, 40, 39, 40, 39, 39, 39, 39, 39] / writers=[40]
OOO / Test #82 / 1439449712481 / readers=[36, 36, 36, 36, 36, 36, 36, 36, 36, 35] / writers=[36]
OOO / Test #117 / 1439449712518 / readers=[41, 41, 41, 40, 40, 40, 40, 40, 40, 40] / writers=[41]
OOO / Test #93 / 1439449712481 / readers=[39, 39, 39, 38, 39, 39, 39, 38, 38, 38] / writers=[39]
OOO / Test #71 / 1439449712481 / readers=[38, 38, 39, 39, 39, 38, 38, 38, 38, 38] / writers=[39]
OOO / Test #135 / 1439449712518 / readers=[39, 39, 38, 39, 39, 39, 39, 38, 38, 38] / writers=[39]
OOO / Test #76 / 1439449712481 / readers=[43, 42, 42, 42, 42, 42, 42, 42, 42, 42] / writers=[43]
OOO / Test #82 / 1439449712518 / readers=[37, 37, 37, 37, 37, 37, 37, 36, 37, 36] / writers=[37]
OOO / Test #125 / 1439449712481 / readers=[36, 36, 36, 36, 36, 36, 36, 36, 35, 35] / writers=[36]
OOO / Test #85 / 1439449712481 / readers=[40, 40, 40, 39, 40, 40, 39, 39, 39, 39] / writers=[40]
OOO / Test #87 / 1439449712479 / readers=[35, 35, 35, 35, 35, 35, 35, 35, 35, 34] / writers=[35]
OOO / Test #141 / 1439449712479 / readers=[42, 42, 41, 41, 41, 41, 41, 41, 41, 41] / writers=[42]
OOO / Test #29 / 1439449712479 / readers=[43, 44, 44, 44, 44, 44, 44, 44, 44, 44] / writers=[44]
OOO / Test #86 / 1439449712478 / readers=[35, 35, 35, 35, 35, 35, 35, 35, 35, 34] / writers=[35]
OOO / Test #63 / 1439449712478 / readers=[32, 31, 31, 31, 31, 31, 31, 31, 31, 31] / writers=[32]
OOO / Test #74 / 1439449712478 / readers=[38, 39, 39, 39, 39, 39, 39, 38, 39, 39] / writers=[39]
OOO / Test #77 / 1439449712478 / readers=[42, 43, 42, 42, 42, 42, 42, 42, 42, 42] / writers=[43]
OOO / Test #124 / 1439449712478 / readers=[38, 38, 38, 38, 38, 38, 37, 37, 37, 37] / writers=[38]
OOO / Test #66 / 1439449712478 / readers=[32, 32, 32, 32, 32, 32, 32, 32, 32, 32] / writers=[33]
OOO / Test #116 / 1439449712478 / readers=[38, 37, 37, 38, 38, 38, 38, 37, 37, 37] / writers=[38]
OOO / Test #130 / 1439449712476 / readers=[40, 40, 40, 40, 40, 40, 40, 40, 40, 40] / writers=[41]
OOO / Test #151 / 1439449712476 / readers=[37, 37, 37, 37, 37, 37, 36, 37, 36, 36] / writers=[37]
OOO / Test #114 / 1439449712476 / readers=[43, 42, 42, 42, 42, 42, 42, 42, 42, 42] / writers=[43]
OOO / Test #9 / 1439449712476 / readers=[62, 62, 62, 62, 62, 62, 63, 63, 62, 62] / writers=[63]
OOO / Test #116 / 1439449712524 / readers=[39, 38, 38, 39, 39, 39, 38, 38, 38, 38] / writers=[39]
OOO / Test #8 / 1439449712476 / readers=[62, 62, 62, 62, 62, 62, 62, 62, 63, 62] / writers=[63]
OOO / Test #91 / 1439449712476 / readers=[32, 32, 32, 32, 32, 32, 32, 32, 32, 32] / writers=[33]
OOO / Test #78 / 1439449712476 / readers=[39, 39, 39, 39, 39, 38, 38, 38, 38, 38] / writers=[39]
OOO / Test #114 / 1439449712524 / readers=[43, 43, 43, 43, 43, 43, 43, 43, 43, 43] / writers=[44]
OOO / Test #10 / 1439449712473 / readers=[46, 47, 47, 47, 47, 47, 47, 47, 47, 47] / writers=[47]
OOO / Test #144 / 1439449712473 / readers=[37, 37, 37, 37, 37, 37, 37, 36, 36, 36] / writers=[37]
OOO / Test #139 / 1439449712473 / readers=[37, 37, 37, 37, 37, 37, 37, 36, 36, 36] / writers=[37]
OOO / Test #118 / 1439449712473 / readers=[32, 32, 32, 32, 33, 32, 32, 32, 32, 32] / writers=[33]
OOO / Test #65 / 1439449712473 / readers=[43, 43, 43, 43, 43, 43, 43, 43, 43, 43] / writers=[44]
OOO / Test #128 / 1439449712473 / readers=[39, 39, 39, 39, 39, 38, 38, 38, 38, 38] / writers=[39]
OOO / Test #10 / 1439449712527 / readers=[47, 48, 48, 48, 48, 48, 48, 48, 47, 48] / writers=[48]
OOO / Test #90 / 1439449712471 / readers=[36, 36, 36, 36, 36, 36, 36, 36, 35, 35] / writers=[36]
OOO / Test #114 / 1439449712528 / readers=[46, 46, 46, 46, 46, 46, 46, 46, 46, 45] / writers=[46]
OOO / Test #127 / 1439449712471 / readers=[39, 39, 39, 39, 38, 38, 39, 38, 39, 38] / writers=[39]
OOO / Test #101 / 1439449712471 / readers=[34, 34, 35, 35, 35, 35, 35, 35, 34, 34] / writers=[35]
OOO / Test #6 / 1439449712471 / readers=[69, 69, 69, 69, 69, 69, 69, 69, 68, 68] / writers=[69]
OOO / Test #48 / 1439449712471 / readers=[40, 40, 40, 40, 39, 39, 39, 39, 39, 39] / writers=[40]
OOO / Test #84 / 1439449712471 / readers=[39, 39, 39, 39, 39, 39, 38, 38, 38, 38] / writers=[39]
OOO / Test #75 / 1439449712471 / readers=[35, 35, 35, 35, 35, 35, 35, 35, 35, 34] / writers=[35]
OOO / Test #56 / 1439449712471 / readers=[50, 50, 49, 50, 49, 50, 50, 50, 50, 49] / writers=[50]
OOO / Test #149 / 1439449712470 / readers=[37, 37, 37, 37, 37, 37, 36, 37, 37, 36] / writers=[37]
OOO / Test #6 / 1439449712530 / readers=[70, 70, 70, 70, 70, 70, 70, 69, 69, 69] / writers=[70]
OOO / Test #48 / 1439449712530 / readers=[40, 41, 41, 41, 40, 40, 40, 40, 40, 40] / writers=[41]
OOO / Test #17 / 1439449712468 / readers=[51, 52, 51, 52, 52, 52, 52, 52, 52, 52] / writers=[52]
OOO / Test #21 / 1439449712468 / readers=[58, 58, 58, 58, 58, 58, 58, 58, 57, 58] / writers=[58]
OOO / Test #24 / 1439449712468 / readers=[45, 45, 45, 45, 45, 45, 45, 45, 45, 45] / writers=[46]
OOO / Test #57 / 1439449712468 / readers=[44, 44, 44, 43, 43, 43, 43, 44, 44, 44] / writers=[44]
OOO / Test #137 / 1439449712468 / readers=[36, 36, 36, 36, 36, 36, 36, 36, 35, 35] / writers=[36]
OOO / Test #37 / 1439449712468 / readers=[39, 39, 39, 38, 39, 38, 39, 39, 38, 38] / writers=[39]
OOO / Test #109 / 1439449712468 / readers=[46, 46, 46, 46, 46, 46, 46, 46, 46, 45] / writers=[46]
OOO / Test #21 / 1439449712534 / readers=[59, 59, 59, 59, 59, 59, 59, 59, 58, 58] / writers=[59]
OOO / Test #122 / 1439449712468 / readers=[41, 41, 41, 40, 40, 40, 40, 40, 40, 40] / writers=[41]
OOO / Test #52 / 1439449712468 / readers=[43, 43, 43, 43, 43, 43, 43, 43, 43, 43] / writers=[44]
OOO / Test #24 / 1439449712534 / readers=[48, 47, 48, 48, 48, 48, 48, 48, 48, 48] / writers=[48]
OOO / Test #16 / 1439449712465 / readers=[59, 59, 59, 59, 59, 59, 59, 59, 58, 59] / writers=[59]
OOO / Test #109 / 1439449712534 / readers=[47, 47, 47, 47, 47, 47, 47, 47, 46, 46] / writers=[47]
OOO / Test #80 / 1439449712465 / readers=[35, 35, 35, 35, 35, 35, 35, 34, 35, 35] / writers=[35]
OOO / Test #45 / 1439449712465 / readers=[47, 46, 46, 46, 47, 47, 46, 47, 46, 46] / writers=[47]
OOO / Test #42 / 1439449712465 / readers=[42, 42, 41, 41, 41, 41, 41, 41, 41, 41] / writers=[42]
OOO / Test #32 / 1439449712465 / readers=[41, 40, 41, 40, 40, 40, 40, 40, 40, 40] / writers=[41]
OOO / Test #38 / 1439449712465 / readers=[40, 40, 41, 40, 40, 40, 40, 40, 40, 40] / writers=[41]
OOO / Test #41 / 1439449712465 / readers=[36, 37, 37, 36, 36, 37, 37, 37, 36, 37] / writers=[37]
OOO / Test #19 / 1439449712465 / readers=[45, 45, 45, 45, 46, 46, 45, 46, 45, 45] / writers=[46]
OOO / Test #42 / 1439449712537 / readers=[43, 42, 42, 42, 42, 42, 42, 42, 42, 42] / writers=[43]
OOO / Test #155 / 1439449712465 / readers=[39, 39, 39, 39, 39, 39, 39, 38, 39, 39] / writers=[39]
OOO / Test #145 / 1439449712462 / readers=[36, 36, 36, 36, 36, 36, 36, 36, 36, 36] / writers=[37]
OOO / Test #154 / 1439449712462 / readers=[42, 42, 41, 41, 41, 41, 41, 41, 41, 41] / writers=[42]
OOO / Test #73 / 1439449712462 / readers=[41, 41, 41, 40, 40, 40, 41, 41, 41, 41] / writers=[41]
OOO / Test #34 / 1439449712462 / readers=[40, 40, 40, 40, 40, 41, 41, 40, 41, 40] / writers=[41]
OOO / Test #12 / 1439449712462 / readers=[62, 62, 62, 62, 61, 61, 61, 61, 61, 61] / writers=[62]
OOO / Test #133 / 1439449712462 / readers=[34, 34, 34, 34, 34, 34, 34, 34, 34, 34] / writers=[35]
OOO / Test #35 / 1439449712462 / readers=[42, 41, 41, 41, 41, 41, 42, 42, 41, 41] / writers=[42]
OOO / Test #154 / 1439449712540 / readers=[43, 42, 42, 42, 42, 42, 42, 42, 42, 42] / writers=[43]
OOO / Test #51 / 1439449712462 / readers=[40, 40, 40, 40, 40, 40, 40, 40, 40, 40] / writers=[41]
OOO / Test #145 / 1439449712540 / readers=[39, 39, 39, 39, 39, 39, 39, 39, 39, 38] / writers=[39]
OOO / Test #34 / 1439449712540 / readers=[41, 41, 41, 41, 41, 42, 42, 41, 41, 41] / writers=[42]
OOO / Test #26 / 1439449712459 / readers=[40, 40, 39, 40, 40, 40, 39, 39, 40, 40] / writers=[40]
OOO / Test #46 / 1439449712459 / readers=[45, 45, 46, 46, 46, 45, 45, 46, 46, 46] / writers=[46]
OOO / Test #33 / 1439449712459 / readers=[36, 36, 36, 36, 36, 36, 36, 35, 36, 36] / writers=[36]
OOO / Test #58 / 1439449712459 / readers=[39, 39, 39, 40, 39, 39, 39, 40, 39, 39] / writers=[40]
OOO / Test #147 / 1439449712459 / readers=[33, 33, 33, 33, 33, 33, 33, 33, 33, 33] / writers=[34]
OOO / Test #14 / 1439449712458 / readers=[66, 67, 66, 66, 66, 66, 66, 66, 67, 67] / writers=[67]
OOO / Test #34 / 1439449712543 / readers=[42, 42, 42, 42, 42, 42, 43, 42, 42, 42] / writers=[43]
OOO / Test #4 / 1439449712458 / readers=[64, 64, 64, 63, 63, 63, 63, 63, 63, 63] / writers=[64]
OOO / Test #59 / 1439449712458 / readers=[41, 41, 41, 41, 41, 41, 41, 41, 41, 41] / writers=[42]
OOO / Test #22 / 1439449712455 / readers=[44, 45, 45, 45, 45, 45, 45, 45, 45, 45] / writers=[45]
OOO / Test #34 / 1439449712543 / readers=[43, 43, 43, 43, 43, 43, 43, 43, 43, 43] / writers=[44]
OOO / Test #64 / 1439449712455 / readers=[39, 39, 39, 39, 39, 38, 38, 38, 38, 38] / writers=[39]
OOO / Test #55 / 1439449712455 / readers=[44, 44, 44, 44, 44, 44, 44, 44, 44, 44] / writers=[45]
OOO / Test #39 / 1439449712455 / readers=[44, 43, 44, 43, 43, 43, 43, 43, 43, 43] / writers=[44]
OOO / Test #23 / 1439449712455 / readers=[46, 46, 46, 45, 46, 46, 46, 46, 45, 46] / writers=[46]
OOO / Test #62 / 1439449712455 / readers=[37, 37, 37, 37, 37, 37, 37, 37, 37, 37] / writers=[38]
OOO / Test #157 / 1439449712455 / readers=[42, 42, 41, 42, 41, 41, 41, 41, 41, 41] / writers=[42]
OOO / Test #180 / 1439449712455 / readers=[37, 37, 37, 37, 37, 37, 36, 36, 36, 37] / writers=[37]
OOO / Test #28 / 1439449712455 / readers=[45, 46, 45, 46, 46, 45, 46, 46, 46, 46] / writers=[46]
OOO / Test #167 / 1439449712453 / readers=[37, 38, 38, 38, 38, 37, 38, 37, 37, 37] / writers=[38]
OOO / Test #55 / 1439449712547 / readers=[47, 47, 47, 47, 47, 47, 47, 47, 47, 46] / writers=[47]
OOO / Test #198 / 1439449712453 / readers=[40, 40, 40, 40, 40, 39, 40, 39, 39, 39] / writers=[40]
OOO / Test #18 / 1439449712453 / readers=[49, 49, 49, 49, 49, 49, 48, 49, 48, 48] / writers=[49]
OOO / Test #44 / 1439449712453 / readers=[41, 41, 41, 41, 40, 40, 40, 40, 40, 40] / writers=[41]
OOO / Test #148 / 1439449712453 / readers=[33, 33, 33, 33, 33, 33, 33, 33, 33, 34] / writers=[34]
OOO / Test #198 / 1439449712550 / readers=[41, 41, 41, 41, 40, 40, 41, 40, 40, 40] / writers=[41]
OOO / Test #49 / 1439449712453 / readers=[44, 44, 45, 45, 45, 45, 45, 45, 45, 45] / writers=[45]
OOO / Test #36 / 1439449712453 / readers=[42, 42, 42, 41, 41, 41, 41, 42, 42, 42] / writers=[42]
OOO / Test #40 / 1439449712453 / readers=[42, 42, 43, 43, 42, 42, 43, 43, 42, 42] / writers=[43]
OOO / Test #148 / 1439449712550 / readers=[34, 34, 34, 34, 34, 34, 34, 34, 34, 34] / writers=[35]
OOO / Test #198 / 1439449712550 / readers=[42, 42, 42, 41, 41, 41, 42, 41, 41, 41] / writers=[42]
OOO / Test #15 / 1439449712449 / readers=[56, 56, 56, 57, 57, 57, 57, 57, 57, 56] / writers=[57]
OOO / Test #153 / 1439449712449 / readers=[45, 45, 45, 46, 46, 45, 46, 46, 46, 46] / writers=[46]
OOO / Test #146 / 1439449712449 / readers=[44, 43, 43, 43, 44, 44, 43, 43, 43, 43] / writers=[44]
OOO / Test #30 / 1439449712449 / readers=[41, 41, 41, 41, 41, 40, 40, 40, 41, 41] / writers=[41]
OOO / Test #31 / 1439449712449 / readers=[42, 43, 42, 42, 43, 43, 42, 43, 43, 43] / writers=[43]
OOO / Test #162 / 1439449712449 / readers=[36, 37, 37, 37, 37, 37, 37, 37, 36, 36] / writers=[37]
OOO / Test #15 / 1439449712552 / readers=[57, 57, 57, 58, 58, 58, 58, 58, 57, 57] / writers=[58]
OOO / Test #153 / 1439449712553 / readers=[46, 46, 46, 47, 47, 46, 47, 47, 47, 46] / writers=[47]
OOO / Test #27 / 1439449712449 / readers=[40, 40, 40, 40, 39, 39, 39, 39, 40, 40] / writers=[40]
OOO / Test #30 / 1439449712553 / readers=[42, 42, 42, 41, 42, 41, 41, 41, 42, 42] / writers=[42]
OOO / Test #100 / 1439449712447 / readers=[40, 40, 40, 39, 39, 40, 39, 39, 39, 39] / writers=[40]
OOO / Test #61 / 1439449712447 / readers=[40, 40, 40, 40, 40, 40, 40, 40, 41, 40] / writers=[41]
OOO / Test #97 / 1439449712447 / readers=[39, 39, 40, 39, 40, 40, 40, 39, 39, 39] / writers=[40]
OOO / Test #43 / 1439449712447 / readers=[42, 43, 42, 42, 43, 43, 43, 42, 42, 42] / writers=[43]
OOO / Test #20 / 1439449712447 / readers=[41, 41, 40, 40, 41, 40, 40, 40, 41, 41] / writers=[41]
OOO / Test #95 / 1439449712447 / readers=[40, 40, 40, 40, 40, 40, 39, 40, 40, 40] / writers=[40]
OOO / Test #100 / 1439449712555 / readers=[40, 41, 41, 40, 40, 41, 40, 40, 40, 40] / writers=[41]
OOO / Test #164 / 1439449712447 / readers=[38, 38, 38, 38, 38, 38, 37, 37, 37, 37] / writers=[38]
OOO / Test #97 / 1439449712555 / readers=[40, 40, 41, 40, 41, 41, 40, 40, 40, 40] / writers=[41]
OOO / Test #190 / 1439449712444 / readers=[45, 44, 45, 45, 45, 45, 45, 45, 45, 45] / writers=[45]
OOO / Test #43 / 1439449712555 / readers=[43, 44, 43, 43, 44, 44, 43, 43, 43, 43] / writers=[44]
OOO / Test #20 / 1439449712555 / readers=[42, 42, 41, 41, 41, 41, 41, 41, 42, 42] / writers=[42]
OOO / Test #178 / 1439449712444 / readers=[39, 39, 39, 39, 39, 39, 39, 39, 38, 38] / writers=[39]
OOO / Test #152 / 1439449712444 / readers=[34, 35, 35, 35, 35, 34, 35, 35, 35, 35] / writers=[35]
OOO / Test #60 / 1439449712444 / readers=[37, 37, 37, 37, 37, 38, 38, 38, 38, 37] / writers=[38]
OOO / Test #192 / 1439449712444 / readers=[48, 48, 48, 48, 48, 48, 47, 48, 47, 47] / writers=[48]
OOO / Test #166 / 1439449712444 / readers=[37, 37, 37, 38, 38, 37, 38, 37, 37, 37] / writers=[38]
OOO / Test #161 / 1439449712444 / readers=[37, 37, 37, 37, 38, 37, 37, 37, 37, 37] / writers=[38]
OOO / Test #158 / 1439449712444 / readers=[38, 39, 39, 39, 39, 38, 38, 38, 38, 38] / writers=[39]
OOO / Test #178 / 1439449712558 / readers=[40, 40, 40, 40, 40, 39, 40, 40, 39, 39] / writers=[40]
OOO / Test #182 / 1439449712444 / readers=[38, 38, 38, 38, 38, 38, 37, 37, 37, 37] / writers=[38]
OOO / Test #192 / 1439449712558 / readers=[49, 49, 49, 49, 49, 48, 48, 49, 48, 48] / writers=[49]
OOO / Test #169 / 1439449712444 / readers=[36, 36, 36, 36, 36, 36, 36, 36, 35, 35] / writers=[36]
OOO / Test #150 / 1439449712444 / readers=[36, 36, 37, 36, 37, 37, 37, 37, 36, 36] / writers=[37]
OOO / Test #156 / 1439449712442 / readers=[36, 36, 36, 36, 36, 36, 36, 36, 36, 35] / writers=[36]
OOO / Test #171 / 1439449712441 / readers=[36, 36, 36, 36, 37, 37, 37, 37, 36, 36] / writers=[37]
OOO / Test #177 / 1439449712441 / readers=[35, 36, 36, 36, 36, 36, 36, 35, 36, 35] / writers=[36]
OOO / Test #192 / 1439449712562 / readers=[50, 50, 50, 50, 49, 49, 49, 50, 49, 49] / writers=[50]
OOO / Test #13 / 1439449712441 / readers=[61, 61, 61, 62, 62, 62, 62, 61, 61, 61] / writers=[62]
OOO / Test #163 / 1439449712441 / readers=[40, 40, 40, 40, 39, 39, 39, 39, 39, 39] / writers=[40]
OOO / Test #160 / 1439449712441 / readers=[38, 38, 38, 38, 37, 38, 38, 37, 37, 37] / writers=[38]
OOO / Test #54 / 1439449712441 / readers=[48, 49, 48, 48, 48, 48, 48, 48, 48, 48] / writers=[49]
OOO / Test #7 / 1439449712439 / readers=[45, 46, 45, 46, 46, 46, 46, 46, 46, 46] / writers=[46]
OOO / Test #181 / 1439449712439 / readers=[38, 38, 38, 38, 38, 37, 38, 37, 37, 37] / writers=[38]
OOO / Test #200 / 1439449712439 / readers=[35, 35, 35, 35, 35, 35, 35, 35, 35, 34] / writers=[35]
OOO / Test #176 / 1439449712439 / readers=[36, 36, 36, 36, 36, 36, 35, 36, 36, 35] / writers=[36]
OOO / Test #168 / 1439449712439 / readers=[31, 31, 31, 31, 31, 31, 31, 31, 31, 31] / writers=[32]
OOO / Test #187 / 1439449712439 / readers=[36, 36, 36, 36, 36, 36, 36, 35, 36, 35] / writers=[36]
OOO / Test #181 / 1439449712566 / readers=[39, 39, 39, 39, 38, 38, 39, 38, 38, 38] / writers=[39]
OOO / Test #173 / 1439449712439 / readers=[38, 38, 38, 38, 38, 38, 37, 37, 37, 37] / writers=[38]
OOO / Test #196 / 1439449712439 / readers=[34, 34, 34, 35, 35, 35, 35, 35, 35, 34] / writers=[35]
OOO / Test #191 / 1439449712439 / readers=[36, 36, 36, 36, 36, 36, 36, 36, 35, 35] / writers=[36]
OOO / Test #174 / 1439449712439 / readers=[32, 32, 32, 32, 32, 32, 32, 32, 32, 32] / writers=[33]
OOO / Test #193 / 1439449712436 / readers=[32, 32, 32, 32, 32, 32, 32, 32, 32, 32] / writers=[33]
OOO / Test #194 / 1439449712436 / readers=[39, 39, 39, 39, 39, 40, 39, 39, 39, 39] / writers=[40]
OOO / Test #184 / 1439449712436 / readers=[30, 30, 30, 29, 29, 29, 29, 29, 29, 29] / writers=[30]
OOO / Test #165 / 1439449712436 / readers=[34, 34, 34, 34, 34, 34, 34, 34, 34, 33] / writers=[34]
OOO / Test #170 / 1439449712436 / readers=[37, 37, 37, 37, 37, 37, 37, 37, 36, 36] / writers=[37]
OOO / Test #53 / 1439449712436 / readers=[30, 29, 30, 30, 29, 29, 29, 30, 29, 30] / writers=[30]
OOO / Test #174 / 1439449712569 / readers=[35, 35, 35, 35, 35, 35, 35, 35, 35, 34] / writers=[35]
OOO / Test #197 / 1439449712436 / readers=[40, 40, 40, 40, 39, 39, 39, 39, 40, 39] / writers=[40]
OOO / Test #165 / 1439449712569 / readers=[35, 35, 35, 35, 35, 35, 35, 35, 34, 34] / writers=[35]
OOO / Test #186 / 1439449712436 / readers=[35, 35, 35, 35, 35, 35, 35, 35, 35, 34] / writers=[35]
OOO / Test #11 / 1439449712436 / readers=[63, 63, 63, 63, 63, 63, 63, 63, 63, 63] / writers=[64]
OOO / Test #175 / 1439449712433 / readers=[32, 31, 32, 31, 32, 32, 32, 32, 32, 32] / writers=[32]
OOO / Test #199 / 1439449712433 / readers=[38, 38, 38, 38, 38, 38, 38, 38, 38, 38] / writers=[39]
OOO / Test #195 / 1439449712433 / readers=[35, 35, 35, 35, 35, 35, 35, 35, 35, 34] / writers=[35]
OOO / Test #183 / 1439449712433 / readers=[36, 37, 37, 36, 37, 37, 37, 37, 36, 36] / writers=[37]
OOO / Test #172 / 1439449712433 / readers=[37, 37, 37, 37, 37, 37, 37, 36, 36, 36] / writers=[37]
OOO / Test #188 / 1439449712433 / readers=[37, 37, 37, 37, 36, 37, 37, 37, 36, 36] / writers=[37]
OOO / Test #159 / 1439449712433 / readers=[39, 40, 39, 40, 40, 39, 39, 39, 39, 39] / writers=[40]
OOO / Test #3 / 1439449712433 / readers=[57, 57, 57, 57, 58, 58, 58, 57, 58, 57] / writers=[58]
OOO / Test #189 / 1439449712433 / readers=[27, 27, 27, 27, 27, 27, 26, 26, 26, 26] / writers=[27]
OOO / Test #2 / 1439449712430 / readers=[34, 34, 34, 34, 34, 34, 34, 34, 34, 34] / writers=[35]
OOO / Test #50 / 1439449712430 / readers=[32, 32, 32, 32, 32, 32, 32, 32, 33, 32] / writers=[33]
OOO / Test #179 / 1439449712430 / readers=[26, 26, 26, 26, 26, 27, 26, 26, 26, 26] / writers=[27]
OOO / Test #47 / 1439449712430 / readers=[34, 34, 34, 34, 34, 34, 34, 34, 34, 34] / writers=[35]
OOO / Test #185 / 1439449712430 / readers=[36, 36, 36, 36, 36, 36, 36, 36, 35, 35] / writers=[36]
OOO / Test #50 / 1439449712575 / readers=[33, 33, 33, 33, 33, 33, 33, 33, 33, 33] / writers=[34]
OOO / Test #159 / 1439449712573 / readers=[40, 41, 40, 41, 40, 40, 40, 40, 40, 40] / writers=[41]
OOO / Test #3 / 1439449712573 / readers=[58, 58, 58, 58, 59, 59, 59, 58, 58, 58] / writers=[59]
OOO / Test #188 / 1439449712573 / readers=[38, 38, 38, 38, 37, 38, 38, 37, 37, 37] / writers=[38]
OOO / Test #172 / 1439449712573 / readers=[38, 38, 38, 38, 38, 38, 37, 37, 37, 37] / writers=[38]
OOO / Test #183 / 1439449712573 / readers=[37, 38, 38, 37, 38, 38, 38, 37, 37, 37] / writers=[38]
OOO / Test #199 / 1439449712573 / readers=[41, 41, 41, 40, 41, 41, 41, 41, 41, 41] / writers=[41]
OOO / Test #175 / 1439449712572 / readers=[33, 32, 32, 32, 33, 33, 33, 33, 33, 33] / writers=[33]
OOO / Test #11 / 1439449712572 / readers=[66, 65, 66, 66, 66, 66, 66, 66, 66, 66] / writers=[66]
OOO / Test #195 / 1439449712572 / readers=[36, 36, 36, 36, 36, 36, 36, 36, 35, 35] / writers=[36]
OOO / Test #186 / 1439449712572 / readers=[36, 36, 36, 36, 36, 36, 36, 36, 35, 35] / writers=[36]
OOO / Test #165 / 1439449712569 / readers=[36, 36, 36, 36, 36, 36, 35, 36, 35, 35] / writers=[36]
OOO / Test #197 / 1439449712569 / readers=[41, 41, 41, 40, 40, 40, 40, 40, 41, 40] / writers=[41]
OOO / Test #170 / 1439449712569 / readers=[38, 38, 38, 38, 37, 38, 38, 38, 37, 37] / writers=[38]
OOO / Test #174 / 1439449712569 / readers=[36, 36, 36, 36, 36, 36, 36, 36, 35, 35] / writers=[36]
OOO / Test #195 / 1439449712578 / readers=[37, 37, 37, 37, 37, 37, 37, 36, 36, 36] / writers=[37]
OOO / Test #53 / 1439449712569 / readers=[31, 30, 31, 31, 30, 30, 30, 31, 30, 31] / writers=[31]
OOO / Test #193 / 1439449712569 / readers=[35, 35, 35, 35, 35, 35, 35, 35, 35, 34] / writers=[35]
OOO / Test #184 / 1439449712569 / readers=[31, 30, 31, 30, 30, 30, 30, 30, 30, 30] / writers=[31]
OOO / Test #194 / 1439449712569 / readers=[40, 40, 40, 40, 40, 40, 40, 40, 40, 40] / writers=[41]
OOO / Test #191 / 1439449712566 / readers=[37, 37, 37, 36, 37, 37, 37, 37, 36, 36] / writers=[37]
OOO / Test #195 / 1439449712581 / readers=[38, 38, 38, 38, 38, 38, 37, 37, 37, 37] / writers=[38]
OOO / Test #196 / 1439449712566 / readers=[35, 35, 35, 36, 36, 36, 36, 36, 35, 35] / writers=[36]
OOO / Test #193 / 1439449712581 / readers=[36, 36, 36, 36, 36, 35, 36, 36, 36, 35] / writers=[36]
OOO / Test #184 / 1439449712582 / readers=[32, 31, 31, 31, 31, 31, 31, 31, 31, 31] / writers=[32]
OOO / Test #168 / 1439449712566 / readers=[34, 34, 34, 34, 34, 33, 34, 34, 34, 34] / writers=[34]
OOO / Test #173 / 1439449712566 / readers=[39, 39, 39, 39, 39, 38, 38, 38, 38, 38] / writers=[39]
OOO / Test #187 / 1439449712566 / readers=[37, 37, 37, 37, 37, 37, 37, 36, 36, 36] / writers=[37]
OOO / Test #181 / 1439449712566 / readers=[40, 40, 40, 39, 39, 39, 40, 39, 39, 39] / writers=[40]
OOO / Test #200 / 1439449712566 / readers=[36, 36, 36, 36, 36, 36, 36, 36, 35, 35] / writers=[36]
OOO / Test #176 / 1439449712566 / readers=[37, 37, 37, 37, 37, 37, 36, 36, 37, 36] / writers=[37]
OOO / Test #7 / 1439449712566 / readers=[46, 47, 46, 47, 47, 47, 47, 47, 46, 47] / writers=[47]
OOO / Test #54 / 1439449712566 / readers=[49, 49, 49, 49, 49, 49, 49, 49, 49, 49] / writers=[50]
OOO / Test #160 / 1439449712562 / readers=[39, 39, 39, 39, 38, 39, 38, 38, 38, 38] / writers=[39]
OOO / Test #163 / 1439449712562 / readers=[41, 41, 41, 40, 40, 40, 40, 40, 40, 40] / writers=[41]
OOO / Test #176 / 1439449712585 / readers=[38, 38, 38, 38, 38, 37, 37, 37, 38, 37] / writers=[38]
OOO / Test #13 / 1439449712562 / readers=[62, 62, 62, 62, 63, 63, 63, 62, 62, 62] / writers=[63]
OOO / Test #177 / 1439449712562 / readers=[36, 37, 37, 37, 37, 37, 37, 36, 36, 36] / writers=[37]
OOO / Test #192 / 1439449712562 / readers=[51, 51, 51, 50, 50, 50, 50, 51, 50, 50] / writers=[51]
OOO / Test #171 / 1439449712562 / readers=[37, 37, 37, 37, 38, 38, 38, 37, 37, 37] / writers=[38]
OOO / Test #156 / 1439449712562 / readers=[37, 37, 37, 37, 37, 37, 37, 37, 36, 36] / writers=[37]
OOO / Test #150 / 1439449712562 / readers=[37, 37, 38, 37, 38, 38, 38, 37, 37, 37] / writers=[38]
OOO / Test #13 / 1439449712588 / readers=[63, 63, 63, 63, 63, 64, 64, 63, 63, 63] / writers=[64]
OOO / Test #177 / 1439449712588 / readers=[37, 38, 38, 38, 38, 38, 37, 37, 37, 37] / writers=[38]
OOO / Test #169 / 1439449712562 / readers=[37, 37, 37, 37, 37, 37, 37, 36, 36, 36] / writers=[37]
OOO / Test #182 / 1439449712558 / readers=[39, 39, 39, 39, 39, 38, 38, 38, 38, 38] / writers=[39]
OOO / Test #166 / 1439449712558 / readers=[38, 38, 38, 39, 39, 38, 38, 38, 38, 38] / writers=[39]
OOO / Test #158 / 1439449712558 / readers=[39, 40, 40, 40, 39, 39, 39, 39, 39, 39] / writers=[40]
OOO / Test #178 / 1439449712558 / readers=[41, 41, 41, 41, 40, 40, 41, 41, 40, 40] / writers=[41]
OOO / Test #161 / 1439449712558 / readers=[38, 38, 38, 38, 38, 38, 38, 38, 38, 38] / writers=[39]
OOO / Test #60 / 1439449712558 / readers=[38, 38, 38, 38, 38, 38, 39, 39, 39, 38] / writers=[39]
OOO / Test #152 / 1439449712558 / readers=[35, 36, 36, 36, 36, 35, 36, 36, 36, 35] / writers=[36]
OOO / Test #20 / 1439449712558 / readers=[43, 42, 42, 42, 42, 42, 42, 42, 43, 43] / writers=[43]
OOO / Test #178 / 1439449712591 / readers=[42, 42, 42, 41, 41, 41, 42, 42, 41, 41] / writers=[42]
OOO / Test #190 / 1439449712555 / readers=[46, 45, 46, 46, 46, 46, 46, 46, 46, 45] / writers=[46]
OOO / Test #43 / 1439449712555 / readers=[44, 44, 44, 44, 45, 45, 44, 44, 44, 44] / writers=[45]
OOO / Test #164 / 1439449712555 / readers=[39, 39, 39, 39, 39, 38, 38, 38, 38, 38] / writers=[39]
OOO / Test #161 / 1439449712591 / readers=[41, 41, 41, 40, 41, 41, 41, 41, 41, 41] / writers=[41]
OOO / Test #97 / 1439449712555 / readers=[41, 41, 41, 41, 42, 42, 41, 41, 41, 41] / writers=[42]
OOO / Test #100 / 1439449712555 / readers=[41, 42, 42, 41, 41, 41, 41, 41, 41, 41] / writers=[42]
OOO / Test #95 / 1439449712555 / readers=[41, 41, 41, 41, 41, 41, 40, 40, 41, 41] / writers=[41]
OOO / Test #61 / 1439449712555 / readers=[41, 41, 41, 41, 41, 41, 41, 41, 41, 41] / writers=[42]
OOO / Test #153 / 1439449712553 / readers=[49, 49, 49, 49, 49, 49, 49, 49, 48, 49] / writers=[49]
OOO / Test #27 / 1439449712553 / readers=[41, 41, 41, 40, 40, 40, 40, 40, 41, 41] / writers=[41]
OOO / Test #100 / 1439449712595 / readers=[42, 43, 42, 42, 42, 42, 42, 42, 42, 42] / writers=[43]
OOO / Test #95 / 1439449712595 / readers=[42, 42, 42, 41, 42, 42, 41, 41, 42, 42] / writers=[42]
OOO / Test #15 / 1439449712553 / readers=[58, 58, 58, 59, 59, 59, 59, 58, 58, 58] / writers=[59]
OOO / Test #30 / 1439449712553 / readers=[43, 43, 43, 42, 42, 42, 42, 42, 43, 43] / writers=[43]
OOO / Test #162 / 1439449712553 / readers=[37, 38, 38, 38, 38, 38, 38, 37, 37, 37] / writers=[38]
OOO / Test #31 / 1439449712553 / readers=[43, 44, 43, 43, 44, 44, 43, 44, 43, 44] / writers=[44]
OOO / Test #146 / 1439449712553 / readers=[44, 44, 44, 44, 45, 45, 44, 44, 44, 44] / writers=[45]
OOO / Test #148 / 1439449712550 / readers=[37, 37, 37, 37, 37, 37, 37, 37, 36, 37] / writers=[37]
OOO / Test #36 / 1439449712550 / readers=[42, 43, 43, 42, 42, 42, 42, 43, 43, 43] / writers=[43]
OOO / Test #30 / 1439449712598 / readers=[44, 44, 43, 43, 43, 43, 43, 43, 44, 44] / writers=[44]
OOO / Test #40 / 1439449712550 / readers=[43, 43, 44, 44, 43, 43, 44, 43, 43, 43] / writers=[44]
OOO / Test #162 / 1439449712598 / readers=[38, 39, 39, 39, 39, 39, 38, 38, 38, 38] / writers=[39]
OOO / Test #198 / 1439449712550 / readers=[43, 42, 43, 42, 42, 42, 43, 42, 42, 42] / writers=[43]
OOO / Test #49 / 1439449712550 / readers=[45, 45, 46, 46, 46, 46, 46, 46, 46, 45] / writers=[46]
OOO / Test #44 / 1439449712550 / readers=[42, 42, 41, 42, 41, 41, 41, 41, 41, 41] / writers=[42]
OOO / Test #18 / 1439449712550 / readers=[50, 50, 50, 49, 50, 50, 49, 50, 49, 49] / writers=[50]
OOO / Test #55 / 1439449712550 / readers=[48, 48, 48, 48, 48, 48, 48, 48, 47, 47] / writers=[48]
OOO / Test #167 / 1439449712547 / readers=[38, 39, 39, 39, 38, 38, 39, 38, 38, 38] / writers=[39]
OOO / Test #180 / 1439449712547 / readers=[38, 38, 38, 38, 38, 37, 37, 37, 37, 38] / writers=[38]
OOO / Test #28 / 1439449712547 / readers=[46, 47, 46, 47, 47, 46, 47, 47, 46, 47] / writers=[47]
OOO / Test #62 / 1439449712547 / readers=[40, 40, 40, 40, 40, 40, 39, 40, 40, 40] / writers=[40]
OOO / Test #157 / 1439449712547 / readers=[43, 43, 42, 42, 42, 42, 42, 42, 42, 42] / writers=[43]
OOO / Test #23 / 1439449712547 / readers=[47, 47, 47, 46, 47, 47, 47, 47, 46, 46] / writers=[47]
OOO / Test #34 / 1439449712547 / readers=[46, 46, 46, 46, 46, 46, 46, 46, 46, 45] / writers=[46]
OOO / Test #39 / 1439449712547 / readers=[44, 44, 45, 44, 44, 44, 44, 44, 44, 44] / writers=[45]
OOO / Test #64 / 1439449712547 / readers=[40, 40, 40, 40, 39, 39, 39, 39, 39, 39] / writers=[40]
OOO / Test #59 / 1439449712543 / readers=[44, 44, 44, 44, 44, 44, 44, 44, 43, 44] / writers=[44]
OOO / Test #22 / 1439449712543 / readers=[45, 45, 46, 46, 46, 46, 46, 46, 46, 46] / writers=[46]
OOO / Test #147 / 1439449712543 / readers=[36, 36, 36, 36, 36, 36, 36, 36, 36, 35] / writers=[36]
OOO / Test #4 / 1439449712543 / readers=[64, 65, 65, 64, 64, 64, 64, 64, 64, 64] / writers=[65]
OOO / Test #64 / 1439449712605 / readers=[41, 41, 41, 40, 40, 40, 40, 40, 40, 40] / writers=[41]
OOO / Test #14 / 1439449712543 / readers=[67, 67, 67, 67, 67, 67, 67, 67, 68, 68] / writers=[68]
OOO / Test #59 / 1439449712605 / readers=[45, 45, 45, 45, 45, 45, 45, 44, 44, 45] / writers=[45]
OOO / Test #22 / 1439449712605 / readers=[46, 46, 47, 47, 47, 47, 47, 47, 46, 47] / writers=[47]
OOO / Test #147 / 1439449712605 / readers=[37, 37, 37, 37, 37, 37, 36, 37, 37, 36] / writers=[37]
OOO / Test #58 / 1439449712543 / readers=[40, 40, 40, 41, 40, 40, 40, 40, 40, 40] / writers=[41]
OOO / Test #33 / 1439449712543 / readers=[37, 37, 37, 37, 37, 37, 37, 36, 37, 36] / writers=[37]
OOO / Test #46 / 1439449712543 / readers=[46, 46, 47, 46, 47, 46, 46, 47, 47, 47] / writers=[47]
OOO / Test #26 / 1439449712543 / readers=[41, 41, 40, 41, 40, 41, 40, 40, 41, 41] / writers=[41]
OOO / Test #147 / 1439449712607 / readers=[38, 38, 38, 38, 38, 38, 37, 38, 37, 37] / writers=[38]
OOO / Test #51 / 1439449712540 / readers=[43, 43, 42, 43, 43, 43, 43, 43, 43, 43] / writers=[43]
OOO / Test #133 / 1439449712540 / readers=[37, 37, 37, 37, 36, 37, 37, 37, 37, 37] / writers=[37]
OOO / Test #58 / 1439449712607 / readers=[41, 41, 41, 41, 41, 41, 41, 41, 41, 41] / writers=[42]
OOO / Test #35 / 1439449712540 / readers=[43, 42, 42, 42, 42, 42, 43, 42, 42, 42] / writers=[43]
OOO / Test #46 / 1439449712607 / readers=[47, 47, 47, 47, 48, 47, 47, 48, 48, 48] / writers=[48]
OOO / Test #145 / 1439449712540 / readers=[40, 40, 40, 40, 40, 40, 40, 39, 40, 39] / writers=[40]
OOO / Test #154 / 1439449712540 / readers=[43, 43, 43, 43, 43, 43, 43, 43, 43, 43] / writers=[44]
OOO / Test #12 / 1439449712540 / readers=[63, 62, 63, 63, 62, 62, 62, 62, 62, 62] / writers=[63]
OOO / Test #73 / 1439449712540 / readers=[42, 42, 41, 41, 41, 41, 42, 42, 42, 42] / writers=[42]
OOO / Test #155 / 1439449712537 / readers=[41, 41, 41, 41, 41, 40, 41, 41, 41, 41] / writers=[41]
OOO / Test #38 / 1439449712537 / readers=[41, 41, 41, 41, 41, 41, 41, 41, 41, 41] / writers=[42]
OOO / Test #19 / 1439449712537 / readers=[46, 46, 46, 46, 46, 47, 46, 47, 46, 46] / writers=[47]
OOO / Test #145 / 1439449712611 / readers=[41, 41, 41, 41, 41, 41, 40, 40, 41, 40] / writers=[41]
OOO / Test #41 / 1439449712537 / readers=[37, 37, 38, 37, 37, 38, 38, 38, 37, 38] / writers=[38]
OOO / Test #42 / 1439449712537 / readers=[43, 43, 43, 43, 43, 43, 43, 43, 43, 43] / writers=[44]
OOO / Test #154 / 1439449712611 / readers=[46, 46, 46, 46, 46, 46, 46, 46, 46, 45] / writers=[46]
OOO / Test #45 / 1439449712537 / readers=[48, 47, 47, 47, 48, 47, 47, 48, 47, 47] / writers=[48]
OOO / Test #32 / 1439449712537 / readers=[42, 41, 41, 41, 41, 41, 41, 41, 41, 41] / writers=[42]
OOO / Test #80 / 1439449712537 / readers=[36, 36, 36, 36, 36, 36, 35, 35, 36, 36] / writers=[36]
OOO / Test #109 / 1439449712537 / readers=[48, 48, 48, 48, 48, 48, 48, 47, 47, 47] / writers=[48]
OOO / Test #52 / 1439449712534 / readers=[46, 46, 46, 46, 46, 46, 46, 46, 46, 45] / writers=[46]
OOO / Test #16 / 1439449712534 / readers=[60, 60, 60, 60, 60, 60, 59, 60, 59, 60] / writers=[60]
OOO / Test #24 / 1439449712534 / readers=[49, 48, 49, 49, 49, 49, 48, 49, 49, 49] / writers=[49]
OOO / Test #122 / 1439449712534 / readers=[42, 41, 42, 41, 41, 41, 41, 41, 41, 41] / writers=[42]
OOO / Test #32 / 1439449712614 / readers=[42, 42, 42, 42, 42, 42, 42, 42, 42, 42] / writers=[43]
OOO / Test #21 / 1439449712534 / readers=[60, 60, 59, 60, 60, 60, 60, 60, 59, 59] / writers=[60]
OOO / Test #37 / 1439449712534 / readers=[40, 40, 40, 39, 40, 39, 39, 40, 39, 39] / writers=[40]
OOO / Test #137 / 1439449712534 / readers=[37, 37, 37, 37, 37, 37, 37, 36, 36, 36] / writers=[37]
OOO / Test #57 / 1439449712534 / readers=[44, 45, 45, 44, 44, 44, 44, 45, 45, 45] / writers=[45]
OOO / Test #17 / 1439449712531 / readers=[52, 53, 52, 53, 53, 53, 53, 53, 52, 53] / writers=[53]
OOO / Test #149 / 1439449712530 / readers=[38, 38, 38, 38, 38, 38, 37, 38, 37, 37] / writers=[38]
OOO / Test #56 / 1439449712530 / readers=[51, 51, 50, 51, 50, 51, 50, 51, 51, 50] / writers=[51]
OOO / Test #48 / 1439449712530 / readers=[41, 42, 41, 42, 41, 41, 41, 41, 41, 41] / writers=[42]
OOO / Test #57 / 1439449712617 / readers=[45, 46, 46, 45, 45, 45, 45, 46, 46, 45] / writers=[46]
OOO / Test #6 / 1439449712530 / readers=[71, 71, 71, 71, 71, 71, 70, 70, 70, 70] / writers=[71]
OOO / Test #75 / 1439449712530 / readers=[36, 36, 36, 36, 36, 36, 36, 36, 35, 35] / writers=[36]
OOO / Test #84 / 1439449712530 / readers=[40, 40, 40, 40, 40, 39, 39, 39, 39, 39] / writers=[40]
OOO / Test #101 / 1439449712530 / readers=[35, 35, 36, 36, 36, 36, 36, 35, 35, 35] / writers=[36]
OOO / Test #127 / 1439449712528 / readers=[40, 40, 39, 40, 39, 39, 40, 39, 40, 39] / writers=[40]
OOO / Test #65 / 1439449712528 / readers=[46, 46, 46, 46, 46, 46, 46, 46, 46, 45] / writers=[46]
OOO / Test #90 / 1439449712528 / readers=[37, 37, 37, 37, 37, 37, 37, 36, 36, 36] / writers=[37]
OOO / Test #114 / 1439449712528 / readers=[47, 47, 47, 47, 47, 47, 47, 47, 46, 46] / writers=[47]
OOO / Test #10 / 1439449712528 / readers=[48, 49, 49, 49, 49, 49, 48, 49, 48, 49] / writers=[49]
OOO / Test #128 / 1439449712528 / readers=[40, 40, 40, 39, 40, 39, 39, 39, 39, 39] / writers=[40]
OOO / Test #118 / 1439449712528 / readers=[33, 33, 33, 33, 33, 33, 33, 33, 33, 33] / writers=[34]
OOO / Test #65 / 1439449712620 / readers=[47, 47, 47, 47, 47, 47, 47, 47, 46, 46] / writers=[47]
OOO / Test #139 / 1439449712527 / readers=[37, 38, 38, 38, 38, 38, 38, 37, 37, 37] / writers=[38]
OOO / Test #144 / 1439449712527 / readers=[38, 38, 38, 38, 38, 38, 37, 37, 37, 37] / writers=[38]
OOO / Test #91 / 1439449712525 / readers=[35, 35, 35, 35, 35, 35, 35, 35, 35, 34] / writers=[35]
OOO / Test #78 / 1439449712525 / readers=[40, 40, 40, 40, 39, 39, 39, 39, 39, 39] / writers=[40]
OOO / Test #8 / 1439449712524 / readers=[63, 63, 63, 63, 63, 63, 63, 63, 63, 63] / writers=[64]
OOO / Test #130 / 1439449712524 / readers=[43, 43, 42, 43, 43, 43, 43, 43, 43, 43] / writers=[43]
OOO / Test #139 / 1439449712622 / readers=[38, 39, 39, 39, 39, 38, 39, 38, 38, 38] / writers=[39]
OOO / Test #9 / 1439449712524 / readers=[63, 63, 63, 63, 63, 63, 64, 63, 63, 63] / writers=[64]
OOO / Test #78 / 1439449712622 / readers=[41, 41, 41, 40, 40, 40, 40, 40, 40, 40] / writers=[41]
OOO / Test #116 / 1439449712524 / readers=[39, 39, 39, 40, 40, 40, 39, 39, 39, 39] / writers=[40]
OOO / Test #66 / 1439449712524 / readers=[35, 35, 35, 35, 35, 35, 35, 35, 35, 34] / writers=[35]
OOO / Test #139 / 1439449712622 / readers=[39, 40, 39, 40, 40, 39, 40, 39, 39, 39] / writers=[40]
OOO / Test #151 / 1439449712524 / readers=[38, 38, 38, 38, 38, 38, 37, 37, 37, 37] / writers=[38]
OOO / Test #74 / 1439449712521 / readers=[39, 40, 40, 40, 40, 40, 40, 39, 40, 39] / writers=[40]
OOO / Test #124 / 1439449712521 / readers=[38, 39, 39, 39, 39, 39, 38, 38, 38, 38] / writers=[39]
OOO / Test #77 / 1439449712521 / readers=[43, 43, 43, 43, 43, 43, 43, 43, 43, 43] / writers=[44]
OOO / Test #63 / 1439449712521 / readers=[32, 32, 32, 32, 32, 32, 32, 32, 32, 32] / writers=[33]
OOO / Test #86 / 1439449712521 / readers=[36, 36, 36, 36, 36, 36, 36, 36, 35, 35] / writers=[36]
OOO / Test #29 / 1439449712521 / readers=[44, 44, 45, 45, 45, 45, 45, 45, 45, 45] / writers=[45]
OOO / Test #74 / 1439449712626 / readers=[40, 41, 41, 40, 41, 41, 41, 40, 41, 40] / writers=[41]
OOO / Test #141 / 1439449712521 / readers=[43, 42, 42, 42, 42, 42, 42, 42, 42, 42] / writers=[43]
OOO / Test #87 / 1439449712521 / readers=[36, 36, 36, 36, 36, 36, 36, 36, 35, 35] / writers=[36]
OOO / Test #125 / 1439449712521 / readers=[37, 37, 37, 37, 37, 37, 37, 36, 36, 36] / writers=[37]
OOO / Test #85 / 1439449712521 / readers=[41, 41, 41, 40, 41, 40, 40, 40, 40, 40] / writers=[41]
OOO / Test #76 / 1439449712518 / readers=[43, 43, 43, 43, 43, 43, 43, 43, 43, 43] / writers=[44]
OOO / Test #82 / 1439449712518 / readers=[38, 38, 38, 38, 38, 38, 37, 37, 38, 37] / writers=[38]
OOO / Test #71 / 1439449712518 / readers=[39, 39, 40, 40, 39, 39, 39, 39, 39, 39] / writers=[40]
OOO / Test #125 / 1439449712629 / readers=[38, 38, 38, 38, 38, 38, 37, 37, 37, 37] / writers=[38]
OOO / Test #93 / 1439449712518 / readers=[40, 40, 40, 39, 40, 40, 39, 39, 39, 39] / writers=[40]
OOO / Test #85 / 1439449712629 / readers=[42, 42, 41, 41, 42, 41, 41, 41, 41, 41] / writers=[42]
OOO / Test #135 / 1439449712518 / readers=[40, 40, 39, 40, 39, 40, 40, 39, 39, 39] / writers=[40]
OOO / Test #117 / 1439449712518 / readers=[41, 42, 42, 41, 41, 41, 41, 41, 41, 41] / writers=[42]
OOO / Test #88 / 1439449712518 / readers=[41, 41, 40, 40, 41, 40, 40, 40, 40, 40] / writers=[41]
OOO / Test #106 / 1439449712518 / readers=[37, 37, 37, 37, 37, 37, 37, 37, 37, 37] / writers=[38]
OOO / Test #89 / 1439449712514 / readers=[43, 42, 42, 42, 42, 42, 42, 42, 42, 42] / writers=[43]
OOO / Test #92 / 1439449712514 / readers=[41, 40, 41, 41, 40, 40, 40, 40, 40, 41] / writers=[41]
OOO / Test #68 / 1439449712514 / readers=[37, 38, 38, 38, 38, 38, 37, 37, 37, 37] / writers=[38]
OOO / Test #88 / 1439449712632 / readers=[42, 41, 41, 41, 42, 41, 41, 41, 41, 41] / writers=[42]
OOO / Test #104 / 1439449712514 / readers=[39, 39, 38, 39, 39, 39, 38, 38, 38, 38] / writers=[39]
OOO / Test #96 / 1439449712514 / readers=[38, 38, 38, 38, 38, 38, 37, 37, 37, 37] / writers=[38]
OOO / Test #112 / 1439449712514 / readers=[38, 38, 38, 38, 38, 38, 37, 37, 37, 37] / writers=[38]
OOO / Test #92 / 1439449712632 / readers=[42, 41, 42, 41, 41, 41, 41, 41, 41, 42] / writers=[42]
OOO / Test #88 / 1439449712632 / readers=[42, 42, 42, 42, 43, 42, 42, 42, 42, 42] / writers=[43]
OOO / Test #113 / 1439449712514 / readers=[40, 40, 40, 39, 39, 40, 39, 39, 39, 39] / writers=[40]
OOO / Test #129 / 1439449712514 / readers=[39, 39, 39, 39, 38, 39, 39, 38, 38, 38] / writers=[39]
OOO / Test #143 / 1439449712514 / readers=[31, 31, 32, 31, 31, 31, 31, 31, 31, 31] / writers=[32]
OOO / Test #136 / 1439449712514 / readers=[39, 40, 40, 39, 39, 40, 39, 39, 39, 39] / writers=[40]
OOO / Test #132 / 1439449712511 / readers=[37, 37, 37, 37, 37, 37, 36, 37, 37, 36] / writers=[37]
OOO / Test #67 / 1439449712511 / readers=[39, 39, 39, 39, 39, 38, 39, 38, 38, 38] / writers=[39]
OOO / Test #113 / 1439449712636 / readers=[40, 41, 41, 40, 40, 41, 40, 40, 40, 40] / writers=[41]
OOO / Test #129 / 1439449712636 / readers=[40, 39, 40, 40, 39, 40, 40, 39, 39, 39] / writers=[40]
OOO / Test #81 / 1439449712511 / readers=[36, 36, 36, 37, 37, 37, 36, 36, 36, 36] / writers=[37]
OOO / Test #134 / 1439449712511 / readers=[41, 41, 41, 41, 41, 41, 41, 41, 41, 41] / writers=[42]
OOO / Test #115 / 1439449712511 / readers=[32, 32, 32, 32, 32, 32, 32, 32, 32, 32] / writers=[33]
OOO / Test #79 / 1439449712511 / readers=[35, 35, 35, 35, 35, 35, 35, 35, 35, 34] / writers=[35]
OOO / Test #69 / 1439449712511 / readers=[38, 38, 38, 38, 39, 38, 38, 38, 38, 38] / writers=[39]
OOO / Test #102 / 1439449712511 / readers=[37, 37, 37, 37, 37, 37, 37, 37, 36, 36] / writers=[37]
OOO / Test #108 / 1439449712511 / readers=[43, 42, 42, 42, 42, 42, 42, 42, 42, 42] / writers=[43]
OOO / Test #110 / 1439449712508 / readers=[39, 39, 39, 39, 39, 39, 38, 38, 38, 39] / writers=[39]
OOO / Test #134 / 1439449712639 / readers=[44, 43, 44, 44, 44, 44, 44, 44, 44, 44] / writers=[44]
OOO / Test #123 / 1439449712508 / readers=[33, 33, 33, 33, 33, 33, 33, 33, 33, 33] / writers=[34]
OOO / Test #115 / 1439449712639 / readers=[34, 34, 34, 34, 35, 35, 35, 35, 35, 34] / writers=[35]
OOO / Test #138 / 1439449712508 / readers=[42, 41, 42, 41, 41, 41, 41, 41, 41, 41] / writers=[42]
OOO / Test #105 / 1439449712508 / readers=[37, 37, 37, 37, 37, 37, 37, 36, 36, 36] / writers=[37]
OOO / Test #120 / 1439449712508 / readers=[41, 42, 42, 41, 41, 41, 41, 41, 41, 41] / writers=[42]
OOO / Test #99 / 1439449712508 / readers=[37, 37, 37, 37, 37, 37, 37, 36, 36, 36] / writers=[37]
OOO / Test #142 / 1439449712508 / readers=[37, 38, 38, 38, 38, 38, 37, 37, 37, 37] / writers=[38]
OOO / Test #70 / 1439449712504 / readers=[35, 35, 35, 35, 35, 35, 35, 35, 35, 34] / writers=[35]
OOO / Test #121 / 1439449712504 / readers=[38, 38, 39, 39, 39, 39, 38, 38, 38, 38] / writers=[39]
OOO / Test #105 / 1439449712642 / readers=[38, 38, 38, 38, 38, 38, 37, 37, 37, 37] / writers=[38]
OOO / Test #98 / 1439449712504 / readers=[36, 37, 37, 37, 37, 37, 37, 37, 36, 36] / writers=[37]
OOO / Test #99 / 1439449712642 / readers=[38, 38, 37, 38, 38, 38, 38, 37, 37, 37] / writers=[38]
OOO / Test #142 / 1439449712642 / readers=[38, 39, 39, 39, 39, 38, 38, 38, 38, 38] / writers=[39]
OOO / Test #140 / 1439449712504 / readers=[47, 48, 48, 48, 48, 47, 47, 48, 48, 47] / writers=[48]
OOO / Test #111 / 1439449712504 / readers=[45, 46, 46, 46, 46, 46, 46, 46, 46, 45] / writers=[46]
OOO / Test #103 / 1439449712504 / readers=[43, 43, 43, 43, 43, 43, 43, 43, 43, 43] / writers=[44]
OOO / Test #119 / 1439449712504 / readers=[35, 35, 35, 35, 35, 35, 35, 35, 35, 35] / writers=[36]
OOO / Test #83 / 1439449712501 / readers=[42, 43, 42, 42, 42, 42, 42, 42, 42, 42] / writers=[43]
OOO / Test #1 / 1439449712501 / readers=[38, 38, 38, 38, 38, 38, 38, 37, 37, 37] / writers=[38]
OOO / Test #140 / 1439449712646 / readers=[48, 49, 49, 49, 49, 48, 48, 49, 48, 48] / writers=[49]
OOO / Test #111 / 1439449712646 / readers=[46, 47, 47, 47, 47, 47, 47, 47, 46, 46] / writers=[47]
OOO / Test #5 / 1439449712501 / readers=[61, 60, 61, 61, 61, 61, 60, 60, 60, 61] / writers=[61]
OOO / Test #72 / 1439449712501 / readers=[42, 41, 42, 42, 41, 41, 41, 41, 41, 41] / writers=[42]
OOO / Test #131 / 1439449712501 / readers=[33, 33, 33, 33, 33, 33, 33, 33, 33, 33] / writers=[34]
OOO / Test #126 / 1439449712501 / readers=[40, 40, 40, 40, 39, 39, 39, 39, 39, 40] / writers=[40]
OOO / Test #94 / 1439449712501 / readers=[34, 34, 35, 35, 35, 35, 34, 35, 34, 35] / writers=[35]
OOO / Test #107 / 1439449712501 / readers=[38, 38, 38, 38, 38, 38, 38, 37, 38, 38] / writers=[38]
OOO / Test #25 / 1439449712501 / readers=[43, 43, 43, 43, 43, 43, 43, 43, 43, 43] / writers=[44]
OOO / Test #72 / 1439449712646 / readers=[42, 42, 43, 43, 42, 42, 42, 42, 42, 42] / writers=[43]
OOO / Test #126 / 1439449712649 / readers=[40, 41, 41, 41, 40, 40, 40, 40, 40, 41] / writers=[41]
OOO / Test #5 / 1439449712646 / readers=[62, 61, 62, 62, 62, 61, 61, 61, 61, 62] / writers=[62]
OOO / Test #119 / 1439449712646 / readers=[37, 38, 38, 38, 38, 38, 38, 38, 38, 38] / writers=[38]
OOO / Test #103 / 1439449712646 / readers=[46, 46, 46, 46, 46, 46, 46, 46, 46, 45] / writers=[46]
OOO / Test #1 / 1439449712646 / readers=[39, 38, 39, 39, 39, 39, 39, 38, 38, 38] / writers=[39]
OOO / Test #111 / 1439449712646 / readers=[47, 48, 48, 48, 48, 48, 48, 47, 47, 47] / writers=[48]
OOO / Test #140 / 1439449712646 / readers=[49, 50, 50, 50, 49, 49, 49, 50, 49, 49] / writers=[50]
OOO / Test #83 / 1439449712646 / readers=[43, 43, 43, 43, 43, 43, 43, 43, 43, 43] / writers=[44]
OOO / Test #142 / 1439449712642 / readers=[39, 40, 40, 40, 39, 39, 39, 39, 39, 39] / writers=[40]
OOO / Test #99 / 1439449712642 / readers=[39, 39, 38, 39, 39, 38, 39, 38, 38, 38] / writers=[39]
OOO / Test #98 / 1439449712642 / readers=[37, 38, 38, 38, 38, 38, 37, 38, 37, 37] / writers=[38]
OOO / Test #121 / 1439449712642 / readers=[39, 39, 40, 40, 40, 39, 39, 39, 39, 39] / writers=[40]
OOO / Test #105 / 1439449712642 / readers=[39, 39, 39, 39, 39, 38, 38, 38, 38, 38] / writers=[39]
OOO / Test #70 / 1439449712642 / readers=[36, 36, 36, 36, 36, 36, 36, 36, 35, 35] / writers=[36]
OOO / Test #142 / 1439449712654 / readers=[40, 41, 41, 40, 40, 40, 40, 40, 40, 40] / writers=[41]
OOO / Test #83 / 1439449712654 / readers=[46, 46, 46, 46, 46, 46, 45, 46, 46, 46] / writers=[46]
OOO / Test #120 / 1439449712642 / readers=[42, 43, 42, 42, 42, 42, 42, 42, 42, 42] / writers=[43]
OOO / Test #123 / 1439449712639 / readers=[36, 36, 36, 36, 36, 36, 36, 36, 36, 35] / writers=[36]
OOO / Test #138 / 1439449712639 / readers=[42, 42, 43, 42, 42, 42, 42, 42, 42, 42] / writers=[43]
OOO / Test #115 / 1439449712639 / readers=[35, 35, 35, 35, 36, 36, 36, 36, 35, 35] / writers=[36]
OOO / Test #134 / 1439449712639 / readers=[45, 44, 45, 45, 45, 45, 45, 45, 45, 45] / writers=[45]
OOO / Test #110 / 1439449712639 / readers=[40, 40, 40, 40, 40, 39, 39, 39, 39, 40] / writers=[40]
OOO / Test #108 / 1439449712639 / readers=[43, 43, 43, 43, 43, 43, 43, 43, 43, 43] / writers=[44]
OOO / Test #102 / 1439449712639 / readers=[38, 38, 38, 38, 38, 38, 38, 37, 37, 37] / writers=[38]
OOO / Test #69 / 1439449712639 / readers=[39, 39, 39, 39, 39, 39, 39, 39, 39, 39] / writers=[40]
OOO / Test #79 / 1439449712639 / readers=[36, 36, 36, 36, 36, 36, 36, 36, 35, 35] / writers=[36]
OOO / Test #81 / 1439449712636 / readers=[37, 37, 37, 38, 38, 37, 37, 37, 37, 37] / writers=[38]
OOO / Test #129 / 1439449712636 / readers=[41, 40, 41, 41, 40, 41, 40, 40, 40, 40] / writers=[41]
OOO / Test #113 / 1439449712636 / readers=[41, 42, 42, 41, 41, 41, 41, 41, 41, 41] / writers=[42]
OOO / Test #67 / 1439449712636 / readers=[39, 39, 39, 40, 39, 39, 39, 39, 39, 39] / writers=[40]
OOO / Test #132 / 1439449712636 / readers=[38, 38, 38, 38, 38, 38, 37, 37, 38, 37] / writers=[38]
OOO / Test #143 / 1439449712636 / readers=[32, 32, 32, 32, 32, 32, 32, 32, 32, 32] / writers=[33]
OOO / Test #81 / 1439449712660 / readers=[38, 38, 38, 39, 38, 38, 38, 38, 38, 38] / writers=[39]
OOO / Test #129 / 1439449712660 / readers=[42, 41, 42, 41, 41, 42, 41, 41, 41, 41] / writers=[42]
OOO / Test #113 / 1439449712660 / readers=[42, 43, 42, 42, 42, 42, 42, 42, 42, 42] / writers=[43]
OOO / Test #136 / 1439449712636 / readers=[40, 41, 40, 40, 40, 41, 40, 40, 40, 40] / writers=[41]
OOO / Test #88 / 1439449712636 / readers=[43, 43, 43, 43, 43, 43, 43, 43, 43, 43] / writers=[44]
OOO / Test #92 / 1439449712632 / readers=[43, 42, 43, 42, 42, 42, 42, 42, 42, 42] / writers=[43]
OOO / Test #96 / 1439449712632 / readers=[39, 39, 39, 39, 39, 38, 38, 38, 38, 38] / writers=[39]
OOO / Test #112 / 1439449712632 / readers=[39, 39, 39, 39, 39, 38, 38, 38, 38, 38] / writers=[39]
OOO / Test #104 / 1439449712632 / readers=[40, 40, 39, 40, 40, 39, 39, 39, 39, 39] / writers=[40]
OOO / Test #106 / 1439449712632 / readers=[40, 40, 40, 40, 40, 40, 39, 40, 40, 40] / writers=[40]
OOO / Test #68 / 1439449712632 / readers=[38, 39, 39, 39, 39, 38, 38, 38, 38, 38] / writers=[39]
OOO / Test #89 / 1439449712632 / readers=[43, 43, 43, 43, 43, 43, 43, 43, 43, 43] / writers=[44]
OOO / Test #96 / 1439449712663 / readers=[40, 40, 40, 40, 39, 39, 39, 39, 39, 39] / writers=[40]
OOO / Test #117 / 1439449712629 / readers=[42, 43, 42, 42, 42, 42, 42, 42, 42, 42] / writers=[43]
OOO / Test #112 / 1439449712663 / readers=[40, 40, 40, 40, 39, 39, 39, 39, 39, 39] / writers=[40]
OOO / Test #135 / 1439449712629 / readers=[41, 41, 40, 41, 40, 41, 40, 40, 40, 40] / writers=[41]
OOO / Test #85 / 1439449712629 / readers=[42, 43, 42, 42, 43, 42, 42, 42, 42, 42] / writers=[43]
OOO / Test #93 / 1439449712629 / readers=[41, 41, 41, 40, 41, 40, 40, 40, 40, 40] / writers=[41]
OOO / Test #112 / 1439449712666 / readers=[41, 41, 41, 40, 40, 40, 40, 40, 40, 40] / writers=[41]
OOO / Test #76 / 1439449712629 / readers=[46, 46, 46, 46, 46, 46, 46, 46, 46, 45] / writers=[46]
OOO / Test #71 / 1439449712629 / readers=[40, 40, 41, 40, 40, 40, 40, 40, 40, 40] / writers=[41]
OOO / Test #135 / 1439449712667 / readers=[42, 42, 41, 42, 41, 41, 41, 41, 41, 41] / writers=[42]
OOO / Test #125 / 1439449712629 / readers=[39, 39, 39, 39, 39, 38, 38, 38, 38, 38] / writers=[39]
OOO / Test #93 / 1439449712667 / readers=[42, 42, 42, 41, 41, 41, 41, 41, 41, 41] / writers=[42]
OOO / Test #112 / 1439449712667 / readers=[42, 42, 41, 41, 41, 41, 41, 41, 41, 41] / writers=[42]
OOO / Test #82 / 1439449712629 / readers=[39, 39, 39, 39, 39, 38, 38, 38, 39, 38] / writers=[39]
OOO / Test #87 / 1439449712629 / readers=[37, 37, 37, 37, 37, 37, 37, 36, 36, 36] / writers=[37]
OOO / Test #141 / 1439449712626 / readers=[43, 43, 43, 43, 43, 43, 43, 43, 43, 43] / writers=[44]
OOO / Test #63 / 1439449712626 / readers=[35, 35, 35, 35, 35, 35, 35, 35, 35, 34] / writers=[35]
OOO / Test #77 / 1439449712626 / readers=[46, 46, 46, 46, 46, 46, 46, 46, 46, 45] / writers=[46]
OOO / Test #29 / 1439449712626 / readers=[45, 45, 46, 46, 46, 45, 46, 46, 46, 46] / writers=[46]
OOO / Test #82 / 1439449712670 / readers=[40, 40, 40, 40, 39, 39, 39, 39, 40, 39] / writers=[40]
OOO / Test #87 / 1439449712670 / readers=[38, 38, 38, 38, 38, 37, 38, 37, 37, 37] / writers=[38]
OOO / Test #74 / 1439449712626 / readers=[41, 42, 41, 41, 42, 42, 42, 41, 42, 41] / writers=[42]
OOO / Test #86 / 1439449712626 / readers=[37, 37, 37, 37, 37, 37, 37, 36, 36, 36] / writers=[37]
OOO / Test #151 / 1439449712626 / readers=[39, 39, 39, 39, 39, 38, 38, 38, 38, 38] / writers=[39]
OOO / Test #124 / 1439449712626 / readers=[39, 40, 40, 40, 39, 40, 39, 39, 39, 39] / writers=[40]
OOO / Test #139 / 1439449712626 / readers=[40, 40, 40, 41, 41, 40, 41, 40, 40, 40] / writers=[41]
OOO / Test #66 / 1439449712623 / readers=[36, 36, 36, 36, 36, 36, 36, 36, 35, 35] / writers=[36]
OOO / Test #116 / 1439449712623 / readers=[40, 40, 40, 41, 41, 40, 40, 40, 40, 40] / writers=[41]
OOO / Test #8 / 1439449712623 / readers=[66, 65, 66, 66, 66, 66, 66, 66, 66, 66] / writers=[66]
OOO / Test #78 / 1439449712623 / readers=[42, 42, 41, 41, 41, 41, 41, 41, 41, 41] / writers=[42]
OOO / Test #9 / 1439449712623 / readers=[64, 64, 64, 64, 64, 64, 64, 64, 64, 64] / writers=[65]
OOO / Test #139 / 1439449712673 / readers=[41, 41, 41, 42, 42, 41, 41, 41, 41, 41] / writers=[42]
OOO / Test #66 / 1439449712673 / readers=[37, 37, 37, 37, 37, 37, 37, 36, 36, 36] / writers=[37]
OOO / Test #130 / 1439449712622 / readers=[44, 43, 43, 44, 44, 44, 44, 44, 44, 44] / writers=[44]
OOO / Test #8 / 1439449712673 / readers=[67, 66, 66, 67, 67, 67, 67, 67, 67, 67] / writers=[67]
OOO / Test #91 / 1439449712622 / readers=[36, 36, 36, 36, 36, 36, 36, 36, 35, 35] / writers=[36]
OOO / Test #144 / 1439449712622 / readers=[39, 39, 39, 39, 39, 38, 38, 38, 38, 38] / writers=[39]
OOO / Test #118 / 1439449712620 / readers=[36, 36, 36, 36, 36, 36, 36, 36, 36, 35] / writers=[36]
OOO / Test #128 / 1439449712620 / readers=[41, 41, 41, 40, 40, 40, 40, 40, 40, 40] / writers=[41]
OOO / Test #8 / 1439449712676 / readers=[68, 67, 67, 68, 68, 68, 68, 67, 68, 68] / writers=[68]
OOO / Test #65 / 1439449712620 / readers=[48, 48, 48, 48, 48, 48, 48, 47, 47, 47] / writers=[48]
OOO / Test #91 / 1439449712676 / readers=[37, 37, 37, 37, 37, 37, 37, 36, 36, 36] / writers=[37]
OOO / Test #144 / 1439449712676 / readers=[40, 40, 40, 40, 39, 39, 39, 39, 39, 39] / writers=[40]
OOO / Test #118 / 1439449712676 / readers=[37, 37, 37, 37, 37, 37, 37, 37, 36, 36] / writers=[37]
OOO / Test #10 / 1439449712620 / readers=[49, 50, 50, 50, 50, 49, 49, 50, 49, 50] / writers=[50]
OOO / Test #114 / 1439449712620 / readers=[48, 48, 48, 48, 48, 48, 48, 47, 47, 47] / writers=[48]
OOO / Test #90 / 1439449712620 / readers=[38, 38, 38, 38, 38, 37, 38, 37, 37, 37] / writers=[38]
OOO / Test #127 / 1439449712620 / readers=[41, 41, 40, 40, 40, 40, 41, 40, 41, 40] / writers=[41]
OOO / Test #101 / 1439449712620 / readers=[36, 36, 37, 37, 37, 37, 36, 36, 36, 36] / writers=[37]
OOO / Test #84 / 1439449712620 / readers=[41, 41, 41, 41, 40, 40, 40, 40, 40, 40] / writers=[41]
OOO / Test #10 / 1439449712679 / readers=[50, 51, 51, 51, 50, 50, 50, 51, 50, 51] / writers=[51]
OOO / Test #75 / 1439449712617 / readers=[37, 37, 37, 37, 37, 37, 37, 36, 36, 36] / writers=[37]
OOO / Test #90 / 1439449712679 / readers=[39, 39, 39, 39, 39, 38, 38, 38, 38, 38] / writers=[39]
OOO / Test #127 / 1439449712679 / readers=[42, 42, 41, 41, 41, 41, 41, 41, 42, 41] / writers=[42]
OOO / Test #6 / 1439449712617 / readers=[72, 72, 72, 72, 72, 71, 71, 71, 71, 71] / writers=[72]
OOO / Test #57 / 1439449712617 / readers=[46, 47, 47, 46, 46, 46, 46, 47, 46, 46] / writers=[47]
OOO / Test #149 / 1439449712617 / readers=[39, 39, 39, 39, 39, 39, 38, 38, 38, 38] / writers=[39]
OOO / Test #48 / 1439449712617 / readers=[42, 42, 42, 43, 42, 42, 42, 42, 42, 42] / writers=[43]
OOO / Test #56 / 1439449712617 / readers=[52, 52, 51, 52, 51, 51, 51, 52, 52, 51] / writers=[52]
OOO / Test #17 / 1439449712617 / readers=[53, 54, 53, 54, 54, 54, 54, 53, 53, 54] / writers=[54]
OOO / Test #21 / 1439449712617 / readers=[61, 61, 60, 61, 60, 61, 61, 61, 60, 60] / writers=[61]
OOO / Test #137 / 1439449712617 / readers=[38, 38, 38, 38, 38, 38, 37, 37, 37, 37] / writers=[38]
OOO / Test #37 / 1439449712617 / readers=[41, 41, 41, 40, 41, 40, 40, 40, 40, 40] / writers=[41]
OOO / Test #32 / 1439449712614 / readers=[45, 44, 45, 45, 45, 45, 45, 45, 45, 45] / writers=[45]
OOO / Test #24 / 1439449712614 / readers=[50, 49, 49, 50, 50, 50, 49, 50, 50, 50] / writers=[50]
OOO / Test #122 / 1439449712614 / readers=[43, 42, 42, 42, 42, 42, 42, 42, 42, 42] / writers=[43]
OOO / Test #16 / 1439449712614 / readers=[61, 61, 61, 60, 61, 61, 60, 61, 60, 61] / writers=[61]
OOO / Test #52 / 1439449712614 / readers=[47, 47, 47, 47, 47, 47, 46, 47, 47, 46] / writers=[47]
OOO / Test #109 / 1439449712614 / readers=[49, 49, 49, 49, 49, 49, 48, 48, 48, 48] / writers=[49]
OOO / Test #122 / 1439449712686 / readers=[43, 43, 43, 43, 43, 43, 43, 43, 43, 43] / writers=[44]
OOO / Test #80 / 1439449712614 / readers=[37, 37, 37, 37, 37, 37, 36, 36, 36, 37] / writers=[37]
OOO / Test #154 / 1439449712614 / readers=[47, 47, 47, 47, 47, 47, 47, 47, 46, 46] / writers=[47]
OOO / Test #52 / 1439449712686 / readers=[48, 48, 48, 48, 48, 47, 47, 48, 48, 47] / writers=[48]
OOO / Test #45 / 1439449712614 / readers=[49, 48, 48, 48, 48, 48, 48, 49, 48, 48] / writers=[49]
OOO / Test #109 / 1439449712686 / readers=[50, 50, 50, 50, 50, 49, 49, 49, 49, 49] / writers=[50]
OOO / Test #42 / 1439449712611 / readers=[46, 46, 46, 46, 46, 46, 46, 46, 46, 45] / writers=[46]
OOO / Test #41 / 1439449712611 / readers=[38, 38, 39, 38, 38, 39, 39, 39, 38, 38] / writers=[39]
OOO / Test #38 / 1439449712611 / readers=[44, 43, 44, 44, 44, 44, 44, 44, 44, 44] / writers=[44]
OOO / Test #145 / 1439449712611 / readers=[42, 42, 42, 42, 42, 41, 41, 41, 42, 41] / writers=[42]
OOO / Test #19 / 1439449712611 / readers=[47, 47, 47, 47, 47, 47, 47, 48, 47, 47] / writers=[48]
OOO / Test #155 / 1439449712611 / readers=[42, 42, 42, 42, 41, 41, 42, 42, 42, 42] / writers=[42]
OOO / Test #41 / 1439449712689 / readers=[39, 39, 40, 39, 39, 39, 40, 40, 39, 39] / writers=[40]
OOO / Test #42 / 1439449712689 / readers=[47, 47, 47, 47, 47, 47, 47, 47, 46, 46] / writers=[47]
OOO / Test #38 / 1439449712689 / readers=[44, 44, 45, 45, 45, 45, 45, 45, 45, 45] / writers=[45]
OOO / Test #73 / 1439449712611 / readers=[43, 42, 42, 42, 42, 42, 43, 43, 43, 43] / writers=[43]
OOO / Test #12 / 1439449712611 / readers=[64, 63, 64, 63, 63, 63, 63, 63, 63, 63] / writers=[64]
OOO / Test #58 / 1439449712607 / readers=[43, 44, 44, 44, 44, 44, 44, 44, 44, 44] / writers=[44]
OOO / Test #35 / 1439449712607 / readers=[44, 43, 43, 43, 43, 43, 43, 43, 43, 43] / writers=[44]
OOO / Test #46 / 1439449712607 / readers=[48, 48, 48, 48, 48, 48, 48, 49, 49, 49] / writers=[49]
OOO / Test #133 / 1439449712607 / readers=[38, 38, 38, 38, 37, 38, 38, 38, 37, 38] / writers=[38]
OOO / Test #51 / 1439449712607 / readers=[44, 44, 43, 44, 44, 44, 44, 44, 43, 44] / writers=[44]
OOO / Test #33 / 1439449712607 / readers=[38, 38, 38, 38, 38, 38, 37, 37, 38, 37] / writers=[38]
OOO / Test #58 / 1439449712692 / readers=[44, 45, 45, 45, 44, 45, 45, 45, 45, 45] / writers=[45]
OOO / Test #35 / 1439449712692 / readers=[44, 44, 44, 44, 44, 44, 44, 44, 44, 44] / writers=[45]
OOO / Test #46 / 1439449712692 / readers=[49, 49, 49, 49, 49, 49, 49, 50, 49, 50] / writers=[50]
OOO / Test #26 / 1439449712607 / readers=[42, 42, 41, 41, 41, 42, 41, 41, 42, 42] / writers=[42]
OOO / Test #147 / 1439449712607 / readers=[39, 39, 39, 39, 39, 38, 38, 39, 38, 38] / writers=[39]
OOO / Test #22 / 1439449712605 / readers=[47, 47, 48, 48, 48, 48, 47, 48, 47, 48] / writers=[48]
OOO / Test #59 / 1439449712605 / readers=[46, 46, 46, 46, 46, 46, 46, 45, 45, 45] / writers=[46]
OOO / Test #14 / 1439449712605 / readers=[68, 68, 68, 68, 68, 68, 68, 68, 69, 68] / writers=[69]
OOO / Test #64 / 1439449712605 / readers=[42, 41, 42, 41, 41, 41, 41, 41, 41, 41] / writers=[42]
OOO / Test #4 / 1439449712605 / readers=[65, 65, 66, 65, 65, 65, 65, 65, 65, 65] / writers=[66]
OOO / Test #39 / 1439449712605 / readers=[45, 45, 45, 45, 45, 45, 45, 45, 45, 45] / writers=[46]
OOO / Test #34 / 1439449712602 / readers=[47, 47, 47, 47, 47, 47, 47, 46, 47, 46] / writers=[47]
OOO / Test #23 / 1439449712602 / readers=[48, 48, 48, 47, 48, 48, 48, 47, 47, 47] / writers=[48]
OOO / Test #14 / 1439449712696 / readers=[69, 69, 69, 69, 69, 69, 69, 69, 69, 69] / writers=[70]
OOO / Test #157 / 1439449712602 / readers=[44, 43, 43, 43, 43, 43, 43, 43, 43, 43] / writers=[44]
OOO / Test #62 / 1439449712602 / readers=[41, 41, 41, 41, 40, 41, 40, 41, 41, 41] / writers=[41]
OOO / Test #28 / 1439449712602 / readers=[47, 48, 47, 48, 47, 47, 48, 48, 47, 48] / writers=[48]
OOO / Test #180 / 1439449712602 / readers=[39, 39, 39, 38, 39, 38, 38, 38, 38, 39] / writers=[39]
OOO / Test #167 / 1439449712602 / readers=[39, 40, 40, 40, 39, 39, 39, 39, 39, 39] / writers=[40]
OOO / Test #18 / 1439449712602 / readers=[51, 51, 51, 50, 51, 50, 50, 51, 50, 50] / writers=[51]
OOO / Test #62 / 1439449712699 / readers=[42, 42, 42, 42, 41, 41, 41, 42, 42, 42] / writers=[42]
OOO / Test #55 / 1439449712602 / readers=[49, 49, 49, 49, 49, 49, 49, 48, 48, 49] / writers=[49]
OOO / Test #28 / 1439449712699 / readers=[48, 49, 48, 49, 48, 48, 48, 49, 48, 49] / writers=[49]
OOO / Test #44 / 1439449712602 / readers=[43, 42, 42, 43, 42, 42, 42, 42, 42, 42] / writers=[43]
OOO / Test #49 / 1439449712602 / readers=[46, 46, 47, 47, 47, 47, 47, 47, 46, 46] / writers=[47]
OOO / Test #162 / 1439449712598 / readers=[39, 40, 40, 40, 40, 39, 39, 39, 39, 39] / writers=[40]
OOO / Test #198 / 1439449712598 / readers=[43, 43, 44, 43, 43, 43, 44, 43, 43, 43] / writers=[44]
OOO / Test #40 / 1439449712598 / readers=[44, 44, 45, 44, 44, 44, 45, 44, 44, 44] / writers=[45]
OOO / Test #30 / 1439449712598 / readers=[45, 44, 44, 44, 44, 44, 44, 44, 45, 45] / writers=[45]
OOO / Test #36 / 1439449712598 / readers=[43, 44, 43, 43, 43, 43, 43, 44, 44, 44] / writers=[44]
OOO / Test #198 / 1439449712702 / readers=[44, 44, 45, 44, 44, 44, 44, 44, 44, 44] / writers=[45]
OOO / Test #148 / 1439449712598 / readers=[38, 38, 38, 38, 38, 38, 38, 37, 37, 38] / writers=[38]
OOO / Test #146 / 1439449712598 / readers=[45, 45, 45, 45, 45, 46, 45, 45, 45, 45] / writers=[46]
OOO / Test #31 / 1439449712598 / readers=[44, 45, 44, 44, 45, 44, 44, 45, 44, 45] / writers=[45]
OOO / Test #15 / 1439449712595 / readers=[59, 59, 59, 60, 60, 60, 59, 59, 59, 59] / writers=[60]
OOO / Test #95 / 1439449712595 / readers=[43, 43, 42, 42, 43, 43, 42, 42, 43, 43] / writers=[43]
OOO / Test #61 / 1439449712595 / readers=[44, 44, 44, 44, 44, 44, 44, 44, 44, 43] / writers=[44]
OOO / Test #27 / 1439449712595 / readers=[42, 42, 41, 41, 41, 41, 41, 41, 42, 42] / writers=[42]
OOO / Test #100 / 1439449712595 / readers=[43, 43, 43, 43, 43, 43, 43, 43, 43, 43] / writers=[44]
OOO / Test #153 / 1439449712595 / readers=[50, 50, 50, 50, 50, 50, 50, 49, 49, 50] / writers=[50]
OOO / Test #95 / 1439449712705 / readers=[43, 44, 43, 43, 44, 44, 43, 43, 44, 44] / writers=[44]
OOO / Test #97 / 1439449712595 / readers=[42, 42, 42, 42, 43, 42, 42, 42, 42, 42] / writers=[43]
OOO / Test #161 / 1439449712595 / readers=[42, 42, 41, 41, 42, 42, 42, 42, 42, 42] / writers=[42]
OOO / Test #164 / 1439449712591 / readers=[40, 40, 40, 40, 39, 39, 39, 39, 39, 39] / writers=[40]
OOO / Test #95 / 1439449712705 / readers=[44, 45, 44, 44, 45, 45, 44, 44, 45, 44] / writers=[45]
OOO / Test #100 / 1439449712705 / readers=[46, 46, 46, 46, 46, 46, 46, 46, 45, 46] / writers=[46]
OOO / Test #97 / 1439449712705 / readers=[43, 43, 43, 43, 43, 43, 43, 43, 43, 43] / writers=[44]
OOO / Test #43 / 1439449712591 / readers=[45, 45, 45, 45, 45, 46, 45, 45, 45, 45] / writers=[46]
OOO / Test #190 / 1439449712591 / readers=[46, 46, 47, 47, 47, 47, 47, 47, 47, 46] / writers=[47]
OOO / Test #20 / 1439449712591 / readers=[44, 43, 43, 43, 43, 43, 43, 43, 44, 43] / writers=[44]
OOO / Test #178 / 1439449712591 / readers=[43, 43, 42, 42, 42, 42, 43, 43, 42, 42] / writers=[43]
OOO / Test #152 / 1439449712591 / readers=[36, 37, 37, 37, 37, 36, 37, 37, 36, 36] / writers=[37]
OOO / Test #60 / 1439449712591 / readers=[39, 39, 39, 39, 39, 39, 39, 40, 40, 39] / writers=[40]
OOO / Test #97 / 1439449712708 / readers=[46, 46, 46, 46, 46, 46, 46, 45, 46, 46] / writers=[46]
OOO / Test #158 / 1439449712591 / readers=[40, 41, 41, 40, 40, 40, 40, 40, 40, 40] / writers=[41]
OOO / Test #166 / 1439449712591 / readers=[39, 39, 39, 40, 39, 39, 39, 39, 39, 39] / writers=[40]
OOO / Test #182 / 1439449712588 / readers=[40, 40, 40, 40, 39, 39, 39, 39, 39, 39] / writers=[40]
OOO / Test #169 / 1439449712588 / readers=[38, 38, 38, 38, 38, 38, 37, 37, 37, 37] / writers=[38]
OOO / Test #177 / 1439449712588 / readers=[38, 39, 39, 39, 39, 38, 38, 38, 38, 38] / writers=[39]
OOO / Test #13 / 1439449712588 / readers=[64, 64, 64, 64, 64, 64, 65, 64, 64, 64] / writers=[65]
OOO / Test #150 / 1439449712588 / readers=[38, 38, 39, 38, 39, 39, 38, 38, 38, 38] / writers=[39]
OOO / Test #182 / 1439449712711 / readers=[41, 41, 41, 40, 40, 40, 40, 40, 40, 40] / writers=[41]
OOO / Test #171 / 1439449712588 / readers=[38, 38, 38, 38, 39, 38, 39, 38, 38, 38] / writers=[39]
OOO / Test #169 / 1439449712711 / readers=[39, 39, 39, 39, 38, 39, 38, 38, 38, 38] / writers=[39]
OOO / Test #177 / 1439449712711 / readers=[39, 40, 40, 40, 39, 39, 39, 39, 39, 40] / writers=[40]
OOO / Test #156 / 1439449712588 / readers=[38, 38, 38, 38, 38, 38, 38, 37, 37, 37] / writers=[38]
OOO / Test #13 / 1439449712711 / readers=[65, 65, 65, 65, 65, 65, 65, 65, 65, 65] / writers=[66]
OOO / Test #150 / 1439449712711 / readers=[39, 39, 40, 39, 40, 39, 39, 39, 39, 39] / writers=[40]
OOO / Test #192 / 1439449712588 / readers=[52, 52, 51, 51, 51, 51, 51, 52, 51, 51] / writers=[52]
OOO / Test #163 / 1439449712585 / readers=[42, 42, 41, 41, 41, 41, 41, 41, 41, 41] / writers=[42]
OOO / Test #54 / 1439449712585 / readers=[52, 52, 52, 52, 52, 52, 52, 52, 51, 52] / writers=[52]
OOO / Test #176 / 1439449712585 / readers=[39, 39, 39, 39, 38, 38, 38, 38, 39, 38] / writers=[39]
OOO / Test #160 / 1439449712585 / readers=[40, 40, 39, 40, 39, 40, 39, 39, 39, 39] / writers=[40]
OOO / Test #7 / 1439449712585 / readers=[47, 48, 47, 48, 48, 48, 48, 48, 47, 47] / writers=[48]
OOO / Test #192 / 1439449712714 / readers=[52, 53, 52, 52, 52, 52, 52, 53, 52, 52] / writers=[53]
OOO / Test #200 / 1439449712585 / readers=[37, 37, 37, 37, 37, 37, 37, 36, 36, 36] / writers=[37]
OOO / Test #181 / 1439449712585 / readers=[41, 41, 40, 40, 40, 40, 41, 40, 40, 40] / writers=[41]
OOO / Test #187 / 1439449712585 / readers=[38, 38, 38, 38, 38, 38, 37, 37, 37, 37] / writers=[38]
OOO / Test #173 / 1439449712585 / readers=[40, 40, 40, 40, 39, 39, 39, 39, 39, 39] / writers=[40]
OOO / Test #168 / 1439449712585 / readers=[34, 35, 35, 35, 35, 34, 35, 35, 35, 35] / writers=[35]
OOO / Test #194 / 1439449712582 / readers=[43, 43, 42, 43, 43, 43, 43, 43, 43, 43] / writers=[43]
OOO / Test #184 / 1439449712582 / readers=[32, 32, 32, 32, 32, 32, 32, 32, 32, 32] / writers=[33]
OOO / Test #193 / 1439449712582 / readers=[37, 37, 37, 37, 37, 36, 37, 37, 36, 36] / writers=[37]
OOO / Test #187 / 1439449712717 / readers=[39, 39, 39, 38, 39, 39, 38, 38, 38, 38] / writers=[39]
OOO / Test #196 / 1439449712582 / readers=[36, 36, 36, 37, 37, 37, 37, 36, 36, 36] / writers=[37]
OOO / Test #195 / 1439449712582 / readers=[39, 39, 39, 39, 39, 38, 38, 38, 38, 38] / writers=[39]
OOO / Test #168 / 1439449712717 / readers=[35, 36, 36, 36, 36, 35, 36, 36, 36, 35] / writers=[36]
OOO / Test #191 / 1439449712582 / readers=[38, 38, 38, 37, 38, 38, 38, 37, 37, 37] / writers=[38]
OOO / Test #53 / 1439449712581 / readers=[32, 31, 31, 32, 31, 31, 31, 32, 31, 32] / writers=[32]
OOO / Test #170 / 1439449712579 / readers=[39, 39, 39, 38, 38, 39, 39, 39, 38, 38] / writers=[39]
OOO / Test #174 / 1439449712579 / readers=[37, 37, 37, 37, 37, 37, 37, 36, 36, 36] / writers=[37]
OOO / Test #197 / 1439449712578 / readers=[42, 42, 41, 41, 41, 41, 41, 41, 42, 41] / writers=[42]
OOO / Test #165 / 1439449712578 / readers=[37, 37, 37, 37, 37, 37, 36, 36, 36, 36] / writers=[37]
OOO / Test #186 / 1439449712578 / readers=[37, 37, 37, 37, 37, 37, 37, 36, 36, 36] / writers=[37]
OOO / Test #191 / 1439449712721 / readers=[39, 39, 39, 38, 39, 39, 38, 38, 38, 38] / writers=[39]
OOO / Test #11 / 1439449712578 / readers=[67, 66, 67, 66, 67, 67, 67, 67, 67, 67] / writers=[67]
OOO / Test #175 / 1439449712578 / readers=[33, 33, 33, 33, 34, 34, 34, 34, 34, 34] / writers=[34]
OOO / Test #199 / 1439449712578 / readers=[42, 42, 41, 41, 42, 42, 42, 42, 42, 42] / writers=[42]
OOO / Test #183 / 1439449712578 / readers=[38, 39, 39, 38, 39, 39, 38, 38, 38, 38] / writers=[39]
OOO / Test #172 / 1439449712576 / readers=[39, 39, 39, 39, 39, 38, 38, 38, 38, 38] / writers=[39]
OOO / Test #50 / 1439449712576 / readers=[36, 36, 36, 36, 36, 36, 36, 36, 36, 35] / writers=[36]
OOO / Test #188 / 1439449712576 / readers=[39, 39, 39, 39, 38, 39, 38, 38, 38, 38] / writers=[39]
OOO / Test #3 / 1439449712576 / readers=[59, 59, 59, 59, 60, 60, 59, 59, 59, 59] / writers=[60]
OOO / Test #159 / 1439449712576 / readers=[41, 41, 41, 42, 41, 41, 41, 41, 41, 41] / writers=[42]
OOO / Test #185 / 1439449712576 / readers=[37, 37, 37, 37, 37, 37, 37, 36, 36, 36] / writers=[37]
OOO / Test #50 / 1439449712724 / readers=[37, 37, 37, 36, 37, 37, 37, 37, 37, 36] / writers=[37]
OOO / Test #47 / 1439449712576 / readers=[37, 37, 37, 37, 37, 37, 37, 37, 36, 37] / writers=[37]
OOO / Test #179 / 1439449712575 / readers=[27, 27, 27, 27, 27, 27, 27, 27, 27, 27] / writers=[28]
OOO / Test #3 / 1439449712724 / readers=[60, 60, 60, 60, 61, 60, 60, 60, 60, 60] / writers=[61]
OOO / Test #2 / 1439449712575 / readers=[37, 36, 37, 37, 37, 37, 37, 37, 37, 37] / writers=[37]
OOO / Test #189 / 1439449712575 / readers=[28, 28, 28, 28, 28, 27, 27, 27, 27, 27] / writers=[28]
OOO / Test #3 / 1439449712728 / readers=[61, 61, 61, 61, 61, 61, 61, 61, 61, 61] / writers=[62]
OOO / Test #179 / 1439449712725 / readers=[30, 30, 30, 30, 29, 30, 30, 30, 30, 30] / writers=[30]
OOO / Test #47 / 1439449712725 / readers=[38, 38, 38, 37, 38, 38, 38, 38, 37, 38] / writers=[38]
OOO / Test #50 / 1439449712725 / readers=[38, 38, 38, 37, 37, 38, 38, 38, 38, 37] / writers=[38]
OOO / Test #2 / 1439449712728 / readers=[38, 37, 38, 38, 38, 38, 38, 37, 38, 38] / writers=[38]
OOO / Test #185 / 1439449712725 / readers=[38, 38, 38, 38, 38, 38, 37, 37, 37, 37] / writers=[38]
OOO / Test #179 / 1439449712728 / readers=[31, 31, 31, 30, 30, 31, 31, 31, 31, 31] / writers=[31]
OOO / Test #159 / 1439449712724 / readers=[42, 42, 42, 42, 42, 42, 42, 42, 42, 42] / writers=[43]
OOO / Test #47 / 1439449712728 / readers=[39, 39, 38, 38, 39, 39, 39, 39, 38, 39] / writers=[39]
OOO / Test #188 / 1439449712724 / readers=[40, 40, 40, 40, 39, 39, 39, 39, 39, 39] / writers=[40]
OOO / Test #172 / 1439449712724 / readers=[40, 40, 40, 39, 40, 39, 39, 39, 39, 39] / writers=[40]
OOO / Test #183 / 1439449712724 / readers=[39, 40, 40, 39, 40, 39, 39, 39, 39, 39] / writers=[40]
OOO / Test #199 / 1439449712721 / readers=[43, 42, 42, 42, 43, 43, 43, 43, 43, 43] / writers=[43]
OOO / Test #175 / 1439449712721 / readers=[34, 34, 34, 34, 35, 35, 35, 35, 35, 34] / writers=[35]
OOO / Test #47 / 1439449712732 / readers=[40, 40, 39, 39, 40, 40, 40, 39, 39, 40] / writers=[40]
OOO / Test #188 / 1439449712732 / readers=[41, 41, 41, 40, 40, 40, 40, 40, 40, 40] / writers=[41]
OOO / Test #11 / 1439449712721 / readers=[68, 67, 68, 67, 68, 68, 68, 68, 68, 67] / writers=[68]
OOO / Test #172 / 1439449712732 / readers=[41, 41, 41, 40, 40, 40, 40, 40, 40, 40] / writers=[41]
OOO / Test #186 / 1439449712721 / readers=[38, 38, 38, 38, 38, 38, 38, 37, 37, 37] / writers=[38]
OOO / Test #191 / 1439449712721 / readers=[40, 40, 40, 39, 40, 39, 39, 39, 39, 39] / writers=[40]
OOO / Test #165 / 1439449712721 / readers=[38, 38, 38, 38, 38, 37, 37, 37, 37, 37] / writers=[38]
OOO / Test #197 / 1439449712721 / readers=[43, 43, 42, 42, 42, 42, 42, 42, 42, 42] / writers=[43]
OOO / Test #174 / 1439449712721 / readers=[38, 38, 38, 37, 38, 38, 38, 37, 37, 37] / writers=[38]
OOO / Test #170 / 1439449712721 / readers=[40, 40, 40, 39, 39, 40, 39, 40, 39, 39] / writers=[40]
OOO / Test #53 / 1439449712721 / readers=[33, 32, 32, 33, 32, 32, 32, 32, 32, 33] / writers=[33]
OOO / Test #186 / 1439449712736 / readers=[39, 39, 39, 39, 39, 38, 39, 38, 38, 38] / writers=[39]
OOO / Test #195 / 1439449712717 / readers=[40, 40, 40, 40, 40, 39, 39, 39, 39, 39] / writers=[40]
OOO / Test #165 / 1439449712736 / readers=[39, 39, 39, 39, 38, 38, 38, 38, 38, 38] / writers=[39]
OOO / Test #197 / 1439449712736 / readers=[44, 43, 43, 43, 43, 43, 43, 43, 43, 43] / writers=[44]
OOO / Test #168 / 1439449712717 / readers=[36, 37, 37, 37, 37, 36, 37, 37, 36, 36] / writers=[37]
OOO / Test #184 / 1439449712717 / readers=[35, 35, 35, 35, 35, 35, 35, 35, 35, 34] / writers=[35]
OOO / Test #196 / 1439449712717 / readers=[37, 37, 37, 38, 38, 38, 37, 37, 37, 37] / writers=[38]
OOO / Test #193 / 1439449712717 / readers=[38, 38, 38, 38, 38, 37, 38, 37, 37, 37] / writers=[38]
OOO / Test #187 / 1439449712717 / readers=[40, 40, 40, 39, 40, 39, 39, 39, 39, 39] / writers=[40]
OOO / Test #194 / 1439449712717 / readers=[44, 43, 43, 44, 44, 44, 44, 44, 44, 44] / writers=[44]
OOO / Test #173 / 1439449712717 / readers=[41, 41, 40, 41, 40, 40, 40, 40, 40, 40] / writers=[41]
OOO / Test #184 / 1439449712740 / readers=[36, 36, 36, 36, 36, 36, 36, 36, 35, 35] / writers=[36]
OOO / Test #181 / 1439449712714 / readers=[42, 41, 41, 41, 41, 41, 42, 41, 41, 41] / writers=[42]
OOO / Test #193 / 1439449712740 / readers=[39, 39, 39, 39, 39, 38, 38, 38, 38, 38] / writers=[39]
OOO / Test #200 / 1439449712714 / readers=[38, 38, 38, 38, 38, 38, 37, 37, 37, 37] / writers=[38]
OOO / Test #192 / 1439449712714 / readers=[53, 54, 53, 53, 53, 53, 53, 53, 53, 53] / writers=[54]
OOO / Test #7 / 1439449712714 / readers=[48, 49, 48, 49, 49, 49, 49, 48, 48, 48] / writers=[49]
OOO / Test #176 / 1439449712714 / readers=[40, 39, 40, 40, 39, 39, 39, 39, 40, 39] / writers=[40]
OOO / Test #160 / 1439449712714 / readers=[41, 41, 40, 41, 40, 40, 40, 40, 40, 40] / writers=[41]
OOO / Test #54 / 1439449712714 / readers=[53, 53, 53, 53, 53, 53, 53, 53, 52, 52] / writers=[53]
OOO / Test #200 / 1439449712744 / readers=[39, 39, 39, 39, 39, 38, 38, 38, 38, 38] / writers=[39]
OOO / Test #7 / 1439449712744 / readers=[49, 50, 49, 50, 50, 50, 49, 49, 49, 49] / writers=[50]
OOO / Test #163 / 1439449712714 / readers=[43, 42, 42, 42, 42, 42, 42, 42, 42, 42] / writers=[43]
OOO / Test #150 / 1439449712714 / readers=[40, 40, 41, 40, 40, 40, 40, 40, 40, 40] / writers=[41]
OOO / Test #13 / 1439449712711 / readers=[68, 68, 68, 68, 68, 68, 68, 68, 68, 67] / writers=[68]
OOO / Test #156 / 1439449712711 / readers=[39, 39, 39, 39, 39, 39, 38, 38, 38, 38] / writers=[39]
OOO / Test #177 / 1439449712711 / readers=[40, 41, 41, 40, 40, 40, 40, 40, 40, 41] / writers=[41]
OOO / Test #169 / 1439449712711 / readers=[40, 40, 40, 39, 39, 40, 39, 39, 39, 39] / writers=[40]
OOO / Test #171 / 1439449712711 / readers=[39, 39, 39, 39, 40, 39, 39, 39, 39, 39] / writers=[40]
OOO / Test #182 / 1439449712711 / readers=[42, 42, 41, 41, 41, 41, 41, 41, 41, 41] / writers=[42]
OOO / Test #156 / 1439449712747 / readers=[40, 39, 40, 40, 40, 40, 39, 39, 39, 39] / writers=[40]
OOO / Test #166 / 1439449712708 / readers=[40, 40, 40, 40, 40, 40, 40, 40, 40, 40] / writers=[41]
OOO / Test #158 / 1439449712708 / readers=[41, 42, 41, 41, 41, 41, 41, 41, 41, 41] / writers=[42]
OOO / Test #152 / 1439449712708 / readers=[37, 38, 38, 38, 38, 37, 38, 37, 37, 37] / writers=[38]
OOO / Test #169 / 1439449712747 / readers=[41, 41, 40, 40, 40, 41, 40, 40, 40, 40] / writers=[41]
OOO / Test #97 / 1439449712708 / readers=[47, 46, 47, 47, 47, 47, 47, 46, 47, 47] / writers=[47]
OOO / Test #60 / 1439449712708 / readers=[40, 40, 40, 40, 40, 40, 40, 40, 41, 40] / writers=[41]
OOO / Test #178 / 1439449712708 / readers=[44, 43, 43, 43, 43, 43, 44, 44, 43, 43] / writers=[44]
OOO / Test #20 / 1439449712708 / readers=[44, 44, 44, 44, 44, 44, 44, 44, 45, 44] / writers=[45]
OOO / Test #190 / 1439449712708 / readers=[47, 47, 48, 48, 48, 48, 48, 48, 47, 47] / writers=[48]
OOO / Test #43 / 1439449712708 / readers=[46, 46, 46, 46, 46, 46, 46, 46, 46, 46] / writers=[47]
OOO / Test #100 / 1439449712705 / readers=[47, 47, 47, 47, 47, 47, 47, 47, 46, 46] / writers=[47]
OOO / Test #178 / 1439449712750 / readers=[44, 44, 44, 44, 44, 44, 45, 45, 44, 44] / writers=[45]
OOO / Test #60 / 1439449712750 / readers=[41, 41, 41, 41, 41, 41, 41, 41, 41, 41] / writers=[42]
OOO / Test #164 / 1439449712705 / readers=[41, 41, 41, 40, 40, 40, 40, 40, 40, 40] / writers=[41]
OOO / Test #95 / 1439449712705 / readers=[45, 46, 45, 45, 46, 46, 45, 45, 45, 45] / writers=[46]
OOO / Test #161 / 1439449712705 / readers=[43, 42, 42, 42, 43, 43, 43, 43, 43, 43] / writers=[43]
OOO / Test #153 / 1439449712705 / readers=[51, 51, 51, 51, 51, 51, 50, 50, 50, 51] / writers=[51]
OOO / Test #27 / 1439449712705 / readers=[43, 42, 42, 42, 42, 42, 42, 42, 43, 43] / writers=[43]
OOO / Test #61 / 1439449712705 / readers=[44, 45, 45, 45, 45, 45, 45, 45, 45, 44] / writers=[45]
OOO / Test #95 / 1439449712753 / readers=[46, 47, 46, 46, 46, 47, 46, 46, 46, 46] / writers=[47]
OOO / Test #15 / 1439449712703 / readers=[60, 60, 60, 61, 61, 60, 60, 60, 60, 60] / writers=[61]
OOO / Test #153 / 1439449712753 / readers=[52, 52, 52, 52, 51, 52, 51, 51, 51, 52] / writers=[52]
OOO / Test #31 / 1439449712703 / readers=[45, 45, 45, 45, 46, 45, 45, 46, 45, 46] / writers=[46]
OOO / Test #61 / 1439449712753 / readers=[45, 46, 45, 46, 46, 46, 46, 46, 46, 45] / writers=[46]
OOO / Test #146 / 1439449712702 / readers=[46, 46, 46, 46, 46, 46, 46, 46, 46, 46] / writers=[47]
OOO / Test #36 / 1439449712702 / readers=[44, 45, 44, 44, 44, 44, 44, 45, 44, 45] / writers=[45]
OOO / Test #148 / 1439449712702 / readers=[39, 39, 39, 39, 38, 39, 39, 38, 38, 39] / writers=[39]
OOO / Test #198 / 1439449712702 / readers=[45, 45, 45, 45, 45, 45, 45, 45, 45, 45] / writers=[46]
OOO / Test #30 / 1439449712702 / readers=[45, 45, 45, 45, 45, 45, 45, 45, 46, 46] / writers=[46]
OOO / Test #40 / 1439449712702 / readers=[45, 45, 46, 45, 45, 45, 45, 45, 45, 45] / writers=[46]
OOO / Test #162 / 1439449712702 / readers=[40, 41, 41, 40, 41, 40, 40, 40, 40, 40] / writers=[41]
OOO / Test #148 / 1439449712756 / readers=[39, 40, 40, 40, 39, 40, 40, 39, 39, 40] / writers=[40]
OOO / Test #49 / 1439449712699 / readers=[49, 49, 49, 49, 49, 49, 49, 48, 49, 49] / writers=[49]
OOO / Test #44 / 1439449712699 / readers=[44, 43, 43, 43, 43, 43, 43, 43, 43, 43] / writers=[44]
OOO / Test #28 / 1439449712699 / readers=[49, 50, 49, 50, 49, 49, 49, 49, 49, 50] / writers=[50]
OOO / Test #146 / 1439449712756 / readers=[49, 49, 49, 49, 49, 49, 49, 49, 48, 49] / writers=[49]
OOO / Test #18 / 1439449712699 / readers=[52, 52, 52, 51, 51, 51, 51, 52, 51, 51] / writers=[52]
OOO / Test #55 / 1439449712699 / readers=[50, 50, 50, 50, 50, 50, 49, 49, 49, 50] / writers=[50]
OOO / Test #62 / 1439449712699 / readers=[43, 43, 43, 43, 42, 42, 42, 43, 43, 42] / writers=[43]
OOO / Test #167 / 1439449712699 / readers=[40, 41, 41, 40, 40, 40, 40, 40, 40, 40] / writers=[41]
OOO / Test #146 / 1439449712759 / readers=[50, 50, 50, 50, 50, 50, 50, 49, 49, 50] / writers=[50]
OOO / Test #180 / 1439449712699 / readers=[40, 40, 40, 39, 39, 39, 39, 39, 39, 40] / writers=[40]
OOO / Test #14 / 1439449712696 / readers=[71, 72, 72, 72, 72, 72, 72, 72, 72, 72] / writers=[72]
OOO / Test #62 / 1439449712759 / readers=[44, 44, 44, 44, 43, 43, 43, 44, 43, 43] / writers=[44]
OOO / Test #157 / 1439449712696 / readers=[44, 44, 44, 44, 44, 44, 44, 44, 44, 44] / writers=[45]
OOO / Test #39 / 1439449712696 / readers=[48, 48, 48, 48, 48, 48, 47, 48, 48, 48] / writers=[48]
OOO / Test #23 / 1439449712696 / readers=[49, 49, 49, 48, 49, 49, 48, 48, 48, 48] / writers=[49]
OOO / Test #34 / 1439449712696 / readers=[47, 48, 48, 48, 48, 48, 48, 47, 48, 47] / writers=[48]
OOO / Test #4 / 1439449712696 / readers=[66, 66, 66, 66, 66, 66, 66, 66, 66, 66] / writers=[67]
OOO / Test #64 / 1439449712696 / readers=[43, 42, 42, 42, 42, 42, 42, 42, 42, 42] / writers=[43]
OOO / Test #59 / 1439449712696 / readers=[47, 47, 47, 47, 47, 47, 46, 46, 46, 46] / writers=[47]
OOO / Test #39 / 1439449712762 / readers=[49, 49, 49, 49, 49, 49, 48, 48, 49, 49] / writers=[49]
OOO / Test #23 / 1439449712762 / readers=[50, 50, 50, 49, 50, 49, 49, 49, 49, 49] / writers=[50]
OOO / Test #22 / 1439449712696 / readers=[48, 48, 49, 49, 49, 49, 48, 48, 48, 49] / writers=[49]
OOO / Test #147 / 1439449712696 / readers=[40, 40, 40, 40, 39, 39, 39, 40, 39, 39] / writers=[40]
OOO / Test #46 / 1439449712692 / readers=[50, 50, 50, 50, 50, 50, 50, 50, 50, 51] / writers=[51]
OOO / Test #26 / 1439449712693 / readers=[43, 42, 42, 42, 42, 43, 42, 42, 43, 43] / writers=[43]
OOO / Test #35 / 1439449712693 / readers=[47, 46, 47, 47, 47, 47, 47, 47, 47, 47] / writers=[47]
OOO / Test #33 / 1439449712692 / readers=[39, 39, 39, 39, 39, 38, 38, 38, 39, 38] / writers=[39]
OOO / Test #51 / 1439449712692 / readers=[45, 45, 44, 44, 45, 45, 45, 45, 44, 45] / writers=[45]
OOO / Test #58 / 1439449712692 / readers=[45, 46, 46, 46, 45, 46, 46, 46, 46, 45] / writers=[46]
OOO / Test #46 / 1439449712765 / readers=[51, 51, 51, 51, 51, 51, 51, 51, 51, 51] / writers=[52]
OOO / Test #133 / 1439449712692 / readers=[39, 39, 39, 39, 38, 39, 39, 38, 38, 39] / writers=[39]
OOO / Test #35 / 1439449712765 / readers=[48, 47, 48, 48, 47, 48, 48, 48, 48, 48] / writers=[48]
OOO / Test #12 / 1439449712689 / readers=[65, 64, 64, 64, 64, 64, 64, 64, 64, 64] / writers=[65]
OOO / Test #73 / 1439449712689 / readers=[43, 43, 43, 43, 43, 43, 43, 43, 43, 43] / writers=[44]
OOO / Test #51 / 1439449712765 / readers=[46, 46, 45, 45, 45, 46, 46, 46, 45, 46] / writers=[46]
OOO / Test #38 / 1439449712689 / readers=[45, 45, 46, 46, 46, 46, 46, 45, 46, 46] / writers=[46]
OOO / Test #155 / 1439449712689 / readers=[43, 43, 43, 42, 42, 42, 43, 43, 43, 43] / writers=[43]
OOO / Test #42 / 1439449712689 / readers=[48, 48, 48, 48, 48, 48, 48, 47, 47, 47] / writers=[48]
OOO / Test #19 / 1439449712689 / readers=[48, 48, 48, 48, 48, 48, 48, 48, 48, 48] / writers=[49]
OOO / Test #41 / 1439449712689 / readers=[40, 40, 41, 40, 40, 40, 41, 40, 40, 40] / writers=[41]
OOO / Test #51 / 1439449712769 / readers=[47, 47, 46, 46, 46, 47, 46, 47, 46, 47] / writers=[47]
OOO / Test #38 / 1439449712769 / readers=[46, 46, 47, 47, 47, 47, 47, 46, 47, 46] / writers=[47]
OOO / Test #145 / 1439449712689 / readers=[43, 43, 42, 43, 43, 42, 42, 42, 43, 42] / writers=[43]
OOO / Test #42 / 1439449712769 / readers=[49, 49, 49, 49, 49, 49, 48, 48, 48, 48] / writers=[49]
OOO / Test #109 / 1439449712687 / readers=[51, 51, 51, 51, 50, 50, 50, 50, 50, 50] / writers=[51]
OOO / Test #45 / 1439449712687 / readers=[50, 49, 49, 49, 49, 49, 49, 49, 49, 49] / writers=[50]
OOO / Test #52 / 1439449712686 / readers=[49, 49, 49, 48, 49, 48, 48, 49, 49, 48] / writers=[49]
OOO / Test #122 / 1439449712686 / readers=[46, 46, 46, 46, 46, 46, 46, 46, 46, 45] / writers=[46]
OOO / Test #154 / 1439449712686 / readers=[47, 48, 48, 48, 48, 48, 48, 48, 47, 47] / writers=[48]
OOO / Test #45 / 1439449712771 / readers=[50, 50, 50, 50, 50, 50, 50, 50, 50, 50] / writers=[51]
OOO / Test #80 / 1439449712686 / readers=[38, 38, 38, 38, 38, 38, 37, 37, 37, 37] / writers=[38]
OOO / Test #52 / 1439449712771 / readers=[50, 50, 50, 49, 50, 49, 49, 50, 49, 49] / writers=[50]
OOO / Test #16 / 1439449712686 / readers=[62, 62, 62, 61, 62, 62, 61, 61, 61, 62] / writers=[62]
OOO / Test #122 / 1439449712771 / readers=[47, 47, 47, 47, 47, 47, 47, 47, 46, 46] / writers=[47]
OOO / Test #154 / 1439449712771 / readers=[48, 49, 49, 49, 49, 49, 49, 48, 48, 48] / writers=[49]
OOO / Test #32 / 1439449712683 / readers=[46, 45, 46, 46, 46, 45, 46, 46, 46, 46] / writers=[46]
OOO / Test #24 / 1439449712683 / readers=[51, 50, 50, 51, 50, 51, 50, 51, 51, 51] / writers=[51]
OOO / Test #37 / 1439449712683 / readers=[41, 42, 41, 41, 42, 41, 41, 41, 41, 41] / writers=[42]
OOO / Test #137 / 1439449712683 / readers=[39, 39, 39, 39, 39, 38, 38, 38, 38, 38] / writers=[39]
OOO / Test #21 / 1439449712683 / readers=[62, 62, 61, 61, 61, 62, 62, 62, 61, 61] / writers=[62]
OOO / Test #17 / 1439449712683 / readers=[54, 55, 54, 55, 55, 55, 54, 54, 54, 55] / writers=[55]
OOO / Test #24 / 1439449712774 / readers=[52, 51, 51, 51, 51, 52, 51, 52, 52, 52] / writers=[52]
OOO / Test #56 / 1439449712683 / readers=[53, 53, 52, 53, 52, 52, 52, 52, 53, 52] / writers=[53]
OOO / Test #137 / 1439449712774 / readers=[40, 40, 40, 40, 39, 39, 39, 39, 39, 39] / writers=[40]
OOO / Test #48 / 1439449712683 / readers=[43, 43, 43, 43, 43, 43, 43, 43, 43, 43] / writers=[44]
OOO / Test #149 / 1439449712683 / readers=[40, 40, 40, 40, 39, 40, 39, 39, 39, 39] / writers=[40]
OOO / Test #57 / 1439449712683 / readers=[47, 48, 48, 47, 47, 47, 47, 47, 47, 47] / writers=[48]
OOO / Test #6 / 1439449712679 / readers=[72, 73, 73, 73, 73, 72, 72, 72, 72, 72] / writers=[73]
OOO / Test #127 / 1439449712679 / readers=[43, 42, 42, 42, 42, 42, 42, 42, 43, 42] / writers=[43]
OOO / Test #90 / 1439449712679 / readers=[40, 40, 39, 40, 40, 39, 39, 39, 39, 39] / writers=[40]
OOO / Test #84 / 1439449712679 / readers=[42, 42, 42, 41, 41, 41, 41, 41, 41, 41] / writers=[42]
OOO / Test #75 / 1439449712679 / readers=[38, 38, 38, 38, 38, 38, 37, 37, 37, 37] / writers=[38]
OOO / Test #10 / 1439449712679 / readers=[51, 52, 52, 51, 51, 51, 51, 52, 51, 52] / writers=[52]
OOO / Test #101 / 1439449712679 / readers=[37, 37, 38, 38, 38, 37, 37, 37, 37, 37] / writers=[38]
OOO / Test #127 / 1439449712777 / readers=[43, 43, 43, 43, 43, 43, 43, 43, 44, 43] / writers=[44]
OOO / Test #114 / 1439449712679 / readers=[49, 49, 49, 49, 49, 49, 48, 48, 48, 48] / writers=[49]
OOO / Test #118 / 1439449712676 / readers=[38, 38, 38, 38, 38, 38, 38, 37, 37, 37] / writers=[38]
OOO / Test #91 / 1439449712676 / readers=[38, 38, 38, 38, 38, 38, 37, 37, 37, 37] / writers=[38]
OOO / Test #65 / 1439449712676 / readers=[49, 49, 49, 49, 49, 49, 48, 48, 48, 48] / writers=[49]
OOO / Test #144 / 1439449712676 / readers=[41, 41, 41, 40, 40, 40, 40, 40, 40, 40] / writers=[41]
OOO / Test #128 / 1439449712676 / readers=[42, 42, 41, 41, 41, 41, 41, 41, 41, 41] / writers=[42]
OOO / Test #8 / 1439449712676 / readers=[69, 68, 68, 69, 69, 69, 69, 68, 69, 68] / writers=[69]
OOO / Test #118 / 1439449712780 / readers=[39, 39, 39, 39, 39, 39, 38, 38, 38, 38] / writers=[39]
OOO / Test #65 / 1439449712780 / readers=[50, 50, 50, 50, 50, 49, 49, 49, 49, 49] / writers=[50]
OOO / Test #9 / 1439449712673 / readers=[67, 67, 67, 67, 67, 67, 67, 67, 66, 67] / writers=[67]
OOO / Test #130 / 1439449712673 / readers=[44, 44, 44, 45, 45, 45, 45, 45, 45, 45] / writers=[45]
OOO / Test #66 / 1439449712673 / readers=[38, 38, 38, 38, 38, 38, 37, 37, 37, 37] / writers=[38]
OOO / Test #139 / 1439449712673 / readers=[42, 42, 42, 43, 42, 42, 42, 42, 42, 42] / writers=[43]
OOO / Test #78 / 1439449712673 / readers=[43, 42, 42, 42, 42, 42, 42, 42, 42, 42] / writers=[43]
OOO / Test #116 / 1439449712673 / readers=[41, 41, 41, 42, 41, 41, 41, 41, 41, 41] / writers=[42]
OOO / Test #124 / 1439449712673 / readers=[40, 41, 41, 41, 40, 40, 40, 40, 40, 40] / writers=[41]
OOO / Test #66 / 1439449712783 / readers=[39, 39, 39, 39, 39, 38, 38, 38, 38, 38] / writers=[39]
OOO / Test #151 / 1439449712673 / readers=[40, 40, 40, 40, 39, 39, 39, 39, 39, 39] / writers=[40]
OOO / Test #86 / 1439449712670 / readers=[38, 38, 38, 38, 38, 38, 37, 37, 37, 37] / writers=[38]
OOO / Test #78 / 1439449712783 / readers=[43, 43, 43, 43, 43, 43, 43, 43, 43, 43] / writers=[44]
OOO / Test #74 / 1439449712670 / readers=[42, 43, 42, 42, 43, 42, 43, 42, 43, 42] / writers=[43]
OOO / Test #116 / 1439449712783 / readers=[42, 42, 42, 42, 42, 42, 42, 42, 42, 42] / writers=[43]
OOO / Test #87 / 1439449712670 / readers=[39, 39, 39, 39, 39, 38, 38, 38, 38, 38] / writers=[39]
OOO / Test #141 / 1439449712670 / readers=[46, 46, 46, 46, 46, 46, 45, 46, 46, 46] / writers=[46]
OOO / Test #77 / 1439449712670 / readers=[47, 47, 47, 47, 47, 47, 47, 46, 47, 46] / writers=[47]
OOO / Test #29 / 1439449712670 / readers=[46, 46, 46, 47, 47, 46, 47, 47, 47, 47] / writers=[47]
OOO / Test #82 / 1439449712670 / readers=[41, 41, 41, 40, 40, 40, 40, 40, 41, 40] / writers=[41]
OOO / Test #63 / 1439449712670 / readers=[36, 36, 36, 36, 36, 36, 36, 35, 36, 35] / writers=[36]
OOO / Test #87 / 1439449712786 / readers=[40, 39, 40, 40, 40, 39, 39, 39, 39, 39] / writers=[40]
OOO / Test #125 / 1439449712667 / readers=[40, 40, 40, 40, 39, 39, 39, 39, 39, 39] / writers=[40]
OOO / Test #77 / 1439449712786 / readers=[48, 48, 48, 48, 48, 48, 48, 47, 47, 47] / writers=[48]
OOO / Test #93 / 1439449712667 / readers=[43, 43, 42, 42, 42, 42, 42, 42, 42, 42] / writers=[43]
OOO / Test #82 / 1439449712786 / readers=[42, 42, 41, 41, 41, 41, 41, 41, 42, 41] / writers=[42]
OOO / Test #112 / 1439449712667 / readers=[43, 42, 42, 42, 42, 42, 42, 42, 42, 42] / writers=[43]
OOO / Test #71 / 1439449712667 / readers=[41, 41, 41, 41, 41, 41, 41, 41, 41, 41] / writers=[42]
OOO / Test #135 / 1439449712667 / readers=[43, 43, 42, 42, 42, 42, 42, 42, 42, 42] / writers=[43]
OOO / Test #76 / 1439449712667 / readers=[47, 47, 47, 47, 47, 47, 47, 47, 46, 46] / writers=[47]
OOO / Test #85 / 1439449712667 / readers=[43, 44, 43, 43, 43, 43, 43, 43, 43, 43] / writers=[44]
OOO / Test #117 / 1439449712664 / readers=[43, 43, 43, 43, 43, 43, 43, 43, 43, 43] / writers=[44]
OOO / Test #89 / 1439449712664 / readers=[46, 46, 46, 46, 46, 46, 46, 46, 46, 45] / writers=[46]
OOO / Test #96 / 1439449712664 / readers=[41, 41, 41, 40, 40, 40, 40, 40, 40, 40] / writers=[41]
OOO / Test #68 / 1439449712664 / readers=[39, 40, 39, 40, 40, 39, 39, 39, 39, 39] / writers=[40]
OOO / Test #135 / 1439449712789 / readers=[44, 43, 43, 43, 43, 43, 43, 43, 43, 43] / writers=[44]
OOO / Test #106 / 1439449712663 / readers=[41, 41, 41, 41, 40, 41, 40, 41, 41, 41] / writers=[41]
OOO / Test #104 / 1439449712663 / readers=[40, 41, 40, 41, 41, 40, 40, 40, 40, 40] / writers=[41]
OOO / Test #88 / 1439449712663 / readers=[46, 46, 46, 46, 46, 46, 46, 46, 46, 45] / writers=[46]
OOO / Test #92 / 1439449712663 / readers=[44, 43, 43, 43, 43, 43, 43, 43, 43, 43] / writers=[44]
OOO / Test #81 / 1439449712660 / readers=[41, 41, 41, 40, 41, 41, 41, 41, 41, 41] / writers=[41]
OOO / Test #136 / 1439449712660 / readers=[41, 42, 41, 41, 41, 41, 41, 41, 41, 41] / writers=[42]
OOO / Test #106 / 1439449712792 / readers=[42, 42, 42, 41, 41, 42, 41, 42, 42, 42] / writers=[42]
OOO / Test #104 / 1439449712792 / readers=[41, 42, 41, 42, 41, 41, 41, 41, 41, 41] / writers=[42]
OOO / Test #143 / 1439449712660 / readers=[35, 35, 35, 35, 35, 35, 35, 35, 35, 34] / writers=[35]
OOO / Test #113 / 1439449712660 / readers=[43, 43, 43, 43, 43, 43, 43, 43, 43, 43] / writers=[44]
OOO / Test #81 / 1439449712792 / readers=[42, 42, 41, 41, 42, 42, 42, 42, 42, 42] / writers=[42]
OOO / Test #129 / 1439449712660 / readers=[43, 42, 42, 42, 42, 43, 42, 42, 42, 42] / writers=[43]
OOO / Test #132 / 1439449712660 / readers=[39, 39, 39, 39, 39, 38, 38, 38, 39, 38] / writers=[39]
OOO / Test #67 / 1439449712660 / readers=[40, 40, 40, 40, 40, 40, 40, 40, 40, 40] / writers=[41]
OOO / Test #69 / 1439449712657 / readers=[42, 42, 42, 41, 42, 42, 42, 42, 42, 42] / writers=[42]
OOO / Test #108 / 1439449712657 / readers=[46, 46, 46, 46, 46, 46, 46, 46, 45, 46] / writers=[46]
OOO / Test #129 / 1439449712795 / readers=[43, 43, 43, 43, 43, 44, 43, 43, 43, 43] / writers=[44]
OOO / Test #79 / 1439449712657 / readers=[37, 37, 37, 37, 37, 37, 37, 36, 36, 36] / writers=[37]
OOO / Test #102 / 1439449712657 / readers=[39, 39, 39, 39, 39, 39, 38, 38, 38, 38] / writers=[39]
OOO / Test #69 / 1439449712795 / readers=[43, 43, 42, 42, 43, 43, 43, 43, 43, 43] / writers=[43]
OOO / Test #110 / 1439449712657 / readers=[41, 41, 41, 41, 40, 40, 40, 40, 40, 41] / writers=[41]
OOO / Test #134 / 1439449712657 / readers=[46, 45, 46, 46, 46, 46, 46, 46, 46, 45] / writers=[46]
OOO / Test #115 / 1439449712657 / readers=[36, 36, 36, 36, 37, 37, 37, 36, 36, 36] / writers=[37]
OOO / Test #138 / 1439449712657 / readers=[43, 43, 43, 43, 43, 43, 43, 43, 43, 43] / writers=[44]
OOO / Test #123 / 1439449712657 / readers=[37, 37, 37, 37, 37, 37, 37, 36, 37, 36] / writers=[37]
OOO / Test #120 / 1439449712657 / readers=[43, 43, 43, 43, 43, 43, 43, 43, 43, 43] / writers=[44]
OOO / Test #83 / 1439449712657 / readers=[47, 47, 46, 47, 47, 47, 46, 47, 47, 47] / writers=[47]
OOO / Test #142 / 1439449712654 / readers=[41, 42, 41, 41, 41, 41, 41, 41, 41, 41] / writers=[42]
OOO / Test #115 / 1439449712797 / readers=[37, 37, 37, 37, 38, 38, 37, 37, 37, 37] / writers=[38]
OOO / Test #70 / 1439449712654 / readers=[37, 37, 37, 37, 37, 37, 37, 36, 36, 36] / writers=[37]
OOO / Test #105 / 1439449712654 / readers=[40, 40, 40, 40, 39, 39, 39, 39, 39, 39] / writers=[40]
OOO / Test #121 / 1439449712654 / readers=[40, 40, 41, 41, 40, 40, 40, 40, 40, 40] / writers=[41]
OOO / Test #98 / 1439449712654 / readers=[38, 39, 39, 39, 39, 38, 38, 39, 38, 38] / writers=[39]
OOO / Test #99 / 1439449712654 / readers=[40, 40, 39, 40, 40, 39, 39, 39, 39, 39] / writers=[40]
OOO / Test #140 / 1439449712654 / readers=[50, 51, 51, 50, 50, 50, 50, 51, 50, 50] / writers=[51]
OOO / Test #111 / 1439449712654 / readers=[48, 49, 49, 49, 49, 49, 48, 48, 48, 48] / writers=[49]
OOO / Test #1 / 1439449712649 / readers=[40, 39, 40, 40, 40, 40, 39, 39, 39, 39] / writers=[40]
OOO / Test #99 / 1439449712802 / readers=[41, 41, 40, 41, 40, 40, 40, 40, 40, 40] / writers=[41]
OOO / Test #140 / 1439449712802 / readers=[51, 52, 51, 51, 51, 51, 51, 52, 51, 51] / writers=[52]
OOO / Test #103 / 1439449712649 / readers=[47, 47, 47, 47, 47, 47, 47, 47, 46, 46] / writers=[47]
OOO / Test #25 / 1439449712649 / readers=[46, 46, 46, 45, 46, 46, 46, 46, 46, 46] / writers=[46]
OOO / Test #119 / 1439449712649 / readers=[38, 39, 39, 39, 39, 39, 38, 39, 39, 39] / writers=[39]
OOO / Test #5 / 1439449712649 / readers=[63, 62, 63, 63, 63, 62, 62, 62, 62, 62] / writers=[63]
OOO / Test #126 / 1439449712649 / readers=[41, 42, 42, 41, 41, 41, 41, 41, 41, 42] / writers=[42]
OOO / Test #72 / 1439449712649 / readers=[43, 43, 44, 43, 43, 43, 43, 43, 43, 43] / writers=[44]
OOO / Test #131 / 1439449712649 / readers=[36, 36, 36, 36, 36, 36, 36, 36, 36, 35] / writers=[36]
OOO / Test #107 / 1439449712649 / readers=[39, 39, 39, 39, 39, 39, 38, 38, 39, 39] / writers=[39]
OOO / Test #119 / 1439449712805 / readers=[39, 40, 40, 40, 40, 39, 39, 40, 40, 40] / writers=[40]
OOO / Test #94 / 1439449712649 / readers=[35, 35, 36, 36, 36, 36, 35, 36, 35, 35] / writers=[36]
OOO / Test #131 / 1439449712805 / readers=[37, 37, 37, 37, 37, 37, 37, 36, 37, 36] / writers=[37]
OOO / Test #126 / 1439449712805 / readers=[42, 43, 42, 42, 42, 42, 42, 42, 42, 43] / writers=[43]
OOO / Test #25 / 1439449712802 / readers=[47, 46, 47, 46, 47, 47, 47, 47, 47, 47] / writers=[47]
OOO / Test #103 / 1439449712802 / readers=[48, 48, 48, 48, 48, 48, 48, 47, 47, 47] / writers=[48]
OOO / Test #1 / 1439449712802 / readers=[41, 40, 41, 41, 40, 41, 40, 40, 40, 40] / writers=[41]
OOO / Test #25 / 1439449712808 / readers=[48, 47, 48, 47, 47, 48, 48, 48, 48, 48] / writers=[48]
OOO / Test #140 / 1439449712802 / readers=[52, 53, 52, 52, 52, 52, 52, 52, 52, 52] / writers=[53]
OOO / Test #99 / 1439449712802 / readers=[42, 42, 41, 41, 41, 41, 41, 41, 41, 41] / writers=[42]
OOO / Test #103 / 1439449712808 / readers=[49, 49, 49, 49, 49, 49, 48, 48, 48, 48] / writers=[49]
OOO / Test #111 / 1439449712802 / readers=[49, 50, 50, 50, 50, 49, 49, 49, 49, 49] / writers=[50]
OOO / Test #1 / 1439449712808 / readers=[42, 41, 41, 42, 41, 42, 41, 41, 41, 41] / writers=[42]
OOO / Test #98 / 1439449712802 / readers=[39, 40, 40, 40, 39, 39, 39, 40, 39, 39] / writers=[40]
OOO / Test #140 / 1439449712808 / readers=[53, 53, 53, 53, 53, 53, 53, 53, 53, 53] / writers=[54]
OOO / Test #103 / 1439449712808 / readers=[50, 50, 50, 50, 50, 49, 49, 49, 49, 49] / writers=[50]
OOO / Test #121 / 1439449712802 / readers=[41, 41, 42, 41, 41, 41, 41, 41, 41, 41] / writers=[42]
OOO / Test #105 / 1439449712801 / readers=[41, 41, 41, 40, 40, 40, 40, 40, 40, 40] / writers=[41]
OOO / Test #120 / 1439449712797 / readers=[46, 46, 46, 46, 46, 46, 46, 46, 45, 46] / writers=[46]
OOO / Test #70 / 1439449712797 / readers=[38, 38, 38, 38, 38, 38, 37, 37, 37, 37] / writers=[38]
OOO / Test #138 / 1439449712797 / readers=[46, 46, 46, 46, 45, 46, 46, 46, 46, 46] / writers=[46]
OOO / Test #83 / 1439449712797 / readers=[48, 48, 47, 48, 48, 48, 47, 48, 48, 47] / writers=[48]
OOO / Test #142 / 1439449712797 / readers=[42, 42, 42, 42, 42, 42, 42, 42, 42, 42] / writers=[43]
OOO / Test #115 / 1439449712797 / readers=[38, 38, 38, 38, 39, 38, 38, 38, 38, 38] / writers=[39]
OOO / Test #123 / 1439449712797 / readers=[38, 38, 38, 38, 38, 38, 37, 37, 38, 37] / writers=[38]
OOO / Test #70 / 1439449712811 / readers=[39, 39, 39, 39, 39, 38, 38, 38, 38, 38] / writers=[39]
OOO / Test #134 / 1439449712797 / readers=[47, 46, 47, 47, 46, 47, 47, 47, 47, 46] / writers=[47]
OOO / Test #110 / 1439449712797 / readers=[42, 41, 42, 42, 41, 41, 41, 41, 41, 42] / writers=[42]
OOO / Test #102 / 1439449712795 / readers=[40, 40, 40, 40, 39, 40, 39, 39, 39, 39] / writers=[40]
OOO / Test #69 / 1439449712795 / readers=[44, 43, 43, 43, 44, 44, 44, 44, 44, 44] / writers=[44]
OOO / Test #70 / 1439449712814 / readers=[40, 40, 40, 40, 39, 39, 39, 39, 39, 39] / writers=[40]
OOO / Test #79 / 1439449712795 / readers=[38, 38, 38, 38, 38, 38, 37, 37, 37, 37] / writers=[38]
OOO / Test #102 / 1439449712814 / readers=[41, 41, 41, 40, 40, 41, 40, 40, 40, 40] / writers=[41]
OOO / Test #67 / 1439449712795 / readers=[43, 42, 43, 43, 43, 43, 43, 43, 43, 43] / writers=[43]
OOO / Test #108 / 1439449712795 / readers=[47, 47, 47, 47, 47, 47, 47, 47, 46, 46] / writers=[47]
OOO / Test #129 / 1439449712795 / readers=[44, 44, 44, 44, 44, 44, 44, 44, 44, 44] / writers=[45]
OOO / Test #132 / 1439449712795 / readers=[40, 40, 40, 40, 39, 39, 39, 39, 40, 39] / writers=[40]
OOO / Test #81 / 1439449712795 / readers=[43, 43, 42, 42, 43, 43, 42, 43, 43, 43] / writers=[43]
OOO / Test #113 / 1439449712792 / readers=[46, 46, 46, 46, 46, 46, 46, 46, 46, 45] / writers=[46]
OOO / Test #143 / 1439449712792 / readers=[36, 36, 36, 36, 36, 36, 36, 36, 35, 35] / writers=[36]
OOO / Test #104 / 1439449712792 / readers=[42, 43, 42, 42, 42, 42, 42, 42, 42, 42] / writers=[43]
OOO / Test #132 / 1439449712817 / readers=[41, 41, 41, 40, 40, 40, 40, 40, 41, 40] / writers=[41]
OOO / Test #106 / 1439449712792 / readers=[43, 43, 43, 42, 42, 42, 42, 43, 43, 43] / writers=[43]
OOO / Test #136 / 1439449712792 / readers=[42, 42, 42, 42, 42, 42, 42, 42, 42, 42] / writers=[43]
OOO / Test #92 / 1439449712792 / readers=[44, 44, 44, 44, 44, 44, 44, 44, 44, 44] / writers=[45]
OOO / Test #113 / 1439449712817 / readers=[47, 47, 47, 47, 47, 47, 47, 47, 46, 46] / writers=[47]
OOO / Test #81 / 1439449712817 / readers=[44, 43, 43, 43, 44, 44, 43, 44, 44, 44] / writers=[44]
OOO / Test #88 / 1439449712792 / readers=[47, 47, 47, 47, 47, 47, 47, 47, 46, 46] / writers=[47]
OOO / Test #135 / 1439449712792 / readers=[44, 44, 44, 44, 44, 44, 44, 44, 44, 44] / writers=[45]
OOO / Test #117 / 1439449712789 / readers=[46, 46, 46, 46, 46, 46, 46, 46, 45, 46] / writers=[46]
OOO / Test #96 / 1439449712789 / readers=[41, 42, 42, 41, 41, 41, 41, 41, 41, 41] / writers=[42]
OOO / Test #68 / 1439449712789 / readers=[40, 41, 40, 41, 40, 40, 40, 40, 40, 40] / writers=[41]
OOO / Test #88 / 1439449712820 / readers=[48, 48, 48, 48, 48, 48, 47, 48, 47, 47] / writers=[48]
OOO / Test #89 / 1439449712789 / readers=[47, 47, 47, 47, 47, 47, 47, 47, 46, 46] / writers=[47]
OOO / Test #85 / 1439449712789 / readers=[44, 44, 44, 44, 44, 44, 44, 44, 44, 44] / writers=[45]
OOO / Test #71 / 1439449712789 / readers=[44, 43, 44, 44, 44, 44, 44, 44, 44, 44] / writers=[44]
OOO / Test #96 / 1439449712820 / readers=[42, 43, 42, 42, 42, 42, 42, 42, 42, 42] / writers=[43]
OOO / Test #76 / 1439449712789 / readers=[48, 48, 48, 48, 48, 48, 47, 48, 47, 47] / writers=[48]
OOO / Test #112 / 1439449712789 / readers=[43, 43, 43, 43, 43, 43, 43, 43, 43, 43] / writers=[44]
OOO / Test #82 / 1439449712789 / readers=[43, 42, 42, 42, 42, 42, 42, 42, 43, 42] / writers=[43]
OOO / Test #93 / 1439449712786 / readers=[44, 43, 43, 43, 43, 43, 43, 43, 43, 43] / writers=[44]
OOO / Test #125 / 1439449712786 / readers=[41, 41, 40, 41, 40, 40, 40, 40, 40, 40] / writers=[41]
OOO / Test #77 / 1439449712786 / readers=[49, 49, 49, 49, 49, 49, 48, 48, 48, 48] / writers=[49]
OOO / Test #63 / 1439449712786 / readers=[37, 37, 37, 37, 37, 37, 37, 36, 36, 36] / writers=[37]
OOO / Test #76 / 1439449712823 / readers=[49, 49, 49, 49, 49, 49, 48, 48, 48, 48] / writers=[49]
OOO / Test #87 / 1439449712786 / readers=[40, 40, 41, 41, 41, 40, 40, 40, 40, 40] / writers=[41]
OOO / Test #82 / 1439449712823 / readers=[43, 43, 43, 43, 43, 43, 43, 43, 44, 43] / writers=[44]
OOO / Test #116 / 1439449712786 / readers=[46, 46, 46, 46, 46, 46, 46, 46, 46, 45] / writers=[46]
OOO / Test #29 / 1439449712786 / readers=[47, 47, 47, 48, 48, 47, 48, 47, 48, 48] / writers=[48]
OOO / Test #141 / 1439449712786 / readers=[47, 47, 47, 47, 47, 47, 46, 47, 47, 46] / writers=[47]
OOO / Test #78 / 1439449712783 / readers=[46, 46, 46, 46, 46, 46, 46, 46, 46, 45] / writers=[46]
OOO / Test #74 / 1439449712783 / readers=[43, 43, 43, 43, 44, 43, 44, 43, 44, 43] / writers=[44]
OOO / Test #86 / 1439449712783 / readers=[39, 39, 39, 39, 39, 38, 38, 38, 38, 38] / writers=[39]
OOO / Test #151 / 1439449712783 / readers=[41, 41, 41, 40, 40, 40, 40, 40, 40, 40] / writers=[41]
OOO / Test #116 / 1439449712827 / readers=[47, 47, 47, 47, 47, 47, 47, 47, 46, 46] / writers=[47]
OOO / Test #124 / 1439449712783 / readers=[41, 42, 42, 41, 41, 41, 41, 41, 41, 41] / writers=[42]
OOO / Test #66 / 1439449712783 / readers=[40, 40, 40, 40, 39, 39, 39, 39, 39, 39] / writers=[40]
OOO / Test #86 / 1439449712827 / readers=[40, 40, 40, 40, 39, 39, 39, 39, 39, 39] / writers=[40]
OOO / Test #139 / 1439449712783 / readers=[43, 43, 43, 43, 43, 43, 43, 43, 43, 43] / writers=[44]
OOO / Test #130 / 1439449712780 / readers=[45, 45, 45, 46, 46, 46, 46, 46, 46, 45] / writers=[46]
OOO / Test #9 / 1439449712780 / readers=[68, 68, 68, 68, 68, 68, 68, 68, 67, 67] / writers=[68]
OOO / Test #128 / 1439449712780 / readers=[43, 42, 42, 42, 42, 42, 42, 42, 42, 42] / writers=[43]
OOO / Test #118 / 1439449712780 / readers=[40, 40, 40, 40, 40, 39, 39, 39, 39, 39] / writers=[40]
OOO / Test #65 / 1439449712780 / readers=[51, 51, 51, 51, 50, 50, 50, 50, 50, 50] / writers=[51]
OOO / Test #8 / 1439449712780 / readers=[70, 69, 69, 70, 70, 70, 69, 69, 70, 69] / writers=[70]
OOO / Test #9 / 1439449712831 / readers=[68, 69, 69, 69, 69, 69, 69, 69, 68, 68] / writers=[69]
OOO / Test #139 / 1439449712831 / readers=[46, 46, 46, 46, 46, 46, 46, 46, 46, 45] / writers=[46]
OOO / Test #144 / 1439449712780 / readers=[42, 42, 41, 41, 41, 41, 41, 41, 41, 41] / writers=[42]
OOO / Test #91 / 1439449712780 / readers=[39, 39, 39, 39, 39, 38, 38, 38, 38, 38] / writers=[39]
OOO / Test #114 / 1439449712777 / readers=[50, 50, 50, 50, 50, 49, 49, 49, 49, 49] / writers=[50]
OOO / Test #101 / 1439449712777 / readers=[38, 38, 39, 39, 38, 38, 38, 38, 38, 38] / writers=[39]
OOO / Test #10 / 1439449712777 / readers=[52, 53, 52, 52, 52, 52, 52, 53, 52, 53] / writers=[53]
OOO / Test #127 / 1439449712777 / readers=[44, 44, 44, 44, 44, 44, 44, 44, 44, 44] / writers=[45]
OOO / Test #75 / 1439449712777 / readers=[39, 39, 39, 39, 39, 38, 38, 38, 38, 38] / writers=[39]
OOO / Test #114 / 1439449712834 / readers=[51, 51, 51, 51, 50, 50, 50, 50, 50, 50] / writers=[51]
OOO / Test #84 / 1439449712777 / readers=[43, 43, 42, 42, 42, 42, 42, 42, 42, 42] / writers=[43]
OOO / Test #90 / 1439449712777 / readers=[41, 41, 40, 41, 40, 40, 40, 40, 40, 40] / writers=[41]
OOO / Test #6 / 1439449712777 / readers=[73, 73, 74, 74, 74, 73, 73, 73, 73, 73] / writers=[74]
OOO / Test #57 / 1439449712777 / readers=[48, 49, 48, 48, 48, 48, 48, 48, 48, 48] / writers=[49]
OOO / Test #149 / 1439449712777 / readers=[41, 41, 41, 41, 40, 40, 40, 40, 40, 40] / writers=[41]
OOO / Test #48 / 1439449712774 / readers=[46, 46, 46, 46, 46, 46, 46, 46, 46, 45] / writers=[46]
OOO / Test #56 / 1439449712774 / readers=[54, 54, 53, 54, 53, 53, 53, 53, 53, 53] / writers=[54]
OOO / Test #57 / 1439449712837 / readers=[49, 49, 49, 49, 49, 49, 49, 49, 49, 49] / writers=[50]
OOO / Test #137 / 1439449712774 / readers=[41, 41, 41, 40, 40, 40, 40, 40, 40, 40] / writers=[41]
OOO / Test #17 / 1439449712774 / readers=[55, 56, 55, 56, 56, 55, 55, 55, 55, 56] / writers=[56]
OOO / Test #56 / 1439449712837 / readers=[54, 55, 54, 55, 54, 54, 54, 54, 54, 54] / writers=[55]
OOO / Test #24 / 1439449712774 / readers=[53, 52, 52, 52, 52, 53, 52, 52, 53, 53] / writers=[53]
OOO / Test #21 / 1439449712774 / readers=[63, 63, 62, 62, 62, 63, 62, 63, 62, 62] / writers=[63]
OOO / Test #37 / 1439449712774 / readers=[42, 43, 42, 42, 42, 42, 42, 42, 42, 42] / writers=[43]
OOO / Test #32 / 1439449712774 / readers=[47, 46, 47, 47, 47, 46, 47, 47, 47, 46] / writers=[47]
OOO / Test #154 / 1439449712772 / readers=[49, 50, 50, 50, 50, 50, 49, 49, 49, 49] / writers=[50]
OOO / Test #16 / 1439449712772 / readers=[63, 63, 63, 62, 63, 62, 62, 62, 62, 63] / writers=[63]
OOO / Test #122 / 1439449712772 / readers=[48, 48, 48, 48, 48, 48, 48, 47, 47, 47] / writers=[48]
OOO / Test #45 / 1439449712772 / readers=[53, 53, 53, 53, 53, 53, 53, 53, 53, 52] / writers=[53]
OOO / Test #80 / 1439449712772 / readers=[39, 39, 39, 39, 39, 38, 38, 38, 38, 38] / writers=[39]
OOO / Test #52 / 1439449712772 / readers=[51, 51, 51, 50, 51, 50, 50, 50, 50, 50] / writers=[51]
OOO / Test #109 / 1439449712771 / readers=[52, 51, 52, 52, 51, 51, 51, 51, 51, 51] / writers=[52]
OOO / Test #19 / 1439449712769 / readers=[51, 51, 51, 51, 51, 51, 51, 51, 50, 51] / writers=[51]
OOO / Test #145 / 1439449712769 / readers=[43, 44, 43, 44, 44, 43, 43, 43, 44, 43] / writers=[44]
OOO / Test #80 / 1439449712840 / readers=[40, 40, 40, 40, 39, 39, 39, 39, 39, 39] / writers=[40]
OOO / Test #42 / 1439449712769 / readers=[50, 50, 49, 50, 50, 50, 49, 49, 49, 49] / writers=[50]
OOO / Test #38 / 1439449712769 / readers=[47, 47, 48, 48, 48, 47, 48, 47, 48, 47] / writers=[48]
OOO / Test #41 / 1439449712769 / readers=[41, 41, 42, 41, 41, 41, 41, 41, 41, 41] / writers=[42]
OOO / Test #51 / 1439449712769 / readers=[48, 48, 47, 47, 47, 48, 47, 47, 47, 48] / writers=[48]
OOO / Test #155 / 1439449712769 / readers=[44, 44, 43, 43, 43, 43, 44, 44, 44, 44] / writers=[44]
OOO / Test #73 / 1439449712765 / readers=[46, 46, 46, 46, 46, 46, 46, 46, 46, 45] / writers=[46]
OOO / Test #38 / 1439449712843 / readers=[48, 48, 49, 49, 49, 48, 49, 48, 48, 48] / writers=[49]
OOO / Test #12 / 1439449712765 / readers=[65, 65, 65, 65, 65, 65, 65, 65, 65, 65] / writers=[66]
OOO / Test #51 / 1439449712843 / readers=[49, 49, 48, 48, 48, 49, 48, 48, 48, 48] / writers=[49]
OOO / Test #35 / 1439449712765 / readers=[49, 48, 49, 49, 48, 48, 49, 49, 49, 49] / writers=[49]
OOO / Test #46 / 1439449712765 / readers=[53, 54, 54, 54, 54, 54, 54, 54, 54, 54] / writers=[54]
OOO / Test #133 / 1439449712765 / readers=[40, 40, 40, 40, 39, 40, 39, 39, 39, 40] / writers=[40]
OOO / Test #35 / 1439449712847 / readers=[50, 49, 50, 50, 49, 49, 50, 50, 50, 49] / writers=[50]
OOO / Test #58 / 1439449712765 / readers=[46, 47, 47, 47, 46, 47, 47, 47, 46, 46] / writers=[47]
OOO / Test #33 / 1439449712765 / readers=[40, 40, 40, 40, 39, 39, 39, 39, 40, 39] / writers=[40]
OOO / Test #26 / 1439449712765 / readers=[43, 43, 43, 43, 43, 44, 43, 43, 44, 44] / writers=[44]
OOO / Test #147 / 1439449712762 / readers=[41, 41, 40, 41, 40, 40, 40, 41, 40, 40] / writers=[41]
OOO / Test #35 / 1439449712847 / readers=[51, 50, 50, 51, 50, 50, 51, 51, 51, 50] / writers=[51]
OOO / Test #22 / 1439449712762 / readers=[49, 49, 50, 50, 50, 50, 49, 49, 49, 49] / writers=[50]
OOO / Test #4 / 1439449712762 / readers=[69, 69, 69, 69, 69, 69, 69, 68, 69, 69] / writers=[69]
OOO / Test #59 / 1439449712762 / readers=[48, 48, 48, 48, 48, 47, 47, 47, 47, 47] / writers=[48]
OOO / Test #23 / 1439449712762 / readers=[51, 51, 51, 50, 50, 50, 50, 50, 50, 50] / writers=[51]
OOO / Test #64 / 1439449712762 / readers=[43, 43, 43, 43, 43, 43, 43, 43, 43, 43] / writers=[44]
OOO / Test #39 / 1439449712762 / readers=[50, 50, 50, 50, 50, 50, 49, 49, 49, 50] / writers=[50]
OOO / Test #34 / 1439449712762 / readers=[48, 49, 49, 48, 49, 49, 49, 48, 49, 48] / writers=[49]
OOO / Test #157 / 1439449712759 / readers=[47, 47, 47, 47, 47, 47, 47, 47, 46, 47] / writers=[47]
OOO / Test #14 / 1439449712759 / readers=[72, 73, 73, 73, 73, 73, 72, 73, 73, 73] / writers=[73]
OOO / Test #62 / 1439449712759 / readers=[44, 45, 45, 45, 44, 44, 44, 45, 44, 44] / writers=[45]
OOO / Test #180 / 1439449712759 / readers=[41, 41, 40, 40, 40, 40, 40, 40, 40, 41] / writers=[41]
OOO / Test #146 / 1439449712759 / readers=[51, 51, 51, 50, 51, 51, 51, 50, 50, 51] / writers=[51]
OOO / Test #167 / 1439449712759 / readers=[41, 42, 41, 41, 41, 41, 41, 41, 41, 41] / writers=[42]
OOO / Test #55 / 1439449712759 / readers=[51, 51, 51, 51, 50, 51, 50, 50, 50, 51] / writers=[51]
OOO / Test #18 / 1439449712759 / readers=[52, 53, 53, 52, 52, 52, 52, 53, 52, 52] / writers=[53]
OOO / Test #28 / 1439449712756 / readers=[50, 50, 50, 51, 50, 50, 50, 50, 50, 51] / writers=[51]
OOO / Test #44 / 1439449712756 / readers=[44, 44, 44, 44, 44, 44, 44, 44, 44, 44] / writers=[45]
OOO / Test #49 / 1439449712756 / readers=[50, 50, 50, 50, 50, 50, 49, 49, 50, 50] / writers=[50]
OOO / Test #198 / 1439449712756 / readers=[48, 48, 48, 48, 48, 48, 48, 48, 48, 47] / writers=[48]
OOO / Test #148 / 1439449712756 / readers=[40, 41, 41, 41, 40, 41, 40, 40, 40, 41] / writers=[41]
OOO / Test #18 / 1439449712852 / readers=[53, 54, 54, 53, 53, 53, 53, 53, 53, 53] / writers=[54]
OOO / Test #40 / 1439449712756 / readers=[46, 46, 46, 46, 46, 46, 46, 46, 46, 46] / writers=[47]
OOO / Test #162 / 1439449712756 / readers=[41, 42, 42, 41, 41, 41, 41, 41, 41, 41] / writers=[42]
OOO / Test #30 / 1439449712756 / readers=[46, 46, 46, 46, 46, 46, 46, 46, 46, 47] / writers=[47]
OOO / Test #36 / 1439449712756 / readers=[45, 46, 45, 45, 45, 45, 45, 45, 45, 46] / writers=[46]
OOO / Test #31 / 1439449712753 / readers=[46, 46, 46, 46, 47, 46, 46, 46, 46, 47] / writers=[47]
OOO / Test #153 / 1439449712753 / readers=[53, 53, 53, 52, 52, 53, 52, 52, 52, 53] / writers=[53]
OOO / Test #61 / 1439449712753 / readers=[46, 46, 46, 47, 47, 47, 47, 47, 47, 46] / writers=[47]
OOO / Test #162 / 1439449712855 / readers=[42, 43, 42, 42, 42, 42, 42, 42, 42, 42] / writers=[43]
OOO / Test #30 / 1439449712855 / readers=[47, 47, 47, 47, 47, 47, 47, 47, 47, 47] / writers=[48]
OOO / Test #15 / 1439449712753 / readers=[61, 61, 61, 62, 61, 61, 61, 61, 61, 61] / writers=[62]
OOO / Test #27 / 1439449712753 / readers=[43, 43, 43, 43, 43, 43, 43, 43, 44, 44] / writers=[44]
OOO / Test #36 / 1439449712855 / readers=[46, 46, 46, 46, 46, 46, 46, 46, 46, 47] / writers=[47]
OOO / Test #153 / 1439449712855 / readers=[54, 54, 53, 53, 53, 54, 53, 53, 53, 54] / writers=[54]
OOO / Test #95 / 1439449712753 / readers=[47, 48, 47, 47, 47, 47, 47, 47, 47, 47] / writers=[48]
OOO / Test #161 / 1439449712753 / readers=[43, 43, 43, 43, 44, 44, 44, 44, 44, 44] / writers=[44]
OOO / Test #60 / 1439449712750 / readers=[44, 44, 44, 44, 44, 44, 44, 44, 44, 43] / writers=[44]
OOO / Test #43 / 1439449712750 / readers=[48, 49, 49, 49, 49, 49, 49, 49, 49, 49] / writers=[49]
OOO / Test #164 / 1439449712750 / readers=[41, 42, 42, 41, 41, 41, 41, 41, 41, 41] / writers=[42]
OOO / Test #100 / 1439449712750 / readers=[48, 48, 48, 48, 48, 48, 48, 47, 47, 47] / writers=[48]
OOO / Test #161 / 1439449712858 / readers=[44, 44, 44, 44, 45, 45, 44, 45, 45, 45] / writers=[45]
OOO / Test #178 / 1439449712750 / readers=[45, 45, 45, 45, 45, 45, 45, 46, 45, 45] / writers=[46]
OOO / Test #190 / 1439449712750 / readers=[48, 48, 49, 49, 49, 49, 48, 49, 48, 48] / writers=[49]
OOO / Test #20 / 1439449712750 / readers=[45, 45, 45, 45, 45, 45, 45, 45, 45, 45] / writers=[46]
OOO / Test #97 / 1439449712750 / readers=[48, 47, 48, 48, 48, 48, 48, 47, 47, 48] / writers=[48]
OOO / Test #169 / 1439449712750 / readers=[41, 42, 41, 41, 41, 42, 41, 41, 41, 41] / writers=[42]
OOO / Test #166 / 1439449712747 / readers=[43, 43, 42, 43, 43, 43, 43, 43, 43, 43] / writers=[43]
OOO / Test #152 / 1439449712747 / readers=[38, 39, 39, 39, 38, 38, 39, 38, 38, 38] / writers=[39]
OOO / Test #158 / 1439449712747 / readers=[42, 42, 42, 42, 42, 42, 42, 42, 42, 42] / writers=[43]
OOO / Test #182 / 1439449712747 / readers=[43, 42, 42, 42, 42, 42, 42, 42, 42, 42] / writers=[43]
OOO / Test #97 / 1439449712860 / readers=[49, 48, 49, 48, 49, 49, 49, 48, 48, 49] / writers=[49]
OOO / Test #156 / 1439449712747 / readers=[41, 40, 41, 41, 41, 40, 40, 40, 40, 40] / writers=[41]
OOO / Test #171 / 1439449712747 / readers=[40, 40, 40, 40, 40, 40, 40, 40, 40, 40] / writers=[41]
OOO / Test #177 / 1439449712747 / readers=[41, 42, 42, 41, 41, 41, 41, 41, 41, 41] / writers=[42]
OOO / Test #13 / 1439449712747 / readers=[68, 69, 69, 69, 69, 69, 69, 69, 69, 68] / writers=[69]
OOO / Test #150 / 1439449712744 / readers=[41, 41, 41, 41, 41, 41, 41, 41, 41, 41] / writers=[42]
OOO / Test #163 / 1439449712744 / readers=[43, 43, 43, 43, 43, 43, 43, 43, 43, 43] / writers=[44]
OOO / Test #7 / 1439449712744 / readers=[50, 51, 50, 51, 51, 50, 50, 50, 50, 50] / writers=[51]
OOO / Test #54 / 1439449712744 / readers=[54, 54, 54, 53, 54, 54, 54, 54, 53, 53] / writers=[54]
OOO / Test #200 / 1439449712744 / readers=[40, 40, 40, 40, 39, 39, 39, 39, 39, 39] / writers=[40]
OOO / Test #177 / 1439449712863 / readers=[42, 42, 43, 42, 42, 42, 42, 42, 42, 42] / writers=[43]
OOO / Test #160 / 1439449712744 / readers=[42, 41, 41, 41, 41, 41, 41, 41, 41, 41] / writers=[42]
OOO / Test #176 / 1439449712744 / readers=[41, 40, 41, 40, 40, 40, 40, 40, 41, 40] / writers=[41]
OOO / Test #192 / 1439449712744 / readers=[54, 54, 54, 54, 54, 54, 54, 54, 54, 54] / writers=[55]
OOO / Test #150 / 1439449712863 / readers=[44, 43, 44, 44, 44, 44, 44, 44, 44, 44] / writers=[44]
OOO / Test #193 / 1439449712740 / readers=[40, 40, 40, 40, 39, 39, 39, 39, 39, 39] / writers=[40]
OOO / Test #181 / 1439449712740 / readers=[42, 42, 42, 42, 42, 42, 43, 42, 42, 42] / writers=[43]
OOO / Test #173 / 1439449712740 / readers=[42, 42, 41, 41, 41, 41, 41, 41, 41, 41] / writers=[42]
OOO / Test #184 / 1439449712740 / readers=[37, 37, 37, 37, 37, 37, 37, 36, 36, 36] / writers=[37]
OOO / Test #194 / 1439449712740 / readers=[44, 44, 44, 45, 45, 45, 45, 45, 45, 45] / writers=[45]
OOO / Test #187 / 1439449712740 / readers=[41, 41, 41, 40, 40, 40, 40, 40, 40, 40] / writers=[41]
OOO / Test #196 / 1439449712740 / readers=[38, 38, 38, 39, 39, 38, 38, 38, 38, 38] / writers=[39]
OOO / Test #168 / 1439449712740 / readers=[37, 38, 38, 38, 38, 37, 38, 37, 37, 37] / writers=[38]
OOO / Test #197 / 1439449712740 / readers=[44, 44, 44, 44, 44, 44, 44, 44, 44, 44] / writers=[45]
OOO / Test #165 / 1439449712736 / readers=[40, 40, 40, 39, 39, 39, 39, 39, 39, 39] / writers=[40]
OOO / Test #195 / 1439449712736 / readers=[41, 41, 41, 41, 40, 40, 40, 40, 40, 40] / writers=[41]
OOO / Test #53 / 1439449712736 / readers=[33, 33, 33, 34, 33, 33, 33, 33, 33, 34] / writers=[34]
OOO / Test #186 / 1439449712736 / readers=[40, 40, 40, 40, 40, 39, 39, 39, 39, 39] / writers=[40]
OOO / Test #170 / 1439449712736 / readers=[41, 41, 41, 40, 40, 40, 40, 41, 40, 40] / writers=[41]
OOO / Test #174 / 1439449712736 / readers=[39, 39, 39, 38, 39, 39, 38, 38, 38, 38] / writers=[39]
OOO / Test #165 / 1439449712869 / readers=[41, 41, 40, 40, 40, 40, 40, 40, 40, 40] / writers=[41]
OOO / Test #191 / 1439449712736 / readers=[40, 41, 41, 40, 41, 40, 40, 40, 40, 40] / writers=[41]
OOO / Test #11 / 1439449712732 / readers=[69, 68, 69, 68, 69, 69, 69, 69, 68, 68] / writers=[69]
OOO / Test #172 / 1439449712732 / readers=[42, 42, 41, 41, 41, 41, 41, 41, 41, 41] / writers=[42]
OOO / Test #188 / 1439449712732 / readers=[42, 42, 41, 41, 41, 41, 41, 41, 41, 41] / writers=[42]
OOO / Test #175 / 1439449712732 / readers=[35, 35, 35, 35, 36, 36, 36, 36, 35, 35] / writers=[36]
OOO / Test #47 / 1439449712732 / readers=[41, 41, 40, 40, 40, 41, 41, 40, 40, 41] / writers=[41]
OOO / Test #199 / 1439449712732 / readers=[43, 43, 43, 43, 44, 44, 44, 44, 44, 44] / writers=[44]
OOO / Test #183 / 1439449712732 / readers=[40, 41, 41, 40, 40, 40, 40, 40, 40, 40] / writers=[41]
OOO / Test #159 / 1439449712728 / readers=[45, 45, 45, 45, 45, 45, 44, 45, 45, 45] / writers=[45]
OOO / Test #179 / 1439449712728 / readers=[32, 32, 31, 31, 31, 32, 32, 32, 32, 32] / writers=[32]
OOO / Test #175 / 1439449712871 / readers=[36, 36, 36, 36, 37, 37, 37, 36, 36, 36] / writers=[37]
OOO / Test #185 / 1439449712728 / readers=[39, 39, 39, 39, 39, 38, 38, 38, 38, 38] / writers=[39]
OOO / Test #2 / 1439449712728 / readers=[39, 38, 39, 39, 39, 39, 39, 38, 39, 38] / writers=[39]
OOO / Test #50 / 1439449712728 / readers=[39, 39, 39, 38, 38, 38, 39, 39, 39, 38] / writers=[39]
OOO / Test #159 / 1439449712871 / readers=[46, 46, 46, 46, 46, 46, 45, 45, 46, 46] / writers=[46]
OOO / Test #3 / 1439449712728 / readers=[63, 64, 64, 64, 64, 64, 64, 64, 64, 64] / writers=[64]
OOO / Test #189 / 1439449712728 / readers=[29, 29, 29, 29, 28, 28, 28, 28, 28, 28] / writers=[29]
OOO / Test #50 / 1439449712871 / readers=[40, 40, 40, 39, 39, 39, 39, 40, 40, 39] / writers=[40]
OOO / Test #2 / 1439449712871 / readers=[40, 39, 40, 40, 40, 39, 40, 39, 40, 39] / writers=[40]
OOO / Test #179 / 1439449712871 / readers=[32, 33, 32, 32, 32, 33, 33, 33, 33, 33] / writers=[33]
OOO / Test #185 / 1439449712871 / readers=[40, 40, 40, 40, 39, 39, 39, 39, 39, 39] / writers=[40]
OOO / Test #175 / 1439449712871 / readers=[37, 37, 37, 37, 37, 38, 38, 37, 37, 37] / writers=[38]
OOO / Test #183 / 1439449712871 / readers=[41, 42, 41, 41, 41, 41, 41, 41, 41, 41] / writers=[42]
OOO / Test #50 / 1439449712874 / readers=[41, 41, 41, 40, 40, 40, 40, 40, 41, 40] / writers=[41]
OOO / Test #2 / 1439449712874 / readers=[41, 40, 41, 41, 41, 40, 40, 40, 41, 40] / writers=[41]
OOO / Test #199 / 1439449712871 / readers=[44, 44, 44, 44, 45, 45, 45, 44, 45, 45] / writers=[45]
OOO / Test #47 / 1439449712871 / readers=[42, 42, 41, 41, 41, 42, 42, 41, 41, 41] / writers=[42]
OOO / Test #188 / 1439449712869 / readers=[43, 42, 42, 42, 42, 42, 42, 42, 42, 42] / writers=[43]
OOO / Test #11 / 1439449712869 / readers=[69, 69, 70, 69, 70, 70, 70, 70, 69, 69] / writers=[70]
OOO / Test #172 / 1439449712869 / readers=[43, 42, 42, 42, 42, 42, 42, 42, 42, 42] / writers=[43]
OOO / Test #191 / 1439449712869 / readers=[41, 42, 42, 41, 41, 41, 41, 41, 41, 41] / writers=[42]
OOO / Test #174 / 1439449712869 / readers=[40, 40, 40, 39, 40, 39, 39, 39, 39, 39] / writers=[40]
OOO / Test #170 / 1439449712869 / readers=[42, 41, 42, 41, 41, 41, 41, 42, 41, 41] / writers=[42]
OOO / Test #165 / 1439449712869 / readers=[42, 41, 41, 41, 41, 41, 41, 41, 41, 41] / writers=[42]
OOO / Test #11 / 1439449712878 / readers=[70, 70, 71, 70, 71, 71, 71, 70, 70, 70] / writers=[71]
OOO / Test #186 / 1439449712869 / readers=[41, 41, 41, 40, 41, 40, 40, 40, 40, 40] / writers=[41]
OOO / Test #53 / 1439449712869 / readers=[34, 34, 34, 34, 34, 34, 34, 34, 34, 35] / writers=[35]
OOO / Test #195 / 1439449712869 / readers=[42, 42, 42, 41, 41, 41, 41, 41, 41, 41] / writers=[42]
OOO / Test #197 / 1439449712866 / readers=[47, 47, 47, 47, 47, 47, 47, 47, 47, 46] / writers=[47]
OOO / Test #168 / 1439449712866 / readers=[38, 39, 39, 39, 39, 38, 38, 38, 38, 38] / writers=[39]
OOO / Test #196 / 1439449712866 / readers=[39, 39, 39, 39, 40, 39, 39, 39, 39, 39] / writers=[40]
OOO / Test #187 / 1439449712866 / readers=[42, 42, 41, 41, 41, 41, 41, 41, 41, 41] / writers=[42]
OOO / Test #194 / 1439449712866 / readers=[45, 45, 45, 46, 46, 46, 46, 46, 46, 45] / writers=[46]
OOO / Test #184 / 1439449712866 / readers=[38, 38, 38, 38, 38, 38, 37, 37, 37, 37] / writers=[38]
OOO / Test #187 / 1439449712881 / readers=[43, 42, 42, 42, 42, 42, 42, 42, 42, 42] / writers=[43]
OOO / Test #173 / 1439449712866 / readers=[43, 42, 42, 42, 42, 42, 42, 42, 42, 42] / writers=[43]
OOO / Test #181 / 1439449712866 / readers=[43, 43, 43, 43, 43, 43, 43, 43, 43, 43] / writers=[44]
OOO / Test #193 / 1439449712866 / readers=[41, 41, 41, 40, 40, 40, 40, 40, 40, 40] / writers=[41]
OOO / Test #150 / 1439449712866 / readers=[44, 44, 45, 45, 45, 45, 45, 45, 45, 45] / writers=[45]
OOO / Test #192 / 1439449712863 / readers=[57, 57, 57, 57, 57, 57, 57, 57, 56, 57] / writers=[57]
OOO / Test #176 / 1439449712863 / readers=[42, 41, 41, 41, 41, 41, 41, 41, 42, 41] / writers=[42]
OOO / Test #163 / 1439449712863 / readers=[46, 46, 46, 46, 46, 46, 46, 46, 46, 45] / writers=[46]
OOO / Test #160 / 1439449712863 / readers=[42, 42, 42, 42, 42, 42, 42, 42, 42, 42] / writers=[43]
OOO / Test #200 / 1439449712863 / readers=[41, 41, 41, 40, 40, 40, 40, 40, 40, 40] / writers=[41]
OOO / Test #177 / 1439449712863 / readers=[43, 43, 43, 43, 43, 43, 43, 43, 43, 43] / writers=[44]
OOO / Test #54 / 1439449712863 / readers=[54, 55, 55, 54, 55, 55, 55, 55, 54, 54] / writers=[55]
OOO / Test #7 / 1439449712863 / readers=[51, 52, 51, 52, 51, 51, 51, 51, 51, 51] / writers=[52]
OOO / Test #13 / 1439449712863 / readers=[69, 70, 70, 70, 70, 70, 70, 69, 70, 69] / writers=[70]
OOO / Test #171 / 1439449712861 / readers=[43, 43, 43, 42, 43, 43, 43, 43, 43, 43] / writers=[43]
OOO / Test #158 / 1439449712861 / readers=[44, 45, 45, 45, 45, 45, 45, 45, 45, 45] / writers=[45]
OOO / Test #156 / 1439449712861 / readers=[42, 41, 41, 42, 42, 41, 41, 41, 41, 41] / writers=[42]
OOO / Test #7 / 1439449712887 / readers=[52, 53, 52, 52, 52, 52, 52, 52, 52, 52] / writers=[53]
OOO / Test #182 / 1439449712861 / readers=[43, 43, 43, 43, 43, 43, 43, 43, 43, 43] / writers=[44]
OOO / Test #97 / 1439449712861 / readers=[49, 49, 50, 49, 50, 50, 50, 49, 49, 50] / writers=[50]
OOO / Test #171 / 1439449712887 / readers=[44, 44, 43, 43, 44, 44, 44, 44, 44, 44] / writers=[44]
OOO / Test #152 / 1439449712860 / readers=[39, 40, 40, 40, 39, 39, 39, 39, 39, 39] / writers=[40]
OOO / Test #20 / 1439449712860 / readers=[48, 48, 47, 48, 48, 48, 48, 48, 48, 48] / writers=[48]
OOO / Test #166 / 1439449712860 / readers=[44, 43, 43, 44, 44, 44, 44, 44, 44, 44] / writers=[44]
OOO / Test #169 / 1439449712860 / readers=[42, 42, 42, 42, 42, 43, 42, 42, 42, 42] / writers=[43]
OOO / Test #190 / 1439449712858 / readers=[49, 49, 50, 50, 50, 50, 49, 49, 49, 49] / writers=[50]
OOO / Test #178 / 1439449712858 / readers=[46, 46, 46, 46, 46, 46, 46, 46, 46, 46] / writers=[47]
OOO / Test #100 / 1439449712858 / readers=[49, 49, 49, 49, 48, 49, 49, 48, 48, 48] / writers=[49]
OOO / Test #161 / 1439449712858 / readers=[45, 45, 45, 45, 46, 46, 45, 46, 46, 45] / writers=[46]
OOO / Test #164 / 1439449712858 / readers=[42, 42, 43, 42, 42, 42, 42, 42, 42, 42] / writers=[43]
OOO / Test #190 / 1439449712891 / readers=[50, 50, 51, 51, 51, 50, 50, 50, 50, 50] / writers=[51]
OOO / Test #43 / 1439449712858 / readers=[49, 50, 50, 50, 50, 50, 50, 50, 50, 49] / writers=[50]
OOO / Test #60 / 1439449712858 / readers=[44, 45, 45, 45, 45, 45, 45, 45, 45, 44] / writers=[45]
OOO / Test #95 / 1439449712858 / readers=[48, 48, 48, 48, 48, 48, 48, 48, 48, 48] / writers=[49]
OOO / Test #153 / 1439449712858 / readers=[55, 54, 54, 54, 54, 55, 54, 54, 54, 55] / writers=[55]
OOO / Test #27 / 1439449712855 / readers=[44, 44, 44, 44, 44, 44, 44, 44, 45, 44] / writers=[45]
OOO / Test #30 / 1439449712855 / readers=[50, 50, 50, 50, 50, 50, 49, 50, 50, 50] / writers=[50]
OOO / Test #15 / 1439449712855 / readers=[62, 62, 62, 62, 62, 62, 62, 62, 62, 62] / writers=[63]
OOO / Test #36 / 1439449712855 / readers=[47, 47, 47, 47, 47, 47, 47, 47, 47, 47] / writers=[48]
OOO / Test #61 / 1439449712855 / readers=[47, 47, 47, 47, 48, 48, 48, 48, 48, 47] / writers=[48]
OOO / Test #162 / 1439449712855 / readers=[43, 43, 43, 43, 43, 43, 43, 43, 43, 43] / writers=[44]
OOO / Test #27 / 1439449712894 / readers=[45, 45, 45, 45, 45, 45, 45, 45, 45, 45] / writers=[46]
OOO / Test #95 / 1439449712894 / readers=[51, 51, 51, 51, 51, 51, 50, 51, 51, 51] / writers=[51]
OOO / Test #31 / 1439449712855 / readers=[47, 47, 47, 47, 48, 47, 47, 47, 47, 47] / writers=[48]
OOO / Test #40 / 1439449712852 / readers=[48, 49, 49, 49, 49, 49, 49, 49, 49, 49] / writers=[49]
OOO / Test #18 / 1439449712852 / readers=[54, 54, 55, 54, 54, 54, 54, 54, 55, 54] / writers=[55]
OOO / Test #148 / 1439449712852 / readers=[41, 42, 41, 42, 41, 42, 41, 41, 41, 42] / writers=[42]
OOO / Test #44 / 1439449712852 / readers=[47, 47, 47, 47, 47, 47, 47, 46, 47, 47] / writers=[47]
OOO / Test #49 / 1439449712852 / readers=[51, 51, 51, 51, 51, 50, 50, 50, 51, 51] / writers=[51]
OOO / Test #198 / 1439449712852 / readers=[49, 49, 49, 49, 49, 49, 49, 49, 48, 48] / writers=[49]
OOO / Test #28 / 1439449712852 / readers=[51, 51, 51, 51, 51, 51, 51, 51, 51, 52] / writers=[52]
OOO / Test #167 / 1439449712852 / readers=[42, 42, 42, 42, 42, 42, 42, 42, 42, 42] / writers=[43]
OOO / Test #55 / 1439449712852 / readers=[52, 52, 52, 52, 51, 51, 51, 51, 51, 52] / writers=[52]
OOO / Test #146 / 1439449712850 / readers=[52, 52, 52, 51, 52, 52, 52, 51, 51, 51] / writers=[52]
OOO / Test #180 / 1439449712850 / readers=[42, 41, 41, 41, 41, 41, 41, 41, 41, 42] / writers=[42]
OOO / Test #62 / 1439449712850 / readers=[45, 46, 46, 46, 45, 45, 45, 45, 45, 45] / writers=[46]
OOO / Test #14 / 1439449712850 / readers=[73, 74, 74, 74, 74, 74, 73, 73, 74, 74] / writers=[74]
OOO / Test #157 / 1439449712850 / readers=[48, 48, 48, 48, 48, 48, 48, 47, 47, 48] / writers=[48]
OOO / Test #64 / 1439449712850 / readers=[46, 46, 46, 46, 46, 46, 46, 46, 46, 45] / writers=[46]
OOO / Test #34 / 1439449712850 / readers=[49, 50, 50, 49, 49, 50, 50, 49, 50, 49] / writers=[50]
OOO / Test #39 / 1439449712850 / readers=[51, 50, 51, 51, 51, 51, 50, 50, 50, 51] / writers=[51]
OOO / Test #157 / 1439449712901 / readers=[49, 49, 49, 49, 49, 49, 48, 48, 48, 49] / writers=[49]
OOO / Test #23 / 1439449712850 / readers=[52, 51, 52, 51, 51, 51, 51, 51, 51, 51] / writers=[52]
OOO / Test #59 / 1439449712850 / readers=[49, 49, 49, 49, 48, 48, 48, 48, 48, 48] / writers=[49]
OOO / Test #4 / 1439449712850 / readers=[70, 70, 70, 70, 70, 70, 70, 69, 69, 70] / writers=[70]
OOO / Test #22 / 1439449712847 / readers=[50, 50, 51, 50, 51, 51, 50, 50, 50, 50] / writers=[51]
OOO / Test #35 / 1439449712847 / readers=[52, 51, 51, 51, 51, 51, 52, 52, 52, 51] / writers=[52]
OOO / Test #147 / 1439449712847 / readers=[42, 41, 41, 42, 41, 41, 41, 42, 41, 41] / writers=[42]
OOO / Test #26 / 1439449712847 / readers=[44, 44, 44, 44, 44, 45, 44, 44, 44, 45] / writers=[45]
OOO / Test #59 / 1439449712903 / readers=[50, 50, 50, 49, 49, 49, 49, 49, 49, 49] / writers=[50]
OOO / Test #58 / 1439449712847 / readers=[47, 47, 48, 48, 47, 48, 48, 48, 47, 47] / writers=[48]
OOO / Test #4 / 1439449712903 / readers=[71, 71, 71, 71, 71, 71, 70, 70, 70, 71] / writers=[71]
OOO / Test #33 / 1439449712847 / readers=[41, 41, 40, 41, 40, 40, 40, 40, 41, 40] / writers=[41]
OOO / Test #133 / 1439449712847 / readers=[41, 41, 41, 41, 40, 40, 40, 40, 40, 41] / writers=[41]
OOO / Test #46 / 1439449712847 / readers=[54, 55, 55, 55, 55, 55, 54, 55, 55, 55] / writers=[55]
OOO / Test #12 / 1439449712843 / readers=[68, 68, 68, 68, 68, 68, 68, 68, 68, 67] / writers=[68]
OOO / Test #51 / 1439449712843 / readers=[49, 50, 49, 49, 49, 50, 49, 49, 49, 49] / writers=[50]
OOO / Test #73 / 1439449712843 / readers=[47, 47, 47, 47, 47, 47, 47, 47, 46, 46] / writers=[47]
OOO / Test #38 / 1439449712843 / readers=[49, 49, 50, 50, 50, 49, 49, 49, 49, 49] / writers=[50]
OOO / Test #155 / 1439449712843 / readers=[45, 44, 44, 44, 44, 44, 45, 45, 45, 45] / writers=[45]
OOO / Test #41 / 1439449712843 / readers=[42, 42, 42, 42, 42, 42, 42, 42, 42, 42] / writers=[43]
OOO / Test #12 / 1439449712906 / readers=[69, 69, 69, 69, 69, 69, 69, 69, 68, 68] / writers=[69]
OOO / Test #42 / 1439449712843 / readers=[51, 51, 50, 51, 50, 51, 50, 50, 50, 50] / writers=[51]
OOO / Test #73 / 1439449712906 / readers=[48, 48, 48, 48, 48, 48, 48, 47, 47, 47] / writers=[48]
OOO / Test #80 / 1439449712843 / readers=[41, 41, 41, 40, 40, 40, 40, 40, 40, 40] / writers=[41]
OOO / Test #19 / 1439449712840 / readers=[52, 52, 51, 52, 52, 52, 52, 52, 52, 52] / writers=[52]
OOO / Test #145 / 1439449712840 / readers=[44, 45, 44, 45, 45, 44, 44, 44, 44, 44] / writers=[45]
OOO / Test #109 / 1439449712840 / readers=[53, 52, 53, 52, 52, 52, 52, 52, 52, 52] / writers=[53]
OOO / Test #52 / 1439449712840 / readers=[52, 52, 52, 51, 51, 51, 51, 51, 51, 51] / writers=[52]
OOO / Test #45 / 1439449712840 / readers=[54, 54, 54, 54, 54, 54, 53, 54, 54, 53] / writers=[54]
OOO / Test #122 / 1439449712840 / readers=[49, 49, 49, 49, 49, 49, 48, 48, 48, 48] / writers=[49]
OOO / Test #16 / 1439449712840 / readers=[64, 64, 63, 63, 64, 63, 63, 63, 63, 64] / writers=[64]
OOO / Test #154 / 1439449712840 / readers=[50, 51, 51, 50, 51, 51, 50, 50, 50, 50] / writers=[51]
OOO / Test #109 / 1439449712909 / readers=[54, 53, 53, 53, 53, 53, 53, 53, 53, 53] / writers=[54]
OOO / Test #32 / 1439449712840 / readers=[48, 47, 48, 48, 48, 47, 47, 48, 48, 47] / writers=[48]
OOO / Test #37 / 1439449712840 / readers=[43, 43, 43, 43, 43, 43, 43, 43, 43, 43] / writers=[44]
OOO / Test #21 / 1439449712837 / readers=[64, 64, 63, 63, 63, 64, 63, 63, 63, 63] / writers=[64]
OOO / Test #24 / 1439449712837 / readers=[54, 53, 53, 53, 53, 54, 53, 53, 54, 53] / writers=[54]
OOO / Test #56 / 1439449712837 / readers=[55, 55, 55, 56, 55, 55, 55, 55, 55, 55] / writers=[56]
OOO / Test #17 / 1439449712837 / readers=[56, 57, 56, 57, 56, 56, 56, 56, 56, 57] / writers=[57]
OOO / Test #57 / 1439449712837 / readers=[52, 52, 52, 52, 52, 52, 51, 52, 52, 52] / writers=[52]
OOO / Test #137 / 1439449712837 / readers=[41, 42, 42, 41, 41, 41, 41, 41, 41, 41] / writers=[42]
OOO / Test #149 / 1439449712837 / readers=[42, 42, 41, 42, 41, 41, 41, 41, 41, 41] / writers=[42]
OOO / Test #56 / 1439449712911 / readers=[56, 56, 56, 56, 56, 56, 56, 56, 56, 56] / writers=[57]
OOO / Test #37 / 1439449712911 / readers=[45, 46, 46, 46, 46, 46, 46, 46, 46, 46] / writers=[46]
OOO / Test #48 / 1439449712837 / readers=[47, 47, 47, 47, 47, 47, 47, 47, 46, 46] / writers=[47]
OOO / Test #6 / 1439449712834 / readers=[74, 74, 74, 75, 75, 74, 74, 74, 74, 74] / writers=[75]
OOO / Test #90 / 1439449712834 / readers=[42, 42, 41, 41, 41, 41, 41, 41, 41, 41] / writers=[42]
OOO / Test #84 / 1439449712834 / readers=[44, 43, 43, 43, 43, 43, 43, 43, 43, 43] / writers=[44]
OOO / Test #127 / 1439449712834 / readers=[47, 47, 47, 47, 47, 47, 47, 47, 47, 46] / writers=[47]
OOO / Test #48 / 1439449712914 / readers=[48, 48, 48, 48, 48, 48, 48, 47, 47, 47] / writers=[48]
OOO / Test #75 / 1439449712834 / readers=[40, 40, 40, 40, 39, 39, 39, 39, 39, 39] / writers=[40]
OOO / Test #114 / 1439449712834 / readers=[52, 51, 52, 52, 51, 51, 51, 51, 51, 51] / writers=[52]
OOO / Test #10 / 1439449712834 / readers=[53, 54, 53, 53, 53, 53, 53, 54, 53, 53] / writers=[54]
OOO / Test #101 / 1439449712834 / readers=[39, 39, 40, 39, 39, 39, 39, 39, 39, 39] / writers=[40]
OOO / Test #144 / 1439449712834 / readers=[43, 42, 42, 42, 42, 42, 42, 42, 42, 42] / writers=[43]
OOO / Test #91 / 1439449712834 / readers=[40, 40, 40, 39, 40, 39, 39, 39, 39, 39] / writers=[40]
OOO / Test #139 / 1439449712831 / readers=[47, 47, 47, 47, 47, 47, 47, 47, 46, 46] / writers=[47]
OOO / Test #9 / 1439449712831 / readers=[69, 69, 70, 70, 70, 70, 70, 70, 69, 69] / writers=[70]
OOO / Test #8 / 1439449712831 / readers=[71, 70, 70, 71, 71, 70, 70, 70, 71, 70] / writers=[71]
OOO / Test #65 / 1439449712831 / readers=[52, 52, 52, 51, 51, 51, 51, 51, 51, 51] / writers=[52]
OOO / Test #118 / 1439449712831 / readers=[41, 41, 41, 40, 41, 40, 40, 40, 40, 40] / writers=[41]
OOO / Test #128 / 1439449712831 / readers=[43, 43, 43, 43, 43, 43, 43, 43, 43, 43] / writers=[44]
OOO / Test #130 / 1439449712831 / readers=[46, 46, 46, 47, 47, 47, 47, 47, 46, 46] / writers=[47]
OOO / Test #9 / 1439449712916 / readers=[70, 70, 70, 71, 71, 71, 71, 71, 70, 70] / writers=[71]
OOO / Test #86 / 1439449712831 / readers=[41, 41, 41, 40, 40, 40, 40, 40, 40, 40] / writers=[41]
OOO / Test #65 / 1439449712916 / readers=[53, 52, 53, 52, 52, 52, 52, 52, 52, 52] / writers=[53]
OOO / Test #66 / 1439449712827 / readers=[41, 41, 41, 40, 40, 40, 40, 40, 40, 40] / writers=[41]
OOO / Test #124 / 1439449712827 / readers=[42, 43, 42, 42, 42, 42, 42, 42, 42, 42] / writers=[43]
OOO / Test #151 / 1439449712827 / readers=[42, 41, 42, 41, 41, 41, 41, 41, 41, 41] / writers=[42]
OOO / Test #116 / 1439449712827 / readers=[48, 48, 48, 48, 48, 48, 48, 47, 47, 47] / writers=[48]
OOO / Test #74 / 1439449712827 / readers=[44, 44, 44, 44, 45, 44, 44, 44, 45, 44] / writers=[45]
OOO / Test #78 / 1439449712827 / readers=[47, 47, 47, 47, 47, 47, 47, 46, 47, 46] / writers=[47]
OOO / Test #141 / 1439449712827 / readers=[48, 48, 48, 48, 48, 48, 47, 48, 47, 47] / writers=[48]
OOO / Test #29 / 1439449712827 / readers=[48, 48, 48, 49, 49, 48, 48, 48, 49, 49] / writers=[49]
OOO / Test #82 / 1439449712823 / readers=[44, 44, 44, 44, 44, 44, 44, 44, 44, 44] / writers=[45]
OOO / Test #87 / 1439449712823 / readers=[41, 41, 42, 42, 41, 41, 41, 41, 41, 41] / writers=[42]
OOO / Test #63 / 1439449712823 / readers=[38, 38, 38, 38, 38, 38, 37, 37, 37, 37] / writers=[38]
OOO / Test #76 / 1439449712823 / readers=[50, 50, 50, 50, 50, 49, 49, 49, 49, 49] / writers=[50]
OOO / Test #77 / 1439449712823 / readers=[50, 50, 50, 50, 50, 49, 49, 49, 49, 49] / writers=[50]
OOO / Test #125 / 1439449712823 / readers=[42, 42, 41, 41, 41, 41, 41, 41, 41, 41] / writers=[42]
OOO / Test #112 / 1439449712823 / readers=[46, 46, 46, 46, 46, 46, 46, 46, 46, 45] / writers=[46]
OOO / Test #87 / 1439449712923 / readers=[42, 42, 42, 43, 42, 42, 42, 42, 42, 42] / writers=[43]
OOO / Test #93 / 1439449712823 / readers=[44, 44, 44, 44, 44, 44, 44, 44, 44, 44] / writers=[45]
OOO / Test #96 / 1439449712823 / readers=[43, 43, 43, 43, 43, 43, 43, 43, 43, 43] / writers=[44]
OOO / Test #85 / 1439449712821 / readers=[47, 47, 47, 47, 47, 47, 47, 47, 47, 46] / writers=[47]
OOO / Test #71 / 1439449712821 / readers=[44, 44, 45, 45, 45, 45, 45, 45, 45, 45] / writers=[45]
OOO / Test #89 / 1439449712821 / readers=[48, 48, 48, 48, 48, 48, 48, 47, 47, 47] / writers=[48]
OOO / Test #88 / 1439449712820 / readers=[49, 49, 49, 49, 49, 49, 48, 48, 48, 48] / writers=[49]
OOO / Test #117 / 1439449712820 / readers=[47, 47, 47, 47, 47, 47, 47, 47, 46, 46] / writers=[47]
OOO / Test #68 / 1439449712820 / readers=[41, 42, 41, 41, 41, 41, 41, 41, 41, 41] / writers=[42]
OOO / Test #135 / 1439449712820 / readers=[47, 47, 47, 47, 47, 47, 47, 47, 47, 46] / writers=[47]
OOO / Test #88 / 1439449712926 / readers=[50, 50, 50, 50, 50, 49, 49, 49, 49, 49] / writers=[50]
OOO / Test #81 / 1439449712820 / readers=[44, 44, 44, 44, 45, 45, 44, 45, 45, 45] / writers=[45]
OOO / Test #92 / 1439449712817 / readers=[47, 47, 47, 47, 47, 47, 47, 47, 46, 47] / writers=[47]
OOO / Test #136 / 1439449712817 / readers=[44, 45, 45, 45, 45, 45, 45, 45, 45, 45] / writers=[45]
OOO / Test #113 / 1439449712817 / readers=[48, 48, 48, 47, 48, 48, 48, 48, 47, 47] / writers=[48]
OOO / Test #106 / 1439449712817 / readers=[43, 44, 44, 43, 43, 43, 43, 44, 44, 44] / writers=[44]
OOO / Test #104 / 1439449712817 / readers=[43, 43, 43, 43, 43, 43, 43, 43, 43, 43] / writers=[44]
OOO / Test #132 / 1439449712817 / readers=[42, 42, 41, 41, 41, 41, 41, 41, 42, 41] / writers=[42]
OOO / Test #143 / 1439449712817 / readers=[37, 37, 37, 37, 37, 37, 37, 36, 36, 36] / writers=[37]
OOO / Test #129 / 1439449712817 / readers=[47, 47, 47, 47, 47, 47, 47, 47, 47, 46] / writers=[47]
OOO / Test #108 / 1439449712814 / readers=[48, 48, 48, 48, 48, 48, 48, 47, 47, 47] / writers=[48]
OOO / Test #67 / 1439449712814 / readers=[44, 43, 43, 44, 44, 44, 44, 44, 44, 44] / writers=[44]
OOO / Test #102 / 1439449712814 / readers=[42, 42, 41, 41, 41, 42, 41, 41, 41, 41] / writers=[42]
OOO / Test #79 / 1439449712814 / readers=[39, 38, 39, 39, 39, 39, 38, 38, 38, 38] / writers=[39]
OOO / Test #104 / 1439449712929 / readers=[46, 46, 46, 46, 46, 46, 46, 46, 46, 45] / writers=[46]
OOO / Test #69 / 1439449712814 / readers=[45, 44, 44, 44, 45, 45, 45, 44, 45, 45] / writers=[45]
OOO / Test #108 / 1439449712929 / readers=[49, 49, 49, 49, 49, 49, 48, 48, 48, 48] / writers=[49]
OOO / Test #70 / 1439449712814 / readers=[41, 41, 41, 40, 40, 40, 40, 40, 40, 40] / writers=[41]
OOO / Test #110 / 1439449712814 / readers=[43, 42, 43, 43, 42, 42, 42, 42, 42, 42] / writers=[43]
OOO / Test #134 / 1439449712814 / readers=[48, 47, 48, 48, 47, 48, 48, 47, 48, 47] / writers=[48]
OOO / Test #123 / 1439449712811 / readers=[39, 39, 39, 39, 38, 39, 38, 38, 39, 38] / writers=[39]
OOO / Test #108 / 1439449712932 / readers=[50, 50, 50, 50, 50, 49, 49, 49, 49, 49] / writers=[50]
OOO / Test #142 / 1439449712811 / readers=[44, 45, 45, 45, 45, 45, 45, 45, 45, 45] / writers=[45]
OOO / Test #70 / 1439449712932 / readers=[42, 42, 41, 41, 41, 41, 41, 41, 41, 41] / writers=[42]
OOO / Test #115 / 1439449712811 / readers=[39, 39, 39, 39, 39, 39, 39, 39, 39, 39] / writers=[40]
OOO / Test #134 / 1439449712932 / readers=[49, 48, 49, 49, 48, 49, 48, 48, 49, 48] / writers=[49]
OOO / Test #83 / 1439449712811 / readers=[49, 49, 48, 49, 49, 49, 48, 49, 48, 48] / writers=[49]
OOO / Test #138 / 1439449712811 / readers=[47, 47, 47, 47, 46, 47, 47, 47, 46, 47] / writers=[47]
OOO / Test #120 / 1439449712811 / readers=[47, 47, 47, 47, 47, 47, 47, 47, 46, 46] / writers=[47]
OOO / Test #105 / 1439449712811 / readers=[42, 42, 41, 41, 41, 41, 41, 41, 41, 41] / writers=[42]
OOO / Test #121 / 1439449712811 / readers=[42, 42, 42, 42, 42, 42, 42, 42, 42, 42] / writers=[43]
OOO / Test #103 / 1439449712811 / readers=[51, 50, 51, 51, 51, 50, 50, 50, 50, 50] / writers=[51]
OOO / Test #140 / 1439449712808 / readers=[55, 56, 56, 56, 56, 56, 56, 56, 56, 56] / writers=[56]
OOO / Test #138 / 1439449712936 / readers=[48, 48, 48, 48, 47, 48, 47, 48, 47, 48] / writers=[48]
OOO / Test #98 / 1439449712808 / readers=[40, 41, 41, 40, 40, 40, 40, 41, 40, 40] / writers=[41]
OOO / Test #1 / 1439449712808 / readers=[43, 42, 42, 42, 42, 43, 42, 42, 42, 42] / writers=[43]
OOO / Test #103 / 1439449712936 / readers=[52, 51, 52, 52, 51, 51, 51, 51, 51, 51] / writers=[52]
OOO / Test #111 / 1439449712808 / readers=[50, 51, 51, 51, 50, 50, 50, 50, 50, 50] / writers=[51]
OOO / Test #99 / 1439449712808 / readers=[43, 42, 42, 42, 42, 42, 42, 42, 42, 42] / writers=[43]
OOO / Test #25 / 1439449712808 / readers=[49, 48, 49, 48, 48, 48, 49, 49, 49, 49] / writers=[49]
OOO / Test #126 / 1439449712805 / readers=[43, 43, 43, 43, 43, 43, 43, 43, 43, 44] / writers=[44]
OOO / Test #94 / 1439449712805 / readers=[36, 36, 37, 37, 37, 37, 36, 36, 36, 36] / writers=[37]
OOO / Test #131 / 1439449712805 / readers=[38, 37, 38, 38, 38, 38, 38, 37, 38, 37] / writers=[38]
OOO / Test #111 / 1439449712938 / readers=[51, 51, 52, 52, 51, 51, 51, 51, 51, 51] / writers=[52]
OOO / Test #99 / 1439449712938 / readers=[43, 43, 43, 43, 43, 43, 43, 43, 43, 43] / writers=[44]
OOO / Test #5 / 1439449712805 / readers=[63, 63, 64, 64, 64, 63, 63, 63, 63, 63] / writers=[64]
OOO / Test #25 / 1439449712938 / readers=[50, 49, 50, 49, 49, 49, 49, 50, 50, 50] / writers=[50]
OOO / Test #126 / 1439449712938 / readers=[44, 44, 44, 44, 44, 44, 44, 44, 44, 44] / writers=[45]
OOO / Test #107 / 1439449712805 / readers=[40, 40, 40, 40, 40, 39, 39, 39, 40, 40] / writers=[40]
OOO / Test #119 / 1439449712805 / readers=[40, 41, 41, 40, 41, 40, 40, 41, 41, 41] / writers=[41]
OOO / Test #72 / 1439449712805 / readers=[44, 44, 44, 44, 44, 44, 44, 44, 44, 44] / writers=[45]
OOO / Test #107 / 1439449712941 / readers=[41, 41, 41, 41, 40, 40, 40, 40, 41, 41] / writers=[41]
OOO / Test #99 / 1439449712939 / readers=[46, 46, 46, 46, 46, 46, 46, 46, 46, 45] / writers=[46]
OOO / Test #5 / 1439449712939 / readers=[64, 64, 65, 65, 64, 64, 64, 64, 64, 64] / writers=[65]
OOO / Test #25 / 1439449712939 / readers=[51, 50, 50, 50, 50, 50, 50, 51, 51, 51] / writers=[51]
OOO / Test #107 / 1439449712941 / readers=[42, 42, 42, 41, 41, 41, 41, 41, 42, 42] / writers=[42]
OOO / Test #94 / 1439449712939 / readers=[39, 39, 39, 39, 39, 38, 39, 39, 39, 39] / writers=[39]
OOO / Test #131 / 1439449712939 / readers=[38, 38, 39, 39, 39, 39, 39, 38, 39, 38] / writers=[39]
OOO / Test #111 / 1439449712939 / readers=[52, 52, 53, 52, 52, 52, 52, 52, 52, 52] / writers=[53]
OOO / Test #103 / 1439449712938 / readers=[53, 52, 53, 52, 52, 52, 52, 52, 52, 52] / writers=[53]
OOO / Test #1 / 1439449712936 / readers=[43, 43, 43, 43, 43, 44, 43, 43, 43, 43] / writers=[44]
OOO / Test #121 / 1439449712936 / readers=[45, 44, 45, 45, 45, 45, 45, 45, 45, 45] / writers=[45]
OOO / Test #98 / 1439449712936 / readers=[41, 42, 41, 41, 41, 41, 41, 42, 41, 41] / writers=[42]
OOO / Test #131 / 1439449712944 / readers=[39, 39, 40, 40, 40, 40, 39, 39, 40, 39] / writers=[40]
OOO / Test #111 / 1439449712944 / readers=[53, 53, 53, 53, 53, 53, 53, 53, 53, 53] / writers=[54]
OOO / Test #140 / 1439449712936 / readers=[56, 57, 57, 57, 57, 57, 57, 57, 57, 56] / writers=[57]
OOO / Test #138 / 1439449712936 / readers=[49, 49, 49, 49, 48, 49, 48, 49, 48, 48] / writers=[49]
OOO / Test #105 / 1439449712936 / readers=[43, 42, 42, 42, 42, 42, 42, 42, 42, 42] / writers=[43]
OOO / Test #120 / 1439449712936 / readers=[48, 48, 48, 48, 48, 48, 48, 47, 47, 47] / writers=[48]
OOO / Test #83 / 1439449712936 / readers=[50, 50, 49, 50, 50, 50, 49, 49, 49, 49] / writers=[50]
OOO / Test #115 / 1439449712932 / readers=[41, 41, 41, 41, 40, 40, 40, 40, 40, 41] / writers=[41]
OOO / Test #134 / 1439449712932 / readers=[50, 49, 50, 49, 49, 50, 49, 49, 50, 49] / writers=[50]
OOO / Test #70 / 1439449712932 / readers=[43, 42, 42, 42, 42, 42, 42, 42, 42, 42] / writers=[43]
OOO / Test #120 / 1439449712946 / readers=[49, 49, 49, 49, 48, 49, 49, 48, 48, 48] / writers=[49]
OOO / Test #142 / 1439449712932 / readers=[45, 46, 46, 46, 46, 46, 46, 46, 46, 45] / writers=[46]
OOO / Test #123 / 1439449712932 / readers=[40, 40, 40, 39, 39, 40, 39, 39, 40, 39] / writers=[40]
OOO / Test #108 / 1439449712932 / readers=[51, 51, 51, 51, 50, 50, 50, 50, 50, 50] / writers=[51]
OOO / Test #110 / 1439449712932 / readers=[44, 43, 44, 43, 43, 43, 43, 43, 43, 43] / writers=[44]
OOO / Test #69 / 1439449712929 / readers=[45, 45, 45, 45, 46, 46, 46, 45, 46, 46] / writers=[46]
OOO / Test #104 / 1439449712929 / readers=[47, 47, 47, 47, 47, 47, 47, 46, 47, 46] / writers=[47]
OOO / Test #79 / 1439449712929 / readers=[40, 39, 39, 40, 40, 40, 39, 39, 39, 39] / writers=[40]
OOO / Test #102 / 1439449712929 / readers=[42, 43, 42, 42, 42, 43, 42, 42, 42, 42] / writers=[43]
OOO / Test #67 / 1439449712929 / readers=[45, 44, 44, 45, 45, 45, 44, 45, 45, 45] / writers=[45]
OOO / Test #129 / 1439449712929 / readers=[48, 48, 48, 48, 48, 48, 48, 48, 47, 47] / writers=[48]
OOO / Test #143 / 1439449712929 / readers=[38, 38, 38, 38, 38, 38, 37, 37, 37, 37] / writers=[38]
OOO / Test #132 / 1439449712929 / readers=[43, 42, 42, 42, 42, 42, 42, 42, 43, 42] / writers=[43]
OOO / Test #102 / 1439449712949 / readers=[43, 43, 43, 43, 43, 44, 43, 43, 43, 43] / writers=[44]
OOO / Test #106 / 1439449712929 / readers=[44, 45, 45, 44, 44, 44, 44, 45, 45, 44] / writers=[45]
OOO / Test #113 / 1439449712927 / readers=[49, 49, 49, 48, 49, 49, 49, 48, 48, 48] / writers=[49]
OOO / Test #136 / 1439449712926 / readers=[45, 46, 46, 46, 46, 46, 46, 46, 46, 45] / writers=[46]
OOO / Test #92 / 1439449712926 / readers=[48, 48, 48, 48, 48, 48, 48, 47, 47, 48] / writers=[48]
OOO / Test #81 / 1439449712926 / readers=[45, 45, 45, 45, 46, 46, 45, 46, 46, 45] / writers=[46]
OOO / Test #135 / 1439449712926 / readers=[47, 47, 48, 47, 48, 47, 48, 48, 47, 47] / writers=[48]
OOO / Test #88 / 1439449712926 / readers=[51, 51, 51, 50, 51, 50, 50, 50, 50, 50] / writers=[51]
OOO / Test #68 / 1439449712926 / readers=[43, 42, 42, 42, 42, 42, 42, 42, 42, 42] / writers=[43]
OOO / Test #117 / 1439449712926 / readers=[48, 48, 48, 48, 48, 48, 47, 48, 47, 47] / writers=[48]
OOO / Test #89 / 1439449712926 / readers=[49, 49, 49, 49, 49, 49, 48, 48, 48, 48] / writers=[49]
OOO / Test #81 / 1439449712952 / readers=[46, 46, 46, 46, 47, 47, 46, 46, 47, 46] / writers=[47]
OOO / Test #135 / 1439449712952 / readers=[48, 48, 49, 48, 49, 48, 49, 48, 48, 48] / writers=[49]
OOO / Test #93 / 1439449712923 / readers=[47, 47, 47, 47, 47, 47, 47, 47, 47, 46] / writers=[47]
OOO / Test #96 / 1439449712923 / readers=[46, 46, 46, 46, 46, 46, 46, 46, 46, 45] / writers=[46]
OOO / Test #71 / 1439449712923 / readers=[45, 45, 46, 46, 46, 46, 46, 46, 45, 46] / writers=[46]
OOO / Test #85 / 1439449712923 / readers=[48, 48, 48, 48, 48, 48, 47, 48, 48, 47] / writers=[48]
OOO / Test #112 / 1439449712923 / readers=[47, 47, 47, 47, 47, 47, 47, 47, 46, 46] / writers=[47]
OOO / Test #87 / 1439449712923 / readers=[43, 43, 43, 43, 43, 43, 43, 43, 43, 43] / writers=[44]
OOO / Test #125 / 1439449712923 / readers=[43, 42, 42, 42, 42, 42, 42, 42, 42, 42] / writers=[43]
OOO / Test #77 / 1439449712923 / readers=[50, 51, 51, 51, 51, 50, 50, 50, 50, 50] / writers=[51]
OOO / Test #71 / 1439449712956 / readers=[46, 46, 47, 47, 47, 47, 47, 47, 46, 46] / writers=[47]
OOO / Test #85 / 1439449712956 / readers=[49, 49, 49, 48, 49, 49, 48, 49, 49, 48] / writers=[49]
OOO / Test #63 / 1439449712923 / readers=[39, 39, 39, 39, 39, 38, 38, 38, 38, 38] / writers=[39]
OOO / Test #76 / 1439449712923 / readers=[51, 51, 51, 51, 50, 50, 50, 50, 50, 50] / writers=[51]
OOO / Test #82 / 1439449712920 / readers=[47, 47, 47, 47, 47, 47, 47, 47, 47, 46] / writers=[47]
OOO / Test #29 / 1439449712920 / readers=[49, 49, 49, 50, 50, 49, 49, 49, 49, 50] / writers=[50]
OOO / Test #141 / 1439449712920 / readers=[49, 49, 49, 48, 49, 49, 48, 49, 48, 48] / writers=[49]
OOO / Test #74 / 1439449712920 / readers=[45, 45, 45, 45, 46, 45, 45, 45, 45, 45] / writers=[46]
OOO / Test #63 / 1439449712958 / readers=[40, 40, 40, 39, 40, 39, 39, 39, 39, 39] / writers=[40]
OOO / Test #78 / 1439449712920 / readers=[48, 48, 48, 48, 48, 48, 48, 47, 47, 47] / writers=[48]
OOO / Test #116 / 1439449712920 / readers=[49, 48, 49, 49, 49, 49, 49, 48, 48, 48] / writers=[49]
OOO / Test #151 / 1439449712920 / readers=[42, 42, 43, 42, 42, 42, 42, 42, 42, 42] / writers=[43]
OOO / Test #29 / 1439449712958 / readers=[50, 50, 50, 50, 51, 50, 50, 50, 50, 51] / writers=[51]
OOO / Test #141 / 1439449712958 / readers=[50, 50, 50, 49, 50, 50, 49, 49, 49, 49] / writers=[50]
OOO / Test #65 / 1439449712920 / readers=[54, 53, 53, 53, 53, 53, 53, 53, 53, 53] / writers=[54]
OOO / Test #124 / 1439449712920 / readers=[43, 43, 43, 43, 43, 43, 43, 43, 43, 43] / writers=[44]
OOO / Test #66 / 1439449712920 / readers=[42, 42, 41, 41, 41, 41, 41, 41, 41, 41] / writers=[42]
OOO / Test #128 / 1439449712916 / readers=[46, 46, 46, 46, 46, 46, 46, 46, 46, 45] / writers=[46]
OOO / Test #86 / 1439449712916 / readers=[42, 42, 41, 41, 41, 41, 41, 41, 41, 41] / writers=[42]
OOO / Test #130 / 1439449712916 / readers=[47, 47, 47, 47, 48, 48, 48, 48, 47, 47] / writers=[48]
OOO / Test #9 / 1439449712916 / readers=[71, 71, 71, 71, 72, 72, 72, 72, 71, 71] / writers=[72]
OOO / Test #66 / 1439449712961 / readers=[43, 42, 42, 42, 42, 42, 42, 42, 42, 42] / writers=[43]
OOO / Test #118 / 1439449712916 / readers=[42, 41, 42, 41, 42, 41, 41, 41, 41, 41] / writers=[42]
OOO / Test #8 / 1439449712916 / readers=[72, 71, 71, 72, 71, 71, 71, 71, 72, 71] / writers=[72]
OOO / Test #139 / 1439449712916 / readers=[48, 48, 48, 48, 48, 48, 48, 47, 47, 47] / writers=[48]
OOO / Test #91 / 1439449712916 / readers=[41, 41, 40, 40, 41, 40, 40, 40, 40, 40] / writers=[41]
OOO / Test #144 / 1439449712914 / readers=[43, 43, 43, 43, 43, 43, 43, 43, 43, 43] / writers=[44]
OOO / Test #101 / 1439449712914 / readers=[40, 40, 40, 40, 40, 40, 40, 40, 40, 40] / writers=[41]
OOO / Test #10 / 1439449712914 / readers=[54, 55, 54, 54, 54, 54, 54, 54, 54, 54] / writers=[55]
OOO / Test #114 / 1439449712914 / readers=[53, 52, 53, 52, 52, 52, 52, 52, 52, 52] / writers=[53]
OOO / Test #75 / 1439449712914 / readers=[41, 41, 41, 40, 40, 40, 40, 40, 40, 40] / writers=[41]
OOO / Test #48 / 1439449712914 / readers=[49, 49, 49, 49, 49, 48, 49, 48, 48, 48] / writers=[49]
OOO / Test #127 / 1439449712914 / readers=[48, 48, 48, 48, 48, 48, 48, 47, 48, 47] / writers=[48]
OOO / Test #84 / 1439449712914 / readers=[44, 44, 44, 44, 44, 44, 44, 44, 44, 44] / writers=[45]
OOO / Test #6 / 1439449712914 / readers=[75, 75, 75, 75, 76, 75, 75, 75, 75, 75] / writers=[76]
OOO / Test #90 / 1439449712914 / readers=[42, 43, 42, 42, 42, 42, 42, 42, 42, 42] / writers=[43]
OOO / Test #56 / 1439449712911 / readers=[59, 59, 59, 59, 59, 59, 59, 59, 59, 58] / writers=[59]
OOO / Test #149 / 1439449712911 / readers=[43, 42, 42, 43, 42, 42, 42, 42, 42, 42] / writers=[43]
OOO / Test #37 / 1439449712911 / readers=[46, 47, 47, 47, 47, 47, 47, 47, 47, 46] / writers=[47]
OOO / Test #137 / 1439449712911 / readers=[42, 43, 42, 42, 42, 42, 42, 42, 42, 42] / writers=[43]
OOO / Test #6 / 1439449712966 / readers=[76, 76, 76, 76, 76, 76, 76, 76, 76, 76] / writers=[77]
OOO / Test #90 / 1439449712966 / readers=[43, 43, 43, 43, 43, 43, 43, 43, 43, 43] / writers=[44]
OOO / Test #56 / 1439449712966 / readers=[60, 60, 59, 60, 60, 60, 60, 60, 60, 59] / writers=[60]
OOO / Test #57 / 1439449712911 / readers=[53, 53, 53, 52, 53, 53, 52, 53, 53, 53] / writers=[53]
OOO / Test #17 / 1439449712911 / readers=[57, 58, 57, 57, 57, 57, 57, 57, 57, 58] / writers=[58]
OOO / Test #24 / 1439449712911 / readers=[55, 54, 54, 54, 54, 54, 54, 54, 55, 54] / writers=[55]
OOO / Test #21 / 1439449712911 / readers=[65, 64, 64, 64, 64, 65, 64, 64, 64, 64] / writers=[65]
OOO / Test #32 / 1439449712909 / readers=[49, 48, 49, 48, 49, 48, 48, 49, 49, 48] / writers=[49]
OOO / Test #109 / 1439449712909 / readers=[54, 54, 54, 54, 54, 54, 54, 54, 54, 54] / writers=[55]
OOO / Test #154 / 1439449712909 / readers=[51, 52, 52, 51, 52, 51, 51, 51, 51, 51] / writers=[52]
OOO / Test #16 / 1439449712909 / readers=[65, 65, 64, 64, 64, 64, 64, 64, 64, 65] / writers=[65]
OOO / Test #17 / 1439449712970 / readers=[58, 58, 58, 58, 58, 58, 58, 58, 58, 59] / writers=[59]
OOO / Test #45 / 1439449712909 / readers=[55, 54, 55, 55, 55, 55, 54, 55, 55, 54] / writers=[55]
OOO / Test #32 / 1439449712970 / readers=[50, 49, 50, 49, 50, 49, 49, 50, 49, 49] / writers=[50]
OOO / Test #122 / 1439449712909 / readers=[50, 50, 50, 50, 49, 50, 49, 49, 49, 49] / writers=[50]
OOO / Test #52 / 1439449712909 / readers=[53, 53, 52, 52, 52, 52, 52, 52, 52, 52] / writers=[53]
OOO / Test #145 / 1439449712909 / readers=[45, 46, 45, 46, 45, 45, 45, 45, 45, 45] / writers=[46]
OOO / Test #19 / 1439449712909 / readers=[53, 53, 52, 53, 53, 53, 53, 53, 53, 52] / writers=[53]
OOO / Test #80 / 1439449712909 / readers=[42, 42, 41, 41, 41, 41, 41, 41, 41, 41] / writers=[42]
OOO / Test #41 / 1439449712906 / readers=[45, 45, 45, 45, 44, 45, 45, 45, 45, 45] / writers=[45]
OOO / Test #73 / 1439449712906 / readers=[49, 49, 49, 49, 49, 49, 48, 48, 48, 48] / writers=[49]
OOO / Test #52 / 1439449712973 / readers=[53, 54, 53, 53, 53, 53, 53, 53, 53, 53] / writers=[54]
OOO / Test #42 / 1439449712906 / readers=[52, 52, 51, 52, 51, 51, 51, 51, 51, 51] / writers=[52]
OOO / Test #19 / 1439449712973 / readers=[54, 53, 53, 54, 54, 54, 54, 54, 54, 53] / writers=[54]
OOO / Test #38 / 1439449712906 / readers=[50, 50, 51, 51, 50, 50, 50, 50, 50, 50] / writers=[51]
OOO / Test #155 / 1439449712906 / readers=[45, 45, 45, 45, 45, 45, 46, 46, 46, 46] / writers=[46]
OOO / Test #12 / 1439449712906 / readers=[70, 70, 70, 69, 70, 70, 70, 70, 69, 69] / writers=[70]
OOO / Test #51 / 1439449712906 / readers=[50, 50, 50, 50, 50, 51, 50, 50, 50, 50] / writers=[51]
OOO / Test #46 / 1439449712906 / readers=[55, 55, 56, 56, 56, 56, 55, 56, 56, 56] / writers=[56]
OOO / Test #155 / 1439449712978 / readers=[46, 46, 46, 46, 46, 46, 47, 47, 47, 46] / writers=[47]
OOO / Test #133 / 1439449712904 / readers=[42, 42, 42, 41, 41, 41, 41, 41, 41, 42] / writers=[42]
OOO / Test #33 / 1439449712903 / readers=[42, 42, 41, 41, 41, 41, 41, 41, 42, 41] / writers=[42]
OOO / Test #4 / 1439449712903 / readers=[72, 72, 72, 72, 72, 71, 71, 71, 71, 72] / writers=[72]
OOO / Test #58 / 1439449712903 / readers=[48, 48, 49, 49, 48, 49, 48, 49, 48, 48] / writers=[49]
OOO / Test #51 / 1439449712978 / readers=[51, 51, 51, 51, 51, 51, 51, 51, 51, 51] / writers=[52]
OOO / Test #26 / 1439449712903 / readers=[45, 45, 45, 45, 45, 46, 45, 45, 45, 45] / writers=[46]
OOO / Test #59 / 1439449712903 / readers=[51, 51, 50, 50, 50, 50, 50, 50, 50, 50] / writers=[51]
OOO / Test #147 / 1439449712903 / readers=[42, 42, 42, 43, 42, 42, 42, 43, 42, 42] / writers=[43]
OOO / Test #35 / 1439449712903 / readers=[53, 52, 52, 52, 52, 52, 53, 53, 52, 52] / writers=[53]
OOO / Test #22 / 1439449712903 / readers=[51, 51, 52, 51, 52, 51, 51, 51, 51, 51] / writers=[52]
OOO / Test #23 / 1439449712901 / readers=[53, 52, 52, 52, 52, 52, 52, 52, 52, 52] / writers=[53]
OOO / Test #157 / 1439449712901 / readers=[50, 50, 49, 50, 50, 50, 49, 49, 49, 50] / writers=[50]
OOO / Test #39 / 1439449712901 / readers=[52, 51, 52, 52, 51, 52, 51, 51, 51, 52] / writers=[52]
OOO / Test #34 / 1439449712901 / readers=[51, 51, 50, 50, 50, 51, 51, 50, 51, 50] / writers=[51]
OOO / Test #35 / 1439449712981 / readers=[54, 53, 53, 53, 53, 53, 54, 53, 53, 53] / writers=[54]
OOO / Test #64 / 1439449712901 / readers=[47, 47, 47, 47, 47, 46, 47, 47, 47, 46] / writers=[47]
OOO / Test #22 / 1439449712981 / readers=[52, 52, 53, 52, 52, 52, 52, 52, 52, 52] / writers=[53]
OOO / Test #62 / 1439449712901 / readers=[46, 46, 47, 47, 46, 46, 46, 46, 46, 46] / writers=[47]
OOO / Test #14 / 1439449712901 / readers=[74, 75, 75, 75, 75, 74, 74, 74, 75, 75] / writers=[75]
OOO / Test #180 / 1439449712901 / readers=[42, 42, 42, 42, 42, 42, 42, 42, 42, 43] / writers=[43]
OOO / Test #146 / 1439449712901 / readers=[53, 53, 53, 52, 53, 53, 52, 52, 52, 52] / writers=[53]
OOO / Test #167 / 1439449712898 / readers=[44, 45, 45, 45, 45, 45, 45, 45, 45, 45] / writers=[45]
OOO / Test #55 / 1439449712898 / readers=[53, 52, 53, 53, 52, 52, 52, 52, 52, 53] / writers=[53]
OOO / Test #22 / 1439449712984 / readers=[53, 53, 53, 53, 53, 53, 53, 53, 53, 53] / writers=[54]
OOO / Test #28 / 1439449712898 / readers=[52, 52, 52, 52, 52, 52, 52, 52, 52, 52] / writers=[53]
OOO / Test #62 / 1439449712984 / readers=[47, 47, 48, 47, 47, 47, 47, 47, 47, 47] / writers=[48]
OOO / Test #198 / 1439449712898 / readers=[50, 50, 50, 50, 50, 50, 50, 49, 49, 49] / writers=[50]
OOO / Test #49 / 1439449712898 / readers=[52, 52, 52, 52, 51, 51, 51, 51, 52, 52] / writers=[52]
OOO / Test #44 / 1439449712898 / readers=[48, 48, 48, 48, 48, 48, 47, 47, 48, 48] / writers=[48]
OOO / Test #18 / 1439449712898 / readers=[55, 55, 56, 55, 55, 55, 55, 55, 55, 55] / writers=[56]
OOO / Test #148 / 1439449712898 / readers=[42, 42, 42, 43, 42, 43, 42, 42, 42, 43] / writers=[43]
OOO / Test #40 / 1439449712897 / readers=[49, 50, 50, 50, 50, 49, 50, 50, 50, 50] / writers=[50]
OOO / Test #49 / 1439449712987 / readers=[53, 53, 52, 53, 52, 52, 52, 52, 53, 53] / writers=[53]
OOO / Test #31 / 1439449712897 / readers=[48, 48, 48, 48, 48, 48, 48, 48, 48, 48] / writers=[49]
OOO / Test #162 / 1439449712895 / readers=[46, 46, 46, 46, 46, 46, 46, 46, 46, 45] / writers=[46]
OOO / Test #27 / 1439449712895 / readers=[48, 48, 48, 48, 48, 48, 48, 47, 48, 48] / writers=[48]
OOO / Test #36 / 1439449712895 / readers=[50, 50, 50, 49, 50, 50, 50, 50, 50, 50] / writers=[50]
OOO / Test #15 / 1439449712895 / readers=[65, 65, 65, 65, 65, 65, 65, 65, 65, 64] / writers=[65]
OOO / Test #95 / 1439449712895 / readers=[52, 52, 52, 52, 52, 52, 51, 51, 52, 52] / writers=[52]
OOO / Test #61 / 1439449712894 / readers=[48, 48, 48, 48, 48, 49, 49, 49, 49, 48] / writers=[49]
OOO / Test #30 / 1439449712894 / readers=[51, 51, 51, 51, 51, 51, 50, 50, 51, 51] / writers=[51]
OOO / Test #153 / 1439449712894 / readers=[55, 55, 55, 55, 55, 56, 55, 55, 55, 56] / writers=[56]
OOO / Test #60 / 1439449712894 / readers=[45, 45, 46, 46, 46, 46, 46, 46, 46, 45] / writers=[46]
OOO / Test #95 / 1439449712990 / readers=[53, 53, 53, 52, 53, 53, 52, 52, 53, 53] / writers=[53]
OOO / Test #61 / 1439449712990 / readers=[49, 49, 49, 49, 49, 49, 50, 50, 50, 49] / writers=[50]
OOO / Test #43 / 1439449712891 / readers=[50, 51, 51, 51, 51, 51, 51, 50, 51, 50] / writers=[51]
OOO / Test #178 / 1439449712891 / readers=[49, 49, 49, 49, 49, 49, 49, 49, 49, 48] / writers=[49]
OOO / Test #153 / 1439449712990 / readers=[56, 56, 56, 56, 56, 56, 56, 56, 56, 57] / writers=[57]
OOO / Test #164 / 1439449712891 / readers=[43, 43, 43, 43, 43, 43, 43, 43, 43, 43] / writers=[44]
OOO / Test #190 / 1439449712891 / readers=[51, 51, 52, 52, 51, 51, 51, 51, 51, 51] / writers=[52]
OOO / Test #161 / 1439449712891 / readers=[46, 46, 46, 46, 47, 47, 46, 47, 46, 46] / writers=[47]
OOO / Test #100 / 1439449712891 / readers=[50, 50, 50, 50, 49, 50, 49, 49, 49, 49] / writers=[50]
OOO / Test #169 / 1439449712891 / readers=[43, 43, 43, 43, 43, 43, 43, 43, 43, 43] / writers=[44]
OOO / Test #166 / 1439449712891 / readers=[45, 44, 44, 45, 45, 45, 45, 45, 45, 44] / writers=[45]
OOO / Test #20 / 1439449712891 / readers=[49, 49, 48, 49, 49, 49, 49, 48, 49, 49] / writers=[49]
OOO / Test #152 / 1439449712887 / readers=[40, 41, 41, 40, 40, 40, 40, 40, 40, 40] / writers=[41]
OOO / Test #161 / 1439449712993 / readers=[47, 47, 47, 47, 48, 48, 47, 47, 47, 47] / writers=[48]
OOO / Test #100 / 1439449712993 / readers=[51, 50, 51, 51, 50, 51, 50, 50, 50, 50] / writers=[51]
OOO / Test #182 / 1439449712887 / readers=[46, 46, 46, 46, 46, 46, 46, 46, 46, 45] / writers=[46]
OOO / Test #97 / 1439449712887 / readers=[50, 50, 51, 50, 51, 51, 51, 50, 50, 50] / writers=[51]
OOO / Test #171 / 1439449712887 / readers=[45, 44, 44, 44, 45, 45, 45, 45, 45, 45] / writers=[45]
OOO / Test #7 / 1439449712887 / readers=[53, 53, 53, 53, 53, 53, 53, 53, 53, 53] / writers=[54]
OOO / Test #100 / 1439449712997 / readers=[52, 51, 52, 51, 51, 52, 51, 51, 51, 51] / writers=[52]
OOO / Test #156 / 1439449712887 / readers=[43, 42, 42, 43, 42, 42, 42, 42, 42, 42] / writers=[43]
OOO / Test #97 / 1439449712997 / readers=[51, 51, 52, 51, 52, 52, 51, 51, 51, 51] / writers=[52]
OOO / Test #158 / 1439449712887 / readers=[45, 46, 46, 46, 46, 46, 46, 46, 46, 45] / writers=[46]
OOO / Test #171 / 1439449712997 / readers=[45, 45, 45, 45, 46, 46, 46, 46, 46, 46] / writers=[46]
OOO / Test #13 / 1439449712887 / readers=[70, 71, 71, 71, 71, 71, 71, 70, 70, 70] / writers=[71]
OOO / Test #156 / 1439449712997 / readers=[44, 43, 43, 43, 43, 43, 43, 43, 43, 43] / writers=[44]
OOO / Test #54 / 1439449712887 / readers=[55, 56, 55, 55, 56, 56, 56, 56, 55, 55] / writers=[56]
OOO / Test #177 / 1439449712884 / readers=[45, 46, 46, 46, 46, 46, 46, 46, 46, 46] / writers=[46]
OOO / Test #200 / 1439449712884 / readers=[42, 42, 41, 41, 41, 41, 41, 41, 41, 41] / writers=[42]
OOO / Test #160 / 1439449712884 / readers=[45, 44, 45, 45, 45, 45, 45, 45, 45, 45] / writers=[45]
OOO / Test #163 / 1439449712884 / readers=[47, 47, 47, 47, 47, 47, 47, 47, 46, 46] / writers=[47]
OOO / Test #156 / 1439449713000 / readers=[44, 44, 44, 44, 44, 44, 44, 44, 44, 44] / writers=[45]
OOO / Test #54 / 1439449713000 / readers=[56, 57, 56, 56, 56, 57, 57, 57, 56, 56] / writers=[57]
OOO / Test #177 / 1439449713000 / readers=[46, 47, 47, 47, 47, 47, 47, 46, 47, 47] / writers=[47]
OOO / Test #181 / 1439449712884 / readers=[46, 46, 46, 46, 46, 46, 46, 46, 46, 45] / writers=[46]
OOO / Test #200 / 1439449713000 / readers=[43, 42, 42, 42, 42, 42, 42, 42, 42, 42] / writers=[43]
OOO / Test #176 / 1439449712884 / readers=[42, 42, 42, 42, 42, 42, 42, 42, 43, 42] / writers=[43]
OOO / Test #192 / 1439449712884 / readers=[58, 58, 58, 58, 58, 58, 58, 58, 57, 57] / writers=[58]
OOO / Test #150 / 1439449712884 / readers=[45, 45, 46, 46, 46, 46, 46, 46, 46, 45] / writers=[46]
OOO / Test #193 / 1439449712884 / readers=[41, 42, 42, 41, 41, 41, 41, 41, 41, 41] / writers=[42]
OOO / Test #200 / 1439449713004 / readers=[43, 43, 43, 43, 43, 43, 43, 43, 43, 43] / writers=[44]
OOO / Test #173 / 1439449712884 / readers=[43, 43, 43, 43, 43, 43, 43, 43, 43, 43] / writers=[44]
OOO / Test #150 / 1439449713004 / readers=[46, 46, 47, 47, 47, 47, 47, 47, 46, 46] / writers=[47]
OOO / Test #184 / 1439449712881 / readers=[39, 39, 39, 39, 39, 38, 38, 38, 38, 38] / writers=[39]
OOO / Test #187 / 1439449712881 / readers=[43, 43, 43, 43, 43, 43, 43, 43, 43, 43] / writers=[44]
OOO / Test #194 / 1439449712881 / readers=[46, 46, 46, 47, 46, 47, 47, 47, 47, 46] / writers=[47]
OOO / Test #196 / 1439449712881 / readers=[40, 40, 40, 40, 40, 40, 40, 40, 40, 40] / writers=[41]
OOO / Test #168 / 1439449712881 / readers=[39, 40, 40, 40, 39, 39, 39, 39, 39, 39] / writers=[40]
OOO / Test #197 / 1439449712881 / readers=[48, 48, 48, 48, 48, 48, 48, 47, 48, 47] / writers=[48]
OOO / Test #195 / 1439449712881 / readers=[43, 43, 42, 42, 42, 42, 42, 42, 42, 42] / writers=[43]
OOO / Test #186 / 1439449712881 / readers=[42, 42, 42, 41, 41, 41, 41, 41, 41, 41] / writers=[42]
OOO / Test #53 / 1439449712881 / readers=[35, 35, 35, 35, 35, 35, 35, 35, 35, 35] / writers=[36]
OOO / Test #11 / 1439449712878 / readers=[71, 71, 72, 71, 72, 72, 71, 71, 71, 71] / writers=[72]
OOO / Test #197 / 1439449713007 / readers=[49, 49, 49, 49, 49, 49, 48, 48, 49, 48] / writers=[49]
OOO / Test #165 / 1439449712878 / readers=[42, 42, 42, 42, 42, 42, 42, 42, 42, 42] / writers=[43]
OOO / Test #170 / 1439449712878 / readers=[43, 42, 42, 42, 42, 42, 42, 43, 42, 42] / writers=[43]
OOO / Test #186 / 1439449713007 / readers=[43, 43, 42, 42, 42, 42, 42, 42, 42, 42] / writers=[43]
OOO / Test #174 / 1439449712878 / readers=[41, 41, 40, 40, 41, 40, 40, 40, 40, 40] / writers=[41]
OOO / Test #191 / 1439449712878 / readers=[42, 43, 42, 42, 42, 42, 42, 42, 42, 42] / writers=[43]
OOO / Test #172 / 1439449712878 / readers=[43, 43, 43, 43, 43, 43, 43, 43, 43, 43] / writers=[44]
OOO / Test #188 / 1439449712878 / readers=[43, 43, 43, 43, 43, 43, 43, 43, 43, 43] / writers=[44]
OOO / Test #191 / 1439449713010 / readers=[43, 43, 43, 43, 43, 43, 43, 43, 43, 43] / writers=[44]
OOO / Test #47 / 1439449712878 / readers=[43, 43, 42, 42, 42, 42, 43, 42, 42, 42] / writers=[43]
OOO / Test #199 / 1439449712878 / readers=[45, 45, 45, 45, 46, 46, 46, 45, 46, 45] / writers=[46]
OOO / Test #2 / 1439449712878 / readers=[42, 41, 42, 42, 42, 41, 41, 41, 41, 41] / writers=[42]
OOO / Test #50 / 1439449712875 / readers=[41, 42, 42, 41, 41, 41, 41, 41, 42, 41] / writers=[42]
OOO / Test #183 / 1439449712875 / readers=[42, 42, 42, 42, 42, 42, 42, 42, 42, 42] / writers=[43]
OOO / Test #175 / 1439449712875 / readers=[38, 38, 38, 38, 38, 39, 38, 38, 38, 38] / writers=[39]
OOO / Test #185 / 1439449712875 / readers=[41, 41, 41, 40, 40, 40, 40, 40, 40, 40] / writers=[41]
OOO / Test #179 / 1439449712875 / readers=[33, 33, 33, 33, 33, 34, 34, 34, 34, 34] / writers=[34]
OOO / Test #189 / 1439449712874 / readers=[30, 30, 30, 29, 29, 29, 29, 29, 29, 29] / writers=[30]
OOO / Test #3 / 1439449712874 / readers=[64, 64, 65, 65, 65, 65, 65, 65, 65, 65] / writers=[65]
OOO / Test #159 / 1439449712874 / readers=[47, 47, 47, 47, 47, 47, 46, 46, 46, 47] / writers=[47]
OOO / Test #185 / 1439449713014 / readers=[42, 41, 42, 41, 41, 41, 41, 41, 41, 41] / writers=[42]
OOO / Test #189 / 1439449713014 / readers=[31, 31, 30, 30, 30, 30, 30, 30, 30, 30] / writers=[31]
OOO / Test #50 / 1439449713010 / readers=[42, 43, 42, 42, 42, 42, 42, 42, 43, 42] / writers=[43]
OOO / Test #2 / 1439449713010 / readers=[43, 42, 43, 42, 43, 42, 42, 42, 42, 42] / writers=[43]
OOO / Test #191 / 1439449713010 / readers=[46, 46, 46, 46, 46, 46, 46, 46, 45, 46] / writers=[46]
OOO / Test #199 / 1439449713010 / readers=[46, 46, 46, 46, 47, 47, 47, 46, 46, 46] / writers=[47]
OOO / Test #188 / 1439449713010 / readers=[46, 46, 46, 46, 46, 46, 46, 46, 46, 45] / writers=[46]
OOO / Test #47 / 1439449713010 / readers=[44, 43, 43, 43, 43, 43, 44, 43, 43, 43] / writers=[44]
OOO / Test #172 / 1439449713010 / readers=[46, 46, 46, 46, 46, 46, 46, 46, 46, 45] / writers=[46]
OOO / Test #191 / 1439449713017 / readers=[47, 47, 47, 47, 47, 47, 47, 47, 46, 46] / writers=[47]
OOO / Test #174 / 1439449713010 / readers=[42, 42, 41, 41, 41, 41, 41, 41, 41, 41] / writers=[42]
OOO / Test #186 / 1439449713010 / readers=[44, 43, 43, 43, 43, 43, 43, 43, 43, 43] / writers=[44]
OOO / Test #188 / 1439449713017 / readers=[47, 47, 47, 47, 46, 47, 47, 47, 47, 46] / writers=[47]
OOO / Test #165 / 1439449713007 / readers=[45, 45, 45, 45, 45, 45, 45, 45, 45, 44] / writers=[45]
OOO / Test #170 / 1439449713007 / readers=[44, 43, 43, 43, 43, 43, 43, 43, 43, 43] / writers=[44]
OOO / Test #53 / 1439449713007 / readers=[38, 38, 38, 38, 37, 38, 38, 38, 38, 38] / writers=[38]
OOO / Test #11 / 1439449713007 / readers=[72, 72, 73, 72, 73, 72, 72, 72, 72, 72] / writers=[73]
OOO / Test #197 / 1439449713007 / readers=[50, 50, 50, 50, 50, 49, 49, 49, 50, 49] / writers=[50]
OOO / Test #196 / 1439449713007 / readers=[43, 42, 43, 43, 43, 43, 43, 43, 43, 43] / writers=[43]
OOO / Test #195 / 1439449713007 / readers=[44, 43, 43, 43, 43, 43, 43, 43, 43, 43] / writers=[44]
OOO / Test #168 / 1439449713007 / readers=[40, 41, 41, 40, 40, 40, 40, 40, 40, 40] / writers=[41]
OOO / Test #53 / 1439449713020 / readers=[39, 38, 39, 39, 38, 39, 39, 39, 39, 39] / writers=[39]
OOO / Test #11 / 1439449713020 / readers=[73, 73, 73, 73, 74, 73, 73, 73, 73, 73] / writers=[74]
OOO / Test #194 / 1439449713007 / readers=[47, 47, 47, 48, 47, 48, 48, 48, 47, 47] / writers=[48]
OOO / Test #187 / 1439449713004 / readers=[46, 46, 46, 46, 46, 46, 46, 46, 46, 45] / writers=[46]
OOO / Test #173 / 1439449713004 / readers=[46, 46, 46, 46, 46, 46, 46, 46, 46, 45] / writers=[46]
OOO / Test #184 / 1439449713004 / readers=[40, 40, 40, 40, 39, 39, 39, 39, 39, 39] / writers=[40]
OOO / Test #200 / 1439449713004 / readers=[46, 46, 46, 46, 46, 46, 46, 46, 46, 45] / writers=[46]
OOO / Test #150 / 1439449713004 / readers=[47, 47, 48, 47, 48, 48, 48, 48, 47, 47] / writers=[48]
OOO / Test #187 / 1439449713023 / readers=[47, 47, 47, 47, 47, 47, 47, 46, 47, 46] / writers=[47]
OOO / Test #193 / 1439449713004 / readers=[42, 43, 42, 42, 42, 42, 42, 42, 42, 42] / writers=[43]
OOO / Test #192 / 1439449713004 / readers=[59, 59, 59, 58, 59, 59, 59, 59, 58, 58] / writers=[59]
OOO / Test #150 / 1439449713023 / readers=[48, 48, 49, 48, 49, 49, 49, 48, 48, 48] / writers=[49]
OOO / Test #176 / 1439449713004 / readers=[43, 43, 43, 43, 43, 43, 43, 43, 43, 43] / writers=[44]
OOO / Test #156 / 1439449713000 / readers=[47, 47, 47, 47, 47, 47, 47, 47, 47, 46] / writers=[47]
OOO / Test #181 / 1439449713000 / readers=[47, 47, 47, 47, 47, 47, 47, 47, 46, 46] / writers=[47]
OOO / Test #177 / 1439449713000 / readers=[47, 48, 48, 48, 48, 48, 48, 47, 47, 48] / writers=[48]
OOO / Test #54 / 1439449713000 / readers=[57, 58, 57, 57, 57, 58, 58, 57, 57, 57] / writers=[58]
OOO / Test #163 / 1439449713000 / readers=[48, 48, 48, 48, 48, 48, 48, 47, 47, 47] / writers=[48]
OOO / Test #156 / 1439449713026 / readers=[48, 48, 48, 48, 48, 48, 48, 48, 47, 47] / writers=[48]
OOO / Test #160 / 1439449713000 / readers=[46, 45, 46, 46, 45, 46, 46, 46, 46, 46] / writers=[46]
OOO / Test #158 / 1439449712997 / readers=[46, 47, 47, 47, 47, 47, 47, 46, 47, 46] / writers=[47]
OOO / Test #177 / 1439449713026 / readers=[48, 49, 49, 49, 49, 49, 48, 48, 48, 49] / writers=[49]
OOO / Test #13 / 1439449712997 / readers=[71, 71, 72, 72, 72, 72, 72, 71, 71, 71] / writers=[72]
OOO / Test #7 / 1439449712997 / readers=[56, 56, 55, 56, 56, 56, 56, 56, 56, 56] / writers=[56]
OOO / Test #171 / 1439449712997 / readers=[46, 46, 46, 46, 47, 47, 47, 47, 47, 46] / writers=[47]
OOO / Test #97 / 1439449712997 / readers=[52, 52, 52, 52, 53, 53, 52, 52, 52, 52] / writers=[53]
OOO / Test #100 / 1439449712997 / readers=[52, 52, 53, 52, 52, 53, 52, 52, 52, 52] / writers=[53]
OOO / Test #182 / 1439449712997 / readers=[47, 47, 47, 47, 47, 47, 47, 47, 46, 46] / writers=[47]
OOO / Test #169 / 1439449712993 / readers=[46, 46, 46, 46, 46, 46, 46, 46, 46, 45] / writers=[46]
OOO / Test #161 / 1439449712993 / readers=[48, 48, 48, 48, 49, 48, 48, 48, 48, 48] / writers=[49]
OOO / Test #152 / 1439449712993 / readers=[41, 42, 41, 41, 41, 41, 41, 41, 41, 41] / writers=[42]
OOO / Test #100 / 1439449713028 / readers=[53, 53, 54, 53, 53, 53, 53, 53, 53, 53] / writers=[54]
OOO / Test #20 / 1439449712993 / readers=[50, 50, 49, 50, 50, 49, 50, 49, 50, 50] / writers=[50]
OOO / Test #182 / 1439449713028 / readers=[48, 48, 48, 48, 48, 48, 48, 47, 47, 47] / writers=[48]
OOO / Test #166 / 1439449712993 / readers=[45, 45, 45, 46, 46, 46, 46, 46, 46, 45] / writers=[46]
OOO / Test #164 / 1439449712993 / readers=[46, 46, 46, 46, 46, 46, 46, 46, 45, 46] / writers=[46]
OOO / Test #190 / 1439449712993 / readers=[52, 52, 53, 52, 52, 52, 52, 52, 52, 52] / writers=[53]
OOO / Test #153 / 1439449712993 / readers=[57, 57, 57, 57, 57, 57, 57, 57, 57, 57] / writers=[58]
OOO / Test #178 / 1439449712990 / readers=[50, 50, 50, 50, 50, 50, 50, 50, 49, 49] / writers=[50]
OOO / Test #43 / 1439449712990 / readers=[51, 52, 51, 52, 52, 52, 52, 51, 52, 51] / writers=[52]
OOO / Test #61 / 1439449712990 / readers=[50, 50, 50, 50, 50, 50, 50, 51, 51, 50] / writers=[51]
OOO / Test #60 / 1439449712990 / readers=[46, 46, 46, 47, 47, 47, 47, 47, 47, 46] / writers=[47]
OOO / Test #190 / 1439449713032 / readers=[53, 53, 53, 53, 53, 53, 53, 53, 53, 53] / writers=[54]
OOO / Test #95 / 1439449712990 / readers=[54, 54, 53, 53, 54, 54, 53, 53, 54, 54] / writers=[54]
OOO / Test #30 / 1439449712990 / readers=[52, 52, 52, 52, 52, 51, 51, 51, 52, 52] / writers=[52]
OOO / Test #15 / 1439449712990 / readers=[66, 66, 65, 66, 66, 66, 66, 66, 66, 65] / writers=[66]
OOO / Test #36 / 1439449712990 / readers=[51, 51, 51, 50, 50, 51, 51, 51, 51, 51] / writers=[51]
OOO / Test #162 / 1439449712987 / readers=[46, 47, 47, 47, 47, 47, 47, 47, 47, 46] / writers=[47]
OOO / Test #31 / 1439449712987 / readers=[50, 51, 51, 51, 51, 51, 51, 51, 51, 51] / writers=[51]
OOO / Test #27 / 1439449712987 / readers=[49, 49, 49, 49, 49, 49, 48, 48, 49, 49] / writers=[49]
OOO / Test #49 / 1439449712987 / readers=[54, 54, 53, 53, 53, 53, 53, 53, 54, 54] / writers=[54]
OOO / Test #15 / 1439449713035 / readers=[67, 66, 66, 67, 67, 67, 67, 67, 67, 66] / writers=[67]
OOO / Test #40 / 1439449712987 / readers=[50, 51, 51, 51, 50, 50, 51, 51, 51, 51] / writers=[51]
OOO / Test #44 / 1439449712987 / readers=[49, 49, 49, 49, 49, 49, 48, 48, 49, 48] / writers=[49]
OOO / Test #148 / 1439449712987 / readers=[43, 43, 43, 43, 43, 44, 43, 43, 43, 44] / writers=[44]
OOO / Test #18 / 1439449712987 / readers=[56, 56, 56, 56, 56, 56, 56, 56, 56, 56] / writers=[57]
OOO / Test #198 / 1439449712987 / readers=[51, 51, 51, 51, 51, 50, 51, 50, 50, 50] / writers=[51]
OOO / Test #28 / 1439449712984 / readers=[55, 55, 54, 55, 55, 55, 55, 55, 55, 55] / writers=[55]
OOO / Test #62 / 1439449712984 / readers=[48, 48, 48, 48, 48, 48, 48, 48, 48, 48] / writers=[49]
OOO / Test #55 / 1439449712984 / readers=[54, 53, 54, 53, 53, 53, 53, 53, 53, 54] / writers=[54]
OOO / Test #22 / 1439449712984 / readers=[55, 55, 54, 55, 55, 55, 55, 55, 55, 55] / writers=[55]
OOO / Test #167 / 1439449712984 / readers=[45, 46, 46, 46, 46, 46, 46, 46, 46, 45] / writers=[46]
OOO / Test #198 / 1439449713038 / readers=[52, 52, 52, 52, 51, 51, 52, 51, 51, 51] / writers=[52]
OOO / Test #146 / 1439449712984 / readers=[54, 54, 53, 53, 54, 54, 53, 53, 53, 53] / writers=[54]
OOO / Test #180 / 1439449712984 / readers=[43, 43, 43, 43, 43, 43, 43, 43, 43, 43] / writers=[44]
OOO / Test #14 / 1439449712984 / readers=[75, 76, 76, 76, 75, 75, 75, 75, 76, 76] / writers=[76]
OOO / Test #64 / 1439449712982 / readers=[48, 48, 48, 48, 48, 47, 48, 48, 47, 47] / writers=[48]
OOO / Test #34 / 1439449712982 / readers=[51, 51, 51, 51, 51, 52, 52, 51, 52, 51] / writers=[52]
OOO / Test #35 / 1439449712982 / readers=[55, 54, 54, 54, 54, 54, 54, 54, 54, 54] / writers=[55]
OOO / Test #39 / 1439449712982 / readers=[53, 52, 53, 53, 52, 52, 52, 52, 52, 53] / writers=[53]
OOO / Test #157 / 1439449712982 / readers=[51, 51, 50, 51, 51, 51, 50, 50, 50, 50] / writers=[51]
OOO / Test #23 / 1439449712982 / readers=[53, 53, 53, 53, 53, 53, 53, 53, 53, 53] / writers=[54]
OOO / Test #147 / 1439449712981 / readers=[43, 43, 43, 43, 43, 43, 43, 44, 43, 43] / writers=[44]
OOO / Test #157 / 1439449713042 / readers=[52, 52, 51, 52, 52, 51, 51, 51, 51, 51] / writers=[52]
OOO / Test #59 / 1439449712981 / readers=[52, 51, 51, 51, 51, 51, 51, 51, 51, 51] / writers=[52]
OOO / Test #26 / 1439449712981 / readers=[46, 46, 46, 46, 46, 46, 46, 46, 46, 46] / writers=[47]
OOO / Test #51 / 1439449712978 / readers=[54, 54, 53, 54, 54, 54, 54, 54, 54, 54] / writers=[54]
OOO / Test #33 / 1439449712978 / readers=[43, 42, 42, 42, 42, 42, 42, 42, 43, 42] / writers=[43]
OOO / Test #58 / 1439449712978 / readers=[49, 49, 50, 50, 49, 49, 49, 50, 49, 49] / writers=[50]
OOO / Test #4 / 1439449712978 / readers=[73, 73, 73, 73, 72, 72, 72, 72, 72, 73] / writers=[73]
OOO / Test #133 / 1439449712978 / readers=[42, 43, 43, 42, 42, 42, 42, 42, 42, 43] / writers=[43]
OOO / Test #46 / 1439449712978 / readers=[56, 56, 57, 57, 57, 56, 56, 57, 57, 57] / writers=[57]
OOO / Test #51 / 1439449713045 / readers=[55, 55, 54, 55, 55, 55, 55, 55, 54, 55] / writers=[55]
OOO / Test #155 / 1439449712978 / readers=[47, 47, 47, 47, 47, 47, 48, 48, 47, 47] / writers=[48]
OOO / Test #12 / 1439449712978 / readers=[71, 71, 71, 70, 71, 71, 71, 70, 70, 70] / writers=[71]
OOO / Test #38 / 1439449712973 / readers=[51, 51, 52, 51, 51, 51, 51, 51, 51, 51] / writers=[52]
OOO / Test #4 / 1439449713045 / readers=[74, 74, 74, 73, 73, 73, 73, 73, 73, 74] / writers=[74]
OOO / Test #19 / 1439449712973 / readers=[54, 54, 54, 55, 55, 55, 55, 55, 55, 54] / writers=[55]
OOO / Test #42 / 1439449712973 / readers=[53, 53, 52, 52, 52, 52, 52, 52, 52, 52] / writers=[53]
OOO / Test #73 / 1439449712973 / readers=[50, 50, 50, 50, 50, 49, 49, 49, 49, 49] / writers=[50]
OOO / Test #52 / 1439449712973 / readers=[54, 54, 54, 54, 54, 54, 54, 54, 54, 54] / writers=[55]
OOO / Test #41 / 1439449712973 / readers=[45, 46, 46, 46, 45, 46, 46, 46, 46, 46] / writers=[46]
OOO / Test #80 / 1439449712973 / readers=[43, 42, 42, 42, 42, 42, 42, 42, 42, 42] / writers=[43]
OOO / Test #145 / 1439449712973 / readers=[46, 47, 46, 46, 46, 46, 46, 46, 46, 46] / writers=[47]
OOO / Test #42 / 1439449713047 / readers=[54, 53, 53, 53, 53, 53, 53, 53, 53, 53] / writers=[54]
OOO / Test #122 / 1439449712973 / readers=[51, 51, 51, 51, 50, 50, 50, 50, 50, 50] / writers=[51]
OOO / Test #73 / 1439449713047 / readers=[51, 51, 51, 50, 51, 50, 50, 50, 50, 50] / writers=[51]
OOO / Test #17 / 1439449712970 / readers=[61, 61, 61, 61, 61, 61, 61, 61, 61, 60] / writers=[61]
OOO / Test #32 / 1439449712970 / readers=[51, 50, 51, 50, 51, 50, 50, 50, 50, 50] / writers=[51]
OOO / Test #45 / 1439449712970 / readers=[56, 55, 55, 56, 56, 56, 55, 56, 56, 55] / writers=[56]
OOO / Test #109 / 1439449712970 / readers=[57, 57, 57, 57, 57, 57, 57, 57, 57, 56] / writers=[57]
OOO / Test #16 / 1439449712970 / readers=[66, 65, 65, 65, 65, 65, 65, 65, 65, 66] / writers=[66]
OOO / Test #154 / 1439449712970 / readers=[52, 53, 53, 52, 52, 52, 52, 52, 52, 52] / writers=[53]
OOO / Test #17 / 1439449713050 / readers=[61, 62, 62, 62, 62, 62, 62, 62, 62, 61] / writers=[62]
OOO / Test #24 / 1439449712970 / readers=[56, 55, 55, 55, 55, 55, 55, 55, 55, 55] / writers=[56]
OOO / Test #21 / 1439449712970 / readers=[66, 65, 65, 65, 65, 65, 65, 65, 65, 65] / writers=[66]
OOO / Test #90 / 1439449712966 / readers=[46, 46, 46, 46, 46, 46, 46, 46, 46, 45] / writers=[46]
OOO / Test #6 / 1439449712966 / readers=[79, 79, 79, 79, 79, 79, 79, 79, 79, 78] / writers=[79]
OOO / Test #57 / 1439449712966 / readers=[54, 54, 54, 53, 54, 53, 53, 54, 54, 54] / writers=[54]
OOO / Test #56 / 1439449712966 / readers=[61, 61, 60, 61, 60, 61, 61, 61, 61, 60] / writers=[61]
OOO / Test #137 / 1439449712966 / readers=[43, 43, 43, 43, 43, 43, 43, 43, 43, 43] / writers=[44]
OOO / Test #84 / 1439449712966 / readers=[48, 48, 48, 48, 48, 48, 48, 48, 47, 48] / writers=[48]
OOO / Test #37 / 1439449712966 / readers=[47, 48, 48, 48, 48, 48, 48, 48, 47, 47] / writers=[48]
OOO / Test #6 / 1439449713052 / readers=[80, 80, 80, 80, 80, 80, 80, 80, 79, 79] / writers=[80]
OOO / Test #149 / 1439449712966 / readers=[43, 43, 43, 44, 43, 43, 43, 43, 43, 43] / writers=[44]
OOO / Test #48 / 1439449712964 / readers=[50, 50, 50, 50, 50, 49, 49, 49, 49, 49] / writers=[50]
OOO / Test #127 / 1439449712964 / readers=[49, 49, 49, 49, 49, 48, 49, 48, 49, 48] / writers=[49]
OOO / Test #84 / 1439449713053 / readers=[49, 49, 49, 49, 49, 49, 49, 48, 48, 49] / writers=[49]
OOO / Test #144 / 1439449712964 / readers=[46, 46, 46, 46, 46, 46, 46, 46, 46, 45] / writers=[46]
OOO / Test #75 / 1439449712964 / readers=[42, 42, 41, 41, 41, 41, 41, 41, 41, 41] / writers=[42]
OOO / Test #101 / 1439449712964 / readers=[43, 42, 43, 43, 43, 43, 43, 43, 43, 43] / writers=[43]
OOO / Test #114 / 1439449712964 / readers=[54, 53, 53, 53, 53, 53, 53, 53, 53, 53] / writers=[54]
OOO / Test #10 / 1439449712964 / readers=[55, 55, 55, 55, 55, 55, 55, 55, 55, 55] / writers=[56]
OOO / Test #91 / 1439449712963 / readers=[42, 41, 41, 41, 42, 41, 41, 41, 41, 41] / writers=[42]
OOO / Test #139 / 1439449712963 / readers=[48, 49, 49, 49, 49, 49, 49, 48, 48, 48] / writers=[49]
OOO / Test #8 / 1439449712963 / readers=[72, 72, 72, 73, 72, 72, 72, 72, 73, 72] / writers=[73]
OOO / Test #118 / 1439449712961 / readers=[43, 42, 42, 42, 43, 42, 42, 42, 42, 42] / writers=[43]
OOO / Test #114 / 1439449713055 / readers=[54, 54, 54, 54, 54, 54, 54, 54, 54, 54] / writers=[55]
OOO / Test #66 / 1439449712961 / readers=[43, 43, 43, 43, 43, 43, 43, 43, 43, 43] / writers=[44]
OOO / Test #9 / 1439449712961 / readers=[72, 72, 72, 72, 72, 73, 73, 73, 72, 72] / writers=[73]
OOO / Test #130 / 1439449712961 / readers=[48, 48, 48, 48, 49, 49, 49, 48, 48, 48] / writers=[49]
OOO / Test #86 / 1439449712961 / readers=[42, 42, 42, 42, 42, 42, 42, 42, 42, 42] / writers=[43]
OOO / Test #124 / 1439449712961 / readers=[46, 46, 46, 46, 46, 46, 46, 46, 46, 45] / writers=[46]
OOO / Test #128 / 1439449712961 / readers=[47, 47, 47, 47, 47, 47, 47, 47, 46, 46] / writers=[47]
OOO / Test #65 / 1439449712961 / readers=[54, 54, 54, 54, 54, 54, 54, 54, 54, 54] / writers=[55]
OOO / Test #130 / 1439449713057 / readers=[49, 49, 49, 49, 50, 50, 49, 49, 49, 49] / writers=[50]
OOO / Test #141 / 1439449712961 / readers=[51, 51, 51, 50, 51, 50, 50, 50, 50, 50] / writers=[51]
OOO / Test #151 / 1439449712958 / readers=[43, 43, 43, 43, 43, 43, 43, 43, 43, 43] / writers=[44]
OOO / Test #124 / 1439449713057 / readers=[47, 47, 47, 47, 47, 47, 47, 47, 46, 46] / writers=[47]
OOO / Test #29 / 1439449712958 / readers=[51, 51, 51, 51, 51, 51, 51, 51, 51, 52] / writers=[52]
OOO / Test #116 / 1439449712958 / readers=[50, 49, 50, 50, 50, 50, 49, 49, 49, 49] / writers=[50]
OOO / Test #74 / 1439449712958 / readers=[46, 46, 46, 46, 46, 46, 46, 46, 46, 46] / writers=[47]
OOO / Test #124 / 1439449713061 / readers=[48, 48, 48, 48, 48, 48, 48, 47, 47, 47] / writers=[48]
OOO / Test #78 / 1439449712958 / readers=[49, 49, 49, 49, 49, 49, 48, 48, 48, 48] / writers=[49]
OOO / Test #63 / 1439449712958 / readers=[41, 41, 41, 40, 40, 40, 40, 40, 40, 40] / writers=[41]
OOO / Test #76 / 1439449712958 / readers=[52, 52, 52, 51, 51, 51, 51, 51, 51, 51] / writers=[52]
OOO / Test #124 / 1439449713061 / readers=[49, 49, 49, 49, 49, 49, 48, 48, 48, 48] / writers=[49]
OOO / Test #82 / 1439449712958 / readers=[48, 48, 48, 48, 48, 48, 48, 47, 48, 47] / writers=[48]
OOO / Test #85 / 1439449712956 / readers=[50, 50, 50, 49, 50, 50, 49, 50, 49, 49] / writers=[50]
OOO / Test #74 / 1439449713061 / readers=[49, 49, 49, 49, 49, 49, 49, 48, 49, 49] / writers=[49]
OOO / Test #87 / 1439449712956 / readers=[46, 46, 46, 46, 46, 46, 46, 46, 46, 45] / writers=[46]
OOO / Test #77 / 1439449712956 / readers=[51, 52, 51, 52, 52, 51, 51, 51, 51, 51] / writers=[52]
OOO / Test #71 / 1439449712956 / readers=[47, 47, 48, 48, 48, 48, 48, 47, 47, 47] / writers=[48]
OOO / Test #125 / 1439449712956 / readers=[43, 43, 43, 43, 43, 43, 43, 43, 43, 43] / writers=[44]
OOO / Test #112 / 1439449712956 / readers=[48, 48, 48, 48, 48, 48, 48, 47, 47, 47] / writers=[48]
OOO / Test #96 / 1439449712956 / readers=[47, 47, 47, 47, 47, 47, 47, 47, 46, 46] / writers=[47]
OOO / Test #74 / 1439449713064 / readers=[49, 50, 50, 50, 50, 50, 50, 49, 50, 50] / writers=[50]
OOO / Test #77 / 1439449713064 / readers=[52, 53, 52, 53, 52, 52, 52, 52, 52, 52] / writers=[53]
OOO / Test #71 / 1439449713064 / readers=[48, 48, 49, 49, 49, 49, 48, 48, 48, 48] / writers=[49]
OOO / Test #93 / 1439449712956 / readers=[48, 48, 48, 48, 48, 48, 48, 48, 47, 47] / writers=[48]
OOO / Test #81 / 1439449712952 / readers=[47, 47, 47, 47, 48, 48, 47, 47, 47, 47] / writers=[48]
OOO / Test #135 / 1439449712952 / readers=[49, 49, 49, 49, 50, 49, 50, 49, 49, 49] / writers=[50]
OOO / Test #89 / 1439449712952 / readers=[50, 50, 50, 50, 50, 49, 49, 49, 49, 49] / writers=[50]
OOO / Test #68 / 1439449712952 / readers=[43, 43, 43, 43, 43, 43, 43, 43, 43, 43] / writers=[44]
OOO / Test #117 / 1439449712952 / readers=[49, 49, 49, 49, 49, 49, 48, 48, 48, 48] / writers=[49]
OOO / Test #88 / 1439449712952 / readers=[52, 52, 51, 51, 52, 51, 51, 51, 51, 51] / writers=[52]
OOO / Test #92 / 1439449712952 / readers=[49, 48, 49, 49, 49, 49, 49, 48, 48, 49] / writers=[49]
OOO / Test #113 / 1439449712952 / readers=[50, 50, 50, 49, 49, 50, 50, 49, 49, 49] / writers=[50]
OOO / Test #136 / 1439449712952 / readers=[46, 47, 47, 47, 47, 47, 47, 47, 46, 46] / writers=[47]
OOO / Test #106 / 1439449712949 / readers=[45, 46, 45, 45, 45, 45, 45, 46, 46, 45] / writers=[46]
OOO / Test #132 / 1439449712949 / readers=[43, 43, 43, 43, 43, 43, 43, 43, 44, 43] / writers=[44]
OOO / Test #102 / 1439449712949 / readers=[44, 44, 44, 44, 44, 44, 44, 44, 44, 44] / writers=[45]
OOO / Test #143 / 1439449712949 / readers=[39, 39, 39, 39, 39, 38, 38, 38, 38, 38] / writers=[39]
OOO / Test #67 / 1439449712949 / readers=[45, 45, 45, 46, 46, 46, 45, 46, 46, 46] / writers=[46]
OOO / Test #129 / 1439449712949 / readers=[49, 49, 49, 49, 49, 49, 49, 48, 48, 48] / writers=[49]
OOO / Test #79 / 1439449712949 / readers=[41, 40, 40, 41, 41, 40, 40, 40, 40, 40] / writers=[41]
OOO / Test #132 / 1439449713070 / readers=[44, 44, 44, 44, 44, 44, 44, 44, 44, 44] / writers=[45]
OOO / Test #104 / 1439449712949 / readers=[48, 48, 48, 48, 48, 48, 48, 47, 47, 47] / writers=[48]
OOO / Test #69 / 1439449712949 / readers=[46, 46, 46, 46, 47, 47, 47, 46, 47, 46] / writers=[47]
OOO / Test #110 / 1439449712946 / readers=[45, 44, 44, 44, 44, 44, 44, 44, 44, 44] / writers=[45]
OOO / Test #108 / 1439449712946 / readers=[52, 52, 52, 51, 51, 51, 51, 51, 51, 51] / writers=[52]
OOO / Test #123 / 1439449712946 / readers=[41, 41, 41, 40, 40, 41, 40, 40, 40, 40] / writers=[41]
OOO / Test #142 / 1439449712946 / readers=[46, 47, 47, 47, 47, 47, 47, 47, 46, 46] / writers=[47]
OOO / Test #120 / 1439449712946 / readers=[49, 50, 50, 50, 49, 50, 50, 49, 49, 49] / writers=[50]
OOO / Test #70 / 1439449712946 / readers=[43, 43, 43, 43, 43, 43, 43, 43, 43, 43] / writers=[44]
OOO / Test #134 / 1439449712946 / readers=[51, 50, 51, 50, 50, 50, 50, 50, 51, 50] / writers=[51]
OOO / Test #123 / 1439449713072 / readers=[42, 42, 41, 41, 41, 42, 41, 41, 41, 41] / writers=[42]
OOO / Test #142 / 1439449713072 / readers=[47, 48, 48, 48, 48, 48, 48, 47, 47, 47] / writers=[48]
OOO / Test #108 / 1439449713072 / readers=[53, 53, 52, 52, 52, 52, 52, 52, 52, 52] / writers=[53]
OOO / Test #115 / 1439449712946 / readers=[42, 42, 42, 41, 41, 41, 41, 41, 41, 42] / writers=[42]
OOO / Test #83 / 1439449712946 / readers=[51, 51, 50, 51, 51, 50, 50, 50, 50, 50] / writers=[51]
OOO / Test #138 / 1439449712944 / readers=[50, 50, 50, 50, 49, 50, 49, 49, 49, 49] / writers=[50]
OOO / Test #105 / 1439449712944 / readers=[43, 43, 43, 43, 43, 43, 43, 43, 43, 43] / writers=[44]
OOO / Test #111 / 1439449712944 / readers=[55, 56, 56, 56, 56, 56, 56, 56, 56, 56] / writers=[56]
OOO / Test #140 / 1439449712944 / readers=[57, 58, 58, 58, 58, 57, 58, 58, 58, 57] / writers=[58]
OOO / Test #131 / 1439449712944 / readers=[42, 42, 42, 42, 42, 41, 42, 42, 42, 42] / writers=[42]
OOO / Test #98 / 1439449712944 / readers=[42, 43, 42, 42, 42, 42, 42, 42, 42, 42] / writers=[43]
OOO / Test #1 / 1439449712944 / readers=[44, 44, 44, 44, 44, 44, 44, 44, 44, 44] / writers=[45]
OOO / Test #121 / 1439449712944 / readers=[45, 45, 46, 46, 46, 46, 46, 46, 46, 46] / writers=[46]
OOO / Test #103 / 1439449712944 / readers=[54, 53, 53, 53, 53, 53, 53, 53, 53, 53] / writers=[54]
OOO / Test #140 / 1439449713075 / readers=[58, 59, 59, 59, 59, 58, 58, 59, 59, 58] / writers=[59]
OOO / Test #25 / 1439449712941 / readers=[51, 51, 51, 51, 51, 51, 51, 52, 52, 52] / writers=[52]
OOO / Test #94 / 1439449712941 / readers=[40, 40, 40, 40, 39, 39, 40, 40, 40, 40] / writers=[40]
OOO / Test #107 / 1439449712941 / readers=[43, 43, 43, 43, 42, 42, 42, 42, 42, 43] / writers=[43]
OOO / Test #5 / 1439449712941 / readers=[65, 65, 65, 66, 65, 65, 65, 65, 65, 65] / writers=[66]
OOO / Test #72 / 1439449712941 / readers=[47, 47, 47, 47, 47, 47, 47, 47, 47, 46] / writers=[47]
OOO / Test #99 / 1439449712941 / readers=[47, 47, 47, 47, 47, 47, 47, 47, 46, 46] / writers=[47]
OOO / Test #126 / 1439449712941 / readers=[47, 47, 47, 47, 47, 47, 47, 47, 46, 47] / writers=[47]
OOO / Test #119 / 1439449712941 / readers=[41, 42, 42, 41, 42, 41, 41, 41, 42, 42] / writers=[42]
OOO / Test #72 / 1439449713078 / readers=[48, 48, 48, 48, 48, 48, 48, 47, 48, 47] / writers=[48]
OOO / Test #5 / 1439449713078 / readers=[66, 66, 66, 66, 66, 66, 66, 66, 66, 66] / writers=[67]
OOO / Test #94 / 1439449713078 / readers=[41, 41, 41, 40, 40, 40, 41, 41, 41, 41] / writers=[41]
OOO / Test #107 / 1439449713078 / readers=[44, 44, 43, 44, 43, 43, 43, 43, 43, 44] / writers=[44]
OOO / Test #25 / 1439449713078 / readers=[52, 52, 52, 52, 52, 52, 52, 53, 52, 53] / writers=[53]
OOO / Test #1 / 1439449713075 / readers=[47, 47, 47, 47, 47, 47, 47, 46, 47, 47] / writers=[47]
OOO / Test #103 / 1439449713075 / readers=[54, 54, 54, 54, 54, 54, 54, 54, 54, 54] / writers=[55]
OOO / Test #140 / 1439449713075 / readers=[59, 60, 60, 60, 60, 59, 59, 60, 59, 59] / writers=[60]
OOO / Test #107 / 1439449713082 / readers=[44, 45, 44, 45, 44, 44, 44, 44, 44, 45] / writers=[45]
OOO / Test #121 / 1439449713075 / readers=[46, 46, 47, 47, 47, 47, 47, 47, 47, 46] / writers=[47]
OOO / Test #25 / 1439449713082 / readers=[53, 53, 53, 53, 53, 53, 53, 53, 53, 54] / writers=[54]
OOO / Test #98 / 1439449713075 / readers=[43, 43, 43, 43, 43, 43, 43, 43, 43, 43] / writers=[44]
OOO / Test #1 / 1439449713082 / readers=[48, 48, 48, 48, 48, 48, 48, 47, 47, 48] / writers=[48]
OOO / Test #131 / 1439449713075 / readers=[43, 43, 43, 43, 42, 42, 43, 43, 43, 43] / writers=[43]
OOO / Test #105 / 1439449713075 / readers=[46, 46, 46, 46, 46, 46, 46, 46, 46, 45] / writers=[46]
OOO / Test #111 / 1439449713075 / readers=[56, 57, 57, 57, 57, 57, 57, 57, 57, 56] / writers=[57]
OOO / Test #138 / 1439449713075 / readers=[51, 51, 51, 50, 50, 51, 50, 50, 50, 50] / writers=[51]
OOO / Test #83 / 1439449713075 / readers=[52, 52, 51, 52, 51, 51, 51, 51, 51, 51] / writers=[52]
OOO / Test #108 / 1439449713072 / readers=[54, 53, 53, 53, 53, 53, 53, 53, 53, 53] / writers=[54]
OOO / Test #115 / 1439449713072 / readers=[43, 43, 42, 42, 42, 42, 42, 42, 42, 43] / writers=[43]
OOO / Test #131 / 1439449713086 / readers=[44, 44, 44, 44, 43, 43, 44, 44, 43, 44] / writers=[44]
OOO / Test #70 / 1439449713072 / readers=[46, 46, 46, 46, 46, 46, 46, 46, 46, 45] / writers=[46]
OOO / Test #138 / 1439449713086 / readers=[52, 52, 52, 51, 51, 51, 51, 51, 51, 51] / writers=[52]
OOO / Test #83 / 1439449713086 / readers=[53, 53, 52, 52, 52, 52, 52, 52, 52, 52] / writers=[53]
OOO / Test #142 / 1439449713072 / readers=[48, 49, 49, 49, 49, 49, 48, 48, 48, 48] / writers=[49]
OOO / Test #134 / 1439449713072 / readers=[52, 51, 51, 51, 51, 51, 51, 51, 52, 51] / writers=[52]
OOO / Test #123 / 1439449713072 / readers=[43, 42, 42, 42, 42, 43, 42, 42, 42, 42] / writers=[43]
OOO / Test #120 / 1439449713072 / readers=[50, 51, 51, 50, 50, 51, 51, 50, 50, 50] / writers=[51]
OOO / Test #132 / 1439449713070 / readers=[47, 47, 47, 47, 47, 47, 47, 47, 47, 46] / writers=[47]
OOO / Test #110 / 1439449713070 / readers=[45, 45, 45, 45, 45, 45, 45, 45, 45, 45] / writers=[46]
OOO / Test #142 / 1439449713089 / readers=[49, 50, 50, 50, 50, 49, 49, 49, 49, 49] / writers=[50]
OOO / Test #69 / 1439449713070 / readers=[47, 47, 47, 47, 48, 48, 48, 47, 47, 47] / writers=[48]
OOO / Test #120 / 1439449713089 / readers=[51, 52, 52, 51, 51, 52, 51, 51, 51, 51] / writers=[52]
OOO / Test #104 / 1439449713070 / readers=[49, 49, 49, 49, 49, 49, 48, 48, 48, 48] / writers=[49]
OOO / Test #67 / 1439449713070 / readers=[46, 46, 46, 47, 47, 47, 46, 47, 47, 46] / writers=[47]
OOO / Test #79 / 1439449713070 / readers=[42, 41, 41, 42, 41, 41, 41, 41, 41, 41] / writers=[42]
OOO / Test #102 / 1439449713070 / readers=[47, 47, 47, 47, 47, 47, 47, 47, 47, 46] / writers=[47]
OOO / Test #129 / 1439449713070 / readers=[50, 50, 49, 50, 50, 50, 50, 49, 49, 49] / writers=[50]
OOO / Test #143 / 1439449713070 / readers=[40, 40, 40, 39, 40, 39, 39, 39, 39, 39] / writers=[40]
OOO / Test #106 / 1439449713067 / readers=[46, 46, 46, 46, 46, 46, 46, 47, 47, 46] / writers=[47]
OOO / Test #136 / 1439449713067 / readers=[47, 48, 48, 48, 48, 48, 47, 48, 47, 47] / writers=[48]
OOO / Test #113 / 1439449713067 / readers=[50, 51, 51, 50, 50, 51, 51, 50, 50, 50] / writers=[51]
OOO / Test #92 / 1439449713067 / readers=[50, 49, 50, 50, 50, 50, 49, 49, 49, 50] / writers=[50]
OOO / Test #143 / 1439449713092 / readers=[40, 41, 41, 40, 41, 40, 40, 40, 40, 40] / writers=[41]
OOO / Test #68 / 1439449713067 / readers=[46, 46, 46, 46, 46, 46, 46, 46, 46, 45] / writers=[46]
OOO / Test #88 / 1439449713067 / readers=[53, 52, 52, 52, 53, 52, 52, 52, 52, 52] / writers=[53]
OOO / Test #117 / 1439449713067 / readers=[50, 50, 50, 50, 50, 49, 49, 49, 49, 49] / writers=[50]
OOO / Test #89 / 1439449713067 / readers=[51, 51, 51, 51, 50, 50, 50, 50, 50, 50] / writers=[51]
OOO / Test #81 / 1439449713067 / readers=[48, 48, 48, 48, 49, 48, 48, 48, 48, 48] / writers=[49]
OOO / Test #135 / 1439449713067 / readers=[50, 50, 50, 50, 50, 50, 51, 50, 50, 50] / writers=[51]
OOO / Test #93 / 1439449713067 / readers=[49, 49, 49, 49, 49, 49, 49, 48, 48, 48] / writers=[49]
OOO / Test #77 / 1439449713064 / readers=[53, 54, 53, 53, 53, 53, 53, 53, 53, 53] / writers=[54]
OOO / Test #117 / 1439449713096 / readers=[51, 51, 51, 51, 50, 50, 50, 50, 50, 50] / writers=[51]
OOO / Test #71 / 1439449713064 / readers=[49, 49, 50, 50, 50, 49, 49, 49, 49, 49] / writers=[50]
OOO / Test #135 / 1439449713096 / readers=[51, 51, 51, 51, 51, 51, 51, 51, 51, 51] / writers=[52]
OOO / Test #125 / 1439449713064 / readers=[46, 46, 46, 46, 46, 46, 46, 46, 46, 45] / writers=[46]
OOO / Test #96 / 1439449713064 / readers=[48, 48, 48, 48, 48, 48, 47, 48, 47, 47] / writers=[48]
OOO / Test #112 / 1439449713064 / readers=[49, 49, 49, 49, 49, 49, 48, 48, 48, 48] / writers=[49]
OOO / Test #74 / 1439449713064 / readers=[50, 51, 51, 51, 51, 51, 51, 50, 51, 50] / writers=[51]
OOO / Test #87 / 1439449713064 / readers=[47, 47, 47, 47, 47, 47, 47, 47, 46, 46] / writers=[47]
OOO / Test #85 / 1439449713061 / readers=[50, 51, 51, 50, 51, 51, 50, 51, 50, 50] / writers=[51]
OOO / Test #96 / 1439449713099 / readers=[49, 49, 49, 49, 49, 49, 48, 48, 48, 48] / writers=[49]
OOO / Test #125 / 1439449713099 / readers=[47, 47, 47, 47, 47, 47, 47, 47, 46, 46] / writers=[47]
OOO / Test #112 / 1439449713099 / readers=[50, 50, 50, 50, 50, 49, 49, 49, 49, 49] / writers=[50]
OOO / Test #82 / 1439449713061 / readers=[49, 49, 49, 49, 49, 49, 48, 48, 49, 48] / writers=[49]
OOO / Test #74 / 1439449713099 / readers=[51, 52, 52, 51, 52, 52, 52, 51, 52, 51] / writers=[52]
OOO / Test #76 / 1439449713061 / readers=[53, 53, 52, 52, 52, 52, 52, 52, 52, 52] / writers=[53]
OOO / Test #63 / 1439449713061 / readers=[42, 41, 42, 41, 41, 41, 41, 41, 41, 41] / writers=[42]
OOO / Test #124 / 1439449713061 / readers=[49, 50, 50, 50, 50, 50, 49, 49, 49, 49] / writers=[50]
OOO / Test #78 / 1439449713061 / readers=[50, 50, 50, 50, 50, 49, 49, 49, 49, 49] / writers=[50]
OOO / Test #116 / 1439449713061 / readers=[50, 50, 51, 51, 51, 51, 50, 50, 50, 50] / writers=[51]
OOO / Test #29 / 1439449713061 / readers=[52, 52, 52, 52, 52, 52, 52, 52, 52, 52] / writers=[53]
OOO / Test #76 / 1439449713102 / readers=[54, 53, 53, 53, 53, 53, 53, 53, 53, 53] / writers=[54]
OOO / Test #78 / 1439449713102 / readers=[51, 51, 51, 51, 50, 50, 50, 50, 50, 50] / writers=[51]
OOO / Test #151 / 1439449713058 / readers=[46, 46, 46, 46, 46, 46, 45, 46, 46, 46] / writers=[46]
OOO / Test #65 / 1439449713058 / readers=[57, 57, 57, 57, 57, 57, 57, 57, 57, 56] / writers=[57]
OOO / Test #141 / 1439449713058 / readers=[52, 52, 51, 51, 52, 51, 51, 51, 51, 51] / writers=[52]
OOO / Test #66 / 1439449713058 / readers=[47, 47, 47, 47, 47, 47, 47, 47, 46, 47] / writers=[47]
OOO / Test #86 / 1439449713057 / readers=[44, 45, 45, 45, 45, 45, 45, 45, 45, 45] / writers=[45]
OOO / Test #130 / 1439449713057 / readers=[50, 50, 50, 50, 51, 50, 50, 50, 50, 50] / writers=[51]
OOO / Test #128 / 1439449713057 / readers=[48, 48, 48, 48, 48, 48, 48, 47, 47, 47] / writers=[48]
OOO / Test #9 / 1439449713057 / readers=[73, 73, 73, 73, 73, 73, 74, 74, 73, 73] / writers=[74]
OOO / Test #114 / 1439449713055 / readers=[57, 57, 57, 57, 57, 57, 57, 57, 57, 56] / writers=[57]
OOO / Test #118 / 1439449713055 / readers=[43, 43, 43, 43, 44, 43, 43, 43, 43, 43] / writers=[44]
OOO / Test #128 / 1439449713105 / readers=[49, 49, 49, 49, 49, 49, 48, 48, 48, 48] / writers=[49]
OOO / Test #9 / 1439449713105 / readers=[74, 74, 74, 74, 74, 74, 75, 74, 74, 74] / writers=[75]
OOO / Test #10 / 1439449713055 / readers=[57, 58, 58, 58, 58, 58, 58, 58, 58, 58] / writers=[58]
OOO / Test #8 / 1439449713055 / readers=[73, 73, 73, 73, 73, 73, 73, 73, 74, 73] / writers=[74]
OOO / Test #139 / 1439449713055 / readers=[49, 50, 50, 50, 50, 49, 50, 49, 49, 49] / writers=[50]
OOO / Test #91 / 1439449713055 / readers=[43, 42, 42, 42, 42, 42, 42, 42, 42, 42] / writers=[43]
OOO / Test #101 / 1439449713055 / readers=[43, 43, 44, 44, 44, 44, 44, 44, 44, 44] / writers=[44]
OOO / Test #144 / 1439449713055 / readers=[47, 47, 47, 47, 47, 47, 47, 46, 47, 46] / writers=[47]
OOO / Test #75 / 1439449713055 / readers=[43, 42, 42, 42, 42, 42, 42, 42, 42, 42] / writers=[43]
OOO / Test #139 / 1439449713108 / readers=[50, 51, 50, 51, 51, 50, 51, 50, 50, 50] / writers=[51]
OOO / Test #8 / 1439449713108 / readers=[74, 74, 74, 74, 74, 74, 74, 74, 74, 74] / writers=[75]
OOO / Test #137 / 1439449713053 / readers=[46, 46, 46, 46, 46, 46, 46, 46, 46, 45] / writers=[46]
OOO / Test #91 / 1439449713108 / readers=[43, 43, 43, 43, 43, 43, 43, 43, 43, 43] / writers=[44]
OOO / Test #84 / 1439449713053 / readers=[50, 50, 50, 50, 50, 50, 50, 49, 49, 49] / writers=[50]
OOO / Test #127 / 1439449713053 / readers=[50, 50, 50, 50, 49, 49, 50, 49, 50, 49] / writers=[50]
OOO / Test #48 / 1439449713053 / readers=[51, 51, 51, 51, 50, 50, 50, 50, 50, 50] / writers=[51]
OOO / Test #149 / 1439449713053 / readers=[44, 44, 44, 44, 44, 44, 44, 44, 44, 44] / writers=[45]
OOO / Test #6 / 1439449713053 / readers=[81, 81, 81, 81, 81, 81, 81, 80, 80, 80] / writers=[81]
OOO / Test #37 / 1439449713053 / readers=[48, 49, 49, 49, 49, 48, 49, 49, 48, 48] / writers=[49]
OOO / Test #57 / 1439449713053 / readers=[55, 55, 55, 54, 54, 54, 54, 55, 55, 55] / writers=[55]
OOO / Test #56 / 1439449713053 / readers=[62, 62, 61, 62, 61, 62, 61, 62, 62, 61] / writers=[62]
OOO / Test #90 / 1439449713050 / readers=[47, 47, 47, 47, 47, 47, 47, 47, 46, 46] / writers=[47]
OOO / Test #48 / 1439449713112 / readers=[51, 52, 52, 52, 51, 51, 51, 51, 51, 51] / writers=[52]
OOO / Test #21 / 1439449713050 / readers=[66, 66, 66, 66, 66, 66, 66, 66, 66, 66] / writers=[67]
OOO / Test #24 / 1439449713050 / readers=[56, 56, 56, 56, 56, 56, 56, 56, 56, 56] / writers=[57]
OOO / Test #17 / 1439449713050 / readers=[62, 63, 62, 63, 63, 63, 63, 63, 63, 62] / writers=[63]
OOO / Test #154 / 1439449713050 / readers=[53, 54, 53, 53, 53, 53, 53, 53, 53, 53] / writers=[54]
OOO / Test #16 / 1439449713050 / readers=[66, 66, 66, 66, 66, 66, 66, 66, 66, 67] / writers=[67]
OOO / Test #48 / 1439449713116 / readers=[52, 53, 52, 53, 52, 52, 52, 52, 52, 52] / writers=[53]
OOO / Test #109 / 1439449713050 / readers=[58, 58, 58, 58, 58, 58, 58, 58, 57, 57] / writers=[58]
OOO / Test #45 / 1439449713050 / readers=[57, 56, 56, 57, 57, 57, 56, 57, 56, 56] / writers=[57]
OOO / Test #32 / 1439449713050 / readers=[52, 51, 52, 51, 51, 51, 51, 51, 51, 51] / writers=[52]
OOO / Test #21 / 1439449713116 / readers=[69, 69, 69, 69, 69, 69, 69, 69, 68, 69] / writers=[69]
OOO / Test #17 / 1439449713116 / readers=[63, 64, 63, 64, 64, 64, 64, 64, 63, 63] / writers=[64]
OOO / Test #122 / 1439449713047 / readers=[52, 52, 52, 51, 51, 51, 51, 51, 51, 51] / writers=[52]
OOO / Test #73 / 1439449713047 / readers=[52, 52, 52, 51, 51, 51, 51, 51, 51, 51] / writers=[52]
OOO / Test #52 / 1439449713047 / readers=[57, 57, 57, 57, 57, 57, 57, 57, 57, 56] / writers=[57]
OOO / Test #145 / 1439449713047 / readers=[47, 47, 47, 47, 47, 47, 47, 47, 47, 47] / writers=[48]
OOO / Test #80 / 1439449713047 / readers=[43, 43, 43, 43, 43, 43, 43, 43, 43, 43] / writers=[44]
OOO / Test #42 / 1439449713047 / readers=[54, 54, 54, 54, 54, 54, 54, 54, 54, 54] / writers=[55]
OOO / Test #17 / 1439449713119 / readers=[64, 65, 64, 65, 65, 65, 65, 64, 64, 64] / writers=[65]
OOO / Test #41 / 1439449713047 / readers=[46, 47, 47, 47, 46, 47, 47, 47, 46, 47] / writers=[47]
OOO / Test #122 / 1439449713119 / readers=[53, 53, 52, 52, 52, 52, 52, 52, 52, 52] / writers=[53]
OOO / Test #19 / 1439449713047 / readers=[55, 55, 55, 56, 56, 56, 55, 56, 56, 55] / writers=[56]
OOO / Test #4 / 1439449713047 / readers=[75, 75, 75, 74, 74, 74, 74, 74, 74, 74] / writers=[75]
OOO / Test #38 / 1439449713045 / readers=[52, 52, 52, 52, 52, 52, 52, 52, 52, 52] / writers=[53]
OOO / Test #12 / 1439449713045 / readers=[72, 72, 72, 71, 72, 72, 71, 71, 71, 71] / writers=[72]
OOO / Test #155 / 1439449713045 / readers=[48, 48, 48, 48, 48, 48, 49, 49, 48, 48] / writers=[49]
OOO / Test #46 / 1439449713045 / readers=[57, 57, 58, 57, 58, 57, 57, 58, 58, 58] / writers=[58]
OOO / Test #51 / 1439449713045 / readers=[56, 56, 55, 55, 56, 56, 56, 56, 55, 56] / writers=[56]
OOO / Test #133 / 1439449713045 / readers=[43, 43, 44, 43, 43, 43, 43, 43, 43, 44] / writers=[44]
OOO / Test #12 / 1439449713122 / readers=[72, 73, 72, 72, 73, 72, 72, 72, 72, 72] / writers=[73]
OOO / Test #155 / 1439449713122 / readers=[49, 49, 49, 49, 49, 49, 49, 50, 49, 49] / writers=[50]
OOO / Test #58 / 1439449713045 / readers=[50, 50, 50, 51, 50, 50, 50, 51, 50, 50] / writers=[51]
OOO / Test #46 / 1439449713122 / readers=[58, 58, 58, 58, 59, 58, 58, 59, 59, 59] / writers=[59]
OOO / Test #33 / 1439449713045 / readers=[43, 43, 43, 43, 43, 43, 43, 43, 44, 43] / writers=[44]
OOO / Test #26 / 1439449713042 / readers=[49, 49, 49, 49, 49, 49, 48, 49, 49, 49] / writers=[49]
OOO / Test #23 / 1439449713042 / readers=[56, 56, 56, 55, 56, 56, 56, 56, 56, 56] / writers=[56]
OOO / Test #59 / 1439449713042 / readers=[52, 52, 52, 52, 52, 52, 52, 52, 52, 52] / writers=[53]
OOO / Test #157 / 1439449713042 / readers=[53, 53, 52, 53, 52, 52, 52, 52, 52, 52] / writers=[53]
OOO / Test #147 / 1439449713042 / readers=[44, 44, 44, 44, 44, 44, 44, 44, 44, 44] / writers=[45]
OOO / Test #39 / 1439449713042 / readers=[54, 53, 54, 54, 53, 53, 53, 53, 53, 53] / writers=[54]
OOO / Test #34 / 1439449713042 / readers=[52, 52, 52, 52, 52, 52, 53, 52, 53, 52] / writers=[53]
OOO / Test #23 / 1439449713124 / readers=[57, 57, 57, 56, 57, 57, 57, 57, 56, 57] / writers=[57]
OOO / Test #59 / 1439449713124 / readers=[53, 53, 53, 54, 54, 54, 54, 54, 54, 54] / writers=[54]
OOO / Test #35 / 1439449713042 / readers=[55, 55, 55, 55, 55, 55, 55, 55, 55, 55] / writers=[56]
OOO / Test #64 / 1439449713042 / readers=[49, 49, 49, 49, 49, 48, 49, 48, 48, 48] / writers=[49]
OOO / Test #14 / 1439449713042 / readers=[76, 77, 76, 77, 76, 76, 76, 76, 77, 77] / writers=[77]
OOO / Test #180 / 1439449713039 / readers=[46, 46, 46, 46, 46, 46, 46, 46, 45, 46] / writers=[46]
OOO / Test #28 / 1439449713039 / readers=[55, 56, 55, 56, 56, 56, 56, 56, 56, 56] / writers=[56]
OOO / Test #59 / 1439449713127 / readers=[54, 54, 54, 55, 55, 55, 55, 55, 54, 55] / writers=[55]
OOO / Test #146 / 1439449713039 / readers=[55, 54, 54, 54, 55, 55, 54, 54, 54, 54] / writers=[55]
OOO / Test #198 / 1439449713039 / readers=[53, 53, 53, 52, 52, 52, 53, 52, 52, 52] / writers=[53]
OOO / Test #62 / 1439449713039 / readers=[51, 51, 51, 51, 51, 51, 50, 51, 51, 51] / writers=[51]
OOO / Test #14 / 1439449713127 / readers=[77, 78, 77, 77, 77, 77, 77, 77, 78, 78] / writers=[78]
OOO / Test #18 / 1439449713039 / readers=[59, 59, 59, 59, 59, 59, 59, 59, 59, 58] / writers=[59]
OOO / Test #167 / 1439449713039 / readers=[46, 47, 47, 47, 47, 47, 47, 46, 47, 46] / writers=[47]
OOO / Test #22 / 1439449713039 / readers=[55, 56, 55, 56, 56, 56, 56, 56, 56, 56] / writers=[56]
OOO / Test #55 / 1439449713039 / readers=[54, 54, 55, 54, 54, 54, 54, 54, 54, 55] / writers=[55]
OOO / Test #148 / 1439449713036 / readers=[44, 44, 44, 44, 44, 44, 44, 44, 44, 45] / writers=[45]
OOO / Test #14 / 1439449713130 / readers=[78, 78, 78, 78, 78, 78, 78, 78, 79, 79] / writers=[79]
OOO / Test #44 / 1439449713035 / readers=[50, 50, 50, 50, 50, 50, 49, 49, 49, 49] / writers=[50]
OOO / Test #167 / 1439449713130 / readers=[47, 48, 48, 48, 48, 48, 48, 47, 47, 47] / writers=[48]
OOO / Test #40 / 1439449713035 / readers=[51, 51, 52, 52, 51, 51, 52, 52, 52, 52] / writers=[52]
OOO / Test #15 / 1439449713035 / readers=[67, 67, 67, 68, 68, 68, 68, 68, 68, 67] / writers=[68]
OOO / Test #14 / 1439449713130 / readers=[79, 79, 79, 79, 79, 79, 79, 79, 80, 79] / writers=[80]
OOO / Test #49 / 1439449713035 / readers=[55, 54, 54, 54, 54, 54, 54, 54, 55, 55] / writers=[55]
OOO / Test #162 / 1439449713035 / readers=[47, 48, 48, 48, 48, 48, 48, 48, 47, 47] / writers=[48]
OOO / Test #27 / 1439449713035 / readers=[50, 50, 50, 50, 50, 49, 49, 49, 50, 50] / writers=[50]
OOO / Test #31 / 1439449713035 / readers=[51, 52, 51, 52, 52, 52, 52, 52, 52, 52] / writers=[52]
OOO / Test #36 / 1439449713035 / readers=[52, 52, 52, 51, 51, 51, 52, 52, 52, 52] / writers=[52]
OOO / Test #14 / 1439449713134 / readers=[80, 80, 80, 80, 80, 80, 80, 80, 80, 80] / writers=[81]
OOO / Test #190 / 1439449713032 / readers=[56, 55, 56, 56, 56, 56, 56, 56, 56, 56] / writers=[56]
OOO / Test #30 / 1439449713032 / readers=[53, 53, 53, 52, 53, 52, 52, 52, 53, 53] / writers=[53]
OOO / Test #95 / 1439449713032 / readers=[54, 55, 54, 54, 55, 55, 54, 54, 55, 55] / writers=[55]
OOO / Test #60 / 1439449713032 / readers=[47, 47, 47, 47, 48, 48, 48, 48, 48, 47] / writers=[48]
OOO / Test #61 / 1439449713032 / readers=[51, 51, 51, 51, 51, 51, 51, 51, 52, 51] / writers=[52]
OOO / Test #153 / 1439449713032 / readers=[60, 60, 60, 60, 60, 60, 60, 60, 59, 60] / writers=[60]
OOO / Test #43 / 1439449713032 / readers=[52, 53, 52, 52, 53, 53, 53, 52, 53, 52] / writers=[53]
OOO / Test #178 / 1439449713032 / readers=[51, 51, 51, 51, 51, 50, 51, 51, 50, 50] / writers=[51]
OOO / Test #164 / 1439449713032 / readers=[47, 47, 47, 47, 47, 47, 47, 46, 46, 47] / writers=[47]
OOO / Test #166 / 1439449713032 / readers=[46, 46, 46, 47, 47, 47, 47, 47, 46, 46] / writers=[47]
OOO / Test #20 / 1439449713029 / readers=[51, 51, 50, 51, 51, 50, 50, 50, 51, 51] / writers=[51]
OOO / Test #182 / 1439449713029 / readers=[49, 49, 49, 49, 49, 49, 48, 48, 48, 48] / writers=[49]
OOO / Test #100 / 1439449713029 / readers=[54, 54, 54, 54, 54, 54, 54, 54, 54, 54] / writers=[55]
OOO / Test #152 / 1439449713029 / readers=[42, 42, 42, 42, 42, 42, 42, 42, 42, 42] / writers=[43]
OOO / Test #161 / 1439449713029 / readers=[49, 49, 49, 49, 49, 49, 49, 49, 49, 49] / writers=[50]
OOO / Test #169 / 1439449713029 / readers=[47, 47, 47, 47, 47, 47, 47, 47, 46, 46] / writers=[47]
OOO / Test #97 / 1439449713028 / readers=[53, 53, 53, 53, 54, 53, 53, 53, 53, 53] / writers=[54]
OOO / Test #171 / 1439449713028 / readers=[47, 47, 47, 47, 48, 48, 48, 48, 47, 47] / writers=[48]
OOO / Test #7 / 1439449713026 / readers=[56, 57, 56, 57, 57, 57, 57, 57, 57, 57] / writers=[57]
OOO / Test #13 / 1439449713026 / readers=[72, 72, 72, 73, 73, 73, 73, 72, 72, 72] / writers=[73]
OOO / Test #177 / 1439449713026 / readers=[49, 50, 50, 50, 50, 49, 49, 49, 49, 50] / writers=[50]
OOO / Test #158 / 1439449713026 / readers=[47, 48, 48, 48, 48, 48, 48, 47, 47, 47] / writers=[48]
OOO / Test #163 / 1439449713026 / readers=[49, 49, 49, 49, 49, 49, 48, 48, 48, 48] / writers=[49]
OOO / Test #160 / 1439449713026 / readers=[47, 46, 47, 47, 46, 47, 47, 47, 47, 46] / writers=[47]
OOO / Test #13 / 1439449713142 / readers=[73, 73, 73, 73, 74, 74, 74, 73, 73, 73] / writers=[74]
OOO / Test #156 / 1439449713026 / readers=[49, 49, 49, 49, 49, 49, 49, 48, 48, 48] / writers=[49]
OOO / Test #54 / 1439449713026 / readers=[58, 59, 58, 58, 58, 59, 58, 58, 58, 58] / writers=[59]
OOO / Test #181 / 1439449713026 / readers=[48, 48, 48, 48, 48, 48, 48, 47, 47, 47] / writers=[48]
OOO / Test #176 / 1439449713023 / readers=[46, 46, 46, 46, 46, 46, 45, 46, 46, 46] / writers=[46]
OOO / Test #150 / 1439449713023 / readers=[49, 49, 50, 49, 50, 50, 49, 49, 49, 49] / writers=[50]
OOO / Test #192 / 1439449713023 / readers=[60, 60, 60, 59, 60, 60, 59, 60, 59, 59] / writers=[60]
OOO / Test #193 / 1439449713023 / readers=[43, 43, 43, 43, 43, 43, 43, 43, 43, 43] / writers=[44]
OOO / Test #200 / 1439449713023 / readers=[47, 47, 47, 47, 47, 47, 47, 47, 46, 46] / writers=[47]
OOO / Test #187 / 1439449713023 / readers=[48, 48, 48, 48, 48, 48, 48, 47, 47, 47] / writers=[48]
OOO / Test #150 / 1439449713147 / readers=[50, 50, 51, 50, 51, 50, 50, 50, 50, 50] / writers=[51]
OOO / Test #184 / 1439449713023 / readers=[41, 41, 41, 40, 40, 40, 40, 40, 40, 40] / writers=[41]
OOO / Test #173 / 1439449713023 / readers=[47, 47, 47, 47, 47, 47, 47, 47, 46, 46] / writers=[47]
OOO / Test #194 / 1439449713020 / readers=[48, 48, 48, 49, 48, 49, 49, 48, 48, 48] / writers=[49]
OOO / Test #11 / 1439449713020 / readers=[74, 74, 74, 74, 74, 74, 74, 74, 74, 74] / writers=[75]
OOO / Test #53 / 1439449713020 / readers=[40, 39, 40, 40, 39, 40, 40, 40, 39, 40] / writers=[40]
OOO / Test #168 / 1439449713020 / readers=[41, 42, 41, 41, 41, 41, 41, 41, 41, 41] / writers=[42]
OOO / Test #184 / 1439449713150 / readers=[42, 41, 42, 41, 41, 41, 41, 41, 41, 41] / writers=[42]
OOO / Test #195 / 1439449713020 / readers=[44, 44, 44, 44, 44, 44, 44, 44, 44, 44] / writers=[45]
OOO / Test #196 / 1439449713020 / readers=[44, 43, 43, 44, 44, 44, 44, 44, 44, 44] / writers=[44]
OOO / Test #170 / 1439449713020 / readers=[44, 44, 44, 44, 44, 44, 44, 44, 44, 44] / writers=[45]
OOO / Test #197 / 1439449713020 / readers=[51, 51, 51, 51, 50, 50, 50, 50, 51, 50] / writers=[51]
OOO / Test #186 / 1439449713017 / readers=[44, 44, 44, 44, 44, 44, 44, 44, 44, 44] / writers=[45]
OOO / Test #165 / 1439449713017 / readers=[46, 46, 46, 46, 46, 46, 46, 46, 45, 45] / writers=[46]
OOO / Test #188 / 1439449713017 / readers=[48, 48, 48, 48, 47, 48, 48, 48, 47, 47] / writers=[48]
OOO / Test #174 / 1439449713017 / readers=[43, 42, 42, 42, 42, 42, 42, 42, 42, 42] / writers=[43]
OOO / Test #172 / 1439449713017 / readers=[47, 47, 47, 47, 47, 47, 47, 47, 46, 46] / writers=[47]
OOO / Test #191 / 1439449713017 / readers=[48, 48, 48, 47, 48, 48, 48, 48, 47, 47] / writers=[48]
OOO / Test #197 / 1439449713153 / readers=[52, 52, 52, 51, 51, 51, 51, 51, 52, 51] / writers=[52]
OOO / Test #47 / 1439449713017 / readers=[44, 44, 44, 44, 44, 44, 45, 44, 44, 44] / writers=[45]
OOO / Test #186 / 1439449713153 / readers=[47, 47, 47, 47, 47, 47, 47, 47, 47, 46] / writers=[47]
OOO / Test #199 / 1439449713017 / readers=[47, 47, 47, 47, 48, 47, 48, 47, 47, 47] / writers=[48]
OOO / Test #2 / 1439449713017 / readers=[44, 43, 44, 43, 43, 43, 43, 43, 43, 43] / writers=[44]
OOO / Test #50 / 1439449713014 / readers=[43, 43, 43, 43, 43, 43, 43, 43, 44, 43] / writers=[44]
OOO / Test #185 / 1439449713014 / readers=[43, 42, 42, 42, 42, 42, 42, 42, 42, 42] / writers=[43]
OOO / Test #189 / 1439449713014 / readers=[32, 31, 31, 31, 31, 31, 31, 31, 31, 31] / writers=[32]
OOO / Test #159 / 1439449713014 / readers=[48, 48, 47, 48, 48, 48, 47, 47, 47, 48] / writers=[48]
OOO / Test #3 / 1439449713014 / readers=[65, 65, 65, 66, 66, 66, 66, 66, 66, 66] / writers=[66]
OOO / Test #179 / 1439449713014 / readers=[34, 34, 34, 34, 34, 35, 35, 35, 35, 34] / writers=[35]
OOO / Test #185 / 1439449713157 / readers=[43, 43, 43, 43, 43, 43, 43, 43, 43, 43] / writers=[44]
OOO / Test #175 / 1439449713014 / readers=[39, 39, 39, 39, 39, 39, 39, 39, 39, 39] / writers=[40]
OOO / Test #189 / 1439449713157 / readers=[32, 32, 32, 32, 32, 32, 32, 32, 32, 32] / writers=[33]
OOO / Test #183 / 1439449713014 / readers=[44, 45, 45, 45, 45, 45, 45, 45, 45, 45] / writers=[45]
OOO / Test #175 / 1439449713157 / readers=[42, 42, 42, 41, 42, 42, 42, 42, 42, 42] / writers=[42]
OOO / Test #185 / 1439449713157 / readers=[46, 46, 46, 46, 46, 46, 46, 46, 46, 45] / writers=[46]
OOO / Test #3 / 1439449713157 / readers=[66, 66, 66, 66, 67, 67, 67, 67, 67, 67] / writers=[67]
OOO / Test #179 / 1439449713157 / readers=[35, 35, 35, 35, 35, 36, 36, 36, 35, 35] / writers=[36]
OOO / Test #159 / 1439449713157 / readers=[49, 49, 48, 49, 49, 49, 48, 48, 48, 48] / writers=[49]
OOO / Test #175 / 1439449713159 / readers=[43, 43, 43, 42, 43, 43, 43, 43, 42, 43] / writers=[43]
OOO / Test #183 / 1439449713159 / readers=[45, 46, 46, 46, 46, 46, 46, 46, 46, 45] / writers=[46]
OOO / Test #2 / 1439449713157 / readers=[44, 44, 45, 44, 44, 44, 44, 44, 44, 44] / writers=[45]
OOO / Test #50 / 1439449713157 / readers=[44, 44, 44, 44, 44, 44, 44, 44, 44, 44] / writers=[45]
OOO / Test #199 / 1439449713156 / readers=[48, 48, 48, 48, 49, 48, 48, 48, 48, 48] / writers=[49]
OOO / Test #47 / 1439449713153 / readers=[45, 45, 45, 45, 45, 45, 45, 45, 45, 45] / writers=[46]
OOO / Test #186 / 1439449713153 / readers=[48, 48, 48, 48, 48, 48, 48, 48, 47, 47] / writers=[48]
OOO / Test #197 / 1439449713153 / readers=[53, 53, 52, 52, 52, 52, 52, 52, 53, 52] / writers=[53]
OOO / Test #191 / 1439449713153 / readers=[49, 49, 49, 48, 49, 49, 49, 48, 48, 48] / writers=[49]
OOO / Test #172 / 1439449713153 / readers=[48, 48, 48, 48, 48, 48, 48, 47, 47, 47] / writers=[48]
OOO / Test #199 / 1439449713162 / readers=[49, 49, 49, 49, 49, 49, 49, 49, 49, 49] / writers=[50]
OOO / Test #174 / 1439449713153 / readers=[43, 43, 43, 43, 43, 43, 43, 43, 43, 43] / writers=[44]
OOO / Test #188 / 1439449713153 / readers=[49, 49, 49, 49, 48, 49, 49, 48, 48, 48] / writers=[49]
OOO / Test #197 / 1439449713162 / readers=[54, 54, 53, 53, 53, 53, 53, 53, 53, 53] / writers=[54]
OOO / Test #165 / 1439449713153 / readers=[47, 47, 47, 47, 47, 47, 46, 47, 46, 46] / writers=[47]
OOO / Test #170 / 1439449713150 / readers=[47, 47, 47, 47, 47, 47, 47, 47, 47, 46] / writers=[47]
OOO / Test #196 / 1439449713150 / readers=[46, 46, 46, 46, 46, 46, 46, 46, 46, 45] / writers=[46]
OOO / Test #195 / 1439449713150 / readers=[47, 47, 47, 47, 47, 47, 47, 47, 47, 46] / writers=[47]
OOO / Test #11 / 1439449713150 / readers=[77, 76, 77, 77, 77, 77, 77, 77, 77, 77] / writers=[77]
OOO / Test #168 / 1439449713150 / readers=[42, 42, 42, 42, 42, 42, 42, 42, 42, 42] / writers=[43]
OOO / Test #53 / 1439449713150 / readers=[41, 40, 41, 41, 40, 40, 41, 41, 40, 41] / writers=[41]
OOO / Test #196 / 1439449713165 / readers=[46, 47, 47, 47, 47, 47, 47, 47, 47, 46] / writers=[47]
OOO / Test #184 / 1439449713150 / readers=[43, 42, 42, 42, 42, 42, 42, 42, 42, 42] / writers=[43]
OOO / Test #194 / 1439449713150 / readers=[49, 49, 49, 50, 49, 50, 49, 49, 49, 49] / writers=[50]
OOO / Test #11 / 1439449713165 / readers=[78, 77, 78, 77, 78, 78, 78, 78, 78, 78] / writers=[78]
OOO / Test #173 / 1439449713150 / readers=[48, 48, 48, 48, 48, 48, 48, 47, 47, 47] / writers=[48]
OOO / Test #150 / 1439449713150 / readers=[51, 51, 52, 51, 51, 51, 51, 51, 51, 51] / writers=[52]
OOO / Test #192 / 1439449713147 / readers=[61, 61, 61, 60, 61, 60, 60, 61, 60, 60] / writers=[61]
OOO / Test #193 / 1439449713147 / readers=[46, 46, 46, 46, 46, 46, 46, 46, 46, 45] / writers=[46]
OOO / Test #187 / 1439449713147 / readers=[49, 49, 49, 49, 49, 49, 48, 48, 48, 48] / writers=[49]
OOO / Test #200 / 1439449713147 / readers=[48, 48, 48, 48, 48, 48, 48, 47, 47, 47] / writers=[48]
OOO / Test #173 / 1439449713168 / readers=[49, 49, 49, 49, 49, 49, 48, 48, 48, 48] / writers=[49]
OOO / Test #150 / 1439449713168 / readers=[52, 52, 52, 52, 52, 52, 52, 52, 52, 52] / writers=[53]
OOO / Test #192 / 1439449713168 / readers=[62, 62, 62, 61, 61, 61, 61, 62, 61, 61] / writers=[62]
OOO / Test #176 / 1439449713147 / readers=[47, 47, 47, 47, 47, 47, 46, 47, 47, 46] / writers=[47]
OOO / Test #181 / 1439449713147 / readers=[49, 49, 49, 49, 49, 48, 49, 48, 48, 48] / writers=[49]
OOO / Test #54 / 1439449713147 / readers=[59, 60, 59, 59, 59, 59, 59, 59, 59, 59] / writers=[60]
OOO / Test #156 / 1439449713147 / readers=[50, 50, 50, 50, 50, 50, 49, 49, 49, 49] / writers=[50]
OOO / Test #13 / 1439449713147 / readers=[74, 74, 74, 74, 74, 75, 75, 74, 74, 74] / writers=[75]
OOO / Test #181 / 1439449713172 / readers=[50, 50, 50, 50, 49, 49, 50, 49, 49, 49] / writers=[50]
OOO / Test #160 / 1439449713142 / readers=[48, 47, 48, 48, 47, 48, 48, 48, 47, 47] / writers=[48]
OOO / Test #163 / 1439449713142 / readers=[50, 50, 50, 50, 50, 49, 49, 49, 49, 49] / writers=[50]
OOO / Test #158 / 1439449713142 / readers=[48, 49, 49, 49, 48, 49, 49, 48, 48, 48] / writers=[49]
OOO / Test #156 / 1439449713172 / readers=[51, 50, 51, 51, 51, 51, 50, 50, 50, 50] / writers=[51]
OOO / Test #177 / 1439449713142 / readers=[50, 51, 51, 51, 50, 50, 50, 50, 50, 51] / writers=[51]
OOO / Test #7 / 1439449713142 / readers=[57, 58, 57, 58, 58, 58, 58, 58, 57, 58] / writers=[58]
OOO / Test #171 / 1439449713142 / readers=[48, 48, 48, 48, 49, 49, 49, 48, 48, 48] / writers=[49]
OOO / Test #161 / 1439449713142 / readers=[52, 52, 52, 51, 52, 52, 52, 52, 52, 52] / writers=[52]
OOO / Test #97 / 1439449713142 / readers=[54, 54, 54, 54, 54, 54, 54, 54, 54, 54] / writers=[55]
OOO / Test #169 / 1439449713142 / readers=[48, 48, 48, 48, 48, 48, 48, 47, 47, 47] / writers=[48]
OOO / Test #100 / 1439449713138 / readers=[57, 57, 57, 57, 57, 57, 57, 57, 56, 57] / writers=[57]
OOO / Test #7 / 1439449713176 / readers=[58, 59, 58, 59, 59, 59, 59, 59, 58, 58] / writers=[59]
OOO / Test #152 / 1439449713138 / readers=[44, 45, 45, 45, 45, 45, 45, 45, 45, 45] / writers=[45]
OOO / Test #171 / 1439449713176 / readers=[49, 49, 49, 49, 50, 49, 50, 49, 49, 49] / writers=[50]
OOO / Test #182 / 1439449713138 / readers=[50, 50, 50, 50, 50, 49, 49, 49, 49, 49] / writers=[50]
OOO / Test #161 / 1439449713176 / readers=[53, 53, 52, 52, 53, 53, 53, 53, 53, 53] / writers=[53]
OOO / Test #20 / 1439449713138 / readers=[52, 52, 51, 51, 52, 51, 51, 51, 52, 52] / writers=[52]
OOO / Test #166 / 1439449713138 / readers=[47, 47, 47, 48, 48, 48, 48, 47, 47, 47] / writers=[48]
OOO / Test #164 / 1439449713138 / readers=[48, 48, 48, 48, 48, 48, 48, 47, 47, 47] / writers=[48]
OOO / Test #178 / 1439449713138 / readers=[52, 52, 52, 52, 51, 51, 52, 52, 51, 51] / writers=[52]
OOO / Test #43 / 1439449713138 / readers=[53, 54, 53, 53, 54, 54, 54, 53, 53, 53] / writers=[54]
OOO / Test #20 / 1439449713179 / readers=[53, 53, 52, 52, 52, 52, 52, 52, 53, 53] / writers=[53]
OOO / Test #166 / 1439449713179 / readers=[48, 48, 48, 49, 49, 48, 49, 48, 48, 48] / writers=[49]
OOO / Test #153 / 1439449713138 / readers=[61, 61, 61, 61, 61, 61, 61, 60, 60, 61] / writers=[61]
OOO / Test #61 / 1439449713138 / readers=[52, 52, 52, 52, 52, 52, 52, 52, 52, 52] / writers=[53]
OOO / Test #60 / 1439449713138 / readers=[48, 48, 48, 48, 48, 49, 49, 49, 49, 48] / writers=[49]
OOO / Test #190 / 1439449713134 / readers=[57, 56, 57, 57, 57, 57, 57, 57, 57, 56] / writers=[57]
OOO / Test #95 / 1439449713134 / readers=[55, 56, 55, 55, 56, 56, 55, 55, 56, 55] / writers=[56]
OOO / Test #30 / 1439449713134 / readers=[54, 54, 54, 53, 53, 53, 53, 53, 54, 54] / writers=[54]
OOO / Test #14 / 1439449713134 / readers=[82, 83, 83, 83, 83, 83, 83, 83, 83, 83] / writers=[83]
OOO / Test #36 / 1439449713134 / readers=[53, 53, 53, 52, 52, 52, 52, 53, 53, 53] / writers=[53]
OOO / Test #31 / 1439449713134 / readers=[52, 53, 52, 53, 53, 53, 52, 53, 53, 53] / writers=[53]
OOO / Test #27 / 1439449713134 / readers=[51, 51, 51, 51, 50, 50, 50, 50, 51, 51] / writers=[51]
OOO / Test #162 / 1439449713134 / readers=[48, 49, 49, 49, 49, 49, 49, 48, 48, 48] / writers=[49]
OOO / Test #49 / 1439449713134 / readers=[55, 55, 55, 55, 55, 55, 55, 55, 56, 56] / writers=[56]
OOO / Test #36 / 1439449713183 / readers=[53, 54, 54, 53, 53, 53, 53, 54, 54, 54] / writers=[54]
OOO / Test #40 / 1439449713130 / readers=[52, 52, 53, 53, 52, 52, 53, 53, 52, 53] / writers=[53]
OOO / Test #15 / 1439449713130 / readers=[68, 68, 68, 69, 69, 69, 69, 69, 68, 68] / writers=[69]
OOO / Test #44 / 1439449713130 / readers=[51, 51, 51, 51, 51, 50, 50, 50, 50, 50] / writers=[51]
OOO / Test #167 / 1439449713130 / readers=[48, 49, 49, 49, 49, 48, 49, 48, 48, 48] / writers=[49]
OOO / Test #148 / 1439449713130 / readers=[45, 45, 45, 45, 45, 45, 45, 45, 45, 45] / writers=[46]
OOO / Test #55 / 1439449713130 / readers=[55, 55, 55, 55, 55, 55, 55, 55, 55, 56] / writers=[56]
OOO / Test #22 / 1439449713130 / readers=[56, 56, 56, 57, 57, 57, 57, 57, 57, 57] / writers=[57]
OOO / Test #44 / 1439449713186 / readers=[52, 52, 52, 52, 51, 51, 51, 51, 51, 51] / writers=[52]
OOO / Test #167 / 1439449713186 / readers=[49, 50, 50, 50, 49, 49, 50, 49, 49, 49] / writers=[50]
OOO / Test #18 / 1439449713130 / readers=[60, 60, 60, 59, 60, 60, 60, 60, 60, 59] / writers=[60]
OOO / Test #62 / 1439449713127 / readers=[52, 52, 52, 52, 51, 52, 51, 52, 52, 52] / writers=[52]
OOO / Test #55 / 1439449713186 / readers=[56, 56, 56, 56, 56, 56, 56, 56, 56, 56] / writers=[57]
OOO / Test #198 / 1439449713127 / readers=[53, 54, 54, 53, 53, 53, 54, 53, 53, 53] / writers=[54]
OOO / Test #146 / 1439449713127 / readers=[55, 55, 55, 55, 56, 56, 55, 55, 55, 55] / writers=[56]
OOO / Test #28 / 1439449713127 / readers=[56, 57, 56, 57, 57, 57, 56, 57, 57, 57] / writers=[57]
OOO / Test #180 / 1439449713127 / readers=[47, 47, 47, 47, 47, 47, 47, 46, 46, 47] / writers=[47]
OOO / Test #59 / 1439449713127 / readers=[55, 55, 55, 56, 56, 56, 56, 55, 55, 56] / writers=[56]
OOO / Test #35 / 1439449713127 / readers=[58, 57, 58, 58, 58, 58, 58, 58, 58, 58] / writers=[58]
OOO / Test #64 / 1439449713127 / readers=[50, 50, 50, 50, 50, 49, 49, 49, 49, 49] / writers=[50]
OOO / Test #147 / 1439449713125 / readers=[47, 47, 47, 47, 47, 47, 47, 47, 47, 46] / writers=[47]
OOO / Test #39 / 1439449713124 / readers=[55, 54, 55, 54, 54, 54, 54, 54, 54, 54] / writers=[55]
OOO / Test #64 / 1439449713190 / readers=[51, 51, 51, 51, 50, 50, 50, 50, 50, 50] / writers=[51]
OOO / Test #34 / 1439449713125 / readers=[53, 53, 53, 53, 53, 53, 54, 53, 53, 53] / writers=[54]
OOO / Test #23 / 1439449713124 / readers=[58, 58, 58, 57, 58, 58, 58, 58, 57, 57] / writers=[58]
OOO / Test #157 / 1439449713124 / readers=[54, 53, 53, 54, 53, 53, 53, 53, 53, 53] / writers=[54]
OOO / Test #26 / 1439449713124 / readers=[50, 50, 49, 50, 50, 50, 49, 50, 50, 50] / writers=[50]
OOO / Test #64 / 1439449713193 / readers=[52, 52, 52, 51, 51, 51, 51, 51, 51, 51] / writers=[52]
OOO / Test #33 / 1439449713124 / readers=[44, 44, 44, 44, 44, 44, 44, 44, 44, 44] / writers=[45]
OOO / Test #46 / 1439449713124 / readers=[59, 59, 59, 59, 59, 59, 59, 60, 60, 60] / writers=[60]
OOO / Test #23 / 1439449713193 / readers=[59, 59, 59, 58, 59, 59, 59, 58, 58, 58] / writers=[59]
OOO / Test #58 / 1439449713122 / readers=[51, 51, 51, 52, 51, 51, 51, 51, 51, 51] / writers=[52]
OOO / Test #64 / 1439449713193 / readers=[53, 52, 53, 52, 52, 52, 52, 52, 52, 52] / writers=[53]
OOO / Test #155 / 1439449713122 / readers=[50, 50, 50, 50, 50, 50, 50, 50, 50, 50] / writers=[51]
OOO / Test #133 / 1439449713122 / readers=[44, 44, 44, 44, 44, 44, 44, 44, 44, 45] / writers=[45]
OOO / Test #12 / 1439449713122 / readers=[73, 74, 73, 73, 73, 73, 73, 73, 73, 73] / writers=[74]
OOO / Test #51 / 1439449713122 / readers=[57, 57, 56, 56, 56, 57, 57, 57, 56, 57] / writers=[57]
OOO / Test #38 / 1439449713122 / readers=[55, 54, 55, 55, 55, 55, 55, 55, 55, 55] / writers=[55]
OOO / Test #19 / 1439449713122 / readers=[56, 56, 56, 56, 57, 57, 56, 57, 57, 56] / writers=[57]
OOO / Test #4 / 1439449713122 / readers=[75, 76, 76, 75, 75, 75, 75, 75, 75, 75] / writers=[76]
OOO / Test #17 / 1439449713119 / readers=[67, 67, 67, 67, 67, 67, 66, 67, 67, 67] / writers=[67]
OOO / Test #42 / 1439449713120 / readers=[57, 57, 57, 57, 57, 57, 57, 57, 57, 56] / writers=[57]
OOO / Test #80 / 1439449713119 / readers=[46, 46, 46, 46, 46, 46, 46, 45, 46, 46] / writers=[46]
OOO / Test #145 / 1439449713119 / readers=[50, 50, 50, 50, 50, 50, 50, 50, 50, 49] / writers=[50]
OOO / Test #122 / 1439449713119 / readers=[54, 53, 53, 53, 53, 53, 53, 53, 53, 53] / writers=[54]
OOO / Test #41 / 1439449713119 / readers=[47, 48, 48, 47, 47, 48, 48, 48, 47, 48] / writers=[48]
OOO / Test #52 / 1439449713119 / readers=[58, 58, 58, 58, 58, 58, 57, 58, 58, 57] / writers=[58]
OOO / Test #73 / 1439449713119 / readers=[53, 53, 52, 52, 52, 52, 52, 52, 52, 52] / writers=[53]
OOO / Test #32 / 1439449713116 / readers=[53, 52, 52, 52, 52, 52, 52, 52, 52, 52] / writers=[53]
OOO / Test #21 / 1439449713116 / readers=[70, 70, 70, 70, 70, 70, 70, 70, 69, 69] / writers=[70]
OOO / Test #45 / 1439449713116 / readers=[58, 57, 57, 57, 58, 58, 57, 58, 57, 57] / writers=[58]
OOO / Test #109 / 1439449713116 / readers=[59, 59, 59, 59, 59, 59, 59, 58, 58, 58] / writers=[59]
OOO / Test #52 / 1439449713199 / readers=[59, 59, 59, 59, 59, 58, 58, 59, 59, 58] / writers=[59]
OOO / Test #16 / 1439449713116 / readers=[67, 67, 67, 67, 67, 67, 67, 67, 67, 67] / writers=[68]
OOO / Test #21 / 1439449713199 / readers=[71, 71, 70, 71, 71, 71, 71, 71, 70, 70] / writers=[71]
OOO / Test #48 / 1439449713116 / readers=[53, 53, 53, 54, 53, 53, 53, 53, 53, 53] / writers=[54]
OOO / Test #24 / 1439449713116 / readers=[59, 59, 58, 59, 59, 59, 59, 59, 59, 59] / writers=[59]
OOO / Test #154 / 1439449713116 / readers=[54, 54, 54, 54, 54, 54, 54, 54, 54, 54] / writers=[55]
OOO / Test #90 / 1439449713112 / readers=[48, 48, 48, 48, 48, 48, 48, 47, 47, 47] / writers=[48]
OOO / Test #56 / 1439449713112 / readers=[63, 63, 62, 63, 62, 62, 62, 63, 63, 62] / writers=[63]
OOO / Test #21 / 1439449713202 / readers=[72, 72, 71, 72, 71, 72, 72, 72, 71, 71] / writers=[72]
OOO / Test #149 / 1439449713112 / readers=[47, 47, 47, 47, 47, 47, 46, 47, 47, 47] / writers=[47]
OOO / Test #57 / 1439449713112 / readers=[55, 56, 56, 55, 55, 55, 55, 56, 56, 56] / writers=[56]
OOO / Test #91 / 1439449713112 / readers=[47, 47, 47, 47, 47, 47, 47, 47, 46, 47] / writers=[47]
OOO / Test #90 / 1439449713202 / readers=[49, 49, 49, 49, 49, 48, 49, 48, 48, 48] / writers=[49]
OOO / Test #37 / 1439449713112 / readers=[49, 50, 50, 49, 50, 49, 50, 50, 49, 49] / writers=[50]
OOO / Test #6 / 1439449713112 / readers=[82, 82, 82, 82, 82, 82, 81, 81, 81, 81] / writers=[82]
OOO / Test #127 / 1439449713112 / readers=[51, 51, 50, 51, 50, 50, 51, 50, 51, 50] / writers=[51]
OOO / Test #84 / 1439449713112 / readers=[51, 51, 51, 51, 51, 50, 51, 50, 50, 50] / writers=[51]
OOO / Test #8 / 1439449713109 / readers=[77, 76, 77, 77, 77, 77, 77, 77, 77, 77] / writers=[77]
OOO / Test #137 / 1439449713108 / readers=[47, 47, 47, 47, 47, 47, 47, 47, 46, 46] / writers=[47]
OOO / Test #144 / 1439449713108 / readers=[48, 48, 48, 48, 48, 48, 48, 47, 47, 47] / writers=[48]
OOO / Test #37 / 1439449713205 / readers=[50, 51, 51, 50, 51, 50, 50, 51, 50, 50] / writers=[51]
OOO / Test #84 / 1439449713205 / readers=[52, 52, 52, 52, 51, 51, 52, 51, 51, 51] / writers=[52]
OOO / Test #75 / 1439449713108 / readers=[43, 43, 43, 43, 43, 43, 43, 43, 43, 43] / writers=[44]
OOO / Test #139 / 1439449713108 / readers=[51, 51, 51, 52, 52, 51, 52, 51, 51, 51] / writers=[52]
OOO / Test #101 / 1439449713108 / readers=[44, 44, 45, 45, 45, 45, 45, 45, 45, 44] / writers=[45]
OOO / Test #10 / 1439449713108 / readers=[58, 59, 59, 59, 59, 59, 59, 59, 58, 59] / writers=[59]
OOO / Test #9 / 1439449713108 / readers=[75, 75, 75, 75, 75, 75, 75, 75, 75, 75] / writers=[76]
OOO / Test #128 / 1439449713105 / readers=[50, 50, 50, 50, 50, 49, 49, 49, 49, 49] / writers=[50]
OOO / Test #118 / 1439449713105 / readers=[44, 44, 44, 44, 44, 44, 44, 44, 44, 44] / writers=[45]
OOO / Test #114 / 1439449713105 / readers=[58, 58, 58, 58, 58, 58, 58, 58, 57, 57] / writers=[58]
OOO / Test #130 / 1439449713105 / readers=[51, 51, 51, 51, 51, 51, 51, 51, 51, 51] / writers=[52]
OOO / Test #86 / 1439449713105 / readers=[45, 46, 46, 46, 46, 46, 46, 46, 46, 45] / writers=[46]
OOO / Test #66 / 1439449713105 / readers=[48, 48, 48, 48, 48, 48, 48, 47, 47, 48] / writers=[48]
OOO / Test #128 / 1439449713208 / readers=[51, 51, 51, 50, 51, 50, 50, 50, 50, 50] / writers=[51]
OOO / Test #141 / 1439449713105 / readers=[53, 53, 52, 52, 52, 52, 52, 52, 52, 52] / writers=[53]
OOO / Test #65 / 1439449713105 / readers=[58, 58, 58, 58, 58, 58, 58, 58, 57, 57] / writers=[58]
OOO / Test #29 / 1439449713103 / readers=[54, 55, 55, 55, 55, 55, 55, 55, 55, 55] / writers=[55]
OOO / Test #151 / 1439449713103 / readers=[47, 47, 47, 47, 47, 47, 46, 47, 47, 46] / writers=[47]
OOO / Test #78 / 1439449713103 / readers=[52, 52, 52, 51, 51, 51, 51, 51, 51, 51] / writers=[52]
OOO / Test #128 / 1439449713210 / readers=[52, 52, 52, 51, 51, 51, 51, 51, 51, 51] / writers=[52]
OOO / Test #76 / 1439449713103 / readers=[54, 54, 54, 54, 54, 54, 54, 54, 54, 54] / writers=[55]
OOO / Test #65 / 1439449713210 / readers=[59, 59, 59, 59, 59, 59, 59, 58, 58, 58] / writers=[59]
OOO / Test #116 / 1439449713103 / readers=[51, 51, 52, 52, 52, 51, 51, 51, 51, 51] / writers=[52]
OOO / Test #124 / 1439449713102 / readers=[50, 51, 51, 51, 50, 51, 50, 50, 50, 50] / writers=[51]
OOO / Test #63 / 1439449713102 / readers=[43, 42, 42, 42, 42, 42, 42, 42, 42, 42] / writers=[43]
OOO / Test #74 / 1439449713102 / readers=[52, 53, 52, 52, 53, 53, 53, 52, 53, 52] / writers=[53]
OOO / Test #82 / 1439449713099 / readers=[50, 50, 50, 50, 50, 49, 49, 49, 50, 49] / writers=[50]
OOO / Test #124 / 1439449713213 / readers=[51, 52, 52, 52, 51, 51, 51, 51, 51, 51] / writers=[52]
OOO / Test #125 / 1439449713099 / readers=[48, 48, 48, 48, 48, 48, 48, 47, 47, 47] / writers=[48]
OOO / Test #96 / 1439449713099 / readers=[50, 50, 50, 50, 50, 49, 49, 49, 49, 49] / writers=[50]
OOO / Test #74 / 1439449713213 / readers=[53, 54, 53, 53, 54, 53, 54, 53, 54, 53] / writers=[54]
OOO / Test #85 / 1439449713099 / readers=[51, 52, 52, 51, 52, 52, 51, 51, 51, 51] / writers=[52]
OOO / Test #124 / 1439449713214 / readers=[52, 53, 53, 52, 52, 52, 52, 52, 52, 52] / writers=[53]
OOO / Test #112 / 1439449713099 / readers=[51, 51, 51, 51, 50, 50, 50, 50, 50, 50] / writers=[51]
OOO / Test #87 / 1439449713099 / readers=[48, 48, 48, 48, 48, 48, 48, 47, 47, 47] / writers=[48]
OOO / Test #135 / 1439449713099 / readers=[54, 54, 54, 54, 54, 53, 54, 54, 54, 54] / writers=[54]
OOO / Test #71 / 1439449713096 / readers=[50, 50, 51, 51, 50, 50, 50, 50, 50, 50] / writers=[51]
OOO / Test #117 / 1439449713096 / readers=[52, 52, 52, 51, 51, 51, 51, 51, 51, 51] / writers=[52]
OOO / Test #77 / 1439449713096 / readers=[54, 54, 54, 54, 54, 54, 54, 54, 54, 54] / writers=[55]
OOO / Test #87 / 1439449713216 / readers=[49, 49, 49, 49, 49, 48, 49, 48, 48, 48] / writers=[49]
OOO / Test #93 / 1439449713096 / readers=[50, 50, 50, 49, 50, 50, 50, 49, 49, 49] / writers=[50]
OOO / Test #81 / 1439449713096 / readers=[49, 49, 49, 49, 49, 49, 49, 49, 49, 49] / writers=[50]
OOO / Test #89 / 1439449713096 / readers=[52, 51, 52, 52, 51, 51, 51, 51, 51, 51] / writers=[52]
OOO / Test #87 / 1439449713216 / readers=[50, 50, 50, 50, 50, 49, 49, 49, 49, 49] / writers=[50]
OOO / Test #88 / 1439449713096 / readers=[53, 53, 53, 53, 54, 53, 53, 53, 53, 53] / writers=[54]
OOO / Test #68 / 1439449713096 / readers=[47, 47, 47, 47, 47, 47, 47, 47, 46, 46] / writers=[47]
OOO / Test #92 / 1439449713092 / readers=[51, 50, 51, 51, 51, 50, 50, 50, 50, 51] / writers=[51]
OOO / Test #143 / 1439449713092 / readers=[41, 42, 42, 41, 41, 41, 41, 41, 41, 41] / writers=[42]
OOO / Test #113 / 1439449713092 / readers=[51, 52, 52, 51, 51, 52, 51, 51, 51, 51] / writers=[52]
OOO / Test #136 / 1439449713092 / readers=[48, 49, 49, 49, 49, 49, 48, 48, 48, 48] / writers=[49]
OOO / Test #106 / 1439449713092 / readers=[47, 47, 47, 47, 47, 47, 47, 48, 47, 47] / writers=[48]
OOO / Test #92 / 1439449713219 / readers=[52, 51, 52, 52, 51, 51, 51, 51, 51, 52] / writers=[52]
OOO / Test #129 / 1439449713092 / readers=[51, 51, 50, 51, 50, 51, 51, 50, 50, 50] / writers=[51]
OOO / Test #102 / 1439449713092 / readers=[48, 48, 48, 48, 48, 48, 48, 48, 47, 47] / writers=[48]
OOO / Test #67 / 1439449713092 / readers=[47, 47, 47, 48, 48, 48, 47, 47, 48, 47] / writers=[48]
OOO / Test #104 / 1439449713092 / readers=[50, 50, 49, 50, 50, 50, 49, 49, 49, 49] / writers=[50]
OOO / Test #79 / 1439449713092 / readers=[43, 42, 42, 42, 42, 42, 42, 42, 42, 42] / writers=[43]
OOO / Test #67 / 1439449713222 / readers=[48, 48, 48, 49, 49, 49, 48, 48, 48, 48] / writers=[49]
OOO / Test #142 / 1439449713089 / readers=[50, 51, 51, 51, 50, 50, 50, 50, 50, 50] / writers=[51]
OOO / Test #120 / 1439449713089 / readers=[52, 53, 53, 52, 52, 52, 52, 52, 52, 52] / writers=[53]
OOO / Test #104 / 1439449713222 / readers=[51, 51, 50, 51, 51, 50, 50, 50, 50, 50] / writers=[51]
OOO / Test #69 / 1439449713089 / readers=[48, 48, 48, 48, 49, 49, 48, 48, 48, 48] / writers=[49]
OOO / Test #110 / 1439449713089 / readers=[48, 48, 48, 48, 48, 48, 48, 47, 48, 48] / writers=[48]
OOO / Test #132 / 1439449713089 / readers=[48, 48, 48, 48, 48, 48, 47, 48, 48, 47] / writers=[48]
OOO / Test #142 / 1439449713222 / readers=[51, 52, 52, 51, 51, 51, 51, 51, 51, 51] / writers=[52]
OOO / Test #123 / 1439449713089 / readers=[44, 43, 43, 43, 43, 43, 43, 43, 43, 43] / writers=[44]
OOO / Test #134 / 1439449713089 / readers=[53, 52, 52, 52, 52, 52, 52, 52, 52, 52] / writers=[53]
OOO / Test #83 / 1439449713089 / readers=[53, 54, 53, 53, 53, 53, 53, 53, 53, 53] / writers=[54]
OOO / Test #138 / 1439449713086 / readers=[53, 52, 53, 52, 52, 52, 52, 52, 52, 52] / writers=[53]
OOO / Test #123 / 1439449713226 / readers=[44, 44, 44, 44, 44, 44, 44, 44, 44, 44] / writers=[45]
OOO / Test #70 / 1439449713086 / readers=[47, 47, 47, 47, 47, 47, 47, 47, 46, 46] / writers=[47]
OOO / Test #115 / 1439449713086 / readers=[43, 44, 43, 43, 43, 43, 43, 43, 43, 44] / writers=[44]
OOO / Test #131 / 1439449713086 / readers=[45, 45, 45, 44, 44, 44, 45, 45, 44, 45] / writers=[45]
OOO / Test #83 / 1439449713226 / readers=[54, 54, 54, 54, 54, 54, 54, 54, 54, 54] / writers=[55]
OOO / Test #138 / 1439449713226 / readers=[53, 53, 54, 53, 53, 53, 53, 53, 53, 53] / writers=[54]
OOO / Test #108 / 1439449713086 / readers=[54, 54, 54, 54, 54, 54, 54, 54, 54, 54] / writers=[55]
OOO / Test #105 / 1439449713086 / readers=[47, 47, 47, 47, 47, 47, 47, 47, 46, 46] / writers=[47]
OOO / Test #111 / 1439449713086 / readers=[57, 58, 58, 58, 58, 58, 58, 58, 57, 57] / writers=[58]
OOO / Test #98 / 1439449713082 / readers=[46, 46, 46, 46, 46, 46, 46, 46, 46, 45] / writers=[46]
OOO / Test #1 / 1439449713082 / readers=[49, 49, 49, 49, 49, 49, 49, 48, 48, 48] / writers=[49]
OOO / Test #121 / 1439449713082 / readers=[47, 47, 48, 48, 48, 48, 48, 48, 47, 47] / writers=[48]
OOO / Test #103 / 1439449713082 / readers=[57, 57, 57, 57, 57, 57, 57, 57, 57, 56] / writers=[57]
OOO / Test #25 / 1439449713082 / readers=[54, 54, 54, 54, 54, 54, 54, 54, 54, 54] / writers=[55]
OOO / Test #108 / 1439449713229 / readers=[57, 57, 57, 57, 57, 57, 57, 57, 56, 57] / writers=[57]
OOO / Test #107 / 1439449713082 / readers=[45, 46, 45, 45, 45, 45, 45, 45, 45, 46] / writers=[46]
OOO / Test #140 / 1439449713082 / readers=[60, 61, 61, 61, 60, 60, 60, 61, 60, 60] / writers=[61]
OOO / Test #94 / 1439449713082 / readers=[42, 42, 41, 41, 41, 41, 42, 42, 42, 42] / writers=[42]
OOO / Test #5 / 1439449713078 / readers=[69, 69, 69, 69, 69, 69, 69, 69, 68, 69] / writers=[69]
OOO / Test #119 / 1439449713078 / readers=[42, 43, 43, 42, 42, 42, 42, 42, 43, 43] / writers=[43]
OOO / Test #72 / 1439449713078 / readers=[49, 49, 49, 49, 49, 49, 49, 48, 48, 48] / writers=[49]
OOO / Test #126 / 1439449713078 / readers=[48, 48, 48, 48, 48, 48, 48, 47, 47, 48] / writers=[48]
OOO / Test #94 / 1439449713231 / readers=[43, 42, 42, 42, 42, 42, 43, 43, 43, 43] / writers=[43]
OOO / Test #99 / 1439449713078 / readers=[48, 48, 48, 48, 48, 47, 48, 48, 47, 47] / writers=[48]
OOO / Test #126 / 1439449713231 / readers=[49, 49, 49, 49, 49, 49, 48, 48, 48, 49] / writers=[49]
OOO / Test #72 / 1439449713231 / readers=[50, 49, 50, 50, 50, 50, 50, 49, 49, 49] / writers=[50]
OOO / Test #119 / 1439449713231 / readers=[43, 43, 44, 43, 43, 43, 43, 43, 44, 44] / writers=[44]
OOO / Test #5 / 1439449713231 / readers=[70, 70, 70, 70, 70, 70, 70, 69, 69, 70] / writers=[70]
OOO / Test #140 / 1439449713229 / readers=[61, 62, 62, 61, 61, 61, 61, 62, 61, 61] / writers=[62]
OOO / Test #25 / 1439449713229 / readers=[57, 57, 57, 56, 57, 57, 57, 57, 57, 57] / writers=[57]
OOO / Test #107 / 1439449713229 / readers=[46, 46, 46, 46, 46, 46, 46, 46, 46, 47] / writers=[47]
OOO / Test #108 / 1439449713229 / readers=[58, 58, 58, 58, 58, 58, 58, 58, 57, 57] / writers=[58]
OOO / Test #140 / 1439449713236 / readers=[62, 63, 62, 62, 62, 62, 62, 63, 62, 62] / writers=[63]
OOO / Test #103 / 1439449713229 / readers=[58, 58, 58, 58, 58, 58, 58, 58, 57, 57] / writers=[58]
OOO / Test #121 / 1439449713229 / readers=[48, 48, 49, 49, 49, 49, 49, 48, 48, 48] / writers=[49]
OOO / Test #1 / 1439449713229 / readers=[50, 49, 50, 50, 50, 50, 50, 49, 49, 49] / writers=[50]
OOO / Test #98 / 1439449713229 / readers=[46, 47, 47, 47, 47, 47, 47, 47, 47, 46] / writers=[47]
OOO / Test #105 / 1439449713229 / readers=[48, 48, 48, 48, 48, 48, 48, 47, 47, 47] / writers=[48]
OOO / Test #111 / 1439449713229 / readers=[58, 59, 59, 59, 59, 59, 59, 58, 58, 58] / writers=[59]
OOO / Test #83 / 1439449713226 / readers=[57, 57, 57, 57, 57, 57, 56, 57, 57, 57] / writers=[57]
OOO / Test #131 / 1439449713226 / readers=[46, 46, 45, 45, 45, 45, 46, 46, 45, 46] / writers=[46]
OOO / Test #138 / 1439449713226 / readers=[54, 54, 54, 54, 54, 54, 54, 54, 54, 54] / writers=[55]
OOO / Test #115 / 1439449713226 / readers=[44, 44, 44, 44, 44, 44, 44, 44, 44, 45] / writers=[45]
OOO / Test #105 / 1439449713239 / readers=[49, 49, 49, 49, 49, 49, 48, 48, 48, 48] / writers=[49]
OOO / Test #70 / 1439449713226 / readers=[48, 48, 48, 48, 48, 48, 48, 47, 47, 47] / writers=[48]
OOO / Test #123 / 1439449713226 / readers=[47, 47, 47, 47, 47, 47, 47, 47, 47, 46] / writers=[47]
OOO / Test #134 / 1439449713226 / readers=[53, 53, 53, 53, 53, 53, 53, 53, 53, 53] / writers=[54]
OOO / Test #115 / 1439449713239 / readers=[45, 45, 45, 45, 45, 45, 45, 45, 45, 45] / writers=[46]
OOO / Test #132 / 1439449713222 / readers=[49, 49, 49, 49, 49, 49, 48, 48, 49, 48] / writers=[49]
OOO / Test #142 / 1439449713222 / readers=[52, 53, 52, 52, 52, 52, 52, 52, 52, 52] / writers=[53]
OOO / Test #110 / 1439449713222 / readers=[49, 49, 49, 49, 49, 49, 49, 48, 48, 49] / writers=[49]
OOO / Test #120 / 1439449713222 / readers=[53, 54, 53, 53, 53, 53, 53, 53, 53, 53] / writers=[54]
OOO / Test #69 / 1439449713222 / readers=[49, 49, 49, 49, 50, 49, 49, 49, 49, 49] / writers=[50]
OOO / Test #104 / 1439449713222 / readers=[51, 52, 51, 52, 52, 51, 51, 51, 51, 51] / writers=[52]
OOO / Test #67 / 1439449713222 / readers=[49, 49, 49, 50, 50, 49, 49, 49, 49, 49] / writers=[50]
OOO / Test #110 / 1439449713242 / readers=[50, 50, 50, 50, 50, 50, 49, 49, 49, 50] / writers=[50]
OOO / Test #142 / 1439449713242 / readers=[53, 53, 53, 53, 53, 53, 53, 53, 53, 53] / writers=[54]
OOO / Test #79 / 1439449713222 / readers=[43, 43, 43, 43, 43, 43, 43, 43, 43, 43] / writers=[44]
OOO / Test #69 / 1439449713242 / readers=[50, 50, 50, 50, 50, 50, 50, 50, 50, 50] / writers=[51]
OOO / Test #102 / 1439449713219 / readers=[49, 49, 49, 49, 49, 49, 49, 48, 48, 48] / writers=[49]
OOO / Test #129 / 1439449713219 / readers=[52, 51, 51, 52, 51, 52, 52, 51, 51, 51] / writers=[52]
OOO / Test #92 / 1439449713219 / readers=[53, 52, 53, 52, 52, 52, 52, 52, 52, 53] / writers=[53]
OOO / Test #106 / 1439449713219 / readers=[48, 48, 48, 48, 48, 48, 48, 48, 48, 48] / writers=[49]
OOO / Test #136 / 1439449713219 / readers=[49, 50, 50, 50, 49, 50, 49, 49, 49, 49] / writers=[50]
OOO / Test #113 / 1439449713219 / readers=[52, 53, 53, 52, 52, 52, 52, 52, 52, 52] / writers=[53]
OOO / Test #102 / 1439449713246 / readers=[50, 50, 50, 50, 50, 50, 49, 49, 49, 49] / writers=[50]
OOO / Test #143 / 1439449713219 / readers=[42, 42, 43, 42, 42, 42, 42, 42, 42, 42] / writers=[43]
OOO / Test #92 / 1439449713246 / readers=[54, 53, 54, 53, 53, 53, 53, 53, 53, 53] / writers=[54]
OOO / Test #88 / 1439449713219 / readers=[54, 54, 54, 54, 54, 54, 54, 54, 54, 54] / writers=[55]
OOO / Test #136 / 1439449713246 / readers=[50, 51, 51, 50, 50, 51, 50, 50, 50, 50] / writers=[51]
OOO / Test #68 / 1439449713219 / readers=[48, 48, 48, 48, 48, 48, 48, 47, 47, 47] / writers=[48]
OOO / Test #81 / 1439449713216 / readers=[52, 52, 52, 51, 52, 52, 52, 52, 52, 52] / writers=[52]
OOO / Test #89 / 1439449713216 / readers=[53, 52, 53, 52, 52, 52, 52, 52, 52, 52] / writers=[53]
OOO / Test #87 / 1439449713216 / readers=[51, 50, 51, 51, 51, 50, 50, 50, 50, 50] / writers=[51]
OOO / Test #136 / 1439449713248 / readers=[51, 52, 51, 51, 51, 52, 51, 51, 51, 51] / writers=[52]
OOO / Test #77 / 1439449713216 / readers=[57, 57, 57, 57, 57, 57, 57, 57, 57, 56] / writers=[57]
OOO / Test #93 / 1439449713216 / readers=[51, 51, 51, 50, 51, 51, 50, 50, 50, 50] / writers=[51]
OOO / Test #117 / 1439449713216 / readers=[52, 53, 53, 52, 52, 52, 52, 52, 52, 52] / writers=[53]
OOO / Test #71 / 1439449713216 / readers=[51, 51, 52, 51, 51, 51, 51, 51, 51, 51] / writers=[52]
OOO / Test #136 / 1439449713248 / readers=[52, 53, 52, 52, 52, 52, 52, 52, 52, 52] / writers=[53]
OOO / Test #135 / 1439449713216 / readers=[55, 55, 55, 54, 55, 54, 55, 55, 55, 55] / writers=[55]
OOO / Test #85 / 1439449713214 / readers=[52, 53, 53, 52, 53, 52, 52, 52, 52, 52] / writers=[53]
OOO / Test #112 / 1439449713214 / readers=[52, 52, 51, 52, 51, 51, 51, 51, 51, 51] / writers=[52]
OOO / Test #96 / 1439449713214 / readers=[51, 51, 51, 51, 50, 50, 50, 50, 50, 50] / writers=[51]
OOO / Test #124 / 1439449713214 / readers=[53, 54, 53, 53, 53, 53, 53, 53, 53, 53] / writers=[54]
OOO / Test #74 / 1439449713214 / readers=[54, 54, 54, 54, 55, 54, 55, 54, 55, 54] / writers=[55]
OOO / Test #125 / 1439449713214 / readers=[49, 49, 49, 49, 49, 49, 48, 48, 48, 48] / writers=[49]
OOO / Test #82 / 1439449713214 / readers=[51, 51, 51, 51, 50, 50, 50, 50, 51, 50] / writers=[51]
OOO / Test #63 / 1439449713213 / readers=[43, 43, 43, 43, 43, 43, 43, 43, 43, 43] / writers=[44]
OOO / Test #96 / 1439449713251 / readers=[52, 52, 52, 51, 51, 51, 51, 51, 51, 51] / writers=[52]
OOO / Test #76 / 1439449713211 / readers=[57, 57, 57, 57, 57, 57, 57, 57, 57, 56] / writers=[57]
OOO / Test #116 / 1439449713211 / readers=[52, 52, 53, 53, 52, 52, 52, 52, 52, 52] / writers=[53]
OOO / Test #65 / 1439449713211 / readers=[60, 60, 60, 60, 60, 60, 59, 59, 59, 59] / writers=[60]
OOO / Test #78 / 1439449713210 / readers=[53, 53, 52, 52, 52, 52, 52, 52, 52, 52] / writers=[53]
OOO / Test #96 / 1439449713254 / readers=[52, 53, 53, 52, 52, 52, 52, 52, 52, 52] / writers=[53]
OOO / Test #128 / 1439449713210 / readers=[53, 53, 52, 52, 52, 52, 52, 52, 52, 52] / writers=[53]
OOO / Test #151 / 1439449713210 / readers=[48, 48, 48, 48, 48, 48, 47, 48, 47, 47] / writers=[48]
OOO / Test #29 / 1439449713210 / readers=[55, 56, 56, 56, 56, 56, 55, 56, 56, 56] / writers=[56]
OOO / Test #141 / 1439449713210 / readers=[54, 53, 53, 53, 53, 53, 53, 53, 53, 53] / writers=[54]
OOO / Test #96 / 1439449713254 / readers=[53, 54, 53, 53, 53, 53, 53, 53, 53, 53] / writers=[54]
OOO / Test #130 / 1439449713208 / readers=[54, 54, 53, 54, 54, 54, 54, 54, 54, 54] / writers=[54]
OOO / Test #66 / 1439449713208 / readers=[49, 49, 49, 49, 49, 49, 48, 48, 48, 49] / writers=[49]
OOO / Test #118 / 1439449713208 / readers=[47, 47, 47, 47, 47, 47, 47, 47, 47, 46] / writers=[47]
OOO / Test #86 / 1439449713208 / readers=[46, 47, 47, 47, 47, 47, 47, 47, 46, 46] / writers=[47]
OOO / Test #114 / 1439449713208 / readers=[59, 59, 59, 59, 59, 59, 59, 58, 58, 58] / writers=[59]
OOO / Test #9 / 1439449713208 / readers=[78, 78, 78, 78, 78, 78, 78, 78, 77, 78] / writers=[78]
OOO / Test #130 / 1439449713256 / readers=[55, 54, 54, 55, 55, 55, 55, 55, 55, 55] / writers=[55]
OOO / Test #10 / 1439449713208 / readers=[59, 60, 60, 60, 60, 60, 59, 60, 59, 60] / writers=[60]
OOO / Test #75 / 1439449713208 / readers=[46, 46, 46, 46, 46, 46, 46, 46, 46, 45] / writers=[46]
OOO / Test #114 / 1439449713256 / readers=[60, 60, 60, 60, 60, 60, 59, 59, 59, 59] / writers=[60]
OOO / Test #9 / 1439449713256 / readers=[79, 79, 79, 79, 79, 79, 79, 79, 78, 78] / writers=[79]
OOO / Test #101 / 1439449713208 / readers=[46, 45, 46, 46, 46, 46, 46, 46, 45, 45] / writers=[46]
OOO / Test #139 / 1439449713208 / readers=[52, 52, 52, 53, 53, 52, 52, 52, 52, 52] / writers=[53]
OOO / Test #84 / 1439449713205 / readers=[53, 53, 53, 52, 52, 52, 53, 52, 52, 52] / writers=[53]
OOO / Test #37 / 1439449713205 / readers=[51, 52, 52, 51, 52, 51, 51, 51, 51, 51] / writers=[52]
OOO / Test #9 / 1439449713259 / readers=[79, 80, 80, 80, 80, 80, 80, 80, 79, 79] / writers=[80]
OOO / Test #144 / 1439449713205 / readers=[49, 49, 49, 49, 49, 49, 48, 48, 48, 48] / writers=[49]
OOO / Test #101 / 1439449713259 / readers=[47, 46, 47, 47, 47, 47, 47, 46, 46, 46] / writers=[47]
OOO / Test #137 / 1439449713205 / readers=[48, 48, 48, 48, 48, 48, 48, 47, 47, 47] / writers=[48]
OOO / Test #8 / 1439449713205 / readers=[78, 77, 77, 78, 78, 78, 78, 78, 78, 78] / writers=[78]
OOO / Test #127 / 1439449713205 / readers=[52, 52, 51, 51, 51, 51, 52, 51, 52, 51] / writers=[52]
OOO / Test #6 / 1439449713205 / readers=[83, 83, 83, 83, 83, 82, 82, 82, 82, 82] / writers=[83]
OOO / Test #90 / 1439449713204 / readers=[50, 50, 50, 50, 50, 49, 49, 49, 49, 49] / writers=[50]
OOO / Test #91 / 1439449713202 / readers=[48, 48, 48, 48, 48, 48, 48, 47, 47, 48] / writers=[48]
OOO / Test #57 / 1439449713202 / readers=[56, 57, 57, 56, 56, 56, 56, 57, 57, 56] / writers=[57]
OOO / Test #149 / 1439449713202 / readers=[48, 48, 48, 48, 48, 48, 47, 48, 48, 47] / writers=[48]
OOO / Test #154 / 1439449713202 / readers=[57, 57, 57, 57, 57, 57, 57, 57, 57, 56] / writers=[57]
OOO / Test #6 / 1439449713261 / readers=[83, 84, 84, 84, 84, 83, 83, 83, 83, 83] / writers=[84]
OOO / Test #90 / 1439449713261 / readers=[51, 51, 50, 51, 51, 50, 50, 50, 50, 50] / writers=[51]
OOO / Test #56 / 1439449713202 / readers=[64, 64, 63, 64, 63, 63, 63, 63, 64, 63] / writers=[64]
OOO / Test #57 / 1439449713261 / readers=[57, 58, 58, 57, 57, 57, 57, 58, 57, 57] / writers=[58]
OOO / Test #21 / 1439449713202 / readers=[73, 73, 72, 72, 72, 73, 73, 73, 72, 72] / writers=[73]
OOO / Test #24 / 1439449713202 / readers=[60, 59, 59, 60, 60, 60, 60, 60, 60, 60] / writers=[60]
OOO / Test #48 / 1439449713202 / readers=[54, 54, 54, 54, 54, 54, 54, 54, 54, 54] / writers=[55]
OOO / Test #16 / 1439449713199 / readers=[70, 70, 70, 70, 70, 70, 70, 70, 69, 70] / writers=[70]
OOO / Test #109 / 1439449713199 / readers=[60, 60, 60, 60, 60, 59, 60, 59, 59, 59] / writers=[60]
OOO / Test #52 / 1439449713199 / readers=[60, 60, 60, 59, 60, 59, 59, 60, 60, 59] / writers=[60]
OOO / Test #21 / 1439449713264 / readers=[74, 74, 73, 73, 73, 74, 73, 74, 73, 73] / writers=[74]
OOO / Test #45 / 1439449713199 / readers=[59, 58, 58, 58, 59, 58, 58, 59, 58, 58] / writers=[59]
OOO / Test #32 / 1439449713199 / readers=[53, 53, 53, 53, 53, 53, 53, 53, 53, 53] / writers=[54]
OOO / Test #73 / 1439449713199 / readers=[54, 53, 53, 53, 53, 53, 53, 53, 53, 53] / writers=[54]
OOO / Test #16 / 1439449713264 / readers=[71, 71, 71, 71, 71, 71, 70, 71, 70, 71] / writers=[71]
OOO / Test #41 / 1439449713198 / readers=[48, 48, 49, 48, 48, 49, 49, 49, 48, 49] / writers=[49]
OOO / Test #122 / 1439449713198 / readers=[54, 54, 54, 54, 54, 54, 54, 54, 54, 54] / writers=[55]
OOO / Test #145 / 1439449713198 / readers=[51, 51, 51, 51, 51, 51, 51, 50, 51, 50] / writers=[51]
OOO / Test #80 / 1439449713196 / readers=[47, 47, 47, 47, 47, 47, 46, 46, 47, 47] / writers=[47]
OOO / Test #42 / 1439449713196 / readers=[58, 58, 58, 58, 58, 58, 58, 58, 57, 57] / writers=[58]
OOO / Test #17 / 1439449713196 / readers=[68, 68, 68, 68, 68, 67, 67, 68, 68, 68] / writers=[68]
OOO / Test #41 / 1439449713267 / readers=[49, 49, 50, 49, 49, 50, 50, 50, 49, 49] / writers=[50]
OOO / Test #4 / 1439449713196 / readers=[76, 76, 77, 76, 76, 76, 76, 76, 76, 76] / writers=[77]
OOO / Test #19 / 1439449713196 / readers=[57, 57, 57, 57, 57, 58, 57, 58, 58, 57] / writers=[58]
OOO / Test #155 / 1439449713196 / readers=[53, 53, 53, 53, 53, 52, 53, 53, 53, 53] / writers=[53]
OOO / Test #38 / 1439449713196 / readers=[55, 55, 56, 56, 56, 56, 56, 56, 56, 56] / writers=[56]
OOO / Test #51 / 1439449713196 / readers=[58, 58, 57, 57, 57, 58, 57, 58, 57, 58] / writers=[58]
OOO / Test #12 / 1439449713196 / readers=[74, 74, 74, 74, 74, 74, 74, 74, 74, 74] / writers=[75]
OOO / Test #133 / 1439449713196 / readers=[45, 45, 45, 45, 45, 45, 45, 45, 45, 45] / writers=[46]
OOO / Test #64 / 1439449713193 / readers=[54, 53, 53, 53, 53, 53, 53, 53, 53, 53] / writers=[54]
OOO / Test #33 / 1439449713193 / readers=[47, 47, 47, 47, 47, 47, 47, 46, 47, 47] / writers=[47]
OOO / Test #58 / 1439449713193 / readers=[52, 52, 52, 52, 52, 52, 52, 52, 52, 52] / writers=[53]
OOO / Test #23 / 1439449713193 / readers=[60, 60, 60, 59, 60, 60, 59, 59, 59, 59] / writers=[60]
OOO / Test #46 / 1439449713193 / readers=[60, 60, 60, 60, 60, 60, 60, 61, 60, 61] / writers=[61]
OOO / Test #64 / 1439449713270 / readers=[54, 54, 54, 54, 54, 54, 54, 54, 54, 54] / writers=[55]
OOO / Test #12 / 1439449713270 / readers=[77, 77, 76, 77, 77, 77, 77, 77, 77, 77] / writers=[77]
OOO / Test #26 / 1439449713193 / readers=[51, 51, 50, 51, 51, 51, 50, 50, 51, 51] / writers=[51]
OOO / Test #157 / 1439449713193 / readers=[55, 54, 54, 54, 54, 54, 54, 54, 54, 54] / writers=[55]
OOO / Test #34 / 1439449713193 / readers=[54, 54, 54, 54, 54, 54, 54, 54, 54, 54] / writers=[55]
OOO / Test #39 / 1439449713190 / readers=[55, 55, 56, 55, 55, 55, 55, 55, 55, 55] / writers=[56]
OOO / Test #147 / 1439449713190 / readers=[48, 48, 48, 48, 48, 48, 47, 48, 48, 47] / writers=[48]
OOO / Test #35 / 1439449713190 / readers=[59, 58, 59, 59, 58, 59, 59, 59, 59, 59] / writers=[59]
OOO / Test #26 / 1439449713273 / readers=[52, 52, 51, 52, 51, 52, 51, 51, 52, 52] / writers=[52]
OOO / Test #59 / 1439449713190 / readers=[56, 56, 56, 57, 57, 57, 57, 56, 56, 56] / writers=[57]
OOO / Test #55 / 1439449713190 / readers=[59, 59, 59, 59, 59, 59, 59, 59, 58, 59] / writers=[59]
OOO / Test #28 / 1439449713190 / readers=[57, 58, 57, 58, 58, 57, 57, 58, 58, 58] / writers=[58]
OOO / Test #180 / 1439449713190 / readers=[48, 48, 48, 48, 48, 48, 47, 47, 47, 48] / writers=[48]
OOO / Test #146 / 1439449713190 / readers=[56, 56, 56, 56, 56, 57, 56, 56, 56, 56] / writers=[57]
OOO / Test #198 / 1439449713190 / readers=[54, 54, 55, 54, 54, 54, 55, 54, 54, 54] / writers=[55]
OOO / Test #62 / 1439449713186 / readers=[53, 53, 53, 53, 52, 52, 52, 53, 53, 53] / writers=[53]
OOO / Test #18 / 1439449713186 / readers=[61, 61, 61, 60, 61, 61, 60, 61, 61, 60] / writers=[61]
OOO / Test #167 / 1439449713186 / readers=[50, 51, 51, 51, 50, 50, 50, 50, 50, 50] / writers=[51]
OOO / Test #22 / 1439449713186 / readers=[57, 57, 57, 58, 58, 58, 58, 58, 57, 58] / writers=[58]
OOO / Test #148 / 1439449713186 / readers=[48, 48, 48, 48, 48, 48, 48, 48, 47, 48] / writers=[48]
OOO / Test #62 / 1439449713277 / readers=[54, 54, 54, 54, 53, 53, 53, 54, 54, 53] / writers=[54]
OOO / Test #18 / 1439449713277 / readers=[62, 62, 62, 61, 62, 61, 61, 62, 62, 61] / writers=[62]
OOO / Test #44 / 1439449713186 / readers=[53, 53, 53, 52, 52, 52, 52, 52, 52, 52] / writers=[53]
OOO / Test #15 / 1439449713186 / readers=[69, 69, 69, 70, 70, 70, 70, 69, 69, 69] / writers=[70]
OOO / Test #40 / 1439449713186 / readers=[53, 53, 54, 54, 53, 53, 54, 54, 53, 53] / writers=[54]
OOO / Test #49 / 1439449713183 / readers=[56, 56, 56, 56, 56, 56, 56, 56, 57, 56] / writers=[57]
OOO / Test #36 / 1439449713183 / readers=[54, 55, 54, 54, 54, 54, 54, 55, 55, 55] / writers=[55]
OOO / Test #162 / 1439449713183 / readers=[49, 50, 50, 50, 50, 50, 49, 49, 49, 49] / writers=[50]
OOO / Test #44 / 1439449713280 / readers=[54, 54, 53, 53, 53, 53, 53, 53, 53, 53] / writers=[54]
OOO / Test #15 / 1439449713280 / readers=[70, 70, 70, 71, 71, 71, 70, 70, 70, 70] / writers=[71]
OOO / Test #40 / 1439449713280 / readers=[54, 54, 55, 55, 54, 54, 55, 54, 54, 54] / writers=[55]
OOO / Test #49 / 1439449713280 / readers=[57, 57, 57, 57, 57, 57, 57, 57, 57, 57] / writers=[58]
OOO / Test #36 / 1439449713280 / readers=[55, 56, 55, 55, 55, 55, 55, 56, 55, 56] / writers=[56]
OOO / Test #44 / 1439449713280 / readers=[55, 54, 54, 54, 54, 54, 54, 54, 54, 54] / writers=[55]
OOO / Test #27 / 1439449713183 / readers=[52, 52, 52, 51, 51, 51, 51, 51, 52, 52] / writers=[52]
OOO / Test #31 / 1439449713183 / readers=[53, 54, 53, 53, 54, 54, 53, 54, 54, 54] / writers=[54]
OOO / Test #14 / 1439449713183 / readers=[83, 84, 84, 84, 84, 84, 83, 84, 84, 84] / writers=[84]
OOO / Test #30 / 1439449713183 / readers=[55, 55, 54, 54, 54, 54, 54, 54, 55, 55] / writers=[55]
OOO / Test #190 / 1439449713183 / readers=[57, 57, 58, 58, 58, 58, 58, 58, 58, 57] / writers=[58]
OOO / Test #27 / 1439449713282 / readers=[53, 53, 52, 52, 52, 52, 52, 52, 53, 53] / writers=[53]
OOO / Test #95 / 1439449713183 / readers=[56, 57, 56, 56, 57, 57, 56, 56, 56, 56] / writers=[57]
OOO / Test #31 / 1439449713282 / readers=[54, 55, 54, 54, 55, 55, 54, 55, 54, 55] / writers=[55]
OOO / Test #14 / 1439449713282 / readers=[84, 85, 85, 85, 85, 85, 84, 84, 85, 85] / writers=[85]
OOO / Test #61 / 1439449713180 / readers=[55, 55, 55, 55, 55, 55, 55, 55, 55, 54] / writers=[55]
OOO / Test #60 / 1439449713179 / readers=[49, 49, 49, 49, 49, 49, 50, 50, 50, 49] / writers=[50]
OOO / Test #153 / 1439449713179 / readers=[62, 62, 62, 61, 62, 62, 62, 61, 61, 62] / writers=[62]
OOO / Test #43 / 1439449713179 / readers=[54, 55, 54, 54, 55, 55, 54, 54, 54, 54] / writers=[55]
OOO / Test #166 / 1439449713179 / readers=[49, 49, 49, 50, 50, 49, 49, 49, 49, 49] / writers=[50]
OOO / Test #20 / 1439449713179 / readers=[54, 53, 53, 53, 53, 53, 53, 53, 54, 54] / writers=[54]
OOO / Test #178 / 1439449713179 / readers=[53, 53, 53, 52, 52, 52, 53, 53, 52, 52] / writers=[53]
OOO / Test #60 / 1439449713285 / readers=[50, 50, 50, 50, 50, 50, 50, 51, 51, 50] / writers=[51]
OOO / Test #164 / 1439449713179 / readers=[49, 49, 49, 49, 49, 49, 48, 48, 48, 48] / writers=[49]
OOO / Test #182 / 1439449713176 / readers=[51, 51, 51, 51, 50, 50, 50, 50, 50, 50] / writers=[51]
OOO / Test #161 / 1439449713176 / readers=[54, 53, 53, 53, 54, 54, 54, 54, 54, 54] / writers=[54]
OOO / Test #152 / 1439449713176 / readers=[45, 46, 46, 46, 46, 45, 46, 46, 46, 46] / writers=[46]
OOO / Test #171 / 1439449713176 / readers=[50, 50, 50, 50, 51, 50, 50, 50, 50, 50] / writers=[51]
OOO / Test #97 / 1439449713176 / readers=[57, 57, 57, 57, 57, 57, 57, 56, 57, 57] / writers=[57]
OOO / Test #169 / 1439449713176 / readers=[49, 49, 49, 49, 49, 49, 48, 48, 48, 48] / writers=[49]
OOO / Test #100 / 1439449713176 / readers=[58, 58, 58, 58, 58, 58, 58, 58, 57, 57] / writers=[58]
OOO / Test #7 / 1439449713176 / readers=[59, 60, 59, 60, 60, 60, 60, 59, 59, 59] / writers=[60]
OOO / Test #152 / 1439449713288 / readers=[46, 47, 47, 47, 47, 46, 47, 47, 47, 46] / writers=[47]
OOO / Test #177 / 1439449713172 / readers=[51, 52, 52, 51, 51, 51, 51, 51, 51, 52] / writers=[52]
OOO / Test #156 / 1439449713172 / readers=[52, 51, 52, 52, 52, 51, 51, 51, 51, 51] / writers=[52]
OOO / Test #158 / 1439449713172 / readers=[49, 50, 50, 50, 49, 50, 49, 49, 49, 49] / writers=[50]
OOO / Test #152 / 1439449713289 / readers=[47, 48, 48, 48, 48, 47, 48, 48, 47, 47] / writers=[48]
OOO / Test #163 / 1439449713172 / readers=[51, 51, 51, 51, 50, 50, 50, 50, 50, 50] / writers=[51]
OOO / Test #160 / 1439449713172 / readers=[49, 48, 49, 49, 48, 49, 49, 48, 48, 48] / writers=[49]
OOO / Test #181 / 1439449713172 / readers=[51, 51, 51, 50, 50, 50, 51, 50, 50, 50] / writers=[51]
OOO / Test #13 / 1439449713172 / readers=[75, 75, 75, 75, 75, 75, 76, 75, 75, 75] / writers=[76]
OOO / Test #54 / 1439449713172 / readers=[60, 60, 60, 60, 60, 60, 60, 60, 60, 60] / writers=[61]
OOO / Test #163 / 1439449713291 / readers=[52, 52, 52, 51, 51, 51, 51, 51, 51, 51] / writers=[52]
OOO / Test #150 / 1439449713168 / readers=[55, 54, 55, 55, 55, 55, 55, 55, 55, 55] / writers=[55]
OOO / Test #160 / 1439449713291 / readers=[50, 49, 50, 50, 49, 50, 49, 49, 49, 49] / writers=[50]
OOO / Test #176 / 1439449713168 / readers=[48, 48, 48, 48, 48, 48, 47, 47, 48, 47] / writers=[48]
OOO / Test #192 / 1439449713168 / readers=[63, 63, 62, 62, 62, 62, 62, 63, 62, 62] / writers=[63]
OOO / Test #200 / 1439449713168 / readers=[49, 49, 49, 49, 49, 49, 48, 48, 48, 48] / writers=[49]
OOO / Test #173 / 1439449713168 / readers=[50, 50, 50, 50, 50, 49, 49, 49, 49, 49] / writers=[50]
OOO / Test #187 / 1439449713168 / readers=[50, 50, 50, 50, 50, 49, 49, 49, 49, 49] / writers=[50]
OOO / Test #193 / 1439449713168 / readers=[47, 47, 47, 47, 47, 46, 47, 47, 47, 46] / writers=[47]
OOO / Test #200 / 1439449713295 / readers=[50, 50, 50, 50, 50, 49, 49, 49, 49, 49] / writers=[50]
OOO / Test #168 / 1439449713165 / readers=[45, 45, 45, 45, 45, 44, 45, 45, 45, 45] / writers=[45]
OOO / Test #173 / 1439449713295 / readers=[51, 51, 51, 51, 50, 50, 50, 50, 50, 50] / writers=[51]
OOO / Test #11 / 1439449713165 / readers=[79, 78, 79, 78, 79, 79, 79, 79, 79, 78] / writers=[79]
OOO / Test #200 / 1439449713295 / readers=[51, 51, 51, 51, 50, 50, 50, 50, 50, 50] / writers=[51]
OOO / Test #194 / 1439449713165 / readers=[50, 50, 50, 50, 50, 51, 50, 50, 50, 50] / writers=[51]
OOO / Test #184 / 1439449713165 / readers=[43, 43, 43, 43, 43, 43, 43, 43, 43, 43] / writers=[44]
OOO / Test #53 / 1439449713165 / readers=[42, 41, 42, 42, 41, 41, 41, 42, 41, 42] / writers=[42]
OOO / Test #196 / 1439449713165 / readers=[47, 48, 48, 48, 48, 48, 48, 48, 47, 47] / writers=[48]
OOO / Test #195 / 1439449713165 / readers=[48, 48, 48, 48, 48, 48, 48, 48, 47, 47] / writers=[48]
OOO / Test #170 / 1439449713165 / readers=[48, 48, 48, 48, 48, 48, 48, 48, 47, 47] / writers=[48]
OOO / Test #165 / 1439449713165 / readers=[48, 48, 48, 48, 48, 48, 47, 47, 47, 47] / writers=[48]
OOO / Test #174 / 1439449713162 / readers=[46, 46, 46, 46, 46, 46, 46, 46, 46, 45] / writers=[46]
OOO / Test #188 / 1439449713162 / readers=[50, 50, 50, 50, 49, 50, 49, 49, 49, 49] / writers=[50]
OOO / Test #196 / 1439449713298 / readers=[48, 49, 49, 49, 49, 49, 49, 48, 48, 48] / writers=[49]
OOO / Test #197 / 1439449713162 / readers=[55, 54, 54, 54, 54, 54, 54, 54, 54, 54] / writers=[55]
OOO / Test #170 / 1439449713298 / readers=[49, 49, 49, 49, 49, 49, 48, 49, 48, 48] / writers=[49]
OOO / Test #199 / 1439449713162 / readers=[52, 52, 52, 52, 52, 52, 52, 51, 52, 52] / writers=[52]
OOO / Test #172 / 1439449713162 / readers=[49, 49, 49, 49, 49, 49, 48, 48, 48, 48] / writers=[49]
OOO / Test #191 / 1439449713162 / readers=[50, 50, 50, 49, 50, 50, 49, 49, 49, 49] / writers=[50]
OOO / Test #186 / 1439449713162 / readers=[49, 49, 49, 49, 49, 49, 49, 48, 48, 48] / writers=[49]
OOO / Test #47 / 1439449713162 / readers=[48, 48, 48, 48, 48, 48, 48, 48, 47, 48] / writers=[48]
OOO / Test #50 / 1439449713159 / readers=[47, 47, 47, 47, 47, 47, 47, 47, 47, 46] / writers=[47]
OOO / Test #170 / 1439449713302 / readers=[50, 50, 50, 50, 49, 50, 49, 50, 49, 49] / writers=[50]
OOO / Test #2 / 1439449713159 / readers=[45, 45, 45, 45, 45, 45, 45, 45, 45, 45] / writers=[46]
OOO / Test #183 / 1439449713159 / readers=[46, 47, 47, 46, 47, 47, 47, 47, 47, 46] / writers=[47]
OOO / Test #159 / 1439449713159 / readers=[49, 50, 49, 50, 50, 50, 49, 49, 49, 49] / writers=[50]
OOO / Test #175 / 1439449713159 / readers=[44, 43, 44, 43, 44, 44, 44, 44, 43, 44] / writers=[44]
OOO / Test #179 / 1439449713159 / readers=[36, 36, 36, 36, 36, 37, 37, 36, 36, 36] / writers=[37]
OOO / Test #3 / 1439449713159 / readers=[67, 67, 67, 67, 68, 68, 68, 68, 68, 67] / writers=[68]
OOO / Test #185 / 1439449713159 / readers=[47, 47, 47, 47, 47, 47, 47, 47, 46, 46] / writers=[47]
OOO / Test #159 / 1439449713305 / readers=[50, 51, 50, 51, 51, 50, 50, 50, 50, 50] / writers=[51]
OOO / Test #189 / 1439449713159 / readers=[35, 35, 35, 35, 35, 35, 35, 35, 35, 34] / writers=[35]
OOO / Test #175 / 1439449713305 / readers=[45, 44, 44, 44, 45, 45, 45, 45, 44, 45] / writers=[45]
OOO / Test #159 / 1439449713305 / readers=[51, 52, 51, 52, 51, 51, 51, 51, 51, 51] / writers=[52]
OOO / Test #189 / 1439449713305 / readers=[36, 36, 36, 36, 36, 36, 36, 36, 35, 35] / writers=[36]
OOO / Test #2 / 1439449713302 / readers=[48, 47, 48, 48, 48, 48, 48, 48, 48, 48] / writers=[48]
OOO / Test #183 / 1439449713302 / readers=[47, 48, 48, 47, 48, 48, 48, 48, 47, 47] / writers=[48]
OOO / Test #50 / 1439449713302 / readers=[48, 48, 48, 47, 48, 48, 48, 48, 48, 47] / writers=[48]
OOO / Test #47 / 1439449713302 / readers=[49, 49, 49, 48, 49, 49, 49, 49, 48, 49] / writers=[49]
OOO / Test #170 / 1439449713302 / readers=[51, 51, 51, 50, 50, 51, 50, 51, 50, 50] / writers=[51]
OOO / Test #186 / 1439449713302 / readers=[50, 50, 50, 50, 50, 49, 50, 49, 49, 49] / writers=[50]
OOO / Test #172 / 1439449713302 / readers=[50, 50, 50, 50, 50, 49, 49, 49, 49, 49] / writers=[50]
OOO / Test #183 / 1439449713307 / readers=[48, 49, 49, 48, 49, 49, 49, 48, 48, 48] / writers=[49]
OOO / Test #191 / 1439449713302 / readers=[51, 51, 51, 50, 51, 50, 50, 50, 50, 50] / writers=[51]
OOO / Test #50 / 1439449713307 / readers=[49, 49, 49, 48, 48, 49, 49, 49, 49, 48] / writers=[49]
OOO / Test #199 / 1439449713302 / readers=[53, 53, 53, 52, 53, 53, 53, 52, 53, 53] / writers=[53]
OOO / Test #184 / 1439449713298 / readers=[49, 49, 49, 49, 49, 49, 48, 49, 49, 49] / writers=[49]
OOO / Test #197 / 1439449713298 / readers=[55, 55, 55, 55, 55, 55, 55, 55, 55, 55] / writers=[56]
OOO / Test #196 / 1439449713298 / readers=[49, 50, 50, 50, 50, 50, 49, 49, 49, 49] / writers=[50]
OOO / Test #188 / 1439449713298 / readers=[51, 51, 51, 51, 50, 50, 50, 50, 50, 50] / writers=[51]
OOO / Test #174 / 1439449713298 / readers=[47, 47, 47, 47, 47, 47, 47, 47, 46, 46] / writers=[47]
OOO / Test #184 / 1439449713310 / readers=[50, 50, 50, 50, 50, 49, 49, 50, 50, 50] / writers=[50]
OOO / Test #165 / 1439449713298 / readers=[49, 49, 49, 49, 49, 48, 48, 48, 48, 48] / writers=[49]
OOO / Test #195 / 1439449713298 / readers=[49, 49, 49, 49, 49, 49, 49, 48, 48, 48] / writers=[49]
OOO / Test #53 / 1439449713298 / readers=[43, 42, 42, 43, 42, 42, 42, 43, 42, 43] / writers=[43]
OOO / Test #194 / 1439449713295 / readers=[51, 51, 51, 51, 51, 51, 51, 51, 51, 51] / writers=[52]
OOO / Test #174 / 1439449713310 / readers=[48, 48, 48, 48, 48, 48, 48, 47, 47, 47] / writers=[48]
OOO / Test #11 / 1439449713295 / readers=[80, 79, 80, 79, 80, 80, 80, 80, 80, 79] / writers=[80]
OOO / Test #200 / 1439449713295 / readers=[52, 52, 52, 51, 51, 51, 51, 51, 51, 51] / writers=[52]
OOO / Test #173 / 1439449713295 / readers=[52, 52, 51, 52, 51, 51, 51, 51, 51, 51] / writers=[52]
OOO / Test #168 / 1439449713295 / readers=[45, 46, 46, 46, 46, 45, 46, 46, 46, 46] / writers=[46]
OOO / Test #193 / 1439449713295 / readers=[48, 48, 48, 48, 48, 47, 48, 48, 47, 47] / writers=[48]
OOO / Test #187 / 1439449713295 / readers=[51, 51, 51, 50, 51, 50, 50, 50, 50, 50] / writers=[51]
OOO / Test #192 / 1439449713294 / readers=[63, 64, 63, 63, 63, 63, 63, 64, 63, 63] / writers=[64]
OOO / Test #173 / 1439449713313 / readers=[53, 53, 52, 52, 52, 52, 52, 52, 52, 52] / writers=[53]
OOO / Test #176 / 1439449713291 / readers=[49, 49, 49, 49, 49, 48, 48, 48, 49, 48] / writers=[49]
OOO / Test #54 / 1439449713291 / readers=[63, 63, 63, 63, 63, 63, 63, 63, 62, 63] / writers=[63]
OOO / Test #160 / 1439449713291 / readers=[51, 50, 50, 51, 50, 51, 50, 50, 50, 50] / writers=[51]
OOO / Test #150 / 1439449713291 / readers=[55, 55, 56, 56, 56, 56, 56, 56, 56, 56] / writers=[56]
OOO / Test #13 / 1439449713291 / readers=[76, 76, 76, 76, 76, 76, 76, 76, 76, 76] / writers=[77]
OOO / Test #163 / 1439449713291 / readers=[53, 53, 52, 52, 52, 52, 52, 52, 52, 52] / writers=[53]
OOO / Test #181 / 1439449713291 / readers=[52, 52, 51, 51, 51, 51, 52, 51, 51, 51] / writers=[52]
OOO / Test #152 / 1439449713291 / readers=[48, 49, 49, 49, 49, 48, 49, 48, 48, 48] / writers=[49]
OOO / Test #150 / 1439449713316 / readers=[56, 56, 57, 57, 57, 57, 57, 57, 57, 56] / writers=[57]
OOO / Test #158 / 1439449713289 / readers=[50, 51, 51, 51, 50, 50, 50, 50, 50, 50] / writers=[51]
OOO / Test #156 / 1439449713289 / readers=[53, 52, 52, 53, 53, 52, 52, 52, 52, 52] / writers=[53]
OOO / Test #181 / 1439449713316 / readers=[53, 52, 52, 52, 52, 52, 53, 52, 52, 52] / writers=[53]
OOO / Test #152 / 1439449713316 / readers=[49, 50, 50, 50, 49, 49, 50, 49, 49, 49] / writers=[50]
OOO / Test #177 / 1439449713289 / readers=[52, 53, 53, 52, 52, 52, 52, 52, 52, 52] / writers=[53]
OOO / Test #7 / 1439449713289 / readers=[60, 61, 60, 61, 61, 61, 60, 60, 60, 60] / writers=[61]
OOO / Test #100 / 1439449713289 / readers=[59, 59, 59, 59, 59, 59, 59, 58, 58, 58] / writers=[59]
OOO / Test #169 / 1439449713289 / readers=[50, 50, 50, 50, 49, 50, 49, 49, 49, 49] / writers=[50]
OOO / Test #97 / 1439449713288 / readers=[58, 57, 58, 58, 58, 58, 58, 57, 58, 58] / writers=[58]
OOO / Test #171 / 1439449713288 / readers=[51, 51, 51, 51, 51, 51, 51, 51, 51, 51] / writers=[52]
OOO / Test #161 / 1439449713288 / readers=[54, 54, 54, 54, 55, 55, 55, 55, 55, 55] / writers=[55]
OOO / Test #182 / 1439449713286 / readers=[52, 52, 52, 51, 51, 51, 51, 51, 51, 51] / writers=[52]
OOO / Test #164 / 1439449713286 / readers=[50, 50, 50, 50, 50, 49, 49, 49, 49, 49] / writers=[50]
OOO / Test #97 / 1439449713319 / readers=[59, 58, 59, 59, 59, 59, 59, 58, 58, 59] / writers=[59]
OOO / Test #60 / 1439449713285 / readers=[52, 51, 51, 51, 51, 51, 51, 51, 52, 51] / writers=[52]
OOO / Test #178 / 1439449713285 / readers=[54, 54, 53, 53, 53, 53, 54, 54, 53, 53] / writers=[54]
OOO / Test #20 / 1439449713285 / readers=[55, 54, 54, 54, 54, 54, 54, 54, 55, 54] / writers=[55]
OOO / Test #166 / 1439449713285 / readers=[50, 50, 50, 51, 50, 50, 50, 50, 50, 50] / writers=[51]
OOO / Test #97 / 1439449713322 / readers=[60, 59, 60, 59, 60, 60, 60, 59, 59, 60] / writers=[60]
OOO / Test #153 / 1439449713285 / readers=[63, 63, 63, 62, 63, 63, 62, 62, 62, 63] / writers=[63]
OOO / Test #178 / 1439449713322 / readers=[55, 54, 54, 54, 54, 54, 55, 55, 54, 54] / writers=[55]
OOO / Test #43 / 1439449713285 / readers=[55, 55, 55, 55, 56, 56, 55, 55, 55, 55] / writers=[56]
OOO / Test #61 / 1439449713285 / readers=[55, 56, 56, 56, 56, 56, 56, 56, 56, 55] / writers=[56]
OOO / Test #97 / 1439449713322 / readers=[60, 60, 61, 60, 61, 61, 61, 60, 60, 61] / writers=[61]
OOO / Test #14 / 1439449713283 / readers=[85, 86, 86, 86, 86, 85, 85, 85, 86, 86] / writers=[86]
OOO / Test #95 / 1439449713283 / readers=[57, 58, 57, 57, 57, 58, 57, 57, 57, 57] / writers=[58]
OOO / Test #31 / 1439449713283 / readers=[55, 56, 55, 55, 56, 55, 55, 56, 55, 56] / writers=[56]
OOO / Test #27 / 1439449713283 / readers=[54, 53, 53, 53, 53, 53, 53, 53, 54, 54] / writers=[54]
OOO / Test #190 / 1439449713283 / readers=[58, 58, 58, 58, 58, 58, 59, 59, 58, 58] / writers=[59]
OOO / Test #30 / 1439449713282 / readers=[56, 55, 55, 55, 55, 55, 55, 55, 56, 56] / writers=[56]
OOO / Test #95 / 1439449713326 / readers=[58, 59, 58, 58, 58, 58, 58, 58, 58, 58] / writers=[59]
OOO / Test #44 / 1439449713282 / readers=[55, 55, 55, 55, 55, 55, 55, 55, 55, 55] / writers=[56]
OOO / Test #49 / 1439449713280 / readers=[60, 60, 60, 60, 60, 60, 60, 59, 60, 60] / writers=[60]
OOO / Test #36 / 1439449713280 / readers=[56, 57, 56, 56, 56, 56, 56, 56, 56, 57] / writers=[57]
OOO / Test #40 / 1439449713280 / readers=[55, 55, 56, 55, 55, 55, 56, 55, 55, 55] / writers=[56]
OOO / Test #15 / 1439449713280 / readers=[71, 71, 71, 72, 72, 71, 71, 71, 71, 71] / writers=[72]
OOO / Test #162 / 1439449713280 / readers=[50, 51, 51, 51, 51, 50, 50, 50, 50, 50] / writers=[51]
OOO / Test #148 / 1439449713277 / readers=[49, 49, 49, 49, 49, 49, 49, 48, 48, 49] / writers=[49]
OOO / Test #18 / 1439449713277 / readers=[63, 62, 63, 62, 63, 62, 62, 63, 63, 62] / writers=[63]
OOO / Test #62 / 1439449713277 / readers=[55, 55, 55, 55, 54, 54, 54, 55, 54, 54] / writers=[55]
OOO / Test #22 / 1439449713277 / readers=[58, 58, 58, 59, 59, 59, 58, 59, 58, 59] / writers=[59]
OOO / Test #167 / 1439449713277 / readers=[51, 52, 52, 51, 51, 51, 51, 51, 51, 51] / writers=[52]
OOO / Test #162 / 1439449713329 / readers=[51, 52, 52, 51, 52, 51, 51, 51, 51, 51] / writers=[52]
OOO / Test #198 / 1439449713277 / readers=[55, 55, 56, 55, 55, 55, 55, 55, 55, 55] / writers=[56]
OOO / Test #18 / 1439449713329 / readers=[64, 63, 64, 63, 63, 63, 63, 64, 64, 63] / writers=[64]
OOO / Test #146 / 1439449713277 / readers=[57, 57, 57, 57, 57, 57, 57, 57, 57, 57] / writers=[58]
OOO / Test #180 / 1439449713277 / readers=[49, 49, 49, 49, 49, 48, 48, 48, 48, 49] / writers=[49]
OOO / Test #28 / 1439449713273 / readers=[58, 59, 58, 59, 59, 58, 58, 59, 58, 59] / writers=[59]
OOO / Test #55 / 1439449713273 / readers=[60, 60, 60, 60, 60, 60, 60, 59, 59, 60] / writers=[60]
OOO / Test #59 / 1439449713273 / readers=[57, 57, 57, 58, 58, 58, 57, 57, 57, 57] / writers=[58]
OOO / Test #35 / 1439449713273 / readers=[60, 59, 60, 60, 59, 59, 60, 60, 60, 60] / writers=[60]
OOO / Test #26 / 1439449713273 / readers=[53, 53, 52, 52, 52, 53, 52, 52, 53, 53] / writers=[53]
OOO / Test #28 / 1439449713332 / readers=[59, 60, 59, 60, 60, 59, 59, 59, 59, 60] / writers=[60]
OOO / Test #34 / 1439449713273 / readers=[56, 57, 57, 57, 57, 57, 57, 57, 57, 57] / writers=[57]
OOO / Test #147 / 1439449713273 / readers=[49, 49, 49, 49, 49, 48, 48, 49, 49, 48] / writers=[49]
OOO / Test #59 / 1439449713332 / readers=[58, 58, 58, 59, 59, 58, 58, 58, 58, 58] / writers=[59]
OOO / Test #39 / 1439449713273 / readers=[56, 56, 56, 56, 56, 56, 56, 56, 56, 56] / writers=[57]
OOO / Test #12 / 1439449713273 / readers=[77, 78, 77, 78, 78, 78, 78, 78, 78, 78] / writers=[78]
OOO / Test #157 / 1439449713273 / readers=[55, 55, 55, 55, 55, 55, 55, 55, 55, 55] / writers=[56]
OOO / Test #64 / 1439449713270 / readers=[57, 57, 57, 57, 57, 57, 57, 57, 57, 56] / writers=[57]
OOO / Test #59 / 1439449713334 / readers=[59, 59, 59, 60, 59, 59, 59, 59, 59, 59] / writers=[60]
OOO / Test #58 / 1439449713270 / readers=[54, 55, 55, 55, 55, 55, 55, 55, 55, 55] / writers=[55]
OOO / Test #46 / 1439449713270 / readers=[61, 61, 61, 61, 61, 61, 61, 61, 61, 62] / writers=[62]
OOO / Test #23 / 1439449713270 / readers=[61, 61, 61, 60, 61, 60, 60, 60, 60, 60] / writers=[61]
OOO / Test #133 / 1439449713270 / readers=[48, 48, 48, 48, 47, 48, 48, 48, 48, 48] / writers=[48]
OOO / Test #12 / 1439449713335 / readers=[78, 79, 78, 79, 79, 79, 79, 79, 79, 78] / writers=[79]
OOO / Test #33 / 1439449713270 / readers=[48, 48, 48, 48, 48, 48, 48, 47, 48, 47] / writers=[48]
OOO / Test #51 / 1439449713270 / readers=[59, 59, 58, 58, 58, 59, 58, 58, 58, 59] / writers=[59]
OOO / Test #38 / 1439449713270 / readers=[56, 56, 57, 57, 57, 57, 57, 56, 57, 57] / writers=[57]
OOO / Test #19 / 1439449713267 / readers=[58, 58, 58, 58, 58, 59, 58, 59, 58, 58] / writers=[59]
OOO / Test #155 / 1439449713267 / readers=[54, 54, 54, 54, 53, 53, 54, 54, 54, 54] / writers=[54]
OOO / Test #4 / 1439449713267 / readers=[77, 77, 77, 77, 77, 77, 77, 77, 77, 77] / writers=[78]
OOO / Test #33 / 1439449713337 / readers=[49, 49, 49, 49, 49, 49, 48, 48, 49, 48] / writers=[49]
OOO / Test #51 / 1439449713337 / readers=[60, 60, 59, 59, 59, 60, 59, 59, 59, 59] / writers=[60]
OOO / Test #17 / 1439449713267 / readers=[69, 69, 69, 69, 68, 68, 68, 69, 69, 69] / writers=[69]
OOO / Test #19 / 1439449713337 / readers=[59, 59, 59, 59, 59, 59, 59, 60, 59, 59] / writers=[60]
OOO / Test #41 / 1439449713267 / readers=[50, 50, 51, 50, 50, 50, 51, 51, 50, 50] / writers=[51]
OOO / Test #122 / 1439449713267 / readers=[57, 57, 57, 57, 57, 57, 57, 57, 57, 56] / writers=[57]
OOO / Test #42 / 1439449713267 / readers=[59, 59, 59, 59, 59, 59, 59, 58, 58, 58] / writers=[59]
OOO / Test #80 / 1439449713267 / readers=[48, 48, 48, 48, 48, 48, 47, 47, 47, 48] / writers=[48]
OOO / Test #145 / 1439449713267 / readers=[52, 52, 52, 52, 52, 52, 51, 51, 52, 51] / writers=[52]
OOO / Test #16 / 1439449713267 / readers=[72, 72, 72, 71, 72, 72, 71, 72, 71, 72] / writers=[72]
OOO / Test #32 / 1439449713264 / readers=[56, 55, 56, 56, 56, 56, 56, 56, 56, 56] / writers=[56]
OOO / Test #73 / 1439449713264 / readers=[54, 54, 54, 54, 54, 54, 54, 54, 54, 54] / writers=[55]
OOO / Test #45 / 1439449713264 / readers=[60, 59, 59, 59, 59, 59, 59, 60, 59, 59] / writers=[60]
OOO / Test #48 / 1439449713264 / readers=[57, 57, 57, 57, 57, 57, 57, 57, 57, 56] / writers=[57]
OOO / Test #52 / 1439449713264 / readers=[61, 61, 61, 60, 61, 60, 60, 61, 60, 60] / writers=[61]
OOO / Test #21 / 1439449713264 / readers=[75, 75, 74, 74, 74, 75, 74, 74, 74, 74] / writers=[75]
OOO / Test #109 / 1439449713264 / readers=[61, 61, 61, 61, 61, 60, 60, 60, 60, 60] / writers=[61]
OOO / Test #24 / 1439449713264 / readers=[61, 60, 60, 61, 61, 61, 60, 61, 61, 61] / writers=[61]
OOO / Test #57 / 1439449713262 / readers=[58, 59, 59, 58, 58, 58, 58, 58, 58, 58] / writers=[59]
OOO / Test #52 / 1439449713343 / readers=[62, 62, 62, 61, 62, 61, 61, 61, 61, 61] / writers=[62]
OOO / Test #56 / 1439449713262 / readers=[65, 65, 64, 65, 64, 64, 64, 64, 64, 64] / writers=[65]
OOO / Test #154 / 1439449713261 / readers=[58, 58, 58, 58, 58, 58, 58, 58, 57, 57] / writers=[58]
OOO / Test #90 / 1439449713261 / readers=[52, 52, 51, 52, 51, 51, 51, 51, 51, 51] / writers=[52]
OOO / Test #6 / 1439449713261 / readers=[84, 84, 85, 85, 85, 84, 84, 84, 84, 84] / writers=[85]
OOO / Test #149 / 1439449713261 / readers=[49, 49, 49, 49, 49, 49, 48, 49, 48, 48] / writers=[49]
OOO / Test #91 / 1439449713261 / readers=[49, 49, 49, 49, 49, 49, 48, 48, 48, 49] / writers=[49]
OOO / Test #127 / 1439449713259 / readers=[53, 53, 52, 52, 52, 52, 52, 52, 53, 52] / writers=[53]
OOO / Test #8 / 1439449713259 / readers=[79, 78, 78, 79, 79, 79, 79, 78, 79, 79] / writers=[79]
OOO / Test #137 / 1439449713259 / readers=[49, 49, 49, 49, 49, 49, 48, 48, 48, 48] / writers=[49]
OOO / Test #144 / 1439449713259 / readers=[50, 50, 50, 50, 49, 50, 49, 49, 49, 49] / writers=[50]
OOO / Test #101 / 1439449713259 / readers=[48, 47, 48, 48, 48, 48, 47, 47, 47, 47] / writers=[48]
OOO / Test #9 / 1439449713259 / readers=[80, 80, 81, 81, 81, 81, 81, 81, 80, 80] / writers=[81]
OOO / Test #37 / 1439449713259 / readers=[52, 53, 52, 52, 53, 52, 52, 52, 52, 52] / writers=[53]
OOO / Test #84 / 1439449713259 / readers=[54, 54, 53, 53, 53, 53, 54, 53, 53, 53] / writers=[54]
OOO / Test #144 / 1439449713346 / readers=[51, 51, 51, 51, 50, 50, 50, 50, 50, 50] / writers=[51]
OOO / Test #139 / 1439449713259 / readers=[53, 53, 53, 54, 53, 53, 53, 53, 53, 53] / writers=[54]
OOO / Test #114 / 1439449713256 / readers=[61, 61, 61, 61, 61, 60, 60, 60, 60, 60] / writers=[61]
OOO / Test #75 / 1439449713256 / readers=[47, 47, 47, 46, 47, 47, 47, 47, 47, 46] / writers=[47]
OOO / Test #10 / 1439449713256 / readers=[60, 61, 61, 61, 61, 60, 60, 61, 60, 61] / writers=[61]
OOO / Test #130 / 1439449713256 / readers=[55, 55, 55, 56, 56, 56, 56, 56, 56, 56] / writers=[56]
OOO / Test #86 / 1439449713256 / readers=[47, 48, 48, 48, 48, 48, 48, 47, 47, 47] / writers=[48]
OOO / Test #118 / 1439449713256 / readers=[48, 48, 48, 48, 48, 48, 48, 48, 47, 47] / writers=[48]
OOO / Test #75 / 1439449713349 / readers=[48, 48, 48, 47, 48, 48, 48, 48, 47, 47] / writers=[48]
OOO / Test #66 / 1439449713256 / readers=[50, 50, 50, 50, 50, 49, 49, 49, 49, 50] / writers=[50]
OOO / Test #96 / 1439449713254 / readers=[54, 54, 54, 54, 54, 54, 54, 54, 54, 54] / writers=[55]
OOO / Test #130 / 1439449713349 / readers=[56, 56, 56, 57, 57, 57, 57, 57, 57, 56] / writers=[57]
OOO / Test #86 / 1439449713350 / readers=[48, 49, 49, 49, 49, 49, 48, 48, 48, 48] / writers=[49]
OOO / Test #141 / 1439449713254 / readers=[54, 54, 54, 54, 54, 54, 54, 54, 54, 54] / writers=[55]
OOO / Test #151 / 1439449713254 / readers=[49, 49, 49, 49, 49, 49, 48, 48, 48, 48] / writers=[49]
OOO / Test #29 / 1439449713254 / readers=[56, 56, 57, 57, 57, 57, 56, 57, 57, 57] / writers=[57]
OOO / Test #128 / 1439449713254 / readers=[54, 53, 53, 53, 53, 53, 53, 53, 53, 53] / writers=[54]
OOO / Test #78 / 1439449713254 / readers=[54, 53, 53, 53, 53, 53, 53, 53, 53, 53] / writers=[54]
OOO / Test #65 / 1439449713254 / readers=[61, 61, 61, 61, 61, 60, 60, 60, 60, 60] / writers=[61]
OOO / Test #86 / 1439449713353 / readers=[49, 50, 50, 50, 50, 49, 49, 49, 49, 49] / writers=[50]
OOO / Test #116 / 1439449713254 / readers=[53, 53, 54, 53, 53, 53, 53, 53, 53, 53] / writers=[54]
OOO / Test #76 / 1439449713254 / readers=[58, 58, 58, 58, 58, 58, 58, 58, 57, 57] / writers=[58]
OOO / Test #128 / 1439449713353 / readers=[54, 54, 54, 54, 54, 54, 54, 54, 54, 54] / writers=[55]
OOO / Test #63 / 1439449713251 / readers=[46, 46, 46, 46, 46, 46, 46, 46, 46, 45] / writers=[46]
OOO / Test #82 / 1439449713251 / readers=[52, 52, 52, 51, 51, 51, 51, 51, 52, 51] / writers=[52]
OOO / Test #125 / 1439449713251 / readers=[50, 50, 50, 50, 50, 49, 49, 49, 49, 49] / writers=[50]
OOO / Test #74 / 1439449713251 / readers=[55, 55, 55, 55, 56, 55, 55, 55, 56, 55] / writers=[56]
OOO / Test #124 / 1439449713251 / readers=[54, 54, 54, 54, 54, 54, 54, 54, 54, 54] / writers=[55]
OOO / Test #85 / 1439449713251 / readers=[53, 54, 53, 53, 54, 53, 53, 53, 53, 53] / writers=[54]
OOO / Test #112 / 1439449713251 / readers=[53, 53, 52, 52, 52, 52, 52, 52, 52, 52] / writers=[53]
OOO / Test #82 / 1439449713357 / readers=[53, 53, 52, 52, 52, 52, 52, 52, 53, 52] / writers=[53]
OOO / Test #135 / 1439449713251 / readers=[56, 55, 56, 55, 56, 55, 56, 56, 56, 56] / writers=[56]
OOO / Test #136 / 1439449713251 / readers=[53, 53, 53, 53, 53, 53, 53, 53, 53, 53] / writers=[54]
OOO / Test #77 / 1439449713248 / readers=[58, 58, 58, 58, 58, 58, 58, 57, 58, 57] / writers=[58]
OOO / Test #71 / 1439449713248 / readers=[52, 52, 52, 52, 52, 52, 52, 52, 52, 52] / writers=[53]
OOO / Test #117 / 1439449713248 / readers=[53, 54, 53, 53, 53, 53, 53, 53, 53, 53] / writers=[54]
OOO / Test #93 / 1439449713248 / readers=[52, 52, 52, 51, 52, 51, 51, 51, 51, 51] / writers=[52]
OOO / Test #87 / 1439449713248 / readers=[51, 51, 52, 52, 52, 51, 51, 51, 51, 51] / writers=[52]
OOO / Test #81 / 1439449713248 / readers=[53, 53, 52, 52, 53, 53, 53, 53, 53, 53] / writers=[53]
OOO / Test #89 / 1439449713248 / readers=[54, 53, 53, 53, 53, 53, 53, 53, 53, 53] / writers=[54]
OOO / Test #68 / 1439449713248 / readers=[49, 49, 49, 49, 49, 49, 48, 48, 48, 48] / writers=[49]
OOO / Test #88 / 1439449713246 / readers=[57, 57, 57, 57, 57, 57, 57, 57, 57, 56] / writers=[57]
OOO / Test #93 / 1439449713360 / readers=[53, 53, 53, 52, 52, 52, 52, 52, 52, 52] / writers=[53]
OOO / Test #143 / 1439449713246 / readers=[43, 43, 43, 43, 43, 43, 43, 43, 43, 43] / writers=[44]
OOO / Test #92 / 1439449713246 / readers=[55, 54, 54, 54, 54, 54, 54, 54, 54, 54] / writers=[55]
OOO / Test #106 / 1439449713246 / readers=[51, 51, 51, 51, 51, 51, 50, 51, 51, 51] / writers=[51]
OOO / Test #102 / 1439449713246 / readers=[51, 51, 51, 51, 50, 51, 50, 50, 50, 50] / writers=[51]
OOO / Test #113 / 1439449713246 / readers=[53, 53, 54, 53, 53, 53, 53, 53, 53, 53] / writers=[54]
OOO / Test #129 / 1439449713246 / readers=[53, 52, 52, 53, 52, 53, 52, 52, 52, 52] / writers=[53]
OOO / Test #69 / 1439449713246 / readers=[53, 53, 53, 52, 53, 53, 53, 53, 53, 53] / writers=[53]
OOO / Test #79 / 1439449713242 / readers=[46, 46, 46, 46, 46, 46, 46, 46, 46, 45] / writers=[46]
OOO / Test #143 / 1439449713363 / readers=[46, 46, 46, 46, 46, 46, 46, 46, 46, 45] / writers=[46]
OOO / Test #113 / 1439449713363 / readers=[54, 54, 54, 54, 54, 54, 54, 54, 54, 54] / writers=[55]
OOO / Test #142 / 1439449713242 / readers=[55, 56, 56, 56, 56, 56, 56, 56, 56, 56] / writers=[56]
OOO / Test #110 / 1439449713242 / readers=[51, 51, 51, 51, 51, 50, 50, 50, 50, 51] / writers=[51]
OOO / Test #67 / 1439449713242 / readers=[50, 50, 50, 51, 50, 50, 50, 50, 50, 50] / writers=[51]
OOO / Test #104 / 1439449713242 / readers=[52, 53, 52, 53, 52, 52, 52, 52, 52, 52] / writers=[53]
OOO / Test #120 / 1439449713242 / readers=[54, 54, 54, 54, 54, 54, 54, 54, 54, 54] / writers=[55]
OOO / Test #132 / 1439449713242 / readers=[50, 50, 50, 50, 50, 49, 49, 49, 50, 49] / writers=[50]
OOO / Test #142 / 1439449713366 / readers=[56, 57, 57, 57, 57, 57, 57, 57, 57, 56] / writers=[57]
OOO / Test #67 / 1439449713366 / readers=[51, 51, 51, 51, 51, 51, 51, 51, 51, 51] / writers=[52]
OOO / Test #110 / 1439449713366 / readers=[52, 52, 52, 52, 51, 51, 51, 51, 51, 52] / writers=[52]
OOO / Test #115 / 1439449713239 / readers=[48, 48, 48, 48, 48, 48, 48, 48, 47, 48] / writers=[48]
OOO / Test #134 / 1439449713239 / readers=[56, 55, 56, 56, 56, 56, 56, 56, 56, 56] / writers=[56]
OOO / Test #142 / 1439449713366 / readers=[57, 58, 58, 58, 58, 58, 58, 58, 57, 57] / writers=[58]
OOO / Test #123 / 1439449713239 / readers=[48, 48, 48, 48, 48, 48, 48, 47, 48, 47] / writers=[48]
OOO / Test #138 / 1439449713239 / readers=[57, 57, 57, 57, 56, 57, 57, 57, 57, 57] / writers=[57]
OOO / Test #70 / 1439449713239 / readers=[49, 49, 49, 49, 49, 49, 48, 48, 48, 48] / writers=[49]
OOO / Test #105 / 1439449713239 / readers=[50, 50, 50, 50, 50, 49, 49, 49, 49, 49] / writers=[50]
OOO / Test #131 / 1439449713239 / readers=[47, 47, 46, 46, 46, 46, 47, 47, 46, 46] / writers=[47]
OOO / Test #142 / 1439449713370 / readers=[58, 59, 59, 59, 59, 59, 59, 58, 58, 58] / writers=[59]
OOO / Test #83 / 1439449713239 / readers=[58, 58, 57, 58, 58, 58, 57, 58, 58, 58] / writers=[58]
OOO / Test #70 / 1439449713370 / readers=[50, 50, 50, 50, 50, 49, 49, 49, 49, 49] / writers=[50]
OOO / Test #111 / 1439449713239 / readers=[59, 60, 60, 60, 60, 60, 59, 59, 59, 59] / writers=[60]
OOO / Test #98 / 1439449713236 / readers=[47, 48, 48, 48, 48, 48, 48, 48, 47, 47] / writers=[48]
OOO / Test #1 / 1439449713236 / readers=[51, 50, 51, 51, 51, 51, 50, 50, 50, 50] / writers=[51]
OOO / Test #103 / 1439449713236 / readers=[59, 59, 59, 59, 59, 59, 59, 58, 58, 58] / writers=[59]
OOO / Test #121 / 1439449713236 / readers=[49, 49, 50, 50, 50, 50, 49, 49, 49, 49] / writers=[50]
OOO / Test #140 / 1439449713236 / readers=[63, 64, 63, 63, 63, 63, 63, 63, 63, 63] / writers=[64]
OOO / Test #108 / 1439449713236 / readers=[59, 59, 59, 59, 59, 59, 59, 58, 58, 58] / writers=[59]
OOO / Test #25 / 1439449713236 / readers=[58, 57, 58, 57, 58, 58, 58, 58, 58, 58] / writers=[58]
OOO / Test #103 / 1439449713374 / readers=[60, 60, 60, 60, 60, 60, 59, 59, 59, 59] / writers=[60]
OOO / Test #107 / 1439449713236 / readers=[47, 47, 47, 47, 47, 47, 47, 47, 47, 47] / writers=[48]
OOO / Test #5 / 1439449713236 / readers=[71, 70, 71, 71, 71, 71, 71, 70, 70, 71] / writers=[71]
OOO / Test #108 / 1439449713374 / readers=[60, 60, 60, 60, 60, 60, 59, 59, 59, 59] / writers=[60]
OOO / Test #119 / 1439449713232 / readers=[44, 44, 44, 44, 44, 44, 44, 44, 45, 45] / writers=[45]
OOO / Test #72 / 1439449713232 / readers=[51, 50, 51, 51, 51, 50, 51, 50, 50, 50] / writers=[51]
OOO / Test #99 / 1439449713232 / readers=[49, 49, 49, 49, 49, 48, 49, 48, 48, 48] / writers=[49]
OOO / Test #126 / 1439449713232 / readers=[50, 50, 50, 50, 50, 49, 49, 49, 49, 50] / writers=[50]
OOO / Test #108 / 1439449713377 / readers=[61, 61, 61, 61, 61, 60, 60, 60, 60, 60] / writers=[61]
OOO / Test #94 / 1439449713232 / readers=[44, 43, 43, 44, 43, 43, 44, 44, 43, 44] / writers=[44]
OOO / Test #126 / 1439449713377 / readers=[51, 51, 51, 51, 50, 50, 50, 50, 50, 51] / writers=[51]
OOO / Test #107 / 1439449713374 / readers=[50, 50, 50, 50, 50, 50, 50, 49, 50, 50] / writers=[50]
OOO / Test #5 / 1439449713374 / readers=[72, 71, 72, 72, 72, 72, 71, 71, 71, 72] / writers=[72]
OOO / Test #25 / 1439449713374 / readers=[59, 58, 59, 58, 58, 59, 59, 59, 59, 59] / writers=[59]
OOO / Test #126 / 1439449713377 / readers=[51, 52, 52, 52, 51, 51, 51, 51, 51, 52] / writers=[52]
OOO / Test #103 / 1439449713374 / readers=[61, 61, 61, 61, 61, 60, 60, 60, 60, 60] / writers=[61]
OOO / Test #140 / 1439449713374 / readers=[64, 64, 64, 64, 64, 64, 64, 64, 64, 64] / writers=[65]
OOO / Test #121 / 1439449713374 / readers=[50, 50, 51, 51, 51, 50, 50, 50, 50, 50] / writers=[51]
OOO / Test #1 / 1439449713374 / readers=[52, 51, 52, 52, 51, 52, 51, 51, 51, 51] / writers=[52]
OOO / Test #98 / 1439449713374 / readers=[48, 49, 49, 49, 49, 49, 48, 49, 48, 48] / writers=[49]
OOO / Test #111 / 1439449713370 / readers=[60, 61, 61, 61, 61, 60, 60, 60, 60, 60] / writers=[61]
OOO / Test #70 / 1439449713370 / readers=[51, 51, 51, 51, 50, 50, 50, 50, 50, 50] / writers=[51]
OOO / Test #83 / 1439449713370 / readers=[59, 59, 58, 59, 59, 59, 58, 59, 59, 58] / writers=[59]
OOO / Test #1 / 1439449713381 / readers=[53, 52, 52, 53, 52, 53, 52, 52, 52, 52] / writers=[53]
OOO / Test #105 / 1439449713370 / readers=[51, 51, 51, 51, 50, 50, 50, 50, 50, 50] / writers=[51]
OOO / Test #142 / 1439449713370 / readers=[59, 60, 60, 60, 60, 60, 59, 59, 59, 59] / writers=[60]
OOO / Test #131 / 1439449713370 / readers=[48, 48, 47, 47, 47, 47, 48, 47, 47, 47] / writers=[48]
OOO / Test #138 / 1439449713370 / readers=[58, 58, 58, 58, 57, 58, 58, 58, 57, 58] / writers=[58]
OOO / Test #123 / 1439449713370 / readers=[49, 49, 49, 49, 49, 49, 48, 48, 49, 48] / writers=[49]
OOO / Test #142 / 1439449713384 / readers=[60, 61, 61, 61, 61, 60, 60, 60, 60, 60] / writers=[61]
OOO / Test #131 / 1439449713384 / readers=[49, 48, 48, 48, 48, 48, 49, 48, 48, 48] / writers=[49]
OOO / Test #67 / 1439449713366 / readers=[54, 53, 54, 54, 54, 54, 54, 54, 54, 54] / writers=[54]
OOO / Test #134 / 1439449713366 / readers=[57, 56, 57, 57, 57, 57, 57, 57, 57, 56] / writers=[57]
OOO / Test #138 / 1439449713384 / readers=[59, 59, 59, 59, 58, 59, 58, 59, 58, 59] / writers=[59]
OOO / Test #115 / 1439449713366 / readers=[49, 49, 49, 49, 49, 49, 49, 48, 48, 49] / writers=[49]
OOO / Test #120 / 1439449713366 / readers=[57, 57, 57, 57, 57, 57, 57, 57, 56, 57] / writers=[57]
OOO / Test #110 / 1439449713366 / readers=[53, 52, 53, 53, 52, 52, 52, 52, 52, 53] / writers=[53]
OOO / Test #132 / 1439449713366 / readers=[51, 51, 51, 51, 50, 50, 50, 50, 51, 50] / writers=[51]
OOO / Test #104 / 1439449713366 / readers=[53, 54, 53, 53, 53, 53, 53, 53, 53, 53] / writers=[54]
OOO / Test #113 / 1439449713363 / readers=[57, 57, 57, 57, 57, 57, 57, 57, 57, 56] / writers=[57]
OOO / Test #79 / 1439449713363 / readers=[47, 47, 47, 47, 47, 47, 47, 47, 46, 46] / writers=[47]
OOO / Test #120 / 1439449713387 / readers=[58, 58, 58, 58, 58, 58, 58, 58, 57, 57] / writers=[58]
OOO / Test #143 / 1439449713363 / readers=[47, 47, 47, 47, 47, 47, 47, 47, 46, 46] / writers=[47]
OOO / Test #69 / 1439449713363 / readers=[54, 54, 53, 53, 53, 54, 54, 54, 54, 54] / writers=[54]
OOO / Test #129 / 1439449713363 / readers=[54, 53, 53, 53, 53, 54, 53, 53, 53, 53] / writers=[54]
OOO / Test #102 / 1439449713363 / readers=[52, 52, 52, 51, 51, 52, 51, 51, 51, 51] / writers=[52]
OOO / Test #106 / 1439449713363 / readers=[52, 52, 52, 52, 51, 52, 51, 52, 52, 52] / writers=[52]
OOO / Test #92 / 1439449713363 / readers=[55, 55, 55, 55, 55, 55, 55, 55, 55, 55] / writers=[56]
OOO / Test #93 / 1439449713360 / readers=[54, 54, 53, 53, 53, 53, 53, 53, 53, 53] / writers=[54]
OOO / Test #88 / 1439449713360 / readers=[58, 58, 58, 58, 58, 58, 57, 58, 58, 57] / writers=[58]
OOO / Test #106 / 1439449713390 / readers=[53, 53, 53, 52, 52, 53, 52, 53, 53, 53] / writers=[53]
OOO / Test #68 / 1439449713360 / readers=[50, 50, 50, 50, 50, 49, 49, 49, 49, 49] / writers=[50]
OOO / Test #89 / 1439449713360 / readers=[54, 54, 54, 54, 54, 54, 54, 54, 54, 54] / writers=[55]
OOO / Test #93 / 1439449713390 / readers=[55, 54, 54, 54, 54, 54, 54, 54, 54, 54] / writers=[55]
OOO / Test #81 / 1439449713360 / readers=[54, 54, 53, 53, 54, 54, 53, 54, 54, 54] / writers=[54]
OOO / Test #88 / 1439449713390 / readers=[59, 59, 59, 59, 59, 59, 58, 59, 58, 58] / writers=[59]
OOO / Test #71 / 1439449713360 / readers=[55, 54, 55, 55, 55, 55, 55, 55, 55, 55] / writers=[55]
OOO / Test #87 / 1439449713360 / readers=[52, 52, 53, 53, 52, 52, 52, 52, 52, 52] / writers=[53]
OOO / Test #117 / 1439449713360 / readers=[54, 54, 54, 54, 54, 54, 54, 54, 54, 54] / writers=[55]
OOO / Test #77 / 1439449713360 / readers=[59, 59, 59, 59, 59, 59, 59, 58, 58, 58] / writers=[59]
OOO / Test #88 / 1439449713393 / readers=[60, 60, 60, 60, 60, 60, 59, 59, 59, 59] / writers=[60]
OOO / Test #136 / 1439449713357 / readers=[55, 56, 56, 56, 56, 56, 56, 56, 56, 56] / writers=[56]
OOO / Test #135 / 1439449713357 / readers=[56, 56, 57, 56, 57, 56, 57, 57, 57, 57] / writers=[57]
OOO / Test #124 / 1439449713357 / readers=[57, 57, 57, 57, 57, 57, 57, 57, 57, 56] / writers=[57]
OOO / Test #112 / 1439449713357 / readers=[54, 53, 53, 53, 53, 53, 53, 53, 53, 53] / writers=[54]
OOO / Test #77 / 1439449713393 / readers=[60, 60, 60, 60, 60, 60, 59, 59, 59, 59] / writers=[60]
OOO / Test #82 / 1439449713357 / readers=[54, 53, 53, 53, 53, 53, 53, 53, 54, 53] / writers=[54]
OOO / Test #85 / 1439449713357 / readers=[54, 55, 54, 54, 54, 54, 54, 54, 54, 54] / writers=[55]
OOO / Test #74 / 1439449713357 / readers=[56, 56, 56, 56, 57, 56, 56, 56, 56, 56] / writers=[57]
OOO / Test #125 / 1439449713357 / readers=[51, 51, 51, 51, 50, 50, 50, 50, 50, 50] / writers=[51]
OOO / Test #128 / 1439449713357 / readers=[57, 57, 57, 57, 57, 57, 57, 57, 57, 56] / writers=[57]
OOO / Test #63 / 1439449713357 / readers=[47, 47, 47, 47, 47, 47, 47, 46, 47, 46] / writers=[47]
OOO / Test #76 / 1439449713353 / readers=[59, 59, 59, 59, 59, 59, 58, 59, 58, 58] / writers=[59]
OOO / Test #65 / 1439449713353 / readers=[62, 62, 62, 62, 61, 61, 61, 61, 61, 61] / writers=[62]
OOO / Test #116 / 1439449713353 / readers=[54, 54, 54, 54, 54, 54, 54, 54, 54, 54] / writers=[55]
OOO / Test #125 / 1439449713396 / readers=[52, 52, 51, 52, 51, 51, 51, 51, 51, 51] / writers=[52]
OOO / Test #86 / 1439449713353 / readers=[50, 51, 51, 51, 50, 50, 50, 50, 50, 50] / writers=[51]
OOO / Test #78 / 1439449713353 / readers=[54, 54, 54, 54, 54, 54, 54, 54, 54, 54] / writers=[55]
OOO / Test #141 / 1439449713353 / readers=[57, 57, 57, 57, 57, 57, 56, 57, 57, 57] / writers=[57]
OOO / Test #29 / 1439449713353 / readers=[57, 57, 58, 58, 58, 57, 57, 58, 58, 58] / writers=[58]
OOO / Test #151 / 1439449713353 / readers=[50, 50, 50, 50, 50, 49, 49, 49, 49, 49] / writers=[50]
OOO / Test #96 / 1439449713350 / readers=[57, 57, 57, 57, 57, 57, 57, 57, 57, 56] / writers=[57]
OOO / Test #130 / 1439449713350 / readers=[57, 57, 57, 58, 58, 58, 58, 58, 57, 57] / writers=[58]
OOO / Test #86 / 1439449713400 / readers=[51, 52, 52, 51, 51, 51, 51, 51, 51, 51] / writers=[52]
OOO / Test #66 / 1439449713350 / readers=[51, 51, 51, 51, 50, 50, 50, 50, 50, 51] / writers=[51]
OOO / Test #75 / 1439449713350 / readers=[49, 49, 49, 48, 49, 49, 49, 48, 48, 48] / writers=[49]
OOO / Test #118 / 1439449713350 / readers=[49, 49, 49, 49, 49, 49, 49, 48, 48, 48] / writers=[49]
OOO / Test #78 / 1439449713400 / readers=[57, 57, 57, 57, 57, 57, 57, 57, 57, 56] / writers=[57]
OOO / Test #10 / 1439449713349 / readers=[61, 62, 62, 62, 61, 61, 61, 62, 61, 62] / writers=[62]
OOO / Test #114 / 1439449713349 / readers=[62, 62, 62, 62, 61, 61, 61, 61, 61, 61] / writers=[62]
OOO / Test #139 / 1439449713349 / readers=[54, 54, 54, 54, 54, 54, 54, 54, 54, 54] / writers=[55]
OOO / Test #84 / 1439449713346 / readers=[55, 54, 54, 54, 54, 54, 55, 54, 54, 54] / writers=[55]
OOO / Test #144 / 1439449713346 / readers=[52, 52, 52, 51, 51, 51, 51, 51, 51, 51] / writers=[52]
OOO / Test #78 / 1439449713403 / readers=[58, 58, 58, 58, 58, 58, 58, 57, 58, 57] / writers=[58]
OOO / Test #37 / 1439449713346 / readers=[53, 54, 53, 53, 53, 53, 53, 53, 53, 53] / writers=[54]
OOO / Test #9 / 1439449713346 / readers=[81, 81, 81, 82, 82, 82, 82, 82, 81, 81] / writers=[82]
OOO / Test #101 / 1439449713346 / readers=[49, 48, 49, 49, 49, 48, 48, 48, 48, 48] / writers=[49]
OOO / Test #78 / 1439449713403 / readers=[59, 59, 59, 59, 59, 59, 59, 58, 58, 58] / writers=[59]
OOO / Test #137 / 1439449713346 / readers=[50, 50, 50, 50, 50, 49, 49, 49, 49, 49] / writers=[50]
OOO / Test #8 / 1439449713346 / readers=[80, 79, 79, 80, 80, 80, 80, 79, 80, 79] / writers=[80]
OOO / Test #127 / 1439449713346 / readers=[54, 53, 53, 53, 53, 53, 53, 53, 54, 53] / writers=[54]
OOO / Test #91 / 1439449713346 / readers=[50, 50, 50, 50, 50, 49, 49, 49, 49, 50] / writers=[50]
OOO / Test #149 / 1439449713343 / readers=[50, 50, 50, 50, 50, 50, 49, 49, 49, 49] / writers=[50]
OOO / Test #78 / 1439449713408 / readers=[60, 60, 60, 60, 60, 60, 59, 59, 59, 59] / writers=[60]
OOO / Test #6 / 1439449713343 / readers=[85, 85, 85, 86, 86, 85, 85, 85, 85, 85] / writers=[86]
OOO / Test #8 / 1439449713408 / readers=[81, 80, 80, 80, 81, 81, 81, 80, 81, 80] / writers=[81]
OOO / Test #154 / 1439449713343 / readers=[58, 59, 59, 59, 59, 59, 59, 59, 58, 58] / writers=[59]
OOO / Test #91 / 1439449713408 / readers=[51, 51, 51, 50, 51, 50, 50, 50, 50, 51] / writers=[51]
OOO / Test #90 / 1439449713343 / readers=[53, 53, 52, 52, 52, 52, 52, 52, 52, 52] / writers=[53]
OOO / Test #56 / 1439449713343 / readers=[65, 66, 65, 66, 65, 65, 65, 65, 65, 65] / writers=[66]
OOO / Test #52 / 1439449713343 / readers=[63, 63, 63, 62, 62, 62, 62, 62, 62, 62] / writers=[63]
OOO / Test #57 / 1439449713343 / readers=[59, 60, 59, 59, 59, 59, 59, 59, 59, 59] / writers=[60]
OOO / Test #24 / 1439449713343 / readers=[62, 61, 61, 62, 61, 62, 61, 62, 62, 62] / writers=[62]
OOO / Test #91 / 1439449713411 / readers=[52, 52, 51, 51, 52, 51, 51, 51, 51, 52] / writers=[52]
OOO / Test #109 / 1439449713343 / readers=[62, 62, 62, 62, 61, 61, 61, 61, 61, 61] / writers=[62]
OOO / Test #21 / 1439449713343 / readers=[76, 75, 75, 75, 75, 76, 75, 75, 75, 75] / writers=[76]
OOO / Test #56 / 1439449713411 / readers=[66, 66, 66, 67, 66, 66, 66, 66, 66, 66] / writers=[67]
OOO / Test #48 / 1439449713340 / readers=[58, 58, 58, 58, 58, 58, 58, 58, 57, 57] / writers=[58]
OOO / Test #91 / 1439449713411 / readers=[53, 52, 52, 52, 53, 52, 52, 52, 52, 53] / writers=[53]
OOO / Test #73 / 1439449713340 / readers=[57, 57, 57, 57, 57, 57, 57, 57, 57, 56] / writers=[57]
OOO / Test #45 / 1439449713340 / readers=[61, 60, 60, 60, 60, 60, 60, 60, 60, 60] / writers=[61]
OOO / Test #32 / 1439449713340 / readers=[57, 56, 57, 57, 57, 56, 57, 57, 57, 57] / writers=[57]
OOO / Test #16 / 1439449713340 / readers=[73, 73, 73, 72, 73, 73, 72, 72, 72, 73] / writers=[73]
OOO / Test #145 / 1439449713340 / readers=[53, 53, 53, 53, 53, 52, 52, 52, 53, 52] / writers=[53]
OOO / Test #80 / 1439449713340 / readers=[49, 49, 49, 49, 49, 49, 48, 48, 48, 48] / writers=[49]
OOO / Test #32 / 1439449713414 / readers=[58, 57, 58, 58, 58, 57, 58, 58, 58, 57] / writers=[58]
OOO / Test #42 / 1439449713340 / readers=[60, 60, 60, 60, 60, 60, 59, 59, 59, 59] / writers=[60]
OOO / Test #122 / 1439449713340 / readers=[58, 58, 58, 58, 58, 58, 58, 58, 57, 57] / writers=[58]
OOO / Test #16 / 1439449713414 / readers=[74, 74, 74, 73, 74, 73, 73, 73, 73, 74] / writers=[74]
OOO / Test #41 / 1439449713340 / readers=[51, 51, 52, 51, 51, 51, 52, 51, 51, 51] / writers=[52]
OOO / Test #4 / 1439449713338 / readers=[80, 80, 80, 80, 80, 80, 80, 79, 80, 80] / writers=[80]
OOO / Test #17 / 1439449713337 / readers=[70, 70, 70, 69, 69, 69, 69, 70, 70, 70] / writers=[70]
OOO / Test #19 / 1439449713337 / readers=[60, 60, 60, 60, 60, 60, 60, 60, 60, 60] / writers=[61]
OOO / Test #51 / 1439449713337 / readers=[60, 61, 60, 60, 60, 61, 60, 60, 60, 60] / writers=[61]
OOO / Test #33 / 1439449713337 / readers=[50, 50, 50, 50, 49, 50, 49, 49, 50, 49] / writers=[50]
OOO / Test #41 / 1439449713417 / readers=[52, 52, 53, 52, 52, 52, 52, 52, 52, 52] / writers=[53]
OOO / Test #155 / 1439449713337 / readers=[55, 55, 55, 54, 54, 54, 55, 55, 55, 55] / writers=[55]
OOO / Test #38 / 1439449713337 / readers=[57, 57, 58, 58, 58, 58, 58, 57, 58, 57] / writers=[58]
OOO / Test #17 / 1439449713417 / readers=[71, 70, 71, 70, 70, 70, 70, 71, 71, 71] / writers=[71]
OOO / Test #157 / 1439449713335 / readers=[58, 58, 58, 58, 58, 58, 58, 58, 57, 58] / writers=[58]
OOO / Test #133 / 1439449713335 / readers=[49, 49, 49, 49, 48, 49, 49, 49, 48, 49] / writers=[49]
OOO / Test #12 / 1439449713335 / readers=[79, 80, 79, 80, 80, 80, 80, 80, 79, 79] / writers=[80]
OOO / Test #23 / 1439449713335 / readers=[62, 62, 62, 61, 61, 61, 61, 61, 61, 61] / writers=[62]
OOO / Test #46 / 1439449713335 / readers=[62, 62, 62, 62, 62, 62, 62, 62, 62, 63] / writers=[63]
OOO / Test #58 / 1439449713335 / readers=[55, 56, 56, 56, 55, 56, 56, 56, 56, 56] / writers=[56]
OOO / Test #64 / 1439449713335 / readers=[58, 58, 58, 58, 58, 57, 58, 58, 58, 57] / writers=[58]
OOO / Test #133 / 1439449713420 / readers=[50, 50, 50, 50, 49, 50, 50, 49, 49, 50] / writers=[50]
OOO / Test #59 / 1439449713335 / readers=[60, 60, 60, 60, 60, 60, 60, 60, 60, 60] / writers=[61]
OOO / Test #23 / 1439449713420 / readers=[63, 62, 63, 62, 62, 62, 62, 62, 62, 62] / writers=[63]
OOO / Test #39 / 1439449713335 / readers=[59, 59, 59, 59, 59, 59, 58, 59, 59, 59] / writers=[59]
OOO / Test #147 / 1439449713332 / readers=[50, 50, 50, 50, 50, 49, 49, 50, 49, 49] / writers=[50]
OOO / Test #34 / 1439449713332 / readers=[57, 58, 58, 58, 58, 58, 58, 58, 58, 57] / writers=[58]
OOO / Test #26 / 1439449713332 / readers=[54, 53, 53, 53, 53, 54, 53, 53, 54, 54] / writers=[54]
OOO / Test #28 / 1439449713332 / readers=[60, 61, 60, 61, 60, 60, 60, 60, 60, 61] / writers=[61]
OOO / Test #35 / 1439449713332 / readers=[61, 60, 61, 61, 60, 60, 61, 61, 61, 60] / writers=[61]
OOO / Test #39 / 1439449713423 / readers=[60, 60, 60, 60, 60, 60, 59, 59, 60, 60] / writers=[60]
OOO / Test #146 / 1439449713332 / readers=[60, 60, 60, 60, 60, 60, 60, 60, 59, 60] / writers=[60]
OOO / Test #55 / 1439449713332 / readers=[61, 61, 61, 61, 61, 61, 60, 60, 60, 61] / writers=[61]
OOO / Test #26 / 1439449713423 / readers=[55, 54, 54, 54, 54, 54, 54, 54, 55, 55] / writers=[55]
OOO / Test #180 / 1439449713332 / readers=[50, 50, 50, 49, 50, 49, 49, 49, 49, 50] / writers=[50]
OOO / Test #28 / 1439449713423 / readers=[61, 61, 61, 62, 61, 61, 61, 61, 61, 62] / writers=[62]
OOO / Test #18 / 1439449713329 / readers=[64, 64, 65, 64, 64, 64, 64, 65, 65, 64] / writers=[65]
OOO / Test #198 / 1439449713329 / readers=[56, 56, 56, 56, 56, 56, 56, 56, 56, 56] / writers=[57]
OOO / Test #167 / 1439449713329 / readers=[52, 53, 52, 52, 52, 52, 52, 52, 52, 52] / writers=[53]
OOO / Test #162 / 1439449713329 / readers=[52, 53, 53, 52, 52, 52, 52, 52, 52, 52] / writers=[53]
OOO / Test #22 / 1439449713329 / readers=[59, 59, 59, 60, 60, 60, 59, 59, 59, 60] / writers=[60]
OOO / Test #62 / 1439449713329 / readers=[55, 56, 56, 56, 55, 55, 55, 56, 55, 55] / writers=[56]
OOO / Test #148 / 1439449713329 / readers=[50, 50, 50, 50, 49, 50, 50, 49, 49, 50] / writers=[50]
OOO / Test #15 / 1439449713329 / readers=[72, 72, 72, 73, 72, 72, 72, 72, 72, 72] / writers=[73]
OOO / Test #40 / 1439449713329 / readers=[56, 56, 57, 56, 56, 56, 56, 56, 56, 56] / writers=[57]
OOO / Test #162 / 1439449713427 / readers=[53, 54, 53, 53, 53, 53, 53, 53, 53, 53] / writers=[54]
OOO / Test #44 / 1439449713326 / readers=[58, 58, 58, 58, 58, 58, 58, 57, 58, 58] / writers=[58]
OOO / Test #36 / 1439449713326 / readers=[57, 57, 57, 57, 57, 57, 57, 57, 57, 58] / writers=[58]
OOO / Test #49 / 1439449713326 / readers=[61, 61, 61, 61, 61, 61, 60, 60, 61, 61] / writers=[61]
OOO / Test #95 / 1439449713326 / readers=[59, 59, 59, 59, 59, 59, 59, 59, 59, 59] / writers=[60]
OOO / Test #30 / 1439449713326 / readers=[56, 56, 56, 56, 56, 56, 56, 56, 57, 57] / writers=[57]
OOO / Test #190 / 1439449713326 / readers=[59, 59, 59, 59, 59, 59, 59, 60, 59, 59] / writers=[60]
OOO / Test #44 / 1439449713430 / readers=[59, 59, 59, 59, 59, 59, 58, 58, 59, 59] / writers=[59]
OOO / Test #27 / 1439449713326 / readers=[54, 54, 54, 54, 54, 54, 54, 54, 55, 55] / writers=[55]
OOO / Test #31 / 1439449713326 / readers=[56, 56, 56, 56, 57, 56, 56, 57, 56, 57] / writers=[57]
OOO / Test #14 / 1439449713326 / readers=[86, 87, 87, 87, 86, 86, 86, 86, 87, 87] / writers=[87]
OOO / Test #61 / 1439449713322 / readers=[56, 57, 56, 57, 57, 57, 57, 57, 57, 56] / writers=[57]
OOO / Test #43 / 1439449713322 / readers=[56, 56, 56, 56, 56, 57, 56, 56, 56, 56] / writers=[57]
OOO / Test #97 / 1439449713322 / readers=[61, 61, 62, 61, 62, 62, 62, 61, 61, 61] / writers=[62]
OOO / Test #153 / 1439449713322 / readers=[64, 64, 64, 63, 63, 64, 63, 63, 63, 64] / writers=[64]
OOO / Test #178 / 1439449713322 / readers=[55, 55, 55, 55, 55, 55, 56, 56, 55, 55] / writers=[56]
OOO / Test #166 / 1439449713322 / readers=[51, 51, 51, 51, 51, 51, 51, 51, 51, 51] / writers=[52]
OOO / Test #61 / 1439449713433 / readers=[57, 57, 57, 58, 58, 58, 58, 58, 58, 57] / writers=[58]
OOO / Test #20 / 1439449713322 / readers=[55, 55, 55, 55, 55, 55, 55, 55, 56, 55] / writers=[56]
OOO / Test #60 / 1439449713322 / readers=[52, 52, 52, 52, 52, 52, 52, 52, 53, 52] / writers=[53]
OOO / Test #153 / 1439449713433 / readers=[65, 65, 64, 64, 64, 65, 64, 64, 64, 65] / writers=[65]
OOO / Test #171 / 1439449713319 / readers=[54, 54, 54, 53, 54, 54, 54, 54, 54, 54] / writers=[54]
OOO / Test #164 / 1439449713319 / readers=[51, 51, 51, 51, 50, 50, 50, 50, 50, 50] / writers=[51]
OOO / Test #182 / 1439449713319 / readers=[53, 53, 52, 52, 52, 52, 52, 52, 52, 52] / writers=[53]
OOO / Test #161 / 1439449713319 / readers=[55, 55, 55, 55, 56, 56, 55, 56, 56, 56] / writers=[56]
OOO / Test #169 / 1439449713319 / readers=[51, 51, 51, 50, 50, 51, 50, 50, 50, 50] / writers=[51]
OOO / Test #171 / 1439449713437 / readers=[55, 55, 54, 54, 55, 55, 55, 55, 55, 55] / writers=[55]
OOO / Test #100 / 1439449713319 / readers=[60, 60, 60, 60, 59, 60, 60, 59, 59, 59] / writers=[60]
OOO / Test #7 / 1439449713319 / readers=[61, 62, 61, 62, 62, 61, 61, 61, 61, 61] / writers=[62]
OOO / Test #177 / 1439449713319 / readers=[53, 53, 54, 53, 53, 53, 53, 53, 53, 53] / writers=[54]
OOO / Test #171 / 1439449713437 / readers=[56, 55, 55, 55, 56, 56, 56, 56, 56, 56] / writers=[56]
OOO / Test #152 / 1439449713319 / readers=[50, 51, 51, 51, 50, 50, 50, 50, 50, 50] / writers=[51]
OOO / Test #181 / 1439449713316 / readers=[53, 53, 53, 53, 53, 53, 54, 53, 53, 53] / writers=[54]
OOO / Test #156 / 1439449713316 / readers=[54, 53, 53, 54, 53, 53, 53, 53, 53, 53] / writers=[54]
OOO / Test #158 / 1439449713316 / readers=[51, 52, 52, 51, 51, 51, 51, 51, 51, 51] / writers=[52]
OOO / Test #13 / 1439449713316 / readers=[79, 79, 79, 79, 79, 79, 79, 79, 79, 78] / writers=[79]
OOO / Test #150 / 1439449713316 / readers=[57, 57, 58, 58, 58, 58, 58, 58, 57, 57] / writers=[58]
OOO / Test #163 / 1439449713316 / readers=[54, 53, 53, 53, 53, 53, 53, 53, 53, 53] / writers=[54]
OOO / Test #160 / 1439449713316 / readers=[52, 51, 51, 52, 51, 51, 51, 51, 51, 51] / writers=[52]
OOO / Test #152 / 1439449713441 / readers=[51, 52, 52, 51, 51, 51, 51, 51, 51, 51] / writers=[52]
OOO / Test #158 / 1439449713441 / readers=[52, 53, 52, 52, 52, 52, 52, 52, 52, 52] / writers=[53]
OOO / Test #176 / 1439449713313 / readers=[50, 50, 50, 50, 49, 49, 49, 49, 50, 49] / writers=[50]
OOO / Test #54 / 1439449713313 / readers=[64, 64, 64, 64, 64, 64, 64, 64, 63, 63] / writers=[64]
OOO / Test #173 / 1439449713313 / readers=[54, 53, 53, 53, 53, 53, 53, 53, 53, 53] / writers=[54]
OOO / Test #192 / 1439449713313 / readers=[64, 65, 64, 64, 64, 64, 64, 64, 64, 64] / writers=[65]
OOO / Test #193 / 1439449713313 / readers=[49, 49, 49, 49, 49, 48, 49, 48, 48, 48] / writers=[49]
OOO / Test #187 / 1439449713313 / readers=[52, 52, 52, 51, 51, 51, 51, 51, 51, 51] / writers=[52]
OOO / Test #168 / 1439449713313 / readers=[46, 47, 47, 47, 47, 46, 47, 47, 47, 46] / writers=[47]
OOO / Test #54 / 1439449713444 / readers=[65, 65, 65, 64, 65, 65, 65, 65, 64, 64] / writers=[65]
OOO / Test #11 / 1439449713313 / readers=[81, 80, 81, 80, 81, 81, 81, 81, 80, 80] / writers=[81]
OOO / Test #173 / 1439449713444 / readers=[54, 54, 54, 54, 54, 54, 54, 54, 54, 54] / writers=[55]
OOO / Test #200 / 1439449713313 / readers=[53, 53, 52, 52, 52, 52, 52, 52, 52, 52] / writers=[53]
OOO / Test #193 / 1439449713444 / readers=[50, 50, 50, 50, 50, 49, 49, 49, 49, 49] / writers=[50]
OOO / Test #174 / 1439449713313 / readers=[49, 49, 49, 48, 49, 49, 49, 48, 48, 48] / writers=[49]
OOO / Test #194 / 1439449713310 / readers=[54, 54, 54, 54, 54, 54, 54, 54, 53, 54] / writers=[54]
OOO / Test #53 / 1439449713310 / readers=[44, 43, 43, 44, 43, 43, 43, 43, 43, 44] / writers=[44]
OOO / Test #195 / 1439449713310 / readers=[50, 50, 50, 50, 50, 50, 49, 49, 49, 49] / writers=[50]
OOO / Test #165 / 1439449713310 / readers=[50, 50, 50, 50, 49, 49, 49, 49, 49, 49] / writers=[50]
OOO / Test #188 / 1439449713310 / readers=[52, 52, 52, 51, 51, 51, 51, 51, 51, 51] / writers=[52]
OOO / Test #184 / 1439449713310 / readers=[51, 51, 51, 51, 50, 50, 50, 51, 51, 51] / writers=[51]
OOO / Test #193 / 1439449713448 / readers=[51, 51, 51, 51, 50, 50, 50, 50, 50, 50] / writers=[51]
OOO / Test #53 / 1439449713448 / readers=[44, 44, 44, 45, 44, 44, 44, 44, 44, 45] / writers=[45]
OOO / Test #197 / 1439449713310 / readers=[58, 58, 58, 58, 58, 58, 58, 58, 58, 57] / writers=[58]
OOO / Test #196 / 1439449713310 / readers=[50, 51, 51, 51, 51, 50, 50, 50, 50, 50] / writers=[51]
OOO / Test #199 / 1439449713307 / readers=[54, 54, 53, 53, 54, 54, 54, 53, 54, 54] / writers=[54]
OOO / Test #50 / 1439449713307 / readers=[50, 50, 50, 49, 49, 49, 50, 50, 50, 49] / writers=[50]
OOO / Test #191 / 1439449713307 / readers=[51, 52, 52, 51, 52, 51, 51, 51, 51, 51] / writers=[52]
OOO / Test #183 / 1439449713307 / readers=[49, 50, 50, 49, 50, 50, 49, 49, 49, 49] / writers=[50]
OOO / Test #172 / 1439449713307 / readers=[51, 51, 51, 50, 51, 50, 50, 50, 50, 50] / writers=[51]
OOO / Test #196 / 1439449713451 / readers=[51, 52, 52, 51, 52, 51, 51, 51, 51, 51] / writers=[52]
OOO / Test #186 / 1439449713307 / readers=[51, 51, 51, 51, 51, 50, 50, 50, 50, 50] / writers=[51]
OOO / Test #199 / 1439449713451 / readers=[55, 54, 54, 54, 55, 55, 55, 54, 55, 55] / writers=[55]
OOO / Test #50 / 1439449713451 / readers=[51, 51, 51, 50, 50, 50, 50, 51, 51, 50] / writers=[51]
OOO / Test #170 / 1439449713307 / readers=[52, 52, 52, 51, 51, 51, 51, 52, 51, 51] / writers=[52]
OOO / Test #47 / 1439449713307 / readers=[50, 50, 49, 49, 50, 50, 50, 50, 49, 50] / writers=[50]
OOO / Test #189 / 1439449713305 / readers=[37, 37, 37, 37, 37, 37, 37, 36, 36, 36] / writers=[37]
OOO / Test #175 / 1439449713305 / readers=[45, 45, 45, 45, 46, 46, 46, 46, 45, 46] / writers=[46]
OOO / Test #2 / 1439449713305 / readers=[49, 48, 49, 49, 49, 49, 49, 49, 49, 48] / writers=[49]
OOO / Test #159 / 1439449713305 / readers=[52, 52, 52, 53, 52, 52, 52, 52, 52, 52] / writers=[53]
OOO / Test #170 / 1439449713454 / readers=[53, 52, 53, 52, 52, 52, 52, 53, 52, 52] / writers=[53]
OOO / Test #185 / 1439449713305 / readers=[48, 48, 48, 48, 48, 48, 48, 47, 47, 47] / writers=[48]
OOO / Test #189 / 1439449713454 / readers=[38, 38, 38, 38, 38, 38, 37, 37, 37, 37] / writers=[38]
OOO / Test #175 / 1439449713454 / readers=[46, 46, 46, 46, 47, 47, 47, 47, 46, 46] / writers=[47]
OOO / Test #179 / 1439449713305 / readers=[37, 37, 37, 37, 37, 38, 37, 37, 37, 37] / writers=[38]
OOO / Test #3 / 1439449713305 / readers=[68, 68, 68, 68, 69, 69, 69, 68, 69, 68] / writers=[69]
OOO / Test #175 / 1439449713454 / readers=[47, 47, 47, 47, 48, 48, 48, 47, 47, 47] / writers=[48]
OOO / Test #189 / 1439449713454 / readers=[39, 39, 39, 39, 39, 38, 38, 38, 38, 38] / writers=[39]
OOO / Test #179 / 1439449713458 / readers=[38, 38, 38, 38, 38, 38, 38, 38, 38, 38] / writers=[39]
OOO / Test #185 / 1439449713454 / readers=[49, 49, 49, 49, 49, 49, 48, 48, 48, 48] / writers=[49]
OOO / Test #170 / 1439449713454 / readers=[54, 53, 53, 53, 53, 53, 53, 54, 53, 53] / writers=[54]
OOO / Test #159 / 1439449713454 / readers=[53, 53, 53, 53, 53, 53, 53, 53, 53, 53] / writers=[54]
OOO / Test #2 / 1439449713454 / readers=[50, 49, 50, 50, 50, 50, 50, 49, 50, 49] / writers=[50]
OOO / Test #47 / 1439449713454 / readers=[51, 51, 50, 50, 51, 51, 51, 50, 50, 51] / writers=[51]
OOO / Test #50 / 1439449713451 / readers=[52, 52, 52, 51, 51, 51, 51, 51, 52, 51] / writers=[52]
OOO / Test #196 / 1439449713451 / readers=[54, 54, 54, 54, 53, 54, 54, 54, 54, 54] / writers=[54]
OOO / Test #186 / 1439449713451 / readers=[52, 52, 52, 51, 52, 51, 51, 51, 51, 51] / writers=[52]
OOO / Test #199 / 1439449713451 / readers=[55, 55, 55, 55, 56, 56, 56, 55, 56, 56] / writers=[56]
OOO / Test #172 / 1439449713451 / readers=[52, 52, 52, 51, 51, 51, 51, 51, 51, 51] / writers=[52]
OOO / Test #183 / 1439449713451 / readers=[50, 51, 51, 50, 51, 50, 50, 50, 50, 50] / writers=[51]
OOO / Test #191 / 1439449713451 / readers=[52, 53, 53, 52, 52, 52, 52, 52, 52, 52] / writers=[53]
OOO / Test #50 / 1439449713461 / readers=[52, 53, 53, 52, 52, 52, 52, 52, 53, 52] / writers=[53]
OOO / Test #186 / 1439449713461 / readers=[53, 53, 53, 52, 52, 52, 52, 52, 52, 52] / writers=[53]
OOO / Test #197 / 1439449713451 / readers=[59, 59, 59, 59, 59, 59, 59, 58, 59, 58] / writers=[59]
OOO / Test #188 / 1439449713448 / readers=[53, 53, 52, 52, 52, 52, 52, 52, 52, 52] / writers=[53]
OOO / Test #53 / 1439449713448 / readers=[45, 45, 45, 45, 45, 45, 45, 45, 45, 46] / writers=[46]
OOO / Test #184 / 1439449713448 / readers=[52, 52, 52, 51, 51, 51, 51, 52, 52, 52] / writers=[52]
OOO / Test #193 / 1439449713448 / readers=[52, 52, 52, 51, 51, 51, 51, 51, 51, 51] / writers=[52]
OOO / Test #165 / 1439449713448 / readers=[51, 51, 51, 50, 50, 50, 50, 50, 50, 50] / writers=[51]
OOO / Test #195 / 1439449713448 / readers=[51, 51, 51, 51, 51, 50, 50, 50, 50, 50] / writers=[51]
OOO / Test #174 / 1439449713448 / readers=[50, 50, 50, 49, 50, 50, 49, 49, 49, 49] / writers=[50]
OOO / Test #194 / 1439449713448 / readers=[55, 55, 54, 55, 55, 55, 55, 55, 54, 55] / writers=[55]
OOO / Test #173 / 1439449713444 / readers=[57, 57, 57, 57, 57, 57, 57, 57, 57, 56] / writers=[57]
OOO / Test #200 / 1439449713444 / readers=[54, 53, 53, 53, 53, 53, 53, 53, 53, 53] / writers=[54]
OOO / Test #165 / 1439449713464 / readers=[52, 52, 51, 51, 51, 51, 51, 51, 51, 51] / writers=[52]
OOO / Test #195 / 1439449713464 / readers=[52, 52, 52, 52, 51, 51, 51, 51, 51, 51] / writers=[52]
OOO / Test #11 / 1439449713444 / readers=[81, 81, 82, 81, 82, 82, 82, 82, 81, 81] / writers=[82]
OOO / Test #54 / 1439449713444 / readers=[65, 66, 66, 65, 66, 66, 66, 66, 65, 65] / writers=[66]
OOO / Test #168 / 1439449713444 / readers=[47, 48, 48, 48, 48, 47, 48, 48, 47, 47] / writers=[48]
OOO / Test #187 / 1439449713444 / readers=[53, 53, 52, 52, 52, 52, 52, 52, 52, 52] / writers=[53]
OOO / Test #11 / 1439449713468 / readers=[82, 82, 83, 82, 83, 83, 83, 82, 82, 82] / writers=[83]
OOO / Test #192 / 1439449713444 / readers=[65, 65, 65, 65, 65, 65, 65, 65, 65, 65] / writers=[66]
OOO / Test #176 / 1439449713441 / readers=[51, 51, 51, 51, 50, 50, 50, 50, 50, 50] / writers=[51]
OOO / Test #158 / 1439449713441 / readers=[53, 53, 53, 53, 53, 53, 53, 53, 53, 53] / writers=[54]
OOO / Test #160 / 1439449713441 / readers=[53, 52, 52, 52, 52, 52, 52, 52, 52, 52] / writers=[53]
OOO / Test #187 / 1439449713468 / readers=[54, 53, 53, 53, 53, 53, 53, 53, 53, 53] / writers=[54]
OOO / Test #163 / 1439449713441 / readers=[54, 54, 54, 54, 54, 54, 54, 54, 54, 55] / writers=[55]
OOO / Test #152 / 1439449713441 / readers=[52, 53, 52, 52, 52, 52, 52, 52, 52, 52] / writers=[53]
OOO / Test #150 / 1439449713441 / readers=[58, 58, 59, 58, 59, 59, 59, 59, 58, 58] / writers=[59]
OOO / Test #13 / 1439449713441 / readers=[79, 80, 80, 80, 80, 80, 80, 80, 80, 79] / writers=[80]
OOO / Test #156 / 1439449713441 / readers=[55, 54, 54, 54, 54, 54, 54, 54, 54, 54] / writers=[55]
OOO / Test #181 / 1439449713441 / readers=[54, 54, 54, 54, 54, 54, 54, 54, 54, 54] / writers=[55]
OOO / Test #177 / 1439449713437 / readers=[54, 54, 54, 54, 54, 54, 54, 54, 54, 54] / writers=[55]
OOO / Test #7 / 1439449713437 / readers=[62, 63, 62, 63, 62, 62, 62, 62, 62, 62] / writers=[63]
OOO / Test #171 / 1439449713437 / readers=[56, 56, 56, 56, 56, 56, 56, 56, 56, 56] / writers=[57]
OOO / Test #13 / 1439449713471 / readers=[80, 81, 81, 81, 81, 81, 81, 80, 81, 80] / writers=[81]
OOO / Test #100 / 1439449713437 / readers=[61, 61, 61, 61, 60, 61, 60, 60, 60, 60] / writers=[61]
OOO / Test #169 / 1439449713437 / readers=[52, 52, 51, 51, 51, 52, 51, 51, 51, 51] / writers=[52]
OOO / Test #161 / 1439449713437 / readers=[56, 56, 56, 56, 57, 57, 56, 57, 57, 56] / writers=[57]
OOO / Test #182 / 1439449713437 / readers=[54, 53, 53, 53, 53, 53, 53, 53, 53, 53] / writers=[54]
OOO / Test #164 / 1439449713437 / readers=[52, 52, 52, 51, 51, 51, 51, 51, 51, 51] / writers=[52]
OOO / Test #166 / 1439449713433 / readers=[54, 54, 53, 54, 54, 54, 54, 54, 54, 54] / writers=[54]
OOO / Test #60 / 1439449713433 / readers=[53, 53, 53, 53, 53, 53, 53, 53, 53, 53] / writers=[54]
OOO / Test #169 / 1439449713476 / readers=[52, 53, 52, 52, 52, 53, 52, 52, 52, 52] / writers=[53]
OOO / Test #161 / 1439449713476 / readers=[57, 57, 57, 57, 58, 58, 57, 58, 57, 57] / writers=[58]
OOO / Test #20 / 1439449713433 / readers=[56, 56, 56, 56, 56, 56, 56, 56, 56, 56] / writers=[57]
OOO / Test #164 / 1439449713476 / readers=[52, 53, 53, 52, 52, 52, 52, 52, 52, 52] / writers=[53]
OOO / Test #153 / 1439449713433 / readers=[66, 65, 65, 65, 65, 66, 65, 65, 65, 66] / writers=[66]
OOO / Test #61 / 1439449713433 / readers=[58, 58, 58, 58, 59, 59, 59, 59, 59, 58] / writers=[59]
OOO / Test #178 / 1439449713433 / readers=[56, 56, 56, 56, 56, 56, 56, 57, 56, 56] / writers=[57]
OOO / Test #43 / 1439449713433 / readers=[57, 57, 57, 57, 57, 57, 57, 57, 57, 57] / writers=[58]
OOO / Test #97 / 1439449713433 / readers=[62, 62, 63, 62, 63, 63, 62, 62, 62, 62] / writers=[63]
OOO / Test #164 / 1439449713479 / readers=[53, 53, 54, 53, 53, 53, 53, 53, 53, 53] / writers=[54]
OOO / Test #14 / 1439449713433 / readers=[87, 88, 87, 88, 87, 87, 87, 87, 88, 88] / writers=[88]
OOO / Test #31 / 1439449713430 / readers=[57, 57, 57, 57, 58, 57, 57, 57, 57, 58] / writers=[58]
OOO / Test #27 / 1439449713430 / readers=[55, 55, 55, 55, 55, 55, 55, 55, 56, 55] / writers=[56]
OOO / Test #178 / 1439449713479 / readers=[57, 57, 57, 57, 57, 57, 57, 57, 57, 57] / writers=[58]
OOO / Test #95 / 1439449713430 / readers=[62, 62, 62, 62, 62, 62, 61, 62, 62, 62] / writers=[62]
OOO / Test #190 / 1439449713430 / readers=[60, 60, 60, 60, 60, 60, 60, 60, 60, 60] / writers=[61]
OOO / Test #44 / 1439449713430 / readers=[60, 60, 60, 60, 60, 60, 59, 59, 60, 59] / writers=[60]
OOO / Test #30 / 1439449713430 / readers=[57, 57, 57, 57, 57, 57, 57, 57, 57, 58] / writers=[58]
OOO / Test #49 / 1439449713430 / readers=[62, 62, 62, 62, 62, 61, 61, 61, 62, 62] / writers=[62]
OOO / Test #95 / 1439449713482 / readers=[63, 63, 63, 63, 63, 63, 62, 62, 63, 63] / writers=[63]
OOO / Test #36 / 1439449713430 / readers=[58, 58, 58, 58, 58, 58, 58, 58, 58, 58] / writers=[59]
OOO / Test #44 / 1439449713482 / readers=[61, 61, 61, 61, 61, 61, 60, 60, 60, 60] / writers=[61]
OOO / Test #162 / 1439449713430 / readers=[54, 54, 54, 54, 54, 54, 54, 54, 54, 54] / writers=[55]
OOO / Test #40 / 1439449713427 / readers=[57, 57, 57, 57, 57, 57, 57, 57, 57, 57] / writers=[58]
OOO / Test #190 / 1439449713482 / readers=[63, 63, 63, 63, 63, 62, 63, 63, 63, 63] / writers=[63]
OOO / Test #15 / 1439449713427 / readers=[73, 73, 73, 73, 73, 73, 73, 73, 73, 73] / writers=[74]
OOO / Test #148 / 1439449713427 / readers=[50, 51, 51, 51, 50, 51, 51, 50, 50, 51] / writers=[51]
OOO / Test #62 / 1439449713427 / readers=[56, 57, 57, 57, 56, 56, 56, 56, 56, 56] / writers=[57]
OOO / Test #22 / 1439449713427 / readers=[60, 60, 60, 61, 61, 61, 60, 60, 60, 60] / writers=[61]
OOO / Test #198 / 1439449713427 / readers=[59, 59, 59, 59, 59, 59, 59, 59, 59, 58] / writers=[59]
OOO / Test #167 / 1439449713427 / readers=[53, 53, 53, 53, 53, 53, 53, 53, 53, 53] / writers=[54]
OOO / Test #190 / 1439449713485 / readers=[64, 64, 64, 64, 63, 63, 64, 64, 64, 64] / writers=[64]
OOO / Test #18 / 1439449713427 / readers=[65, 65, 66, 65, 65, 65, 65, 65, 66, 65] / writers=[66]
OOO / Test #28 / 1439449713427 / readers=[62, 62, 62, 62, 62, 62, 62, 62, 62, 63] / writers=[63]
OOO / Test #180 / 1439449713424 / readers=[51, 51, 51, 50, 50, 50, 50, 50, 50, 51] / writers=[51]
OOO / Test #15 / 1439449713486 / readers=[76, 76, 76, 76, 76, 76, 76, 76, 76, 75] / writers=[76]
OOO / Test #55 / 1439449713424 / readers=[62, 62, 62, 62, 61, 62, 61, 61, 61, 62] / writers=[62]
OOO / Test #26 / 1439449713424 / readers=[55, 55, 55, 55, 55, 55, 55, 55, 56, 56] / writers=[56]
OOO / Test #146 / 1439449713424 / readers=[61, 61, 61, 60, 61, 61, 61, 61, 60, 61] / writers=[61]
OOO / Test #35 / 1439449713423 / readers=[62, 61, 61, 62, 61, 61, 62, 62, 62, 61] / writers=[62]
OOO / Test #39 / 1439449713423 / readers=[61, 61, 61, 61, 61, 61, 60, 60, 60, 61] / writers=[61]
OOO / Test #34 / 1439449713423 / readers=[58, 59, 59, 59, 59, 59, 59, 58, 59, 58] / writers=[59]
OOO / Test #147 / 1439449713423 / readers=[51, 51, 51, 51, 50, 50, 50, 51, 50, 50] / writers=[51]
OOO / Test #59 / 1439449713420 / readers=[63, 63, 62, 63, 63, 63, 63, 63, 63, 63] / writers=[63]
OOO / Test #23 / 1439449713420 / readers=[64, 63, 63, 63, 63, 63, 63, 63, 63, 63] / writers=[64]
OOO / Test #46 / 1439449713420 / readers=[63, 63, 63, 63, 63, 63, 63, 63, 63, 63] / writers=[64]
OOO / Test #133 / 1439449713420 / readers=[51, 51, 51, 51, 50, 51, 50, 50, 50, 51] / writers=[51]
OOO / Test #64 / 1439449713420 / readers=[59, 59, 59, 59, 59, 58, 59, 59, 58, 58] / writers=[59]
OOO / Test #58 / 1439449713420 / readers=[56, 57, 57, 57, 56, 57, 57, 57, 57, 56] / writers=[57]
OOO / Test #12 / 1439449713420 / readers=[80, 81, 80, 80, 81, 81, 81, 81, 80, 80] / writers=[81]
OOO / Test #157 / 1439449713420 / readers=[59, 59, 59, 59, 59, 59, 59, 58, 58, 59] / writers=[59]
OOO / Test #38 / 1439449713417 / readers=[58, 58, 59, 59, 59, 58, 59, 58, 59, 58] / writers=[59]
OOO / Test #17 / 1439449713417 / readers=[72, 71, 72, 71, 71, 71, 71, 72, 72, 71] / writers=[72]
OOO / Test #64 / 1439449713493 / readers=[60, 60, 60, 60, 60, 59, 60, 59, 59, 59] / writers=[60]
OOO / Test #58 / 1439449713493 / readers=[57, 58, 58, 58, 57, 58, 58, 58, 57, 57] / writers=[58]
OOO / Test #155 / 1439449713417 / readers=[56, 56, 55, 55, 55, 55, 56, 56, 56, 56] / writers=[56]
OOO / Test #19 / 1439449713417 / readers=[63, 63, 62, 63, 63, 63, 63, 63, 63, 63] / writers=[63]
OOO / Test #33 / 1439449713417 / readers=[51, 51, 51, 51, 50, 50, 50, 50, 51, 50] / writers=[51]
OOO / Test #51 / 1439449713417 / readers=[61, 61, 61, 61, 61, 62, 61, 61, 61, 61] / writers=[62]
OOO / Test #41 / 1439449713417 / readers=[53, 53, 53, 53, 53, 53, 53, 53, 53, 53] / writers=[54]
OOO / Test #4 / 1439449713417 / readers=[81, 81, 81, 81, 81, 81, 81, 80, 80, 81] / writers=[81]
OOO / Test #19 / 1439449713496 / readers=[64, 64, 63, 64, 64, 64, 64, 64, 64, 63] / writers=[64]
OOO / Test #16 / 1439449713417 / readers=[75, 75, 74, 74, 75, 74, 74, 74, 74, 75] / writers=[75]
OOO / Test #33 / 1439449713496 / readers=[52, 52, 51, 52, 51, 51, 51, 51, 52, 51] / writers=[52]
OOO / Test #122 / 1439449713414 / readers=[59, 59, 59, 59, 59, 59, 59, 58, 58, 58] / writers=[59]
OOO / Test #42 / 1439449713414 / readers=[61, 61, 60, 61, 61, 61, 60, 60, 60, 60] / writers=[61]
OOO / Test #80 / 1439449713414 / readers=[50, 50, 50, 50, 50, 49, 49, 49, 49, 49] / writers=[50]
OOO / Test #145 / 1439449713414 / readers=[54, 54, 53, 54, 54, 53, 53, 53, 54, 53] / writers=[54]
OOO / Test #32 / 1439449713414 / readers=[59, 58, 59, 59, 59, 58, 58, 59, 59, 58] / writers=[59]
OOO / Test #45 / 1439449713414 / readers=[61, 61, 61, 61, 61, 61, 61, 61, 61, 61] / writers=[62]
OOO / Test #80 / 1439449713499 / readers=[51, 51, 51, 51, 50, 50, 50, 50, 50, 50] / writers=[51]
OOO / Test #73 / 1439449713414 / readers=[58, 58, 58, 58, 58, 58, 58, 58, 57, 57] / writers=[58]
OOO / Test #91 / 1439449713414 / readers=[54, 53, 53, 53, 53, 53, 53, 53, 53, 54] / writers=[54]
OOO / Test #48 / 1439449713411 / readers=[59, 59, 59, 59, 59, 59, 59, 58, 58, 58] / writers=[59]
OOO / Test #109 / 1439449713411 / readers=[63, 62, 63, 63, 62, 62, 62, 62, 62, 62] / writers=[63]
OOO / Test #56 / 1439449713411 / readers=[67, 67, 67, 67, 67, 67, 67, 67, 67, 67] / writers=[68]
OOO / Test #21 / 1439449713411 / readers=[77, 76, 76, 76, 76, 76, 76, 76, 76, 76] / writers=[77]
OOO / Test #24 / 1439449713411 / readers=[63, 62, 62, 62, 62, 63, 62, 63, 63, 63] / writers=[63]
OOO / Test #57 / 1439449713411 / readers=[60, 60, 60, 60, 60, 60, 60, 60, 60, 60] / writers=[61]
OOO / Test #52 / 1439449713411 / readers=[64, 64, 63, 63, 63, 63, 63, 63, 63, 63] / writers=[64]
OOO / Test #90 / 1439449713411 / readers=[53, 54, 53, 53, 53, 53, 53, 53, 53, 53] / writers=[54]
OOO / Test #154 / 1439449713408 / readers=[59, 60, 60, 60, 60, 60, 60, 59, 59, 59] / writers=[60]
OOO / Test #6 / 1439449713408 / readers=[86, 86, 86, 86, 87, 86, 86, 86, 86, 86] / writers=[87]
OOO / Test #8 / 1439449713408 / readers=[82, 81, 81, 81, 82, 82, 81, 81, 82, 81] / writers=[82]
OOO / Test #78 / 1439449713408 / readers=[61, 61, 61, 61, 61, 60, 60, 60, 60, 60] / writers=[61]
OOO / Test #149 / 1439449713408 / readers=[51, 51, 51, 51, 50, 51, 50, 50, 50, 50] / writers=[51]
OOO / Test #127 / 1439449713408 / readers=[54, 54, 54, 54, 54, 54, 54, 54, 55, 54] / writers=[55]
OOO / Test #57 / 1439449713503 / readers=[63, 63, 63, 63, 63, 63, 62, 63, 63, 63] / writers=[63]
OOO / Test #137 / 1439449713408 / readers=[51, 51, 51, 51, 50, 50, 50, 50, 50, 50] / writers=[51]
OOO / Test #101 / 1439449713403 / readers=[50, 49, 50, 50, 49, 49, 49, 49, 49, 49] / writers=[50]
OOO / Test #9 / 1439449713403 / readers=[82, 82, 82, 82, 83, 83, 83, 83, 82, 82] / writers=[83]
OOO / Test #37 / 1439449713403 / readers=[54, 54, 54, 54, 54, 54, 54, 54, 54, 54] / writers=[55]
OOO / Test #139 / 1439449713403 / readers=[57, 57, 57, 57, 57, 57, 57, 57, 57, 56] / writers=[57]
OOO / Test #144 / 1439449713403 / readers=[53, 53, 52, 52, 52, 52, 52, 52, 52, 52] / writers=[53]
OOO / Test #57 / 1439449713506 / readers=[64, 64, 64, 63, 64, 64, 63, 64, 64, 64] / writers=[64]
OOO / Test #84 / 1439449713403 / readers=[55, 55, 55, 55, 55, 55, 56, 55, 55, 55] / writers=[56]
OOO / Test #101 / 1439449713506 / readers=[50, 50, 51, 51, 50, 50, 50, 50, 50, 50] / writers=[51]
OOO / Test #114 / 1439449713403 / readers=[63, 62, 63, 63, 62, 62, 62, 62, 62, 62] / writers=[63]
OOO / Test #10 / 1439449713403 / readers=[62, 63, 63, 62, 62, 62, 62, 63, 62, 63] / writers=[63]
OOO / Test #118 / 1439449713400 / readers=[50, 50, 50, 50, 50, 50, 49, 49, 49, 49] / writers=[50]
OOO / Test #75 / 1439449713400 / readers=[50, 50, 50, 49, 50, 50, 49, 49, 49, 49] / writers=[50]
OOO / Test #66 / 1439449713400 / readers=[52, 52, 52, 51, 51, 51, 51, 51, 51, 52] / writers=[52]
OOO / Test #130 / 1439449713400 / readers=[58, 58, 58, 58, 59, 59, 59, 59, 58, 58] / writers=[59]
OOO / Test #86 / 1439449713400 / readers=[52, 53, 52, 52, 52, 52, 52, 52, 52, 52] / writers=[53]
OOO / Test #114 / 1439449713509 / readers=[64, 63, 64, 63, 63, 63, 63, 63, 63, 63] / writers=[64]
OOO / Test #10 / 1439449713509 / readers=[63, 64, 63, 63, 63, 63, 63, 64, 63, 64] / writers=[64]
OOO / Test #96 / 1439449713400 / readers=[58, 58, 58, 58, 58, 58, 58, 58, 57, 57] / writers=[58]
OOO / Test #141 / 1439449713400 / readers=[58, 58, 58, 58, 58, 58, 57, 58, 58, 57] / writers=[58]
OOO / Test #151 / 1439449713400 / readers=[51, 51, 51, 51, 50, 50, 50, 50, 50, 50] / writers=[51]
OOO / Test #29 / 1439449713400 / readers=[58, 58, 58, 59, 59, 58, 58, 59, 59, 59] / writers=[59]
OOO / Test #116 / 1439449713396 / readers=[57, 57, 57, 57, 57, 57, 57, 57, 57, 56] / writers=[57]
OOO / Test #125 / 1439449713396 / readers=[53, 53, 52, 52, 52, 52, 52, 52, 52, 52] / writers=[53]
OOO / Test #65 / 1439449713396 / readers=[63, 63, 62, 63, 62, 62, 62, 62, 62, 62] / writers=[63]
OOO / Test #76 / 1439449713396 / readers=[60, 60, 60, 60, 60, 60, 59, 59, 59, 59] / writers=[60]
OOO / Test #63 / 1439449713396 / readers=[48, 48, 48, 48, 48, 48, 48, 47, 47, 47] / writers=[48]
OOO / Test #128 / 1439449713396 / readers=[58, 58, 58, 58, 58, 58, 58, 58, 57, 57] / writers=[58]
OOO / Test #116 / 1439449713513 / readers=[58, 58, 58, 58, 58, 58, 58, 58, 57, 57] / writers=[58]
OOO / Test #85 / 1439449713396 / readers=[55, 55, 55, 55, 55, 55, 55, 55, 55, 55] / writers=[56]
OOO / Test #74 / 1439449713396 / readers=[57, 57, 57, 57, 57, 57, 57, 57, 57, 57] / writers=[58]
OOO / Test #82 / 1439449713396 / readers=[54, 54, 54, 54, 54, 54, 54, 54, 55, 54] / writers=[55]
OOO / Test #112 / 1439449713393 / readers=[54, 54, 54, 54, 54, 54, 54, 54, 54, 54] / writers=[55]
OOO / Test #77 / 1439449713393 / readers=[61, 61, 61, 61, 61, 60, 60, 60, 60, 60] / writers=[61]
OOO / Test #124 / 1439449713393 / readers=[58, 58, 58, 58, 58, 58, 58, 58, 57, 57] / writers=[58]
OOO / Test #117 / 1439449713393 / readers=[57, 57, 57, 57, 57, 57, 57, 57, 56, 57] / writers=[57]
OOO / Test #135 / 1439449713393 / readers=[57, 57, 58, 57, 58, 57, 58, 58, 58, 57] / writers=[58]
OOO / Test #136 / 1439449713393 / readers=[56, 57, 57, 57, 57, 57, 57, 57, 57, 56] / writers=[57]
OOO / Test #88 / 1439449713393 / readers=[61, 61, 61, 61, 61, 60, 60, 60, 60, 60] / writers=[61]
OOO / Test #74 / 1439449713516 / readers=[60, 60, 60, 60, 60, 60, 60, 59, 60, 60] / writers=[60]
OOO / Test #77 / 1439449713516 / readers=[61, 62, 62, 62, 62, 61, 61, 61, 61, 61] / writers=[62]
OOO / Test #87 / 1439449713393 / readers=[53, 53, 53, 54, 53, 53, 53, 53, 53, 53] / writers=[54]
OOO / Test #71 / 1439449713393 / readers=[55, 55, 56, 56, 56, 56, 56, 56, 56, 56] / writers=[56]
OOO / Test #89 / 1439449713390 / readers=[57, 57, 57, 57, 57, 57, 57, 57, 57, 56] / writers=[57]
OOO / Test #81 / 1439449713390 / readers=[55, 54, 54, 54, 55, 55, 54, 55, 55, 55] / writers=[55]
OOO / Test #93 / 1439449713390 / readers=[55, 55, 55, 55, 55, 55, 55, 55, 55, 55] / writers=[56]
OOO / Test #77 / 1439449713520 / readers=[62, 63, 62, 63, 63, 62, 62, 62, 62, 62] / writers=[63]
OOO / Test #68 / 1439449713390 / readers=[51, 51, 50, 51, 51, 50, 50, 50, 50, 50] / writers=[51]
OOO / Test #87 / 1439449713520 / readers=[54, 54, 54, 54, 54, 54, 54, 54, 54, 54] / writers=[55]
OOO / Test #92 / 1439449713390 / readers=[58, 58, 58, 58, 58, 58, 58, 58, 57, 58] / writers=[58]
OOO / Test #106 / 1439449713390 / readers=[54, 54, 54, 53, 53, 53, 53, 54, 54, 54] / writers=[54]
OOO / Test #89 / 1439449713520 / readers=[58, 58, 58, 58, 58, 58, 58, 58, 57, 57] / writers=[58]
OOO / Test #102 / 1439449713390 / readers=[53, 53, 52, 52, 52, 53, 52, 52, 52, 52] / writers=[53]
OOO / Test #129 / 1439449713387 / readers=[54, 54, 54, 54, 54, 55, 54, 54, 54, 54] / writers=[55]
OOO / Test #89 / 1439449713523 / readers=[59, 59, 59, 59, 59, 59, 59, 58, 58, 58] / writers=[59]
OOO / Test #69 / 1439449713387 / readers=[55, 54, 54, 54, 54, 55, 55, 55, 55, 55] / writers=[55]
OOO / Test #143 / 1439449713387 / readers=[48, 48, 48, 48, 48, 48, 48, 47, 47, 47] / writers=[48]
OOO / Test #120 / 1439449713387 / readers=[59, 59, 59, 59, 59, 59, 59, 58, 58, 58] / writers=[59]
OOO / Test #129 / 1439449713523 / readers=[55, 55, 55, 55, 55, 55, 55, 55, 55, 55] / writers=[56]
OOO / Test #113 / 1439449713387 / readers=[58, 58, 58, 58, 58, 58, 58, 58, 57, 57] / writers=[58]
OOO / Test #89 / 1439449713523 / readers=[60, 60, 60, 60, 60, 60, 59, 59, 59, 59] / writers=[60]
OOO / Test #79 / 1439449713387 / readers=[48, 48, 48, 48, 48, 48, 48, 47, 47, 47] / writers=[48]
OOO / Test #104 / 1439449713387 / readers=[54, 54, 54, 54, 54, 54, 54, 54, 54, 54] / writers=[55]
OOO / Test #132 / 1439449713387 / readers=[52, 52, 52, 51, 51, 51, 51, 51, 52, 51] / writers=[52]
OOO / Test #110 / 1439449713387 / readers=[54, 53, 54, 54, 53, 53, 53, 53, 53, 53] / writers=[54]
OOO / Test #115 / 1439449713384 / readers=[50, 50, 50, 50, 50, 50, 49, 49, 49, 50] / writers=[50]
OOO / Test #134 / 1439449713384 / readers=[58, 57, 58, 58, 57, 58, 58, 58, 58, 57] / writers=[58]
OOO / Test #138 / 1439449713384 / readers=[60, 60, 60, 60, 59, 60, 59, 60, 59, 59] / writers=[60]
OOO / Test #67 / 1439449713384 / readers=[55, 54, 54, 55, 55, 55, 55, 55, 55, 55] / writers=[55]
OOO / Test #131 / 1439449713384 / readers=[49, 49, 49, 49, 49, 49, 50, 49, 49, 49] / writers=[50]
OOO / Test #110 / 1439449713526 / readers=[55, 54, 55, 54, 54, 54, 54, 54, 54, 54] / writers=[55]
OOO / Test #104 / 1439449713526 / readers=[57, 57, 57, 57, 57, 57, 57, 57, 57, 56] / writers=[57]
OOO / Test #123 / 1439449713384 / readers=[50, 50, 50, 50, 49, 50, 49, 49, 50, 49] / writers=[50]
OOO / Test #142 / 1439449713384 / readers=[61, 62, 62, 62, 61, 61, 61, 61, 61, 61] / writers=[62]
OOO / Test #105 / 1439449713384 / readers=[52, 52, 52, 51, 51, 51, 51, 51, 51, 51] / writers=[52]
OOO / Test #83 / 1439449713381 / readers=[60, 60, 59, 60, 60, 60, 59, 60, 59, 59] / writers=[60]
OOO / Test #1 / 1439449713381 / readers=[54, 53, 53, 53, 53, 54, 53, 53, 53, 53] / writers=[54]
OOO / Test #70 / 1439449713381 / readers=[52, 52, 52, 51, 51, 51, 51, 51, 51, 51] / writers=[52]
OOO / Test #140 / 1439449713381 / readers=[66, 67, 67, 67, 67, 67, 67, 67, 67, 67] / writers=[67]
OOO / Test #111 / 1439449713381 / readers=[61, 62, 62, 62, 61, 61, 61, 61, 61, 61] / writers=[62]
OOO / Test #83 / 1439449713529 / readers=[60, 61, 60, 61, 61, 61, 60, 61, 60, 60] / writers=[61]
OOO / Test #98 / 1439449713381 / readers=[49, 50, 50, 50, 50, 49, 49, 50, 49, 49] / writers=[50]
OOO / Test #121 / 1439449713381 / readers=[51, 51, 52, 52, 51, 51, 51, 51, 51, 51] / writers=[52]
OOO / Test #103 / 1439449713381 / readers=[62, 61, 62, 62, 62, 61, 61, 61, 61, 61] / writers=[62]
OOO / Test #126 / 1439449713381 / readers=[52, 53, 53, 52, 52, 52, 52, 52, 52, 53] / writers=[53]
OOO / Test #25 / 1439449713377 / readers=[60, 59, 60, 59, 59, 59, 60, 60, 60, 60] / writers=[60]
OOO / Test #5 / 1439449713377 / readers=[73, 72, 73, 73, 73, 72, 72, 72, 72, 73] / writers=[73]
OOO / Test #107 / 1439449713377 / readers=[51, 51, 51, 51, 51, 51, 50, 50, 51, 51] / writers=[51]
OOO / Test #94 / 1439449713377 / readers=[44, 44, 44, 45, 44, 44, 45, 45, 44, 45] / writers=[45]
OOO / Test #108 / 1439449713377 / readers=[62, 62, 62, 62, 61, 61, 61, 61, 61, 61] / writers=[62]
OOO / Test #5 / 1439449713532 / readers=[74, 73, 74, 74, 74, 73, 73, 73, 73, 73] / writers=[74]
OOO / Test #119 / 1439449713377 / readers=[45, 45, 45, 45, 45, 45, 45, 45, 46, 45] / writers=[46]
OOO / Test #99 / 1439449713377 / readers=[50, 50, 49, 50, 50, 49, 50, 49, 49, 49] / writers=[50]
OOO / Test #72 / 1439449713377 / readers=[52, 51, 52, 52, 52, 51, 51, 51, 51, 51] / writers=[52]
OOO / Test #119 / 1439449713532 / readers=[46, 46, 46, 46, 46, 46, 46, 46, 46, 46] / writers=[47]
OOO / Test #108 / 1439449713532 / readers=[63, 63, 63, 62, 62, 62, 62, 62, 62, 62] / writers=[63]
OOO / Test #5 / 1439449713532 / readers=[74, 74, 75, 75, 75, 74, 74, 74, 74, 74] / writers=[75]
OOO / Test #94 / 1439449713532 / readers=[45, 45, 45, 46, 45, 45, 45, 46, 45, 46] / writers=[46]
OOO / Test #107 / 1439449713532 / readers=[52, 52, 52, 52, 52, 51, 51, 51, 52, 52] / writers=[52]
OOO / Test #25 / 1439449713532 / readers=[61, 60, 61, 60, 60, 60, 60, 61, 61, 61] / writers=[61]
OOO / Test #126 / 1439449713532 / readers=[53, 54, 53, 53, 53, 53, 53, 53, 53, 54] / writers=[54]
OOO / Test #5 / 1439449713535 / readers=[75, 75, 76, 76, 75, 75, 75, 75, 75, 75] / writers=[76]
OOO / Test #103 / 1439449713532 / readers=[63, 62, 63, 63, 62, 62, 62, 62, 62, 62] / writers=[63]
OOO / Test #119 / 1439449713535 / readers=[48, 49, 49, 49, 49, 49, 49, 49, 49, 49] / writers=[49]
OOO / Test #121 / 1439449713532 / readers=[52, 52, 53, 52, 52, 52, 52, 52, 52, 52] / writers=[53]
OOO / Test #98 / 1439449713529 / readers=[50, 51, 51, 51, 50, 50, 50, 51, 50, 50] / writers=[51]
OOO / Test #111 / 1439449713529 / readers=[62, 62, 63, 63, 62, 62, 62, 62, 62, 62] / writers=[63]
OOO / Test #83 / 1439449713529 / readers=[61, 62, 61, 62, 62, 62, 61, 61, 61, 61] / writers=[62]
OOO / Test #119 / 1439449713538 / readers=[49, 50, 50, 50, 50, 50, 49, 50, 50, 50] / writers=[50]
OOO / Test #140 / 1439449713529 / readers=[67, 68, 68, 68, 68, 68, 68, 68, 68, 67] / writers=[68]
OOO / Test #121 / 1439449713538 / readers=[53, 53, 53, 53, 53, 53, 53, 53, 53, 53] / writers=[54]
OOO / Test #70 / 1439449713529 / readers=[53, 53, 52, 52, 52, 52, 52, 52, 52, 52] / writers=[53]
OOO / Test #1 / 1439449713529 / readers=[54, 54, 54, 54, 54, 55, 54, 54, 54, 54] / writers=[55]
OOO / Test #105 / 1439449713529 / readers=[53, 53, 52, 52, 52, 52, 52, 52, 52, 52] / writers=[53]
OOO / Test #142 / 1439449713529 / readers=[62, 63, 63, 62, 62, 62, 62, 62, 62, 62] / writers=[63]
OOO / Test #123 / 1439449713529 / readers=[51, 51, 51, 50, 50, 51, 50, 50, 51, 50] / writers=[51]
OOO / Test #104 / 1439449713529 / readers=[58, 58, 58, 58, 58, 58, 58, 57, 58, 57] / writers=[58]
OOO / Test #105 / 1439449713542 / readers=[54, 53, 53, 53, 53, 53, 53, 53, 53, 53] / writers=[54]
OOO / Test #110 / 1439449713526 / readers=[56, 55, 55, 55, 55, 55, 55, 55, 55, 55] / writers=[56]
OOO / Test #131 / 1439449713526 / readers=[50, 50, 50, 50, 50, 50, 50, 50, 50, 50] / writers=[51]
OOO / Test #67 / 1439449713526 / readers=[56, 55, 55, 56, 56, 56, 55, 56, 56, 56] / writers=[56]
OOO / Test #115 / 1439449713526 / readers=[51, 51, 51, 51, 51, 50, 50, 50, 50, 51] / writers=[51]
OOO / Test #104 / 1439449713542 / readers=[59, 59, 59, 59, 59, 59, 59, 58, 58, 58] / writers=[59]
OOO / Test #138 / 1439449713526 / readers=[61, 61, 61, 61, 60, 61, 60, 60, 60, 60] / writers=[61]
OOO / Test #134 / 1439449713526 / readers=[59, 58, 59, 59, 58, 59, 59, 58, 59, 58] / writers=[59]
OOO / Test #132 / 1439449713526 / readers=[53, 53, 52, 52, 52, 52, 52, 52, 53, 52] / writers=[53]
OOO / Test #79 / 1439449713526 / readers=[49, 49, 49, 49, 49, 49, 48, 48, 48, 48] / writers=[49]
OOO / Test #129 / 1439449713523 / readers=[58, 58, 58, 58, 58, 58, 58, 58, 58, 57] / writers=[58]
OOO / Test #143 / 1439449713523 / readers=[49, 49, 49, 49, 49, 49, 48, 48, 48, 48] / writers=[49]
OOO / Test #113 / 1439449713523 / readers=[59, 59, 59, 58, 59, 59, 59, 59, 58, 58] / writers=[59]
OOO / Test #89 / 1439449713523 / readers=[61, 61, 61, 61, 61, 60, 60, 60, 60, 60] / writers=[61]
OOO / Test #120 / 1439449713523 / readers=[60, 60, 60, 60, 59, 60, 60, 59, 59, 59] / writers=[60]
OOO / Test #134 / 1439449713545 / readers=[60, 59, 60, 60, 59, 60, 59, 59, 60, 59] / writers=[60]
OOO / Test #69 / 1439449713523 / readers=[56, 55, 55, 55, 55, 56, 56, 55, 56, 56] / writers=[56]
OOO / Test #143 / 1439449713545 / readers=[50, 50, 50, 50, 50, 49, 49, 49, 49, 49] / writers=[50]
OOO / Test #102 / 1439449713523 / readers=[53, 54, 53, 53, 53, 54, 53, 53, 53, 53] / writers=[54]
OOO / Test #106 / 1439449713520 / readers=[54, 55, 55, 54, 54, 54, 54, 55, 55, 55] / writers=[55]
OOO / Test #87 / 1439449713520 / readers=[57, 57, 57, 57, 57, 57, 57, 57, 57, 56] / writers=[57]
OOO / Test #92 / 1439449713520 / readers=[59, 59, 59, 59, 59, 59, 59, 58, 58, 59] / writers=[59]
OOO / Test #93 / 1439449713520 / readers=[58, 58, 58, 58, 58, 58, 58, 58, 58, 57] / writers=[58]
OOO / Test #68 / 1439449713520 / readers=[52, 52, 51, 52, 51, 51, 51, 51, 51, 51] / writers=[52]
OOO / Test #143 / 1439449713548 / readers=[51, 51, 51, 50, 51, 50, 50, 50, 50, 50] / writers=[51]
OOO / Test #77 / 1439449713520 / readers=[63, 64, 63, 64, 63, 63, 63, 63, 63, 63] / writers=[64]
OOO / Test #106 / 1439449713548 / readers=[55, 56, 56, 55, 55, 55, 55, 56, 56, 55] / writers=[56]
OOO / Test #87 / 1439449713548 / readers=[58, 58, 58, 58, 58, 58, 58, 58, 57, 57] / writers=[58]
OOO / Test #81 / 1439449713520 / readers=[55, 55, 55, 55, 56, 56, 55, 56, 56, 56] / writers=[56]
OOO / Test #71 / 1439449713520 / readers=[56, 56, 57, 57, 57, 57, 57, 57, 56, 57] / writers=[57]
OOO / Test #88 / 1439449713516 / readers=[62, 62, 62, 61, 62, 61, 61, 61, 61, 61] / writers=[62]
OOO / Test #136 / 1439449713516 / readers=[57, 58, 58, 58, 58, 58, 58, 58, 57, 57] / writers=[58]
OOO / Test #87 / 1439449713552 / readers=[59, 59, 59, 59, 59, 59, 59, 58, 58, 58] / writers=[59]
OOO / Test #74 / 1439449713516 / readers=[60, 61, 61, 61, 61, 61, 61, 60, 61, 61] / writers=[61]
OOO / Test #71 / 1439449713552 / readers=[57, 57, 58, 58, 58, 58, 58, 58, 57, 57] / writers=[58]
OOO / Test #135 / 1439449713516 / readers=[58, 58, 59, 58, 59, 58, 59, 59, 58, 58] / writers=[59]
OOO / Test #117 / 1439449713516 / readers=[58, 58, 58, 58, 58, 58, 58, 58, 57, 57] / writers=[58]
OOO / Test #112 / 1439449713516 / readers=[57, 57, 57, 57, 57, 57, 57, 57, 57, 56] / writers=[57]
OOO / Test #136 / 1439449713552 / readers=[58, 59, 59, 59, 59, 59, 58, 59, 58, 58] / writers=[59]
OOO / Test #124 / 1439449713516 / readers=[59, 59, 59, 59, 59, 59, 59, 58, 58, 58] / writers=[59]
OOO / Test #82 / 1439449713516 / readers=[55, 55, 55, 55, 55, 55, 55, 55, 55, 55] / writers=[56]
OOO / Test #85 / 1439449713513 / readers=[58, 58, 58, 58, 58, 58, 58, 58, 58, 57] / writers=[58]
OOO / Test #128 / 1439449713513 / readers=[59, 59, 59, 59, 59, 59, 59, 58, 58, 58] / writers=[59]
OOO / Test #63 / 1439449713513 / readers=[49, 49, 49, 49, 49, 49, 48, 48, 48, 48] / writers=[49]
OOO / Test #116 / 1439449713513 / readers=[59, 59, 59, 59, 59, 59, 59, 58, 58, 58] / writers=[59]
OOO / Test #124 / 1439449713555 / readers=[60, 60, 60, 60, 60, 60, 59, 59, 59, 59] / writers=[60]
OOO / Test #136 / 1439449713555 / readers=[59, 60, 60, 60, 60, 60, 59, 59, 59, 59] / writers=[60]
OOO / Test #85 / 1439449713555 / readers=[59, 59, 59, 59, 59, 59, 59, 58, 59, 58] / writers=[59]
OOO / Test #76 / 1439449713513 / readers=[61, 61, 61, 61, 61, 60, 60, 60, 60, 60] / writers=[61]
OOO / Test #65 / 1439449713513 / readers=[64, 64, 63, 63, 63, 63, 63, 63, 63, 63] / writers=[64]
OOO / Test #125 / 1439449713513 / readers=[54, 53, 53, 53, 53, 53, 53, 53, 53, 53] / writers=[54]
OOO / Test #29 / 1439449713513 / readers=[59, 59, 59, 60, 60, 59, 59, 59, 60, 60] / writers=[60]
OOO / Test #151 / 1439449713513 / readers=[52, 52, 52, 51, 51, 51, 51, 51, 51, 51] / writers=[52]
OOO / Test #141 / 1439449713513 / readers=[59, 59, 59, 59, 59, 59, 58, 59, 58, 58] / writers=[59]
OOO / Test #96 / 1439449713510 / readers=[59, 59, 59, 59, 59, 59, 58, 59, 58, 58] / writers=[59]
OOO / Test #65 / 1439449713558 / readers=[65, 64, 64, 64, 64, 64, 64, 64, 64, 64] / writers=[65]
OOO / Test #125 / 1439449713558 / readers=[54, 54, 54, 54, 54, 54, 54, 54, 54, 54] / writers=[55]
OOO / Test #10 / 1439449713510 / readers=[64, 65, 64, 64, 64, 64, 64, 65, 64, 64] / writers=[65]
OOO / Test #151 / 1439449713558 / readers=[53, 52, 52, 52, 52, 52, 52, 52, 52, 52] / writers=[53]
OOO / Test #86 / 1439449713510 / readers=[53, 53, 53, 53, 53, 53, 53, 53, 53, 53] / writers=[54]
OOO / Test #114 / 1439449713510 / readers=[65, 64, 64, 64, 64, 64, 64, 64, 64, 64] / writers=[65]
OOO / Test #130 / 1439449713510 / readers=[59, 59, 59, 59, 60, 60, 60, 59, 59, 59] / writers=[60]
OOO / Test #66 / 1439449713510 / readers=[53, 53, 52, 52, 52, 52, 52, 52, 52, 53] / writers=[53]
OOO / Test #75 / 1439449713509 / readers=[51, 51, 51, 50, 51, 50, 50, 50, 50, 50] / writers=[51]
OOO / Test #118 / 1439449713509 / readers=[51, 51, 51, 51, 51, 50, 50, 50, 50, 50] / writers=[51]
OOO / Test #84 / 1439449713506 / readers=[56, 56, 56, 56, 56, 56, 56, 56, 56, 56] / writers=[57]
OOO / Test #101 / 1439449713506 / readers=[51, 51, 52, 51, 51, 51, 51, 51, 51, 51] / writers=[52]
OOO / Test #130 / 1439449713561 / readers=[60, 60, 60, 60, 61, 61, 60, 60, 60, 60] / writers=[61]
OOO / Test #86 / 1439449713561 / readers=[55, 56, 56, 56, 56, 56, 56, 56, 56, 56] / writers=[56]
OOO / Test #37 / 1439449713506 / readers=[56, 57, 57, 57, 57, 57, 57, 57, 57, 57] / writers=[57]
OOO / Test #144 / 1439449713506 / readers=[54, 53, 53, 53, 53, 53, 53, 53, 53, 53] / writers=[54]
OOO / Test #139 / 1439449713506 / readers=[58, 58, 58, 58, 58, 58, 58, 58, 57, 57] / writers=[58]
OOO / Test #57 / 1439449713506 / readers=[65, 65, 65, 64, 65, 64, 64, 65, 65, 65] / writers=[65]
OOO / Test #9 / 1439449713506 / readers=[83, 83, 83, 83, 83, 84, 84, 84, 83, 83] / writers=[84]
OOO / Test #137 / 1439449713506 / readers=[52, 52, 52, 51, 51, 51, 51, 51, 51, 51] / writers=[52]
OOO / Test #37 / 1439449713564 / readers=[57, 58, 58, 58, 58, 58, 58, 58, 58, 57] / writers=[58]
OOO / Test #127 / 1439449713503 / readers=[55, 55, 55, 55, 55, 55, 55, 55, 55, 55] / writers=[56]
OOO / Test #139 / 1439449713564 / readers=[59, 59, 59, 59, 59, 59, 59, 58, 58, 58] / writers=[59]
OOO / Test #57 / 1439449713564 / readers=[66, 66, 66, 65, 65, 65, 65, 66, 66, 66] / writers=[66]
OOO / Test #144 / 1439449713564 / readers=[54, 54, 54, 54, 54, 54, 54, 54, 54, 55] / writers=[55]
OOO / Test #78 / 1439449713503 / readers=[62, 62, 62, 62, 61, 61, 61, 61, 61, 61] / writers=[62]
OOO / Test #149 / 1439449713503 / readers=[52, 52, 52, 52, 51, 51, 51, 51, 51, 51] / writers=[52]
OOO / Test #8 / 1439449713503 / readers=[83, 82, 82, 82, 83, 82, 82, 82, 83, 82] / writers=[83]
OOO / Test #6 / 1439449713503 / readers=[87, 87, 87, 87, 87, 87, 87, 87, 87, 87] / writers=[88]
OOO / Test #154 / 1439449713503 / readers=[60, 61, 61, 61, 61, 61, 60, 60, 60, 60] / writers=[61]
OOO / Test #90 / 1439449713503 / readers=[54, 54, 54, 54, 54, 54, 54, 54, 54, 54] / writers=[55]
OOO / Test #144 / 1439449713568 / readers=[55, 55, 55, 55, 55, 55, 55, 55, 55, 55] / writers=[56]
OOO / Test #52 / 1439449713503 / readers=[64, 65, 64, 64, 64, 64, 64, 64, 64, 64] / writers=[65]
OOO / Test #24 / 1439449713503 / readers=[64, 63, 63, 63, 63, 64, 63, 63, 64, 64] / writers=[64]
OOO / Test #21 / 1439449713503 / readers=[77, 77, 77, 77, 77, 77, 77, 77, 77, 77] / writers=[78]
OOO / Test #56 / 1439449713500 / readers=[70, 70, 69, 70, 70, 70, 70, 70, 70, 70] / writers=[70]
OOO / Test #109 / 1439449713500 / readers=[64, 63, 64, 63, 63, 63, 63, 63, 63, 63] / writers=[64]
OOO / Test #45 / 1439449713500 / readers=[64, 64, 64, 64, 64, 64, 64, 64, 64, 63] / writers=[64]
OOO / Test #48 / 1439449713500 / readers=[60, 60, 60, 60, 60, 59, 60, 59, 59, 59] / writers=[60]
OOO / Test #91 / 1439449713500 / readers=[54, 54, 54, 54, 54, 54, 54, 54, 54, 55] / writers=[55]
OOO / Test #73 / 1439449713500 / readers=[59, 59, 59, 59, 59, 59, 59, 58, 58, 58] / writers=[59]
OOO / Test #80 / 1439449713500 / readers=[52, 52, 52, 51, 51, 51, 51, 51, 51, 51] / writers=[52]
OOO / Test #109 / 1439449713572 / readers=[65, 64, 64, 64, 64, 64, 64, 64, 64, 64] / writers=[65]
OOO / Test #145 / 1439449713500 / readers=[55, 55, 54, 55, 55, 54, 54, 54, 55, 54] / writers=[55]
OOO / Test #32 / 1439449713499 / readers=[60, 59, 60, 59, 60, 59, 59, 60, 60, 59] / writers=[60]
OOO / Test #48 / 1439449713572 / readers=[61, 61, 61, 61, 61, 60, 60, 60, 60, 60] / writers=[61]
OOO / Test #122 / 1439449713496 / readers=[60, 60, 60, 60, 60, 60, 59, 59, 59, 59] / writers=[60]
OOO / Test #42 / 1439449713496 / readers=[62, 62, 61, 62, 61, 62, 61, 61, 61, 61] / writers=[62]
OOO / Test #41 / 1439449713496 / readers=[56, 56, 56, 56, 55, 56, 56, 56, 56, 56] / writers=[56]
OOO / Test #33 / 1439449713496 / readers=[53, 53, 52, 52, 52, 52, 52, 52, 53, 52] / writers=[53]
OOO / Test #16 / 1439449713496 / readers=[76, 76, 75, 75, 75, 75, 75, 75, 75, 76] / writers=[76]
OOO / Test #42 / 1439449713575 / readers=[63, 63, 62, 63, 62, 62, 62, 62, 62, 62] / writers=[63]
OOO / Test #4 / 1439449713496 / readers=[82, 82, 82, 82, 82, 82, 81, 81, 81, 82] / writers=[82]
OOO / Test #51 / 1439449713496 / readers=[62, 62, 62, 62, 62, 62, 62, 62, 62, 62] / writers=[63]
OOO / Test #19 / 1439449713496 / readers=[65, 64, 64, 65, 65, 65, 65, 65, 65, 64] / writers=[65]
OOO / Test #33 / 1439449713575 / readers=[54, 53, 53, 53, 53, 53, 53, 53, 54, 53] / writers=[54]
OOO / Test #155 / 1439449713496 / readers=[57, 56, 56, 56, 56, 56, 57, 57, 57, 57] / writers=[57]
OOO / Test #17 / 1439449713493 / readers=[72, 72, 73, 72, 72, 72, 72, 73, 73, 72] / writers=[73]
OOO / Test #58 / 1439449713493 / readers=[58, 58, 59, 59, 58, 59, 59, 59, 58, 58] / writers=[59]
OOO / Test #38 / 1439449713493 / readers=[59, 59, 60, 60, 60, 59, 60, 59, 59, 59] / writers=[60]
OOO / Test #64 / 1439449713493 / readers=[61, 61, 61, 61, 61, 60, 60, 60, 60, 60] / writers=[61]
OOO / Test #157 / 1439449713493 / readers=[60, 60, 60, 60, 60, 60, 59, 59, 59, 60] / writers=[60]
OOO / Test #12 / 1439449713493 / readers=[81, 82, 81, 81, 82, 82, 82, 81, 81, 81] / writers=[82]
OOO / Test #133 / 1439449713493 / readers=[52, 52, 52, 52, 51, 51, 51, 51, 51, 52] / writers=[52]
OOO / Test #38 / 1439449713578 / readers=[60, 60, 61, 61, 61, 60, 60, 60, 60, 60] / writers=[61]
OOO / Test #46 / 1439449713493 / readers=[65, 66, 66, 66, 66, 66, 66, 66, 66, 66] / writers=[66]
OOO / Test #64 / 1439449713578 / readers=[62, 62, 62, 62, 61, 61, 61, 61, 61, 61] / writers=[62]
OOO / Test #59 / 1439449713489 / readers=[64, 63, 63, 64, 64, 64, 64, 64, 64, 64] / writers=[64]
OOO / Test #23 / 1439449713489 / readers=[64, 64, 64, 64, 64, 64, 64, 64, 64, 64] / writers=[65]
OOO / Test #147 / 1439449713489 / readers=[52, 52, 51, 52, 51, 51, 51, 52, 51, 51] / writers=[52]
OOO / Test #39 / 1439449713489 / readers=[62, 61, 62, 62, 62, 62, 61, 61, 61, 62] / writers=[62]
OOO / Test #34 / 1439449713489 / readers=[59, 60, 60, 59, 60, 60, 60, 59, 60, 59] / writers=[60]
OOO / Test #146 / 1439449713489 / readers=[62, 62, 62, 61, 62, 62, 62, 61, 61, 62] / writers=[62]
OOO / Test #35 / 1439449713489 / readers=[63, 62, 62, 62, 62, 62, 63, 63, 63, 62] / writers=[63]
OOO / Test #26 / 1439449713489 / readers=[56, 56, 56, 56, 56, 56, 56, 56, 56, 57] / writers=[57]
OOO / Test #39 / 1439449713581 / readers=[63, 62, 63, 63, 62, 63, 62, 62, 62, 63] / writers=[63]
OOO / Test #55 / 1439449713489 / readers=[63, 63, 63, 63, 62, 62, 62, 62, 62, 63] / writers=[63]
OOO / Test #15 / 1439449713489 / readers=[77, 77, 76, 77, 77, 77, 77, 77, 77, 76] / writers=[77]
OOO / Test #180 / 1439449713486 / readers=[52, 52, 51, 51, 51, 51, 51, 51, 51, 52] / writers=[52]
OOO / Test #167 / 1439449713486 / readers=[55, 56, 56, 56, 56, 56, 56, 56, 56, 56] / writers=[56]
OOO / Test #28 / 1439449713486 / readers=[63, 63, 63, 63, 63, 63, 63, 63, 63, 63] / writers=[64]
OOO / Test #18 / 1439449713486 / readers=[66, 66, 67, 66, 66, 66, 66, 66, 66, 66] / writers=[67]
OOO / Test #55 / 1439449713583 / readers=[64, 63, 64, 64, 63, 63, 63, 63, 63, 64] / writers=[64]
OOO / Test #190 / 1439449713486 / readers=[65, 65, 65, 64, 64, 64, 65, 65, 65, 65] / writers=[65]
OOO / Test #180 / 1439449713583 / readers=[52, 53, 52, 52, 52, 52, 52, 52, 52, 53] / writers=[53]
OOO / Test #198 / 1439449713486 / readers=[60, 60, 60, 60, 60, 60, 60, 60, 59, 59] / writers=[60]
OOO / Test #22 / 1439449713486 / readers=[61, 61, 61, 61, 62, 62, 61, 61, 61, 61] / writers=[62]
OOO / Test #55 / 1439449713584 / readers=[65, 64, 65, 64, 64, 64, 64, 64, 64, 65] / writers=[65]
OOO / Test #148 / 1439449713486 / readers=[51, 52, 52, 52, 51, 52, 51, 51, 51, 52] / writers=[52]
OOO / Test #62 / 1439449713485 / readers=[57, 57, 58, 58, 57, 57, 57, 57, 57, 57] / writers=[58]
OOO / Test #36 / 1439449713482 / readers=[61, 61, 61, 60, 61, 61, 61, 61, 61, 61] / writers=[61]
OOO / Test #40 / 1439449713482 / readers=[59, 60, 60, 60, 60, 60, 60, 60, 60, 60] / writers=[60]
OOO / Test #162 / 1439449713482 / readers=[57, 57, 57, 57, 57, 57, 57, 57, 57, 56] / writers=[57]
OOO / Test #55 / 1439449713587 / readers=[65, 65, 66, 65, 65, 65, 65, 65, 65, 66] / writers=[66]
OOO / Test #148 / 1439449713587 / readers=[52, 53, 52, 53, 52, 53, 52, 52, 52, 53] / writers=[53]
OOO / Test #44 / 1439449713482 / readers=[62, 62, 62, 62, 62, 61, 61, 61, 61, 61] / writers=[62]
OOO / Test #95 / 1439449713482 / readers=[64, 64, 64, 63, 64, 64, 63, 63, 64, 64] / writers=[64]
OOO / Test #49 / 1439449713482 / readers=[63, 63, 63, 63, 62, 62, 62, 62, 63, 63] / writers=[63]
OOO / Test #30 / 1439449713482 / readers=[58, 58, 58, 58, 58, 58, 58, 58, 58, 58] / writers=[59]
OOO / Test #178 / 1439449713479 / readers=[60, 60, 60, 60, 60, 60, 60, 60, 60, 59] / writers=[60]
OOO / Test #27 / 1439449713479 / readers=[56, 56, 56, 56, 56, 56, 56, 56, 56, 56] / writers=[57]
OOO / Test #43 / 1439449713479 / readers=[59, 60, 60, 60, 60, 60, 60, 60, 60, 60] / writers=[60]
OOO / Test #31 / 1439449713479 / readers=[58, 58, 58, 58, 59, 58, 58, 58, 58, 58] / writers=[59]
OOO / Test #49 / 1439449713590 / readers=[64, 64, 64, 63, 63, 63, 63, 63, 64, 64] / writers=[64]
OOO / Test #14 / 1439449713479 / readers=[88, 89, 88, 88, 88, 88, 88, 88, 89, 89] / writers=[89]
OOO / Test #97 / 1439449713479 / readers=[63, 63, 63, 63, 64, 64, 63, 63, 63, 63] / writers=[64]
OOO / Test #178 / 1439449713590 / readers=[61, 61, 61, 61, 61, 61, 61, 61, 60, 60] / writers=[61]
OOO / Test #164 / 1439449713479 / readers=[54, 54, 54, 54, 54, 54, 54, 54, 54, 54] / writers=[55]
OOO / Test #61 / 1439449713479 / readers=[59, 59, 59, 59, 60, 60, 59, 60, 60, 59] / writers=[60]
OOO / Test #153 / 1439449713479 / readers=[66, 66, 66, 66, 66, 67, 66, 66, 66, 67] / writers=[67]
OOO / Test #20 / 1439449713476 / readers=[59, 59, 58, 59, 59, 59, 59, 59, 59, 59] / writers=[59]
OOO / Test #60 / 1439449713476 / readers=[56, 56, 56, 56, 56, 56, 56, 56, 56, 55] / writers=[56]
OOO / Test #161 / 1439449713476 / readers=[58, 58, 58, 58, 59, 59, 58, 58, 58, 58] / writers=[59]
OOO / Test #169 / 1439449713476 / readers=[53, 53, 53, 53, 53, 54, 53, 53, 53, 53] / writers=[54]
OOO / Test #61 / 1439449713592 / readers=[60, 60, 60, 60, 60, 61, 60, 61, 61, 60] / writers=[61]
OOO / Test #182 / 1439449713476 / readers=[54, 54, 54, 54, 54, 54, 54, 54, 54, 54] / writers=[55]
OOO / Test #161 / 1439449713592 / readers=[59, 59, 59, 59, 60, 59, 59, 59, 59, 59] / writers=[60]
OOO / Test #166 / 1439449713476 / readers=[55, 54, 54, 55, 55, 55, 55, 55, 55, 55] / writers=[55]
OOO / Test #169 / 1439449713592 / readers=[54, 54, 54, 54, 54, 54, 54, 54, 54, 54] / writers=[55]
OOO / Test #100 / 1439449713476 / readers=[62, 61, 62, 62, 61, 62, 61, 61, 61, 61] / writers=[62]
OOO / Test #171 / 1439449713471 / readers=[59, 59, 59, 59, 59, 59, 59, 58, 59, 59] / writers=[59]
OOO / Test #181 / 1439449713471 / readers=[58, 58, 58, 58, 58, 58, 58, 58, 57, 58] / writers=[58]
OOO / Test #177 / 1439449713471 / readers=[56, 57, 57, 57, 57, 57, 57, 57, 57, 57] / writers=[57]
OOO / Test #13 / 1439449713471 / readers=[81, 82, 82, 82, 82, 82, 82, 81, 81, 81] / writers=[82]
OOO / Test #7 / 1439449713471 / readers=[63, 64, 63, 63, 63, 63, 63, 63, 63, 63] / writers=[64]
OOO / Test #100 / 1439449713595 / readers=[63, 62, 63, 62, 62, 63, 62, 62, 62, 62] / writers=[63]
OOO / Test #156 / 1439449713471 / readers=[55, 55, 55, 55, 55, 55, 55, 55, 55, 55] / writers=[56]
OOO / Test #169 / 1439449713595 / readers=[57, 57, 57, 57, 57, 57, 57, 57, 57, 56] / writers=[57]
OOO / Test #150 / 1439449713471 / readers=[59, 59, 60, 59, 60, 60, 60, 59, 59, 59] / writers=[60]
OOO / Test #152 / 1439449713471 / readers=[53, 53, 53, 53, 53, 53, 53, 53, 53, 53] / writers=[54]
OOO / Test #163 / 1439449713471 / readers=[55, 55, 55, 55, 55, 55, 55, 55, 55, 55] / writers=[56]
OOO / Test #158 / 1439449713468 / readers=[55, 56, 56, 56, 56, 56, 56, 56, 56, 56] / writers=[56]
OOO / Test #192 / 1439449713468 / readers=[68, 68, 68, 68, 68, 68, 68, 68, 67, 68] / writers=[68]
OOO / Test #160 / 1439449713468 / readers=[53, 53, 53, 53, 53, 53, 53, 53, 53, 53] / writers=[54]
OOO / Test #187 / 1439449713468 / readers=[54, 54, 54, 54, 54, 54, 54, 54, 54, 54] / writers=[55]
OOO / Test #176 / 1439449713468 / readers=[52, 51, 52, 52, 51, 51, 51, 51, 51, 51] / writers=[52]
OOO / Test #11 / 1439449713468 / readers=[83, 83, 84, 83, 84, 84, 83, 83, 83, 83] / writers=[84]
OOO / Test #54 / 1439449713468 / readers=[66, 67, 66, 66, 67, 67, 67, 67, 66, 66] / writers=[67]
OOO / Test #168 / 1439449713468 / readers=[48, 49, 49, 49, 49, 48, 49, 48, 48, 48] / writers=[49]
OOO / Test #152 / 1439449713598 / readers=[55, 56, 56, 56, 56, 56, 56, 56, 56, 56] / writers=[56]
OOO / Test #195 / 1439449713468 / readers=[53, 53, 53, 52, 52, 52, 52, 52, 52, 52] / writers=[53]
OOO / Test #173 / 1439449713464 / readers=[58, 58, 58, 58, 58, 58, 58, 58, 57, 57] / writers=[58]
OOO / Test #165 / 1439449713464 / readers=[53, 52, 52, 52, 52, 52, 52, 52, 52, 52] / writers=[53]
OOO / Test #200 / 1439449713464 / readers=[54, 54, 54, 54, 54, 54, 54, 54, 54, 54] / writers=[55]
OOO / Test #152 / 1439449713600 / readers=[56, 57, 57, 57, 57, 56, 57, 57, 57, 57] / writers=[57]
OOO / Test #194 / 1439449713464 / readers=[56, 55, 55, 56, 56, 56, 56, 56, 55, 56] / writers=[56]
OOO / Test #174 / 1439449713464 / readers=[51, 51, 51, 50, 51, 50, 50, 50, 50, 50] / writers=[51]
OOO / Test #165 / 1439449713600 / readers=[53, 53, 53, 53, 53, 53, 53, 53, 53, 53] / writers=[54]
OOO / Test #193 / 1439449713464 / readers=[52, 53, 53, 52, 52, 52, 52, 52, 52, 52] / writers=[53]
OOO / Test #184 / 1439449713464 / readers=[53, 52, 53, 52, 52, 52, 52, 53, 53, 53] / writers=[53]
OOO / Test #53 / 1439449713464 / readers=[46, 46, 46, 46, 46, 46, 46, 46, 46, 46] / writers=[47]
OOO / Test #197 / 1439449713461 / readers=[60, 60, 60, 60, 60, 60, 59, 59, 60, 59] / writers=[60]
OOO / Test #188 / 1439449713461 / readers=[54, 53, 53, 53, 53, 53, 53, 53, 53, 53] / writers=[54]
OOO / Test #191 / 1439449713461 / readers=[53, 54, 53, 53, 53, 53, 53, 53, 53, 53] / writers=[54]
OOO / Test #186 / 1439449713461 / readers=[54, 54, 53, 53, 53, 53, 53, 53, 53, 53] / writers=[54]
OOO / Test #50 / 1439449713461 / readers=[53, 54, 53, 53, 53, 53, 53, 53, 54, 53] / writers=[54]
OOO / Test #172 / 1439449713461 / readers=[53, 53, 52, 52, 52, 52, 52, 52, 52, 52] / writers=[53]
OOO / Test #183 / 1439449713461 / readers=[51, 52, 52, 51, 51, 51, 51, 51, 51, 51] / writers=[52]
OOO / Test #188 / 1439449713604 / readers=[54, 54, 54, 54, 54, 54, 54, 54, 54, 54] / writers=[55]
OOO / Test #199 / 1439449713461 / readers=[56, 56, 56, 56, 57, 57, 57, 56, 57, 56] / writers=[57]
OOO / Test #196 / 1439449713461 / readers=[55, 54, 55, 55, 54, 55, 55, 55, 55, 55] / writers=[55]
OOO / Test #159 / 1439449713458 / readers=[56, 56, 56, 56, 56, 56, 55, 56, 56, 56] / writers=[56]
OOO / Test #47 / 1439449713458 / readers=[52, 52, 51, 51, 51, 52, 52, 51, 51, 52] / writers=[52]
OOO / Test #2 / 1439449713458 / readers=[51, 50, 51, 51, 51, 50, 51, 50, 51, 50] / writers=[51]
OOO / Test #170 / 1439449713458 / readers=[55, 54, 54, 54, 54, 54, 54, 55, 54, 54] / writers=[55]
OOO / Test #199 / 1439449713607 / readers=[57, 57, 57, 57, 58, 58, 58, 57, 57, 57] / writers=[58]
OOO / Test #179 / 1439449713458 / readers=[41, 41, 41, 41, 40, 41, 41, 41, 41, 41] / writers=[41]
OOO / Test #185 / 1439449713458 / readers=[50, 50, 50, 50, 50, 49, 49, 49, 49, 49] / writers=[50]
OOO / Test #189 / 1439449713458 / readers=[40, 40, 40, 40, 39, 39, 39, 39, 39, 39] / writers=[40]
OOO / Test #2 / 1439449713607 / readers=[52, 51, 52, 52, 52, 51, 51, 51, 52, 51] / writers=[52]
OOO / Test #3 / 1439449713458 / readers=[69, 69, 69, 69, 70, 70, 70, 69, 69, 69] / writers=[70]
OOO / Test #175 / 1439449713458 / readers=[48, 48, 48, 48, 48, 49, 49, 48, 48, 48] / writers=[49]
OOO / Test #185 / 1439449713607 / readers=[51, 51, 51, 51, 50, 50, 50, 50, 50, 50] / writers=[51]
OOO / Test #3 / 1439449713610 / readers=[70, 70, 70, 70, 71, 71, 70, 70, 70, 70] / writers=[71]
OOO / Test #2 / 1439449713607 / readers=[53, 52, 53, 53, 53, 52, 52, 52, 52, 52] / writers=[53]
OOO / Test #189 / 1439449713607 / readers=[41, 41, 41, 40, 40, 40, 40, 40, 40, 40] / writers=[41]
OOO / Test #179 / 1439449713607 / readers=[42, 42, 42, 41, 41, 42, 42, 42, 42, 42] / writers=[42]
OOO / Test #185 / 1439449713610 / readers=[52, 52, 52, 51, 51, 51, 51, 51, 51, 51] / writers=[52]
OOO / Test #3 / 1439449713610 / readers=[71, 71, 71, 71, 72, 71, 71, 71, 71, 71] / writers=[72]
OOO / Test #170 / 1439449713607 / readers=[56, 55, 55, 55, 55, 55, 55, 55, 55, 55] / writers=[56]
OOO / Test #199 / 1439449713607 / readers=[58, 58, 58, 58, 59, 58, 59, 58, 58, 58] / writers=[59]
OOO / Test #47 / 1439449713607 / readers=[53, 53, 52, 52, 52, 53, 53, 52, 52, 52] / writers=[53]
OOO / Test #196 / 1439449713607 / readers=[56, 55, 55, 56, 55, 56, 56, 56, 56, 56] / writers=[56]
OOO / Test #159 / 1439449713607 / readers=[57, 57, 57, 57, 57, 57, 56, 56, 57, 57] / writers=[57]
OOO / Test #188 / 1439449713604 / readers=[57, 57, 57, 57, 57, 57, 57, 57, 57, 56] / writers=[57]
OOO / Test #183 / 1439449713604 / readers=[52, 53, 52, 52, 52, 52, 52, 52, 52, 52] / writers=[53]
OOO / Test #199 / 1439449713613 / readers=[59, 59, 59, 59, 60, 59, 59, 59, 59, 59] / writers=[60]
OOO / Test #172 / 1439449713604 / readers=[54, 53, 53, 53, 53, 53, 53, 53, 53, 53] / writers=[54]
OOO / Test #50 / 1439449713604 / readers=[54, 54, 54, 54, 54, 54, 54, 54, 55, 54] / writers=[55]
OOO / Test #53 / 1439449713604 / readers=[49, 49, 49, 49, 48, 49, 49, 49, 49, 49] / writers=[49]
OOO / Test #186 / 1439449713604 / readers=[55, 54, 54, 54, 54, 54, 54, 54, 54, 54] / writers=[55]
OOO / Test #199 / 1439449713613 / readers=[60, 60, 60, 60, 60, 60, 60, 60, 60, 60] / writers=[61]
OOO / Test #191 / 1439449713604 / readers=[54, 54, 54, 54, 54, 54, 54, 54, 54, 54] / writers=[55]
OOO / Test #197 / 1439449713604 / readers=[61, 61, 61, 61, 61, 60, 60, 60, 61, 60] / writers=[61]
OOO / Test #184 / 1439449713604 / readers=[54, 53, 53, 53, 53, 53, 53, 54, 54, 54] / writers=[54]
OOO / Test #165 / 1439449713600 / readers=[56, 56, 56, 56, 56, 56, 56, 56, 56, 55] / writers=[56]
OOO / Test #193 / 1439449713600 / readers=[53, 54, 53, 53, 53, 53, 53, 53, 53, 53] / writers=[54]
OOO / Test #200 / 1439449713600 / readers=[57, 57, 57, 57, 57, 57, 57, 57, 57, 56] / writers=[57]
OOO / Test #174 / 1439449713600 / readers=[52, 52, 51, 51, 52, 51, 51, 51, 51, 51] / writers=[52]
OOO / Test #184 / 1439449713615 / readers=[54, 54, 54, 54, 54, 54, 54, 55, 55, 55] / writers=[55]
OOO / Test #152 / 1439449713600 / readers=[57, 58, 58, 58, 58, 57, 58, 58, 58, 57] / writers=[58]
OOO / Test #165 / 1439449713615 / readers=[57, 57, 57, 57, 57, 57, 57, 57, 56, 56] / writers=[57]
OOO / Test #194 / 1439449713600 / readers=[56, 56, 56, 57, 57, 57, 57, 57, 56, 57] / writers=[57]
OOO / Test #173 / 1439449713600 / readers=[59, 59, 59, 59, 59, 59, 59, 58, 58, 58] / writers=[59]
OOO / Test #195 / 1439449713600 / readers=[54, 54, 53, 53, 53, 53, 53, 53, 53, 53] / writers=[54]
OOO / Test #168 / 1439449713598 / readers=[49, 50, 50, 50, 50, 49, 49, 49, 49, 49] / writers=[50]
OOO / Test #187 / 1439449713598 / readers=[57, 57, 57, 57, 57, 57, 57, 57, 57, 56] / writers=[57]
OOO / Test #173 / 1439449713620 / readers=[60, 60, 60, 60, 60, 60, 59, 59, 59, 59] / writers=[60]
OOO / Test #54 / 1439449713598 / readers=[67, 68, 67, 67, 67, 68, 68, 68, 67, 67] / writers=[68]
OOO / Test #160 / 1439449713598 / readers=[56, 55, 56, 56, 56, 56, 56, 56, 56, 56] / writers=[56]
OOO / Test #11 / 1439449713598 / readers=[84, 84, 85, 84, 85, 84, 84, 84, 84, 84] / writers=[85]
OOO / Test #195 / 1439449713620 / readers=[55, 54, 54, 54, 54, 54, 54, 54, 54, 54] / writers=[55]
OOO / Test #176 / 1439449713598 / readers=[53, 52, 53, 52, 52, 52, 52, 52, 52, 52] / writers=[53]
OOO / Test #163 / 1439449713598 / readers=[58, 58, 58, 58, 58, 58, 58, 58, 57, 58] / writers=[58]
OOO / Test #192 / 1439449713597 / readers=[69, 69, 69, 69, 69, 69, 69, 69, 68, 68] / writers=[69]
OOO / Test #158 / 1439449713597 / readers=[56, 57, 57, 57, 57, 57, 57, 57, 57, 56] / writers=[57]
OOO / Test #150 / 1439449713597 / readers=[60, 60, 61, 60, 61, 61, 60, 60, 60, 60] / writers=[61]
OOO / Test #156 / 1439449713595 / readers=[58, 58, 58, 58, 58, 58, 58, 58, 58, 57] / writers=[58]
OOO / Test #100 / 1439449713595 / readers=[63, 63, 64, 63, 63, 64, 63, 63, 63, 63] / writers=[64]
OOO / Test #163 / 1439449713622 / readers=[59, 59, 59, 59, 59, 59, 59, 58, 58, 59] / writers=[59]
OOO / Test #169 / 1439449713595 / readers=[58, 58, 58, 58, 58, 58, 58, 58, 57, 58] / writers=[58]
OOO / Test #158 / 1439449713622 / readers=[57, 58, 58, 58, 58, 58, 58, 57, 58, 57] / writers=[58]
OOO / Test #7 / 1439449713595 / readers=[64, 64, 64, 64, 64, 64, 64, 64, 64, 64] / writers=[65]
OOO / Test #13 / 1439449713595 / readers=[82, 82, 83, 83, 83, 83, 83, 82, 82, 82] / writers=[83]
OOO / Test #177 / 1439449713595 / readers=[57, 58, 58, 58, 58, 58, 57, 58, 58, 58] / writers=[58]
OOO / Test #181 / 1439449713595 / readers=[59, 59, 59, 59, 59, 59, 59, 58, 58, 59] / writers=[59]
OOO / Test #171 / 1439449713595 / readers=[60, 60, 60, 60, 60, 60, 60, 59, 60, 59] / writers=[60]
OOO / Test #182 / 1439449713592 / readers=[57, 57, 57, 57, 57, 57, 57, 57, 57, 56] / writers=[57]
OOO / Test #161 / 1439449713592 / readers=[60, 60, 60, 60, 60, 60, 60, 60, 60, 60] / writers=[61]
OOO / Test #166 / 1439449713592 / readers=[56, 55, 55, 56, 56, 56, 56, 56, 56, 55] / writers=[56]
OOO / Test #61 / 1439449713592 / readers=[61, 61, 61, 61, 61, 61, 61, 62, 62, 61] / writers=[62]
OOO / Test #60 / 1439449713592 / readers=[57, 56, 57, 57, 57, 57, 57, 57, 57, 56] / writers=[57]
OOO / Test #20 / 1439449713592 / readers=[60, 60, 59, 60, 60, 60, 60, 59, 60, 60] / writers=[60]
OOO / Test #153 / 1439449713592 / readers=[67, 67, 67, 67, 67, 67, 67, 67, 67, 68] / writers=[68]
OOO / Test #164 / 1439449713590 / readers=[57, 57, 57, 57, 57, 57, 57, 57, 56, 57] / writers=[57]
OOO / Test #97 / 1439449713590 / readers=[64, 64, 64, 64, 65, 64, 64, 64, 64, 64] / writers=[65]
OOO / Test #27 / 1439449713590 / readers=[59, 59, 59, 59, 59, 59, 59, 58, 59, 59] / writers=[59]
OOO / Test #178 / 1439449713590 / readers=[62, 62, 62, 62, 62, 61, 62, 62, 61, 61] / writers=[62]
OOO / Test #30 / 1439449713590 / readers=[61, 61, 61, 61, 61, 61, 60, 61, 61, 61] / writers=[61]
OOO / Test #14 / 1439449713590 / readers=[89, 89, 89, 89, 89, 89, 89, 89, 90, 90] / writers=[90]
OOO / Test #153 / 1439449713629 / readers=[68, 68, 68, 68, 68, 68, 68, 68, 68, 68] / writers=[69]
OOO / Test #49 / 1439449713590 / readers=[65, 65, 64, 64, 64, 64, 64, 64, 65, 65] / writers=[65]
OOO / Test #31 / 1439449713590 / readers=[59, 59, 59, 59, 59, 59, 59, 59, 59, 59] / writers=[60]
OOO / Test #43 / 1439449713590 / readers=[60, 61, 61, 61, 61, 61, 61, 61, 61, 60] / writers=[61]
OOO / Test #95 / 1439449713587 / readers=[65, 65, 64, 64, 65, 65, 64, 64, 65, 65] / writers=[65]
OOO / Test #44 / 1439449713587 / readers=[63, 63, 63, 63, 62, 62, 62, 62, 62, 62] / writers=[63]
OOO / Test #148 / 1439449713587 / readers=[53, 53, 53, 54, 53, 54, 53, 53, 53, 54] / writers=[54]
OOO / Test #162 / 1439449713587 / readers=[58, 58, 58, 58, 58, 58, 57, 58, 58, 57] / writers=[58]
OOO / Test #55 / 1439449713587 / readers=[66, 66, 66, 66, 66, 66, 66, 66, 66, 67] / writers=[67]
OOO / Test #36 / 1439449713587 / readers=[62, 62, 62, 61, 61, 62, 62, 62, 62, 62] / writers=[62]
OOO / Test #95 / 1439449713631 / readers=[65, 66, 65, 65, 66, 66, 65, 65, 66, 66] / writers=[66]
OOO / Test #40 / 1439449713587 / readers=[60, 61, 61, 61, 61, 60, 61, 61, 61, 61] / writers=[61]
OOO / Test #62 / 1439449713587 / readers=[58, 58, 59, 58, 58, 58, 58, 58, 58, 58] / writers=[59]
OOO / Test #28 / 1439449713584 / readers=[66, 66, 65, 66, 66, 66, 66, 66, 66, 66] / writers=[66]
OOO / Test #22 / 1439449713584 / readers=[62, 62, 62, 62, 63, 62, 62, 62, 62, 62] / writers=[63]
OOO / Test #198 / 1439449713584 / readers=[61, 61, 61, 61, 61, 61, 61, 60, 60, 60] / writers=[61]
OOO / Test #190 / 1439449713584 / readers=[66, 66, 65, 65, 65, 65, 66, 66, 66, 66] / writers=[66]
OOO / Test #180 / 1439449713584 / readers=[53, 53, 53, 53, 53, 53, 53, 53, 53, 54] / writers=[54]
OOO / Test #18 / 1439449713584 / readers=[67, 67, 67, 67, 67, 67, 67, 67, 67, 67] / writers=[68]
OOO / Test #167 / 1439449713583 / readers=[56, 57, 57, 57, 57, 57, 57, 57, 57, 56] / writers=[57]
OOO / Test #28 / 1439449713635 / readers=[66, 67, 66, 67, 67, 67, 67, 67, 67, 67] / writers=[67]
OOO / Test #15 / 1439449713583 / readers=[78, 77, 77, 78, 78, 78, 78, 78, 78, 77] / writers=[78]
OOO / Test #26 / 1439449713581 / readers=[57, 57, 57, 57, 57, 57, 57, 57, 57, 57] / writers=[58]
OOO / Test #39 / 1439449713581 / readers=[64, 63, 64, 64, 63, 63, 63, 63, 63, 64] / writers=[64]
OOO / Test #23 / 1439449713581 / readers=[67, 67, 67, 66, 67, 67, 67, 67, 67, 67] / writers=[67]
OOO / Test #35 / 1439449713581 / readers=[64, 63, 63, 63, 63, 63, 64, 64, 63, 63] / writers=[64]
OOO / Test #146 / 1439449713581 / readers=[63, 63, 63, 62, 63, 63, 63, 62, 62, 62] / writers=[63]
OOO / Test #34 / 1439449713581 / readers=[60, 61, 61, 60, 60, 61, 61, 60, 61, 60] / writers=[61]
OOO / Test #23 / 1439449713638 / readers=[68, 68, 68, 67, 68, 68, 68, 68, 67, 68] / writers=[68]
OOO / Test #35 / 1439449713638 / readers=[65, 64, 64, 64, 64, 64, 65, 64, 64, 64] / writers=[65]
OOO / Test #147 / 1439449713581 / readers=[53, 52, 52, 53, 52, 52, 52, 53, 52, 52] / writers=[53]
OOO / Test #59 / 1439449713581 / readers=[64, 64, 64, 65, 65, 65, 65, 65, 65, 65] / writers=[65]
OOO / Test #64 / 1439449713581 / readers=[63, 63, 63, 62, 62, 62, 62, 62, 62, 62] / writers=[63]
OOO / Test #46 / 1439449713578 / readers=[66, 67, 67, 67, 67, 67, 66, 67, 67, 67] / writers=[67]
OOO / Test #23 / 1439449713638 / readers=[69, 69, 69, 68, 69, 69, 69, 69, 68, 68] / writers=[69]
OOO / Test #133 / 1439449713578 / readers=[53, 53, 53, 52, 52, 52, 52, 52, 52, 53] / writers=[53]
OOO / Test #38 / 1439449713578 / readers=[61, 61, 62, 62, 61, 61, 61, 61, 61, 61] / writers=[62]
OOO / Test #12 / 1439449713578 / readers=[82, 83, 82, 82, 83, 83, 82, 82, 82, 82] / writers=[83]
OOO / Test #157 / 1439449713578 / readers=[61, 61, 60, 61, 61, 61, 60, 60, 60, 61] / writers=[61]
OOO / Test #58 / 1439449713578 / readers=[59, 59, 60, 60, 59, 60, 59, 60, 59, 59] / writers=[60]
OOO / Test #17 / 1439449713578 / readers=[73, 73, 73, 73, 73, 73, 74, 74, 74, 73] / writers=[74]
OOO / Test #23 / 1439449713642 / readers=[70, 70, 70, 69, 70, 70, 70, 69, 69, 69] / writers=[70]
OOO / Test #38 / 1439449713642 / readers=[62, 62, 63, 62, 62, 62, 62, 62, 62, 62] / writers=[63]
OOO / Test #155 / 1439449713578 / readers=[57, 57, 57, 57, 57, 57, 58, 58, 58, 58] / writers=[58]
OOO / Test #51 / 1439449713575 / readers=[65, 65, 64, 65, 65, 65, 65, 65, 65, 65] / writers=[65]
OOO / Test #19 / 1439449713575 / readers=[65, 65, 65, 66, 66, 66, 66, 66, 66, 65] / writers=[66]
OOO / Test #33 / 1439449713575 / readers=[54, 54, 54, 54, 54, 54, 54, 54, 55, 54] / writers=[55]
OOO / Test #16 / 1439449713575 / readers=[77, 76, 76, 76, 76, 76, 76, 76, 76, 77] / writers=[77]
OOO / Test #4 / 1439449713575 / readers=[83, 83, 83, 83, 83, 82, 82, 82, 82, 83] / writers=[83]
OOO / Test #42 / 1439449713575 / readers=[64, 64, 63, 63, 63, 63, 63, 63, 63, 63] / writers=[64]
OOO / Test #41 / 1439449713575 / readers=[56, 57, 57, 57, 56, 57, 57, 57, 57, 57] / writers=[57]
OOO / Test #122 / 1439449713575 / readers=[61, 61, 61, 61, 60, 61, 60, 60, 60, 60] / writers=[61]
OOO / Test #19 / 1439449713645 / readers=[66, 66, 66, 67, 67, 67, 66, 67, 67, 66] / writers=[67]
OOO / Test #16 / 1439449713645 / readers=[77, 77, 77, 77, 77, 77, 77, 77, 77, 78] / writers=[78]
OOO / Test #4 / 1439449713645 / readers=[84, 84, 84, 84, 83, 83, 83, 83, 83, 84] / writers=[84]
OOO / Test #48 / 1439449713575 / readers=[62, 62, 62, 62, 61, 61, 61, 61, 61, 61] / writers=[62]
OOO / Test #32 / 1439449713572 / readers=[61, 60, 61, 60, 61, 60, 60, 61, 60, 60] / writers=[61]
OOO / Test #145 / 1439449713572 / readers=[55, 56, 55, 56, 56, 55, 55, 55, 56, 55] / writers=[56]
OOO / Test #80 / 1439449713572 / readers=[53, 53, 52, 52, 52, 52, 52, 52, 52, 52] / writers=[53]
OOO / Test #109 / 1439449713572 / readers=[65, 65, 65, 65, 65, 65, 65, 65, 65, 65] / writers=[66]
OOO / Test #32 / 1439449713648 / readers=[62, 61, 62, 61, 62, 61, 61, 61, 61, 61] / writers=[62]
OOO / Test #73 / 1439449713572 / readers=[60, 60, 60, 60, 60, 60, 59, 59, 59, 59] / writers=[60]
OOO / Test #91 / 1439449713572 / readers=[55, 55, 55, 55, 55, 55, 55, 55, 55, 55] / writers=[56]
OOO / Test #145 / 1439449713648 / readers=[56, 57, 56, 57, 57, 56, 56, 56, 56, 56] / writers=[57]
OOO / Test #80 / 1439449713648 / readers=[54, 53, 53, 53, 53, 53, 53, 53, 53, 53] / writers=[54]
OOO / Test #45 / 1439449713572 / readers=[65, 65, 65, 65, 65, 65, 64, 65, 65, 64] / writers=[65]
OOO / Test #56 / 1439449713572 / readers=[71, 71, 70, 71, 71, 71, 71, 71, 71, 70] / writers=[71]
OOO / Test #21 / 1439449713569 / readers=[80, 80, 80, 80, 80, 80, 80, 80, 79, 80] / writers=[80]
OOO / Test #90 / 1439449713569 / readers=[57, 57, 57, 57, 57, 57, 57, 57, 57, 56] / writers=[57]
OOO / Test #144 / 1439449713569 / readers=[58, 58, 58, 58, 58, 58, 58, 57, 58, 58] / writers=[58]
OOO / Test #6 / 1439449713569 / readers=[90, 90, 90, 90, 90, 90, 90, 90, 90, 89] / writers=[90]
OOO / Test #24 / 1439449713569 / readers=[65, 64, 64, 64, 64, 65, 64, 64, 65, 64] / writers=[65]
OOO / Test #56 / 1439449713651 / readers=[72, 72, 71, 72, 72, 72, 71, 72, 72, 71] / writers=[72]
OOO / Test #52 / 1439449713569 / readers=[65, 65, 65, 65, 65, 65, 65, 65, 65, 65] / writers=[66]
OOO / Test #154 / 1439449713568 / readers=[61, 62, 62, 61, 62, 62, 61, 61, 61, 61] / writers=[62]
OOO / Test #8 / 1439449713568 / readers=[84, 83, 83, 83, 83, 83, 83, 83, 84, 83] / writers=[84]
OOO / Test #149 / 1439449713568 / readers=[53, 53, 52, 53, 52, 52, 52, 52, 52, 52] / writers=[53]
OOO / Test #78 / 1439449713568 / readers=[63, 63, 63, 62, 62, 62, 62, 62, 62, 62] / writers=[63]
OOO / Test #127 / 1439449713565 / readers=[58, 58, 58, 58, 58, 58, 58, 58, 58, 57] / writers=[58]
OOO / Test #57 / 1439449713564 / readers=[66, 67, 67, 66, 66, 66, 66, 67, 67, 67] / writers=[67]
OOO / Test #139 / 1439449713564 / readers=[59, 60, 60, 60, 60, 60, 60, 59, 59, 59] / writers=[60]
OOO / Test #8 / 1439449713653 / readers=[84, 84, 84, 84, 84, 84, 84, 84, 85, 84] / writers=[85]
OOO / Test #37 / 1439449713564 / readers=[58, 59, 59, 59, 59, 59, 59, 59, 58, 58] / writers=[59]
OOO / Test #137 / 1439449713564 / readers=[52, 53, 53, 52, 52, 52, 52, 52, 52, 52] / writers=[53]
OOO / Test #9 / 1439449713564 / readers=[84, 84, 84, 84, 84, 84, 85, 85, 84, 84] / writers=[85]
OOO / Test #84 / 1439449713561 / readers=[59, 59, 59, 59, 59, 59, 59, 59, 58, 59] / writers=[59]
OOO / Test #57 / 1439449713653 / readers=[67, 68, 68, 67, 67, 67, 67, 68, 68, 67] / writers=[68]
OOO / Test #101 / 1439449713561 / readers=[52, 52, 52, 52, 52, 52, 52, 52, 52, 52] / writers=[53]
OOO / Test #86 / 1439449713561 / readers=[56, 57, 57, 57, 57, 57, 57, 57, 57, 56] / writers=[57]
OOO / Test #130 / 1439449713561 / readers=[61, 61, 61, 61, 62, 61, 61, 61, 61, 61] / writers=[62]
OOO / Test #118 / 1439449713561 / readers=[52, 52, 52, 51, 52, 51, 51, 51, 51, 51] / writers=[52]
OOO / Test #57 / 1439449713656 / readers=[68, 69, 69, 68, 68, 68, 68, 69, 68, 68] / writers=[69]
OOO / Test #66 / 1439449713561 / readers=[54, 53, 53, 53, 53, 53, 53, 53, 53, 54] / writers=[54]
OOO / Test #75 / 1439449713561 / readers=[52, 52, 52, 51, 51, 51, 51, 51, 51, 51] / writers=[52]
OOO / Test #114 / 1439449713561 / readers=[65, 65, 65, 65, 65, 65, 65, 65, 65, 65] / writers=[66]
OOO / Test #151 / 1439449713561 / readers=[53, 53, 53, 53, 53, 53, 53, 53, 53, 53] / writers=[54]
OOO / Test #57 / 1439449713656 / readers=[69, 70, 70, 69, 69, 69, 69, 69, 69, 69] / writers=[70]
OOO / Test #125 / 1439449713558 / readers=[57, 57, 57, 57, 57, 57, 57, 57, 57, 56] / writers=[57]
OOO / Test #10 / 1439449713558 / readers=[65, 66, 65, 65, 65, 65, 65, 65, 65, 65] / writers=[66]
OOO / Test #65 / 1439449713558 / readers=[65, 65, 65, 65, 65, 65, 65, 65, 65, 65] / writers=[66]
OOO / Test #96 / 1439449713558 / readers=[60, 60, 60, 60, 60, 60, 59, 59, 59, 59] / writers=[60]
OOO / Test #141 / 1439449713558 / readers=[60, 60, 60, 59, 60, 60, 59, 60, 59, 59] / writers=[60]
OOO / Test #29 / 1439449713558 / readers=[60, 60, 60, 61, 61, 60, 60, 60, 60, 61] / writers=[61]
OOO / Test #76 / 1439449713558 / readers=[62, 62, 62, 62, 61, 61, 61, 61, 61, 61] / writers=[62]
OOO / Test #124 / 1439449713555 / readers=[60, 61, 61, 61, 61, 61, 60, 60, 60, 60] / writers=[61]
OOO / Test #85 / 1439449713555 / readers=[60, 60, 60, 60, 60, 60, 59, 59, 60, 59] / writers=[60]
OOO / Test #116 / 1439449713555 / readers=[60, 59, 60, 60, 60, 60, 60, 59, 59, 59] / writers=[60]
OOO / Test #136 / 1439449713555 / readers=[60, 61, 61, 61, 60, 61, 60, 60, 60, 60] / writers=[61]
OOO / Test #82 / 1439449713555 / readers=[58, 58, 58, 58, 58, 58, 58, 58, 58, 57] / writers=[58]
OOO / Test #63 / 1439449713555 / readers=[50, 50, 50, 50, 50, 49, 49, 49, 49, 49] / writers=[50]
OOO / Test #128 / 1439449713555 / readers=[60, 60, 60, 60, 60, 60, 59, 59, 59, 59] / writers=[60]
OOO / Test #117 / 1439449713552 / readers=[59, 59, 59, 59, 59, 59, 58, 59, 58, 58] / writers=[59]
OOO / Test #112 / 1439449713552 / readers=[58, 58, 58, 58, 58, 58, 58, 58, 57, 57] / writers=[58]
OOO / Test #135 / 1439449713552 / readers=[59, 59, 60, 59, 60, 59, 60, 59, 59, 59] / writers=[60]
OOO / Test #74 / 1439449713552 / readers=[61, 62, 62, 62, 62, 62, 62, 61, 62, 61] / writers=[62]
OOO / Test #63 / 1439449713662 / readers=[51, 51, 51, 50, 51, 50, 50, 50, 50, 50] / writers=[51]
OOO / Test #128 / 1439449713662 / readers=[61, 61, 61, 61, 61, 60, 60, 60, 60, 60] / writers=[61]
OOO / Test #71 / 1439449713552 / readers=[58, 58, 59, 59, 59, 59, 59, 58, 58, 58] / writers=[59]
OOO / Test #87 / 1439449713552 / readers=[60, 60, 60, 60, 60, 59, 60, 59, 59, 59] / writers=[60]
OOO / Test #88 / 1439449713552 / readers=[63, 62, 63, 62, 63, 62, 62, 62, 62, 62] / writers=[63]
OOO / Test #81 / 1439449713552 / readers=[56, 56, 56, 56, 57, 57, 56, 57, 57, 56] / writers=[57]
OOO / Test #77 / 1439449713548 / readers=[64, 65, 64, 64, 64, 64, 64, 64, 64, 64] / writers=[65]
OOO / Test #143 / 1439449713548 / readers=[51, 52, 52, 51, 52, 51, 51, 51, 51, 51] / writers=[52]
OOO / Test #106 / 1439449713548 / readers=[56, 57, 56, 56, 56, 56, 56, 57, 57, 56] / writers=[57]
OOO / Test #93 / 1439449713548 / readers=[59, 59, 59, 59, 59, 59, 59, 59, 58, 58] / writers=[59]
OOO / Test #68 / 1439449713548 / readers=[53, 53, 52, 52, 52, 52, 52, 52, 52, 52] / writers=[53]
OOO / Test #92 / 1439449713548 / readers=[60, 59, 60, 60, 60, 60, 60, 59, 59, 60] / writers=[60]
OOO / Test #102 / 1439449713548 / readers=[54, 54, 54, 54, 54, 55, 54, 54, 54, 54] / writers=[55]
OOO / Test #69 / 1439449713545 / readers=[56, 56, 56, 56, 56, 57, 57, 56, 57, 57] / writers=[57]
OOO / Test #134 / 1439449713545 / readers=[61, 60, 61, 60, 60, 61, 60, 60, 61, 60] / writers=[61]
OOO / Test #120 / 1439449713545 / readers=[60, 61, 61, 61, 60, 61, 61, 60, 60, 60] / writers=[61]
OOO / Test #69 / 1439449713668 / readers=[57, 57, 57, 57, 57, 58, 58, 57, 58, 57] / writers=[58]
OOO / Test #89 / 1439449713545 / readers=[62, 62, 62, 62, 61, 61, 61, 61, 61, 61] / writers=[62]
OOO / Test #134 / 1439449713668 / readers=[62, 61, 62, 61, 61, 61, 61, 61, 62, 61] / writers=[62]
OOO / Test #113 / 1439449713545 / readers=[60, 60, 60, 59, 60, 60, 60, 59, 59, 59] / writers=[60]
OOO / Test #129 / 1439449713545 / readers=[59, 59, 59, 59, 59, 59, 59, 59, 58, 58] / writers=[59]
OOO / Test #79 / 1439449713545 / readers=[50, 49, 50, 50, 50, 50, 49, 49, 49, 49] / writers=[50]
OOO / Test #132 / 1439449713545 / readers=[54, 53, 53, 53, 53, 53, 53, 53, 54, 53] / writers=[54]
OOO / Test #134 / 1439449713668 / readers=[63, 62, 62, 62, 62, 62, 62, 62, 63, 62] / writers=[63]
OOO / Test #138 / 1439449713545 / readers=[62, 62, 62, 61, 61, 62, 61, 61, 61, 61] / writers=[62]
OOO / Test #131 / 1439449713542 / readers=[53, 53, 53, 53, 53, 52, 53, 53, 53, 53] / writers=[53]
OOO / Test #134 / 1439449713671 / readers=[64, 63, 63, 63, 63, 63, 63, 63, 63, 63] / writers=[64]
OOO / Test #67 / 1439449713542 / readers=[56, 56, 56, 57, 57, 57, 56, 57, 57, 57] / writers=[57]
OOO / Test #115 / 1439449713542 / readers=[52, 52, 52, 52, 51, 51, 51, 51, 51, 52] / writers=[52]
OOO / Test #104 / 1439449713542 / readers=[60, 60, 60, 60, 60, 60, 59, 59, 59, 59] / writers=[60]
OOO / Test #134 / 1439449713671 / readers=[64, 64, 64, 64, 64, 64, 64, 64, 64, 64] / writers=[65]
OOO / Test #110 / 1439449713542 / readers=[56, 56, 56, 56, 56, 56, 56, 56, 56, 56] / writers=[57]
OOO / Test #105 / 1439449713542 / readers=[54, 54, 54, 54, 54, 54, 54, 54, 54, 54] / writers=[55]
OOO / Test #142 / 1439449713542 / readers=[63, 64, 63, 63, 63, 63, 63, 63, 63, 63] / writers=[64]
OOO / Test #123 / 1439449713542 / readers=[52, 52, 52, 51, 51, 52, 51, 51, 51, 51] / writers=[52]
OOO / Test #121 / 1439449713538 / readers=[56, 55, 56, 56, 56, 56, 56, 56, 56, 56] / writers=[56]
OOO / Test #70 / 1439449713538 / readers=[54, 53, 53, 53, 53, 53, 53, 53, 53, 53] / writers=[54]
OOO / Test #1 / 1439449713538 / readers=[55, 55, 55, 55, 55, 55, 55, 55, 55, 55] / writers=[56]
OOO / Test #140 / 1439449713538 / readers=[68, 69, 69, 69, 69, 68, 69, 69, 69, 68] / writers=[69]
OOO / Test #142 / 1439449713674 / readers=[64, 64, 64, 64, 64, 64, 64, 64, 64, 64] / writers=[65]
OOO / Test #119 / 1439449713538 / readers=[50, 51, 51, 51, 51, 50, 50, 51, 51, 51] / writers=[51]
OOO / Test #121 / 1439449713674 / readers=[56, 56, 57, 57, 57, 57, 57, 57, 57, 57] / writers=[57]
OOO / Test #83 / 1439449713538 / readers=[62, 63, 62, 63, 63, 62, 62, 62, 62, 62] / writers=[63]
OOO / Test #111 / 1439449713538 / readers=[63, 63, 63, 63, 63, 63, 63, 63, 63, 63] / writers=[64]
OOO / Test #98 / 1439449713538 / readers=[51, 52, 52, 51, 51, 51, 52, 52, 51, 51] / writers=[52]
OOO / Test #103 / 1439449713535 / readers=[64, 63, 64, 63, 63, 63, 63, 63, 63, 63] / writers=[64]
OOO / Test #126 / 1439449713535 / readers=[54, 54, 54, 54, 54, 54, 54, 54, 54, 55] / writers=[55]
OOO / Test #25 / 1439449713535 / readers=[62, 61, 61, 61, 61, 61, 61, 62, 62, 62] / writers=[62]
OOO / Test #5 / 1439449713535 / readers=[76, 76, 76, 77, 76, 76, 76, 76, 76, 76] / writers=[77]
OOO / Test #107 / 1439449713535 / readers=[53, 53, 53, 53, 52, 52, 52, 52, 53, 53] / writers=[53]
OOO / Test #98 / 1439449713677 / readers=[52, 53, 52, 52, 52, 52, 53, 53, 52, 52] / writers=[53]
OOO / Test #94 / 1439449713535 / readers=[46, 46, 46, 47, 46, 46, 46, 47, 46, 46] / writers=[47]
OOO / Test #72 / 1439449713535 / readers=[53, 52, 53, 53, 52, 52, 52, 52, 52, 52] / writers=[53]
OOO / Test #103 / 1439449713677 / readers=[65, 64, 64, 64, 64, 64, 64, 64, 64, 64] / writers=[65]
OOO / Test #25 / 1439449713677 / readers=[62, 62, 62, 62, 62, 62, 62, 63, 63, 63] / writers=[63]
OOO / Test #108 / 1439449713535 / readers=[64, 64, 63, 63, 63, 63, 63, 63, 63, 63] / writers=[64]
OOO / Test #99 / 1439449713535 / readers=[51, 51, 50, 51, 51, 50, 50, 50, 50, 50] / writers=[51]
OOO / Test #72 / 1439449713678 / readers=[53, 53, 53, 53, 53, 53, 53, 53, 53, 53] / writers=[54]
OOO / Test #94 / 1439449713677 / readers=[47, 47, 47, 47, 47, 47, 47, 48, 47, 47] / writers=[48]
OOO / Test #103 / 1439449713677 / readers=[65, 65, 65, 65, 65, 65, 65, 65, 65, 65] / writers=[66]
OOO / Test #107 / 1439449713677 / readers=[54, 54, 54, 54, 53, 53, 53, 53, 53, 54] / writers=[54]
OOO / Test #98 / 1439449713677 / readers=[53, 54, 53, 53, 53, 53, 53, 54, 53, 53] / writers=[54]
OOO / Test #99 / 1439449713681 / readers=[52, 52, 51, 52, 51, 51, 51, 51, 51, 51] / writers=[52]
OOO / Test #5 / 1439449713677 / readers=[77, 77, 77, 77, 77, 77, 77, 77, 77, 77] / writers=[78]
OOO / Test #94 / 1439449713681 / readers=[48, 48, 48, 48, 48, 48, 48, 48, 48, 48] / writers=[49]
OOO / Test #107 / 1439449713681 / readers=[55, 55, 54, 55, 54, 54, 54, 54, 54, 55] / writers=[55]
OOO / Test #126 / 1439449713677 / readers=[55, 55, 55, 55, 55, 55, 55, 55, 55, 55] / writers=[56]
OOO / Test #111 / 1439449713675 / readers=[66, 66, 65, 66, 66, 66, 66, 66, 66, 66] / writers=[66]
OOO / Test #1 / 1439449713674 / readers=[58, 58, 58, 58, 58, 58, 58, 57, 58, 58] / writers=[58]
OOO / Test #83 / 1439449713674 / readers=[63, 64, 63, 64, 63, 63, 63, 63, 63, 63] / writers=[64]
OOO / Test #142 / 1439449713674 / readers=[66, 67, 67, 67, 67, 67, 67, 67, 67, 67] / writers=[67]
OOO / Test #107 / 1439449713684 / readers=[55, 56, 55, 56, 55, 55, 55, 55, 55, 56] / writers=[56]
OOO / Test #119 / 1439449713674 / readers=[51, 52, 52, 51, 52, 51, 51, 52, 52, 52] / writers=[52]
OOO / Test #121 / 1439449713674 / readers=[57, 57, 58, 58, 58, 58, 58, 58, 58, 57] / writers=[58]
OOO / Test #140 / 1439449713674 / readers=[69, 70, 70, 70, 70, 69, 69, 70, 70, 69] / writers=[70]
OOO / Test #83 / 1439449713684 / readers=[64, 65, 64, 64, 64, 64, 64, 64, 64, 64] / writers=[65]
OOO / Test #70 / 1439449713674 / readers=[54, 54, 54, 54, 54, 54, 54, 54, 54, 54] / writers=[55]
OOO / Test #123 / 1439449713674 / readers=[53, 53, 52, 52, 52, 53, 52, 52, 52, 52] / writers=[53]
OOO / Test #105 / 1439449713671 / readers=[57, 57, 57, 57, 57, 57, 57, 57, 57, 56] / writers=[57]
OOO / Test #110 / 1439449713671 / readers=[59, 59, 59, 59, 59, 59, 59, 58, 59, 59] / writers=[59]
OOO / Test #134 / 1439449713671 / readers=[67, 66, 67, 67, 67, 67, 67, 67, 67, 67] / writers=[67]
OOO / Test #115 / 1439449713671 / readers=[53, 53, 53, 52, 52, 52, 52, 52, 52, 53] / writers=[53]
OOO / Test #104 / 1439449713671 / readers=[61, 61, 60, 61, 61, 61, 60, 60, 60, 60] / writers=[61]
OOO / Test #123 / 1439449713687 / readers=[54, 53, 53, 53, 53, 54, 53, 53, 53, 53] / writers=[54]
OOO / Test #105 / 1439449713687 / readers=[58, 58, 58, 58, 58, 58, 58, 58, 57, 57] / writers=[58]
OOO / Test #67 / 1439449713671 / readers=[57, 57, 57, 58, 58, 58, 57, 58, 58, 57] / writers=[58]
OOO / Test #131 / 1439449713671 / readers=[54, 54, 54, 54, 53, 53, 54, 54, 54, 54] / writers=[54]
OOO / Test #138 / 1439449713671 / readers=[63, 63, 62, 62, 62, 63, 62, 62, 62, 62] / writers=[63]
OOO / Test #132 / 1439449713668 / readers=[54, 54, 54, 54, 54, 54, 54, 54, 54, 54] / writers=[55]
OOO / Test #79 / 1439449713668 / readers=[51, 50, 50, 51, 51, 51, 50, 50, 50, 50] / writers=[51]
OOO / Test #129 / 1439449713668 / readers=[60, 60, 60, 60, 60, 60, 60, 59, 59, 59] / writers=[60]
OOO / Test #113 / 1439449713668 / readers=[61, 61, 61, 60, 60, 61, 61, 60, 60, 60] / writers=[61]
OOO / Test #131 / 1439449713691 / readers=[55, 55, 55, 55, 54, 54, 55, 55, 54, 55] / writers=[55]
OOO / Test #89 / 1439449713668 / readers=[63, 62, 63, 63, 62, 62, 62, 62, 62, 62] / writers=[63]
OOO / Test #69 / 1439449713668 / readers=[58, 58, 58, 58, 58, 59, 59, 58, 58, 58] / writers=[59]
OOO / Test #120 / 1439449713668 / readers=[61, 62, 62, 61, 61, 62, 62, 61, 61, 61] / writers=[62]
OOO / Test #102 / 1439449713664 / readers=[55, 55, 55, 55, 55, 55, 55, 55, 55, 55] / writers=[56]
OOO / Test #92 / 1439449713664 / readers=[61, 60, 61, 61, 61, 61, 60, 60, 60, 61] / writers=[61]
OOO / Test #68 / 1439449713664 / readers=[54, 53, 53, 53, 53, 53, 53, 53, 53, 53] / writers=[54]
OOO / Test #106 / 1439449713664 / readers=[57, 57, 57, 57, 57, 57, 57, 58, 58, 57] / writers=[58]
OOO / Test #93 / 1439449713664 / readers=[60, 60, 60, 60, 60, 60, 60, 59, 59, 59] / writers=[60]
OOO / Test #143 / 1439449713664 / readers=[52, 53, 53, 52, 52, 52, 52, 52, 52, 52] / writers=[53]
OOO / Test #77 / 1439449713664 / readers=[65, 65, 65, 65, 65, 65, 65, 65, 65, 65] / writers=[66]
OOO / Test #92 / 1439449713693 / readers=[62, 61, 62, 62, 62, 61, 61, 61, 61, 62] / writers=[62]
OOO / Test #68 / 1439449713693 / readers=[54, 54, 54, 54, 54, 54, 54, 54, 54, 54] / writers=[55]
OOO / Test #81 / 1439449713664 / readers=[57, 57, 57, 57, 58, 58, 57, 57, 58, 57] / writers=[58]
OOO / Test #102 / 1439449713693 / readers=[58, 58, 58, 58, 58, 58, 58, 58, 58, 57] / writers=[58]
OOO / Test #88 / 1439449713664 / readers=[64, 63, 63, 63, 64, 63, 63, 63, 63, 63] / writers=[64]
OOO / Test #87 / 1439449713664 / readers=[61, 61, 61, 61, 61, 60, 60, 60, 60, 60] / writers=[61]
OOO / Test #71 / 1439449713664 / readers=[59, 59, 60, 60, 60, 60, 59, 59, 59, 59] / writers=[60]
OOO / Test #128 / 1439449713662 / readers=[62, 62, 62, 61, 62, 61, 61, 61, 61, 61] / writers=[62]
OOO / Test #74 / 1439449713662 / readers=[62, 63, 63, 62, 63, 63, 63, 62, 63, 62] / writers=[63]
OOO / Test #102 / 1439449713696 / readers=[59, 59, 59, 59, 59, 59, 59, 59, 58, 58] / writers=[59]
OOO / Test #112 / 1439449713662 / readers=[59, 59, 59, 59, 59, 59, 59, 58, 58, 58] / writers=[59]
OOO / Test #88 / 1439449713696 / readers=[64, 64, 64, 64, 65, 64, 64, 64, 64, 64] / writers=[65]
OOO / Test #87 / 1439449713696 / readers=[62, 61, 62, 62, 62, 61, 61, 61, 61, 61] / writers=[62]
OOO / Test #135 / 1439449713662 / readers=[60, 60, 60, 60, 61, 60, 61, 60, 60, 60] / writers=[61]
OOO / Test #63 / 1439449713662 / readers=[52, 52, 52, 51, 51, 51, 52, 51, 51, 51] / writers=[52]
OOO / Test #117 / 1439449713662 / readers=[60, 60, 60, 60, 60, 60, 59, 59, 59, 59] / writers=[60]
OOO / Test #82 / 1439449713662 / readers=[59, 59, 59, 59, 59, 59, 59, 58, 59, 58] / writers=[59]
OOO / Test #136 / 1439449713662 / readers=[61, 62, 62, 61, 61, 62, 61, 61, 61, 61] / writers=[62]
OOO / Test #116 / 1439449713659 / readers=[61, 60, 61, 61, 61, 61, 60, 60, 60, 60] / writers=[61]
OOO / Test #85 / 1439449713659 / readers=[61, 61, 61, 60, 61, 61, 60, 60, 61, 60] / writers=[61]
OOO / Test #124 / 1439449713659 / readers=[61, 62, 62, 62, 61, 62, 61, 61, 61, 61] / writers=[62]
OOO / Test #117 / 1439449713698 / readers=[61, 61, 61, 61, 61, 60, 60, 60, 60, 60] / writers=[61]
OOO / Test #76 / 1439449713659 / readers=[63, 63, 63, 62, 62, 62, 62, 62, 62, 62] / writers=[63]
OOO / Test #65 / 1439449713659 / readers=[68, 68, 68, 68, 68, 68, 68, 68, 68, 67] / writers=[68]
OOO / Test #82 / 1439449713698 / readers=[60, 60, 60, 60, 60, 60, 59, 59, 60, 59] / writers=[60]
OOO / Test #29 / 1439449713659 / readers=[61, 61, 61, 61, 62, 61, 61, 61, 61, 62] / writers=[62]
OOO / Test #141 / 1439449713659 / readers=[61, 61, 61, 60, 61, 61, 60, 60, 60, 60] / writers=[61]
OOO / Test #96 / 1439449713659 / readers=[61, 61, 61, 61, 61, 60, 60, 60, 60, 60] / writers=[61]
OOO / Test #10 / 1439449713659 / readers=[66, 66, 66, 66, 66, 66, 66, 66, 66, 66] / writers=[67]
OOO / Test #125 / 1439449713659 / readers=[58, 58, 58, 58, 58, 58, 58, 58, 57, 57] / writers=[58]
OOO / Test #57 / 1439449713659 / readers=[70, 71, 70, 70, 70, 70, 70, 70, 70, 70] / writers=[71]
OOO / Test #82 / 1439449713701 / readers=[61, 61, 61, 61, 61, 60, 60, 60, 61, 60] / writers=[61]
OOO / Test #151 / 1439449713656 / readers=[56, 56, 55, 56, 56, 56, 56, 56, 56, 56] / writers=[56]
OOO / Test #114 / 1439449713656 / readers=[68, 68, 68, 68, 68, 68, 68, 68, 68, 67] / writers=[68]
OOO / Test #75 / 1439449713656 / readers=[53, 53, 52, 52, 52, 52, 52, 52, 52, 52] / writers=[53]
OOO / Test #101 / 1439449713656 / readers=[55, 55, 55, 55, 55, 55, 55, 55, 54, 55] / writers=[55]
OOO / Test #66 / 1439449713656 / readers=[55, 54, 54, 54, 54, 54, 54, 54, 54, 54] / writers=[55]
OOO / Test #118 / 1439449713656 / readers=[53, 52, 53, 52, 53, 52, 52, 52, 52, 52] / writers=[53]
OOO / Test #130 / 1439449713656 / readers=[62, 62, 62, 62, 62, 62, 62, 62, 62, 62] / writers=[63]
OOO / Test #86 / 1439449713656 / readers=[57, 58, 58, 58, 58, 58, 58, 58, 57, 57] / writers=[58]
OOO / Test #84 / 1439449713653 / readers=[60, 60, 60, 60, 60, 60, 60, 59, 59, 60] / writers=[60]
OOO / Test #9 / 1439449713653 / readers=[85, 85, 85, 85, 85, 85, 86, 85, 85, 85] / writers=[86]
OOO / Test #66 / 1439449713704 / readers=[55, 55, 55, 55, 55, 55, 55, 55, 55, 55] / writers=[56]
OOO / Test #137 / 1439449713653 / readers=[53, 54, 53, 53, 53, 53, 53, 53, 53, 53] / writers=[54]
OOO / Test #118 / 1439449713704 / readers=[54, 53, 53, 53, 54, 53, 53, 53, 53, 53] / writers=[54]
OOO / Test #37 / 1439449713653 / readers=[59, 60, 60, 60, 60, 59, 60, 60, 59, 59] / writers=[60]
OOO / Test #139 / 1439449713653 / readers=[60, 61, 61, 61, 61, 60, 61, 60, 60, 60] / writers=[61]
OOO / Test #8 / 1439449713653 / readers=[85, 85, 85, 85, 85, 85, 85, 85, 85, 85] / writers=[86]
OOO / Test #127 / 1439449713653 / readers=[59, 59, 59, 59, 59, 58, 59, 59, 59, 58] / writers=[59]
OOO / Test #78 / 1439449713653 / readers=[64, 64, 63, 63, 63, 63, 63, 63, 63, 63] / writers=[64]
OOO / Test #149 / 1439449713653 / readers=[54, 53, 53, 54, 53, 53, 53, 53, 53, 53] / writers=[54]
OOO / Test #52 / 1439449713651 / readers=[68, 68, 68, 68, 68, 68, 68, 68, 68, 67] / writers=[68]
OOO / Test #154 / 1439449713651 / readers=[62, 63, 63, 62, 63, 62, 62, 62, 62, 62] / writers=[63]
OOO / Test #24 / 1439449713651 / readers=[66, 65, 65, 65, 65, 65, 65, 65, 66, 65] / writers=[66]
OOO / Test #127 / 1439449713706 / readers=[60, 60, 60, 60, 60, 59, 60, 59, 60, 59] / writers=[60]
OOO / Test #56 / 1439449713651 / readers=[73, 73, 72, 73, 72, 73, 72, 73, 73, 72] / writers=[73]
OOO / Test #6 / 1439449713651 / readers=[91, 91, 91, 91, 91, 91, 91, 91, 90, 90] / writers=[91]
OOO / Test #144 / 1439449713651 / readers=[59, 59, 59, 59, 59, 59, 59, 58, 58, 59] / writers=[59]
OOO / Test #90 / 1439449713651 / readers=[58, 58, 58, 58, 58, 58, 58, 58, 57, 57] / writers=[58]
OOO / Test #21 / 1439449713651 / readers=[81, 81, 81, 81, 81, 81, 81, 81, 80, 80] / writers=[81]
OOO / Test #45 / 1439449713651 / readers=[66, 65, 66, 66, 66, 66, 65, 66, 66, 65] / writers=[66]
OOO / Test #56 / 1439449713709 / readers=[74, 74, 73, 74, 73, 73, 73, 74, 74, 73] / writers=[74]
OOO / Test #91 / 1439449713648 / readers=[58, 58, 58, 58, 58, 58, 58, 58, 57, 58] / writers=[58]
OOO / Test #6 / 1439449713709 / readers=[92, 92, 92, 92, 92, 92, 92, 91, 91, 91] / writers=[92]
OOO / Test #80 / 1439449713648 / readers=[54, 54, 54, 54, 54, 54, 54, 54, 54, 54] / writers=[55]
OOO / Test #90 / 1439449713709 / readers=[59, 59, 59, 59, 59, 59, 59, 58, 58, 58] / writers=[59]
OOO / Test #144 / 1439449713709 / readers=[60, 60, 60, 60, 60, 60, 59, 59, 59, 60] / writers=[60]
OOO / Test #145 / 1439449713648 / readers=[57, 58, 57, 58, 57, 57, 57, 57, 57, 57] / writers=[58]
OOO / Test #73 / 1439449713648 / readers=[61, 61, 61, 61, 61, 60, 60, 60, 60, 60] / writers=[61]
OOO / Test #109 / 1439449713648 / readers=[68, 68, 68, 68, 68, 68, 68, 68, 68, 67] / writers=[68]
OOO / Test #32 / 1439449713648 / readers=[63, 62, 63, 62, 62, 62, 62, 62, 62, 62] / writers=[63]
OOO / Test #48 / 1439449713648 / readers=[62, 63, 63, 63, 62, 62, 62, 62, 62, 62] / writers=[63]
OOO / Test #144 / 1439449713712 / readers=[61, 61, 61, 61, 60, 61, 60, 60, 60, 61] / writers=[61]
OOO / Test #4 / 1439449713645 / readers=[85, 85, 85, 84, 84, 84, 84, 84, 84, 85] / writers=[85]
OOO / Test #16 / 1439449713645 / readers=[78, 78, 78, 78, 78, 78, 78, 78, 78, 78] / writers=[79]
OOO / Test #41 / 1439449713645 / readers=[57, 58, 58, 58, 57, 58, 58, 58, 57, 58] / writers=[58]
OOO / Test #109 / 1439449713712 / readers=[69, 69, 69, 69, 69, 69, 69, 69, 68, 68] / writers=[69]
OOO / Test #122 / 1439449713645 / readers=[62, 62, 62, 62, 61, 61, 61, 61, 61, 61] / writers=[62]
OOO / Test #42 / 1439449713645 / readers=[65, 64, 64, 64, 64, 64, 64, 64, 64, 64] / writers=[65]
OOO / Test #19 / 1439449713645 / readers=[67, 67, 67, 67, 68, 68, 67, 68, 68, 67] / writers=[68]
OOO / Test #33 / 1439449713645 / readers=[55, 55, 55, 55, 55, 55, 55, 55, 55, 55] / writers=[56]
OOO / Test #51 / 1439449713645 / readers=[66, 66, 65, 66, 66, 66, 66, 66, 65, 66] / writers=[66]
OOO / Test #109 / 1439449713715 / readers=[70, 70, 70, 70, 70, 70, 70, 69, 69, 69] / writers=[70]
OOO / Test #155 / 1439449713642 / readers=[58, 58, 58, 58, 58, 58, 59, 59, 58, 59] / writers=[59]
OOO / Test #17 / 1439449713642 / readers=[74, 74, 74, 74, 74, 74, 74, 75, 75, 74] / writers=[75]
OOO / Test #19 / 1439449713715 / readers=[68, 68, 68, 68, 68, 69, 68, 69, 69, 68] / writers=[69]
OOO / Test #23 / 1439449713642 / readers=[71, 71, 71, 70, 71, 71, 70, 70, 70, 70] / writers=[71]
OOO / Test #38 / 1439449713642 / readers=[63, 63, 63, 63, 63, 63, 63, 63, 63, 63] / writers=[64]
OOO / Test #58 / 1439449713642 / readers=[60, 60, 61, 61, 60, 60, 60, 61, 60, 60] / writers=[61]
OOO / Test #157 / 1439449713642 / readers=[62, 62, 61, 62, 62, 62, 61, 61, 61, 61] / writers=[62]
OOO / Test #12 / 1439449713642 / readers=[83, 84, 83, 83, 83, 84, 83, 83, 83, 83] / writers=[84]
OOO / Test #133 / 1439449713642 / readers=[53, 54, 54, 53, 53, 53, 53, 53, 53, 54] / writers=[54]
OOO / Test #46 / 1439449713638 / readers=[67, 67, 68, 68, 68, 68, 67, 68, 68, 68] / writers=[68]
OOO / Test #64 / 1439449713638 / readers=[64, 63, 64, 63, 63, 63, 63, 63, 63, 63] / writers=[64]
OOO / Test #58 / 1439449713718 / readers=[61, 61, 61, 62, 61, 61, 61, 62, 61, 61] / writers=[62]
OOO / Test #38 / 1439449713718 / readers=[66, 65, 66, 66, 66, 66, 66, 66, 66, 66] / writers=[66]
OOO / Test #59 / 1439449713638 / readers=[65, 65, 65, 66, 66, 66, 66, 66, 65, 66] / writers=[66]
OOO / Test #157 / 1439449713719 / readers=[63, 63, 62, 63, 63, 62, 62, 62, 62, 62] / writers=[63]
OOO / Test #147 / 1439449713638 / readers=[53, 53, 53, 54, 53, 53, 53, 54, 53, 53] / writers=[54]
OOO / Test #35 / 1439449713638 / readers=[66, 65, 65, 65, 65, 65, 65, 65, 65, 65] / writers=[66]
OOO / Test #34 / 1439449713638 / readers=[61, 62, 61, 61, 61, 62, 62, 61, 62, 61] / writers=[62]
OOO / Test #146 / 1439449713638 / readers=[64, 64, 64, 63, 64, 64, 63, 63, 63, 63] / writers=[64]
OOO / Test #39 / 1439449713638 / readers=[65, 64, 65, 65, 64, 64, 64, 64, 64, 64] / writers=[65]
OOO / Test #157 / 1439449713722 / readers=[64, 64, 63, 64, 63, 63, 63, 63, 63, 63] / writers=[64]
OOO / Test #26 / 1439449713635 / readers=[60, 60, 60, 60, 60, 60, 59, 60, 60, 60] / writers=[60]
OOO / Test #18 / 1439449713635 / readers=[70, 70, 70, 70, 70, 70, 70, 70, 70, 69] / writers=[70]
OOO / Test #34 / 1439449713722 / readers=[62, 62, 62, 62, 62, 63, 63, 62, 63, 62] / writers=[63]
OOO / Test #15 / 1439449713635 / readers=[78, 78, 78, 79, 79, 79, 79, 79, 79, 78] / writers=[79]
OOO / Test #28 / 1439449713635 / readers=[67, 68, 67, 68, 68, 68, 67, 68, 68, 68] / writers=[68]
OOO / Test #167 / 1439449713635 / readers=[57, 58, 58, 58, 58, 58, 58, 57, 58, 57] / writers=[58]
OOO / Test #180 / 1439449713635 / readers=[54, 54, 54, 54, 54, 54, 54, 54, 54, 54] / writers=[55]
OOO / Test #190 / 1439449713635 / readers=[67, 66, 66, 66, 66, 66, 67, 67, 67, 67] / writers=[67]
OOO / Test #198 / 1439449713635 / readers=[62, 62, 62, 62, 62, 61, 62, 61, 61, 61] / writers=[62]
OOO / Test #15 / 1439449713725 / readers=[79, 79, 79, 80, 80, 80, 80, 80, 79, 79] / writers=[80]
OOO / Test #22 / 1439449713635 / readers=[63, 63, 63, 63, 63, 63, 63, 63, 63, 63] / writers=[64]
OOO / Test #62 / 1439449713631 / readers=[59, 59, 59, 59, 59, 59, 59, 59, 59, 59] / writers=[60]
OOO / Test #95 / 1439449713631 / readers=[66, 67, 66, 66, 67, 67, 66, 66, 67, 66] / writers=[67]
OOO / Test #40 / 1439449713631 / readers=[61, 62, 62, 62, 61, 61, 62, 62, 62, 62] / writers=[62]
OOO / Test #36 / 1439449713631 / readers=[63, 63, 63, 62, 62, 62, 63, 63, 63, 63] / writers=[63]
OOO / Test #55 / 1439449713631 / readers=[67, 67, 67, 67, 67, 67, 67, 67, 67, 67] / writers=[68]
OOO / Test #162 / 1439449713631 / readers=[58, 59, 59, 59, 59, 59, 58, 59, 59, 58] / writers=[59]
OOO / Test #31 / 1439449713631 / readers=[61, 62, 62, 62, 62, 62, 62, 62, 62, 62] / writers=[62]
OOO / Test #148 / 1439449713631 / readers=[54, 54, 54, 54, 54, 55, 54, 54, 54, 55] / writers=[55]
OOO / Test #44 / 1439449713631 / readers=[64, 64, 64, 63, 63, 63, 63, 63, 63, 63] / writers=[64]
OOO / Test #162 / 1439449713729 / readers=[59, 60, 60, 60, 60, 60, 59, 60, 59, 59] / writers=[60]
OOO / Test #43 / 1439449713631 / readers=[61, 62, 61, 62, 62, 62, 62, 62, 62, 61] / writers=[62]
OOO / Test #55 / 1439449713729 / readers=[70, 70, 70, 70, 70, 70, 70, 70, 69, 70] / writers=[70]
OOO / Test #49 / 1439449713629 / readers=[66, 65, 65, 65, 65, 65, 65, 65, 66, 66] / writers=[66]
OOO / Test #153 / 1439449713629 / readers=[71, 71, 71, 71, 71, 71, 71, 71, 70, 71] / writers=[71]
OOO / Test #14 / 1439449713629 / readers=[91, 90, 90, 90, 90, 90, 90, 90, 91, 90] / writers=[91]
OOO / Test #30 / 1439449713629 / readers=[62, 62, 62, 62, 62, 62, 61, 61, 62, 62] / writers=[62]
OOO / Test #178 / 1439449713629 / readers=[63, 63, 63, 63, 62, 62, 63, 63, 62, 62] / writers=[63]
OOO / Test #27 / 1439449713629 / readers=[60, 60, 60, 60, 60, 60, 59, 59, 60, 60] / writers=[60]
OOO / Test #97 / 1439449713629 / readers=[65, 65, 65, 65, 65, 65, 65, 65, 65, 65] / writers=[66]
OOO / Test #14 / 1439449713732 / readers=[92, 91, 91, 91, 91, 91, 91, 91, 91, 91] / writers=[92]
OOO / Test #164 / 1439449713629 / readers=[58, 58, 58, 58, 58, 58, 58, 57, 57, 58] / writers=[58]
OOO / Test #20 / 1439449713629 / readers=[61, 61, 60, 61, 61, 60, 61, 60, 61, 61] / writers=[61]
OOO / Test #161 / 1439449713626 / readers=[63, 63, 63, 62, 63, 63, 63, 63, 63, 63] / writers=[63]
OOO / Test #60 / 1439449713626 / readers=[58, 57, 57, 58, 58, 58, 58, 58, 58, 57] / writers=[58]
OOO / Test #166 / 1439449713626 / readers=[56, 56, 56, 57, 57, 57, 57, 57, 57, 56] / writers=[57]
OOO / Test #61 / 1439449713626 / readers=[62, 62, 62, 62, 62, 62, 62, 62, 63, 62] / writers=[63]
OOO / Test #182 / 1439449713626 / readers=[58, 58, 58, 58, 58, 58, 58, 58, 57, 57] / writers=[58]
OOO / Test #171 / 1439449713626 / readers=[61, 61, 61, 61, 61, 61, 61, 60, 60, 60] / writers=[61]
OOO / Test #181 / 1439449713626 / readers=[60, 60, 60, 60, 60, 59, 60, 59, 59, 60] / writers=[60]
OOO / Test #7 / 1439449713626 / readers=[67, 67, 66, 67, 67, 67, 67, 67, 67, 67] / writers=[67]
OOO / Test #177 / 1439449713625 / readers=[58, 59, 59, 59, 59, 59, 58, 58, 59, 59] / writers=[59]
OOO / Test #61 / 1439449713737 / readers=[63, 63, 63, 63, 63, 63, 63, 63, 63, 63] / writers=[64]
OOO / Test #13 / 1439449713625 / readers=[83, 83, 83, 84, 84, 84, 84, 83, 83, 83] / writers=[84]
OOO / Test #169 / 1439449713623 / readers=[59, 59, 59, 59, 59, 59, 59, 58, 58, 59] / writers=[59]
OOO / Test #181 / 1439449713737 / readers=[61, 61, 61, 61, 60, 60, 61, 60, 60, 61] / writers=[61]
OOO / Test #158 / 1439449713622 / readers=[58, 59, 59, 59, 59, 59, 59, 58, 58, 58] / writers=[59]
OOO / Test #100 / 1439449713622 / readers=[64, 64, 65, 64, 64, 64, 64, 64, 64, 64] / writers=[65]
OOO / Test #163 / 1439449713622 / readers=[60, 60, 60, 60, 60, 60, 59, 59, 59, 60] / writers=[60]
OOO / Test #156 / 1439449713622 / readers=[59, 59, 59, 59, 59, 59, 59, 59, 58, 58] / writers=[59]
OOO / Test #150 / 1439449713622 / readers=[61, 61, 62, 61, 62, 61, 61, 61, 61, 61] / writers=[62]
OOO / Test #192 / 1439449713622 / readers=[70, 70, 70, 69, 70, 70, 70, 70, 69, 69] / writers=[70]
OOO / Test #181 / 1439449713740 / readers=[62, 62, 62, 61, 61, 61, 62, 61, 61, 62] / writers=[62]
OOO / Test #158 / 1439449713741 / readers=[59, 60, 60, 60, 59, 60, 60, 59, 59, 59] / writers=[60]
OOO / Test #100 / 1439449713741 / readers=[65, 65, 65, 65, 65, 65, 65, 65, 65, 65] / writers=[66]
OOO / Test #176 / 1439449713622 / readers=[54, 53, 53, 53, 53, 53, 53, 53, 53, 53] / writers=[54]
OOO / Test #195 / 1439449713622 / readers=[55, 55, 55, 55, 55, 55, 55, 55, 55, 55] / writers=[56]
OOO / Test #160 / 1439449713620 / readers=[57, 56, 57, 57, 56, 57, 57, 57, 57, 57] / writers=[57]
OOO / Test #11 / 1439449713620 / readers=[85, 85, 85, 85, 86, 85, 85, 85, 85, 85] / writers=[86]
OOO / Test #54 / 1439449713620 / readers=[68, 69, 68, 68, 68, 69, 69, 68, 68, 68] / writers=[69]
OOO / Test #173 / 1439449713620 / readers=[61, 61, 61, 61, 61, 60, 60, 60, 60, 60] / writers=[61]
OOO / Test #187 / 1439449713620 / readers=[58, 58, 58, 58, 58, 58, 58, 57, 58, 57] / writers=[58]
OOO / Test #160 / 1439449713747 / readers=[58, 57, 58, 58, 57, 58, 58, 58, 58, 57] / writers=[58]
OOO / Test #168 / 1439449713620 / readers=[50, 51, 51, 51, 50, 50, 50, 50, 50, 50] / writers=[51]
OOO / Test #11 / 1439449713747 / readers=[86, 86, 86, 86, 86, 86, 86, 86, 86, 86] / writers=[87]
OOO / Test #165 / 1439449713620 / readers=[58, 58, 58, 58, 58, 58, 57, 58, 57, 57] / writers=[58]
OOO / Test #54 / 1439449713747 / readers=[69, 69, 69, 69, 69, 70, 70, 69, 69, 69] / writers=[70]
OOO / Test #194 / 1439449713620 / readers=[57, 57, 57, 58, 58, 58, 58, 58, 57, 57] / writers=[58]
OOO / Test #152 / 1439449713616 / readers=[58, 59, 59, 59, 59, 58, 59, 59, 58, 58] / writers=[59]
OOO / Test #184 / 1439449713615 / readers=[55, 55, 55, 55, 55, 55, 55, 55, 56, 56] / writers=[56]
OOO / Test #174 / 1439449713615 / readers=[53, 53, 52, 52, 52, 52, 52, 52, 52, 52] / writers=[53]
OOO / Test #200 / 1439449713615 / readers=[58, 58, 58, 58, 58, 58, 58, 58, 57, 57] / writers=[58]
OOO / Test #193 / 1439449713615 / readers=[54, 54, 54, 54, 54, 54, 54, 54, 54, 54] / writers=[55]
OOO / Test #194 / 1439449713748 / readers=[58, 58, 58, 59, 58, 59, 59, 59, 58, 58] / writers=[59]
OOO / Test #191 / 1439449713615 / readers=[57, 57, 57, 57, 57, 57, 57, 57, 56, 57] / writers=[57]
OOO / Test #152 / 1439449713748 / readers=[59, 60, 60, 60, 60, 59, 60, 59, 59, 59] / writers=[60]
OOO / Test #197 / 1439449713615 / readers=[62, 62, 62, 62, 61, 61, 61, 61, 62, 61] / writers=[62]
OOO / Test #199 / 1439449713615 / readers=[63, 63, 63, 63, 63, 63, 63, 62, 63, 63] / writers=[63]
OOO / Test #186 / 1439449713613 / readers=[55, 55, 55, 55, 55, 55, 55, 55, 55, 55] / writers=[56]
OOO / Test #53 / 1439449713613 / readers=[50, 49, 50, 50, 49, 50, 50, 50, 50, 50] / writers=[50]
OOO / Test #50 / 1439449713613 / readers=[55, 55, 55, 55, 55, 55, 55, 55, 55, 55] / writers=[56]
OOO / Test #172 / 1439449713613 / readers=[54, 54, 54, 54, 54, 54, 54, 54, 54, 54] / writers=[55]
OOO / Test #197 / 1439449713751 / readers=[62, 63, 63, 63, 62, 62, 62, 62, 63, 62] / writers=[63]
OOO / Test #188 / 1439449713613 / readers=[58, 58, 58, 58, 57, 58, 58, 58, 58, 57] / writers=[58]
OOO / Test #183 / 1439449713613 / readers=[53, 53, 53, 53, 53, 53, 53, 53, 53, 53] / writers=[54]
OOO / Test #159 / 1439449713613 / readers=[58, 58, 58, 58, 58, 58, 57, 57, 57, 58] / writers=[58]
OOO / Test #196 / 1439449713613 / readers=[57, 56, 56, 57, 56, 57, 57, 57, 57, 56] / writers=[57]
OOO / Test #47 / 1439449713613 / readers=[54, 54, 53, 53, 53, 53, 54, 53, 53, 53] / writers=[54]
OOO / Test #170 / 1439449713610 / readers=[56, 56, 56, 56, 56, 56, 56, 56, 56, 56] / writers=[57]
OOO / Test #3 / 1439449713610 / readers=[72, 72, 72, 72, 72, 72, 72, 72, 72, 72] / writers=[73]
OOO / Test #179 / 1439449713610 / readers=[43, 43, 42, 42, 42, 43, 43, 43, 43, 43] / writers=[43]
OOO / Test #185 / 1439449713610 / readers=[53, 52, 53, 52, 52, 52, 52, 52, 52, 52] / writers=[53]
OOO / Test #196 / 1439449713753 / readers=[57, 57, 57, 58, 57, 58, 58, 58, 58, 57] / writers=[58]
OOO / Test #47 / 1439449713753 / readers=[55, 54, 54, 54, 54, 54, 55, 54, 54, 54] / writers=[55]
OOO / Test #189 / 1439449713610 / readers=[42, 42, 41, 41, 41, 41, 41, 41, 41, 41] / writers=[42]
OOO / Test #2 / 1439449713610 / readers=[54, 53, 54, 53, 54, 53, 53, 53, 53, 53] / writers=[54]
OOO / Test #175 / 1439449713610 / readers=[49, 49, 49, 49, 49, 50, 49, 49, 49, 49] / writers=[50]
OOO / Test #185 / 1439449713755 / readers=[54, 53, 53, 53, 53, 53, 53, 53, 53, 53] / writers=[54]
OOO / Test #183 / 1439449713751 / readers=[55, 56, 56, 56, 56, 56, 56, 56, 56, 56] / writers=[56]
OOO / Test #172 / 1439449713751 / readers=[57, 57, 57, 57, 57, 57, 57, 57, 57, 56] / writers=[57]
OOO / Test #159 / 1439449713751 / readers=[59, 59, 58, 59, 59, 59, 58, 58, 58, 59] / writers=[59]
OOO / Test #50 / 1439449713751 / readers=[58, 58, 58, 58, 58, 58, 58, 58, 58, 57] / writers=[58]
OOO / Test #188 / 1439449713751 / readers=[59, 59, 59, 59, 58, 59, 59, 59, 58, 58] / writers=[59]
OOO / Test #186 / 1439449713751 / readers=[58, 58, 58, 58, 58, 58, 58, 58, 58, 57] / writers=[58]
OOO / Test #183 / 1439449713757 / readers=[56, 57, 57, 57, 57, 57, 57, 57, 57, 56] / writers=[57]
OOO / Test #197 / 1439449713751 / readers=[63, 64, 64, 63, 63, 63, 63, 63, 64, 63] / writers=[64]
OOO / Test #53 / 1439449713751 / readers=[51, 50, 51, 51, 50, 51, 51, 51, 50, 51] / writers=[51]
OOO / Test #199 / 1439449713751 / readers=[64, 64, 64, 63, 64, 64, 64, 63, 64, 64] / writers=[64]
OOO / Test #193 / 1439449713748 / readers=[57, 57, 57, 57, 57, 57, 57, 57, 57, 56] / writers=[57]
OOO / Test #152 / 1439449713748 / readers=[60, 61, 61, 61, 60, 60, 61, 60, 60, 60] / writers=[61]
OOO / Test #191 / 1439449713748 / readers=[58, 58, 58, 58, 58, 58, 58, 58, 57, 57] / writers=[58]
OOO / Test #194 / 1439449713748 / readers=[59, 59, 59, 60, 59, 60, 60, 59, 59, 59] / writers=[60]
OOO / Test #200 / 1439449713748 / readers=[59, 59, 59, 59, 59, 59, 59, 58, 58, 58] / writers=[59]
OOO / Test #174 / 1439449713748 / readers=[54, 53, 53, 53, 53, 53, 53, 53, 53, 53] / writers=[54]
OOO / Test #199 / 1439449713760 / readers=[65, 65, 64, 64, 65, 65, 65, 64, 65, 65] / writers=[65]
OOO / Test #193 / 1439449713760 / readers=[58, 58, 58, 58, 58, 57, 58, 58, 58, 57] / writers=[58]
OOO / Test #184 / 1439449713748 / readers=[56, 56, 56, 56, 56, 56, 56, 56, 57, 56] / writers=[57]
OOO / Test #54 / 1439449713748 / readers=[70, 70, 70, 70, 70, 71, 70, 70, 70, 70] / writers=[71]
OOO / Test #11 / 1439449713748 / readers=[89, 88, 89, 89, 89, 89, 89, 89, 89, 89] / writers=[89]
OOO / Test #165 / 1439449713748 / readers=[59, 59, 59, 59, 59, 59, 58, 58, 58, 58] / writers=[59]
OOO / Test #168 / 1439449713748 / readers=[51, 52, 52, 51, 51, 51, 51, 51, 51, 51] / writers=[52]
OOO / Test #160 / 1439449713747 / readers=[59, 58, 59, 59, 58, 59, 59, 59, 58, 58] / writers=[59]
OOO / Test #187 / 1439449713747 / readers=[59, 59, 59, 59, 59, 59, 59, 58, 58, 58] / writers=[59]
OOO / Test #54 / 1439449713764 / readers=[71, 71, 71, 71, 71, 71, 71, 71, 71, 71] / writers=[72]
OOO / Test #11 / 1439449713764 / readers=[90, 89, 90, 89, 90, 90, 90, 90, 90, 90] / writers=[90]
OOO / Test #165 / 1439449713764 / readers=[60, 60, 60, 60, 60, 59, 59, 59, 59, 59] / writers=[60]
OOO / Test #168 / 1439449713764 / readers=[52, 53, 52, 52, 52, 52, 52, 52, 52, 52] / writers=[53]
OOO / Test #173 / 1439449713747 / readers=[62, 62, 62, 62, 61, 61, 61, 61, 61, 61] / writers=[62]
OOO / Test #160 / 1439449713764 / readers=[60, 59, 60, 60, 59, 60, 60, 59, 59, 59] / writers=[60]
OOO / Test #195 / 1439449713747 / readers=[58, 58, 58, 58, 58, 58, 58, 58, 58, 57] / writers=[58]
OOO / Test #176 / 1439449713747 / readers=[54, 54, 54, 54, 54, 54, 54, 54, 54, 54] / writers=[55]
OOO / Test #100 / 1439449713741 / readers=[68, 68, 68, 68, 68, 68, 68, 68, 67, 68] / writers=[68]
OOO / Test #192 / 1439449713741 / readers=[71, 71, 71, 70, 71, 71, 70, 71, 70, 70] / writers=[71]
OOO / Test #160 / 1439449713767 / readers=[61, 60, 61, 61, 60, 61, 60, 60, 60, 60] / writers=[61]
OOO / Test #158 / 1439449713741 / readers=[60, 61, 61, 61, 60, 61, 60, 60, 60, 60] / writers=[61]
OOO / Test #181 / 1439449713741 / readers=[63, 63, 62, 62, 62, 62, 63, 62, 62, 63] / writers=[63]
OOO / Test #150 / 1439449713741 / readers=[62, 62, 63, 62, 62, 62, 62, 62, 62, 62] / writers=[63]
OOO / Test #156 / 1439449713741 / readers=[60, 60, 60, 60, 60, 60, 60, 59, 59, 59] / writers=[60]
OOO / Test #160 / 1439449713767 / readers=[62, 61, 61, 62, 61, 62, 61, 61, 61, 61] / writers=[62]
OOO / Test #163 / 1439449713741 / readers=[61, 61, 61, 61, 61, 60, 60, 60, 60, 61] / writers=[61]
OOO / Test #61 / 1439449713737 / readers=[66, 66, 66, 66, 66, 66, 66, 66, 66, 65] / writers=[66]
OOO / Test #13 / 1439449713737 / readers=[84, 84, 84, 84, 85, 85, 85, 84, 84, 84] / writers=[85]
OOO / Test #169 / 1439449713737 / readers=[60, 60, 60, 60, 60, 60, 59, 59, 59, 60] / writers=[60]
OOO / Test #7 / 1439449713737 / readers=[67, 68, 67, 68, 68, 68, 68, 68, 68, 68] / writers=[68]
OOO / Test #177 / 1439449713737 / readers=[59, 60, 60, 60, 60, 60, 59, 59, 59, 60] / writers=[60]
OOO / Test #171 / 1439449713737 / readers=[62, 62, 62, 62, 62, 61, 62, 61, 61, 61] / writers=[62]
OOO / Test #163 / 1439449713770 / readers=[62, 62, 62, 62, 61, 61, 61, 61, 61, 62] / writers=[62]
OOO / Test #182 / 1439449713737 / readers=[59, 59, 59, 59, 59, 59, 59, 58, 58, 58] / writers=[59]
OOO / Test #60 / 1439449713737 / readers=[59, 58, 58, 58, 59, 59, 59, 59, 59, 58] / writers=[59]
OOO / Test #166 / 1439449713737 / readers=[57, 57, 57, 58, 58, 58, 58, 58, 57, 57] / writers=[58]
OOO / Test #161 / 1439449713732 / readers=[64, 64, 63, 63, 64, 64, 64, 64, 64, 64] / writers=[64]
OOO / Test #97 / 1439449713732 / readers=[68, 68, 68, 68, 68, 68, 68, 67, 68, 68] / writers=[68]
OOO / Test #20 / 1439449713732 / readers=[62, 62, 61, 62, 62, 61, 61, 61, 62, 62] / writers=[62]
OOO / Test #164 / 1439449713732 / readers=[59, 59, 59, 59, 59, 59, 59, 58, 58, 58] / writers=[59]
OOO / Test #60 / 1439449713772 / readers=[60, 59, 59, 59, 59, 60, 60, 60, 60, 59] / writers=[60]
OOO / Test #27 / 1439449713732 / readers=[61, 61, 61, 61, 61, 60, 60, 60, 61, 61] / writers=[61]
OOO / Test #14 / 1439449713732 / readers=[92, 92, 92, 92, 92, 92, 92, 92, 92, 92] / writers=[93]
OOO / Test #97 / 1439449713772 / readers=[69, 68, 69, 69, 69, 69, 69, 68, 69, 69] / writers=[69]
OOO / Test #178 / 1439449713732 / readers=[64, 64, 64, 63, 63, 63, 64, 64, 63, 63] / writers=[64]
OOO / Test #30 / 1439449713732 / readers=[63, 63, 63, 63, 63, 62, 62, 62, 63, 63] / writers=[63]
OOO / Test #153 / 1439449713732 / readers=[72, 72, 72, 72, 72, 72, 72, 71, 71, 72] / writers=[72]
OOO / Test #43 / 1439449713729 / readers=[62, 63, 62, 63, 63, 63, 63, 62, 63, 62] / writers=[63]
OOO / Test #49 / 1439449713729 / readers=[66, 66, 66, 66, 66, 66, 66, 66, 67, 67] / writers=[67]
OOO / Test #55 / 1439449713729 / readers=[71, 71, 71, 71, 71, 71, 71, 70, 70, 71] / writers=[71]
OOO / Test #44 / 1439449713729 / readers=[65, 65, 64, 64, 64, 64, 64, 64, 64, 64] / writers=[65]
OOO / Test #162 / 1439449713729 / readers=[60, 61, 61, 61, 61, 61, 60, 60, 60, 60] / writers=[61]
OOO / Test #148 / 1439449713729 / readers=[55, 55, 55, 55, 55, 55, 55, 55, 55, 56] / writers=[56]
OOO / Test #31 / 1439449713729 / readers=[62, 63, 62, 63, 63, 63, 63, 63, 63, 63] / writers=[63]
OOO / Test #36 / 1439449713729 / readers=[64, 64, 64, 63, 63, 63, 63, 64, 64, 64] / writers=[64]
OOO / Test #55 / 1439449713775 / readers=[72, 72, 72, 72, 72, 72, 71, 71, 71, 72] / writers=[72]
OOO / Test #22 / 1439449713726 / readers=[66, 66, 65, 66, 66, 66, 66, 66, 66, 66] / writers=[66]
OOO / Test #62 / 1439449713725 / readers=[62, 62, 62, 62, 62, 62, 61, 62, 62, 62] / writers=[62]
OOO / Test #95 / 1439449713725 / readers=[67, 68, 67, 67, 68, 68, 67, 67, 67, 67] / writers=[68]
OOO / Test #40 / 1439449713725 / readers=[62, 62, 63, 63, 62, 62, 63, 63, 63, 63] / writers=[63]
OOO / Test #180 / 1439449713725 / readers=[57, 57, 57, 57, 57, 57, 57, 57, 56, 57] / writers=[57]
OOO / Test #55 / 1439449713778 / readers=[73, 73, 73, 73, 72, 73, 72, 72, 72, 73] / writers=[73]
OOO / Test #22 / 1439449713778 / readers=[66, 67, 66, 67, 67, 67, 67, 67, 67, 67] / writers=[67]
OOO / Test #62 / 1439449713778 / readers=[63, 63, 63, 63, 62, 63, 62, 63, 63, 63] / writers=[63]
OOO / Test #15 / 1439449713725 / readers=[80, 80, 80, 81, 81, 81, 81, 80, 80, 80] / writers=[81]
OOO / Test #95 / 1439449713778 / readers=[68, 69, 68, 68, 68, 69, 68, 68, 68, 68] / writers=[69]
OOO / Test #40 / 1439449713778 / readers=[63, 63, 64, 64, 63, 63, 64, 64, 63, 64] / writers=[64]
OOO / Test #198 / 1439449713725 / readers=[63, 63, 63, 63, 62, 62, 63, 62, 62, 62] / writers=[63]
OOO / Test #190 / 1439449713725 / readers=[68, 67, 67, 67, 67, 67, 68, 68, 68, 67] / writers=[68]
OOO / Test #167 / 1439449713725 / readers=[58, 59, 59, 59, 59, 59, 59, 58, 58, 58] / writers=[59]
OOO / Test #28 / 1439449713725 / readers=[68, 69, 68, 69, 69, 68, 68, 69, 69, 69] / writers=[69]
OOO / Test #18 / 1439449713722 / readers=[71, 71, 71, 70, 71, 71, 71, 71, 71, 70] / writers=[71]
OOO / Test #40 / 1439449713781 / readers=[64, 64, 65, 65, 64, 64, 65, 65, 64, 64] / writers=[65]
OOO / Test #198 / 1439449713781 / readers=[64, 64, 64, 63, 63, 63, 64, 63, 63, 63] / writers=[64]
OOO / Test #34 / 1439449713722 / readers=[63, 63, 63, 63, 63, 63, 64, 63, 64, 63] / writers=[64]
OOO / Test #26 / 1439449713722 / readers=[61, 61, 61, 61, 61, 61, 60, 60, 61, 61] / writers=[61]
OOO / Test #39 / 1439449713722 / readers=[66, 65, 66, 65, 65, 65, 65, 65, 65, 65] / writers=[66]
OOO / Test #157 / 1439449713722 / readers=[65, 64, 64, 65, 64, 64, 64, 64, 64, 64] / writers=[65]
OOO / Test #146 / 1439449713722 / readers=[65, 65, 64, 64, 65, 65, 64, 64, 64, 64] / writers=[65]
OOO / Test #35 / 1439449713722 / readers=[66, 66, 66, 66, 66, 66, 66, 66, 66, 66] / writers=[67]
OOO / Test #147 / 1439449713722 / readers=[54, 54, 54, 54, 54, 54, 54, 55, 54, 54] / writers=[55]
OOO / Test #59 / 1439449713719 / readers=[66, 66, 66, 67, 67, 67, 67, 66, 66, 67] / writers=[67]
OOO / Test #38 / 1439449713719 / readers=[66, 66, 67, 67, 67, 67, 67, 67, 67, 67] / writers=[67]
OOO / Test #157 / 1439449713784 / readers=[66, 65, 65, 65, 65, 65, 65, 65, 65, 65] / writers=[66]
OOO / Test #58 / 1439449713719 / readers=[62, 62, 62, 63, 62, 62, 62, 62, 62, 62] / writers=[63]
OOO / Test #64 / 1439449713719 / readers=[65, 64, 64, 64, 64, 64, 64, 64, 64, 64] / writers=[65]
OOO / Test #46 / 1439449713719 / readers=[68, 68, 69, 69, 69, 68, 68, 69, 69, 69] / writers=[69]
OOO / Test #147 / 1439449713784 / readers=[55, 55, 55, 55, 55, 55, 55, 55, 55, 55] / writers=[56]
OOO / Test #133 / 1439449713719 / readers=[54, 54, 55, 54, 54, 54, 54, 54, 54, 55] / writers=[55]
OOO / Test #12 / 1439449713719 / readers=[84, 85, 84, 84, 84, 84, 84, 84, 84, 84] / writers=[85]
OOO / Test #23 / 1439449713718 / readers=[72, 72, 72, 71, 72, 71, 71, 71, 71, 71] / writers=[72]
OOO / Test #19 / 1439449713715 / readers=[69, 69, 69, 69, 69, 70, 69, 70, 69, 69] / writers=[70]
OOO / Test #17 / 1439449713715 / readers=[75, 75, 75, 75, 75, 75, 75, 76, 75, 75] / writers=[76]
OOO / Test #155 / 1439449713715 / readers=[59, 59, 59, 59, 59, 59, 60, 60, 59, 59] / writers=[60]
OOO / Test #33 / 1439449713715 / readers=[58, 58, 58, 58, 58, 58, 58, 57, 58, 58] / writers=[58]
OOO / Test #12 / 1439449713786 / readers=[85, 85, 85, 85, 85, 85, 85, 85, 85, 85] / writers=[86]
OOO / Test #23 / 1439449713786 / readers=[73, 72, 73, 72, 73, 72, 72, 72, 72, 72] / writers=[73]
OOO / Test #51 / 1439449713715 / readers=[67, 67, 66, 66, 67, 67, 67, 67, 66, 67] / writers=[67]
OOO / Test #109 / 1439449713715 / readers=[71, 71, 71, 71, 70, 71, 71, 70, 70, 70] / writers=[71]
OOO / Test #42 / 1439449713715 / readers=[65, 65, 65, 65, 65, 65, 65, 65, 65, 65] / writers=[66]
OOO / Test #122 / 1439449713715 / readers=[63, 63, 63, 62, 62, 62, 62, 62, 62, 62] / writers=[63]
OOO / Test #16 / 1439449713712 / readers=[81, 81, 81, 81, 81, 81, 81, 81, 80, 80] / writers=[81]
OOO / Test #41 / 1439449713712 / readers=[58, 59, 59, 58, 58, 59, 59, 59, 58, 59] / writers=[59]
OOO / Test #4 / 1439449713712 / readers=[86, 86, 86, 85, 85, 85, 85, 85, 85, 85] / writers=[86]
OOO / Test #51 / 1439449713790 / readers=[68, 68, 67, 67, 67, 68, 68, 68, 67, 68] / writers=[68]
OOO / Test #48 / 1439449713712 / readers=[63, 64, 63, 64, 63, 63, 63, 63, 63, 63] / writers=[64]
OOO / Test #32 / 1439449713712 / readers=[63, 63, 63, 63, 63, 63, 63, 63, 63, 63] / writers=[64]
OOO / Test #122 / 1439449713790 / readers=[64, 64, 63, 63, 63, 63, 63, 63, 63, 63] / writers=[64]
OOO / Test #144 / 1439449713712 / readers=[62, 62, 62, 62, 61, 61, 61, 61, 61, 62] / writers=[62]
OOO / Test #73 / 1439449713712 / readers=[62, 62, 62, 61, 62, 61, 61, 61, 61, 61] / writers=[62]
OOO / Test #145 / 1439449713712 / readers=[58, 59, 58, 58, 58, 58, 58, 58, 58, 58] / writers=[59]
OOO / Test #80 / 1439449713709 / readers=[57, 57, 57, 57, 57, 57, 57, 57, 57, 56] / writers=[57]
OOO / Test #91 / 1439449713709 / readers=[59, 59, 59, 59, 59, 59, 59, 58, 58, 59] / writers=[59]
OOO / Test #90 / 1439449713709 / readers=[60, 60, 60, 60, 60, 59, 60, 59, 59, 59] / writers=[60]
OOO / Test #6 / 1439449713709 / readers=[93, 93, 93, 93, 93, 93, 92, 92, 92, 92] / writers=[93]
OOO / Test #45 / 1439449713709 / readers=[67, 66, 66, 67, 67, 67, 66, 67, 67, 66] / writers=[67]
OOO / Test #56 / 1439449713709 / readers=[75, 75, 74, 75, 74, 74, 74, 74, 75, 74] / writers=[75]
OOO / Test #21 / 1439449713709 / readers=[82, 82, 81, 82, 82, 82, 82, 82, 81, 81] / writers=[82]
OOO / Test #91 / 1439449713793 / readers=[60, 60, 60, 60, 60, 60, 59, 59, 59, 60] / writers=[60]
OOO / Test #24 / 1439449713706 / readers=[67, 66, 66, 66, 66, 66, 66, 66, 66, 66] / writers=[67]
OOO / Test #127 / 1439449713706 / readers=[61, 61, 61, 61, 60, 60, 61, 60, 61, 60] / writers=[61]
OOO / Test #91 / 1439449713797 / readers=[61, 61, 61, 61, 61, 60, 60, 60, 60, 61] / writers=[61]
OOO / Test #154 / 1439449713706 / readers=[63, 63, 64, 63, 64, 63, 63, 63, 63, 63] / writers=[64]
OOO / Test #52 / 1439449713706 / readers=[69, 69, 69, 69, 69, 69, 68, 69, 69, 68] / writers=[69]
OOO / Test #149 / 1439449713706 / readers=[54, 54, 54, 55, 54, 54, 54, 54, 54, 54] / writers=[55]
OOO / Test #8 / 1439449713706 / readers=[88, 87, 88, 88, 88, 88, 88, 88, 88, 88] / writers=[88]
OOO / Test #78 / 1439449713706 / readers=[65, 64, 64, 64, 64, 64, 64, 64, 64, 64] / writers=[65]
OOO / Test #139 / 1439449713706 / readers=[61, 62, 61, 62, 62, 61, 62, 61, 61, 61] / writers=[62]
OOO / Test #154 / 1439449713797 / readers=[64, 64, 65, 64, 64, 64, 64, 64, 64, 64] / writers=[65]
OOO / Test #37 / 1439449713706 / readers=[60, 61, 61, 60, 61, 60, 61, 61, 60, 60] / writers=[61]
OOO / Test #137 / 1439449713704 / readers=[54, 54, 54, 54, 54, 54, 54, 54, 54, 54] / writers=[55]
OOO / Test #66 / 1439449713704 / readers=[58, 58, 58, 58, 58, 58, 58, 58, 57, 58] / writers=[58]
OOO / Test #118 / 1439449713704 / readers=[54, 54, 54, 54, 55, 54, 54, 54, 54, 54] / writers=[55]
OOO / Test #9 / 1439449713704 / readers=[86, 86, 86, 86, 86, 86, 86, 86, 86, 86] / writers=[87]
OOO / Test #130 / 1439449713704 / readers=[65, 65, 64, 65, 65, 65, 65, 65, 65, 65] / writers=[65]
OOO / Test #37 / 1439449713801 / readers=[61, 62, 62, 61, 62, 61, 61, 62, 61, 61] / writers=[62]
OOO / Test #84 / 1439449713704 / readers=[61, 61, 61, 61, 61, 61, 61, 60, 60, 60] / writers=[61]
OOO / Test #86 / 1439449713704 / readers=[58, 59, 59, 59, 59, 59, 59, 58, 58, 58] / writers=[59]
OOO / Test #101 / 1439449713704 / readers=[56, 55, 56, 56, 56, 56, 56, 56, 55, 56] / writers=[56]
OOO / Test #118 / 1439449713801 / readers=[55, 55, 55, 55, 55, 55, 55, 55, 55, 55] / writers=[56]
OOO / Test #75 / 1439449713704 / readers=[54, 53, 53, 53, 53, 53, 53, 53, 53, 53] / writers=[54]
OOO / Test #114 / 1439449713701 / readers=[69, 69, 69, 69, 69, 69, 69, 69, 68, 68] / writers=[69]
OOO / Test #10 / 1439449713701 / readers=[68, 69, 69, 69, 69, 69, 69, 69, 69, 69] / writers=[69]
OOO / Test #151 / 1439449713701 / readers=[57, 57, 56, 57, 57, 57, 56, 57, 57, 57] / writers=[57]
OOO / Test #141 / 1439449713701 / readers=[62, 62, 62, 61, 62, 61, 61, 61, 61, 61] / writers=[62]
OOO / Test #82 / 1439449713701 / readers=[62, 62, 62, 62, 61, 61, 61, 61, 62, 61] / writers=[62]
OOO / Test #57 / 1439449713701 / readers=[71, 71, 71, 71, 71, 71, 71, 71, 71, 71] / writers=[72]
OOO / Test #125 / 1439449713701 / readers=[59, 59, 59, 59, 59, 59, 59, 58, 58, 58] / writers=[59]
OOO / Test #96 / 1439449713701 / readers=[62, 62, 62, 62, 61, 61, 61, 61, 61, 61] / writers=[62]
OOO / Test #151 / 1439449713804 / readers=[58, 58, 57, 58, 58, 58, 57, 58, 58, 57] / writers=[58]
OOO / Test #29 / 1439449713701 / readers=[62, 62, 62, 62, 62, 62, 62, 62, 62, 63] / writers=[63]
OOO / Test #65 / 1439449713698 / readers=[69, 69, 69, 69, 69, 69, 69, 69, 68, 68] / writers=[69]
OOO / Test #76 / 1439449713698 / readers=[64, 64, 63, 63, 63, 63, 63, 63, 63, 63] / writers=[64]
OOO / Test #117 / 1439449713698 / readers=[62, 62, 62, 62, 61, 61, 61, 61, 61, 61] / writers=[62]
OOO / Test #124 / 1439449713698 / readers=[62, 63, 63, 63, 62, 62, 62, 62, 62, 62] / writers=[63]
OOO / Test #116 / 1439449713698 / readers=[61, 61, 62, 62, 62, 62, 61, 61, 61, 61] / writers=[62]
OOO / Test #136 / 1439449713698 / readers=[62, 63, 62, 62, 62, 63, 62, 62, 62, 62] / writers=[63]
OOO / Test #65 / 1439449713806 / readers=[70, 70, 70, 70, 70, 70, 70, 69, 69, 69] / writers=[70]
OOO / Test #85 / 1439449713698 / readers=[62, 62, 62, 61, 62, 62, 61, 61, 61, 61] / writers=[62]
OOO / Test #63 / 1439449713698 / readers=[53, 52, 53, 52, 52, 52, 53, 52, 52, 52] / writers=[53]
OOO / Test #135 / 1439449713698 / readers=[61, 61, 61, 61, 61, 61, 62, 61, 61, 61] / writers=[62]
OOO / Test #87 / 1439449713696 / readers=[62, 62, 63, 63, 63, 62, 62, 62, 62, 62] / writers=[63]
OOO / Test #88 / 1439449713696 / readers=[65, 65, 65, 65, 65, 65, 65, 65, 65, 65] / writers=[66]
OOO / Test #112 / 1439449713696 / readers=[60, 60, 60, 60, 60, 60, 59, 59, 59, 59] / writers=[60]
OOO / Test #74 / 1439449713696 / readers=[63, 64, 63, 63, 64, 64, 64, 63, 64, 63] / writers=[64]
OOO / Test #71 / 1439449713696 / readers=[60, 60, 61, 61, 61, 60, 60, 60, 60, 60] / writers=[61]
OOO / Test #128 / 1439449713696 / readers=[63, 63, 63, 62, 62, 62, 62, 62, 62, 62] / writers=[63]
OOO / Test #102 / 1439449713696 / readers=[60, 60, 60, 60, 60, 60, 60, 59, 59, 59] / writers=[60]
OOO / Test #81 / 1439449713693 / readers=[58, 58, 58, 58, 59, 59, 58, 58, 58, 58] / writers=[59]
OOO / Test #112 / 1439449713809 / readers=[61, 61, 61, 61, 61, 60, 60, 60, 60, 60] / writers=[61]
OOO / Test #77 / 1439449713693 / readers=[68, 68, 68, 68, 68, 68, 68, 68, 68, 67] / writers=[68]
OOO / Test #68 / 1439449713693 / readers=[57, 57, 57, 57, 57, 57, 57, 57, 57, 56] / writers=[57]
OOO / Test #92 / 1439449713693 / readers=[63, 62, 63, 63, 62, 62, 62, 62, 62, 63] / writers=[63]
OOO / Test #143 / 1439449713693 / readers=[53, 53, 54, 53, 53, 53, 53, 53, 53, 53] / writers=[54]
OOO / Test #93 / 1439449713693 / readers=[61, 61, 61, 60, 61, 61, 61, 60, 60, 60] / writers=[61]
OOO / Test #106 / 1439449713693 / readers=[58, 58, 58, 58, 58, 58, 58, 59, 58, 58] / writers=[59]
OOO / Test #120 / 1439449713691 / readers=[62, 63, 63, 62, 62, 63, 62, 62, 62, 62] / writers=[63]
OOO / Test #69 / 1439449713691 / readers=[59, 59, 59, 59, 59, 60, 59, 59, 59, 59] / writers=[60]
OOO / Test #92 / 1439449713812 / readers=[64, 63, 64, 63, 63, 63, 63, 63, 63, 64] / writers=[64]
OOO / Test #89 / 1439449713691 / readers=[64, 63, 64, 63, 63, 63, 63, 63, 63, 63] / writers=[64]
OOO / Test #113 / 1439449713691 / readers=[62, 62, 62, 61, 61, 62, 61, 61, 61, 61] / writers=[62]
OOO / Test #132 / 1439449713691 / readers=[57, 57, 57, 57, 57, 57, 57, 57, 56, 57] / writers=[57]
OOO / Test #131 / 1439449713691 / readers=[56, 56, 56, 55, 55, 55, 56, 56, 55, 56] / writers=[56]
OOO / Test #129 / 1439449713691 / readers=[61, 61, 60, 61, 61, 61, 61, 60, 60, 60] / writers=[61]
OOO / Test #79 / 1439449713691 / readers=[52, 51, 51, 52, 52, 51, 51, 51, 51, 51] / writers=[52]
OOO / Test #67 / 1439449713691 / readers=[58, 58, 58, 59, 59, 59, 58, 58, 59, 58] / writers=[59]
OOO / Test #113 / 1439449713815 / readers=[62, 63, 63, 62, 62, 63, 62, 62, 62, 62] / writers=[63]
OOO / Test #138 / 1439449713691 / readers=[64, 64, 63, 63, 63, 63, 63, 63, 63, 63] / writers=[64]
OOO / Test #104 / 1439449713687 / readers=[62, 62, 61, 62, 62, 61, 61, 61, 61, 61] / writers=[62]
OOO / Test #129 / 1439449713815 / readers=[62, 62, 61, 62, 61, 62, 62, 61, 61, 61] / writers=[62]
OOO / Test #105 / 1439449713687 / readers=[59, 59, 59, 59, 59, 59, 59, 58, 58, 58] / writers=[59]
OOO / Test #113 / 1439449713815 / readers=[63, 64, 64, 63, 63, 63, 63, 63, 63, 63] / writers=[64]
OOO / Test #123 / 1439449713687 / readers=[55, 54, 54, 54, 54, 54, 54, 54, 54, 54] / writers=[55]
OOO / Test #70 / 1439449713687 / readers=[57, 57, 57, 57, 57, 57, 57, 57, 57, 56] / writers=[57]
OOO / Test #115 / 1439449713687 / readers=[54, 54, 53, 53, 53, 53, 53, 53, 53, 54] / writers=[54]
OOO / Test #134 / 1439449713687 / readers=[68, 67, 68, 68, 68, 68, 68, 68, 68, 67] / writers=[68]
OOO / Test #110 / 1439449713687 / readers=[60, 60, 60, 60, 60, 60, 60, 59, 59, 60] / writers=[60]
OOO / Test #83 / 1439449713687 / readers=[65, 65, 65, 65, 65, 65, 65, 65, 65, 65] / writers=[66]
OOO / Test #140 / 1439449713684 / readers=[70, 71, 71, 71, 71, 70, 70, 71, 70, 70] / writers=[71]
OOO / Test #121 / 1439449713684 / readers=[58, 58, 59, 59, 59, 59, 59, 59, 58, 58] / writers=[59]
OOO / Test #119 / 1439449713684 / readers=[52, 53, 53, 52, 53, 52, 52, 52, 53, 53] / writers=[53]
OOO / Test #142 / 1439449713684 / readers=[67, 68, 68, 68, 68, 68, 68, 68, 68, 67] / writers=[68]
OOO / Test #126 / 1439449713684 / readers=[58, 58, 58, 58, 58, 58, 58, 58, 57, 58] / writers=[58]
OOO / Test #107 / 1439449713684 / readers=[56, 57, 56, 56, 56, 56, 56, 56, 56, 57] / writers=[57]
OOO / Test #1 / 1439449713684 / readers=[59, 59, 59, 59, 59, 59, 59, 58, 58, 59] / writers=[59]
OOO / Test #111 / 1439449713684 / readers=[66, 67, 66, 67, 67, 67, 67, 67, 67, 67] / writers=[67]
OOO / Test #94 / 1439449713681 / readers=[51, 51, 51, 51, 51, 50, 51, 51, 51, 51] / writers=[51]
OOO / Test #5 / 1439449713681 / readers=[80, 80, 80, 80, 80, 80, 80, 80, 79, 80] / writers=[80]
OOO / Test #103 / 1439449713681 / readers=[68, 68, 68, 68, 68, 68, 67, 68, 68, 68] / writers=[68]
OOO / Test #99 / 1439449713681 / readers=[53, 53, 52, 52, 52, 52, 52, 52, 52, 52] / writers=[53]
OOO / Test #98 / 1439449713681 / readers=[54, 55, 54, 54, 54, 54, 54, 54, 54, 54] / writers=[55]
OOO / Test #111 / 1439449713821 / readers=[67, 68, 67, 68, 68, 68, 68, 68, 68, 67] / writers=[68]
OOO / Test #72 / 1439449713681 / readers=[56, 56, 56, 55, 56, 56, 56, 56, 56, 56] / writers=[56]
OOO / Test #108 / 1439449713681 / readers=[64, 65, 64, 64, 64, 64, 64, 64, 64, 64] / writers=[65]
OOO / Test #25 / 1439449713681 / readers=[63, 63, 63, 63, 63, 63, 63, 64, 63, 64] / writers=[64]
OOO / Test #111 / 1439449713824 / readers=[68, 69, 68, 69, 69, 69, 69, 69, 68, 68] / writers=[69]
OOO / Test #99 / 1439449713821 / readers=[54, 53, 53, 53, 53, 53, 53, 53, 53, 53] / writers=[54]
OOO / Test #98 / 1439449713821 / readers=[55, 55, 55, 55, 55, 55, 55, 55, 55, 55] / writers=[56]
OOO / Test #103 / 1439449713821 / readers=[69, 69, 69, 69, 69, 69, 68, 69, 69, 68] / writers=[69]
OOO / Test #5 / 1439449713821 / readers=[81, 81, 81, 81, 80, 81, 81, 81, 80, 81] / writers=[81]
OOO / Test #25 / 1439449713824 / readers=[64, 64, 64, 64, 64, 64, 64, 64, 64, 65] / writers=[65]
OOO / Test #94 / 1439449713821 / readers=[52, 52, 52, 52, 51, 51, 52, 52, 52, 52] / writers=[52]
OOO / Test #99 / 1439449713824 / readers=[54, 54, 54, 54, 54, 54, 54, 54, 54, 54] / writers=[55]
OOO / Test #1 / 1439449713821 / readers=[60, 60, 60, 60, 60, 60, 60, 59, 59, 59] / writers=[60]
OOO / Test #107 / 1439449713821 / readers=[57, 57, 57, 57, 57, 57, 57, 57, 57, 58] / writers=[58]
OOO / Test #126 / 1439449713821 / readers=[59, 59, 59, 59, 59, 59, 59, 58, 58, 59] / writers=[59]
OOO / Test #142 / 1439449713821 / readers=[68, 69, 69, 69, 69, 69, 69, 69, 68, 68] / writers=[69]
OOO / Test #83 / 1439449713818 / readers=[68, 68, 68, 68, 68, 68, 67, 68, 68, 68] / writers=[68]
OOO / Test #119 / 1439449713818 / readers=[53, 54, 54, 53, 53, 53, 53, 53, 54, 54] / writers=[54]
OOO / Test #1 / 1439449713826 / readers=[61, 60, 61, 61, 61, 61, 61, 60, 60, 60] / writers=[61]
OOO / Test #107 / 1439449713826 / readers=[58, 58, 58, 58, 58, 58, 58, 58, 58, 58] / writers=[59]
OOO / Test #121 / 1439449713818 / readers=[59, 59, 60, 60, 60, 60, 60, 59, 59, 59] / writers=[60]
OOO / Test #99 / 1439449713826 / readers=[57, 57, 57, 57, 57, 57, 57, 57, 56, 57] / writers=[57]
OOO / Test #140 / 1439449713818 / readers=[71, 72, 72, 72, 71, 71, 71, 72, 71, 71] / writers=[72]
OOO / Test #110 / 1439449713818 / readers=[61, 61, 61, 61, 61, 61, 60, 60, 60, 61] / writers=[61]
OOO / Test #134 / 1439449713818 / readers=[69, 68, 69, 69, 68, 69, 69, 69, 69, 68] / writers=[69]
OOO / Test #70 / 1439449713818 / readers=[58, 58, 58, 58, 58, 58, 58, 58, 57, 57] / writers=[58]
OOO / Test #115 / 1439449713818 / readers=[54, 55, 54, 54, 54, 54, 54, 54, 54, 55] / writers=[55]
OOO / Test #99 / 1439449713829 / readers=[58, 58, 58, 58, 58, 58, 58, 58, 57, 57] / writers=[58]
OOO / Test #123 / 1439449713817 / readers=[55, 55, 55, 55, 55, 55, 55, 55, 55, 55] / writers=[56]
OOO / Test #113 / 1439449713817 / readers=[64, 64, 65, 64, 64, 64, 64, 64, 64, 64] / writers=[65]
OOO / Test #134 / 1439449713829 / readers=[70, 69, 70, 70, 69, 70, 70, 69, 70, 69] / writers=[70]
OOO / Test #70 / 1439449713829 / readers=[59, 59, 59, 59, 59, 59, 59, 58, 58, 58] / writers=[59]
OOO / Test #105 / 1439449713815 / readers=[60, 60, 60, 60, 60, 60, 59, 59, 59, 59] / writers=[60]
OOO / Test #104 / 1439449713815 / readers=[63, 62, 62, 63, 63, 62, 62, 62, 62, 62] / writers=[63]
OOO / Test #129 / 1439449713815 / readers=[63, 62, 62, 63, 62, 63, 63, 62, 62, 62] / writers=[63]
OOO / Test #67 / 1439449713815 / readers=[59, 59, 59, 60, 60, 60, 59, 59, 59, 59] / writers=[60]
OOO / Test #138 / 1439449713815 / readers=[65, 64, 64, 64, 64, 64, 64, 64, 64, 64] / writers=[65]
OOO / Test #79 / 1439449713815 / readers=[53, 52, 52, 53, 52, 52, 52, 52, 52, 52] / writers=[53]
OOO / Test #105 / 1439449713832 / readers=[61, 61, 61, 61, 61, 60, 60, 60, 60, 60] / writers=[61]
OOO / Test #104 / 1439449713832 / readers=[63, 63, 63, 64, 64, 63, 63, 63, 63, 63] / writers=[64]
OOO / Test #131 / 1439449713815 / readers=[57, 57, 56, 56, 56, 56, 57, 57, 56, 57] / writers=[57]
OOO / Test #132 / 1439449713815 / readers=[58, 58, 58, 58, 58, 58, 58, 58, 57, 57] / writers=[58]
OOO / Test #89 / 1439449713812 / readers=[65, 64, 64, 64, 64, 64, 64, 64, 64, 64] / writers=[65]
OOO / Test #69 / 1439449713812 / readers=[60, 60, 60, 60, 60, 60, 60, 60, 60, 60] / writers=[61]
OOO / Test #92 / 1439449713812 / readers=[65, 64, 65, 64, 64, 64, 64, 64, 64, 64] / writers=[65]
OOO / Test #89 / 1439449713836 / readers=[65, 65, 65, 65, 65, 65, 65, 65, 65, 65] / writers=[66]
OOO / Test #120 / 1439449713812 / readers=[63, 64, 64, 63, 63, 63, 63, 63, 63, 63] / writers=[64]
OOO / Test #106 / 1439449713812 / readers=[59, 59, 59, 59, 59, 59, 59, 59, 59, 59] / writers=[60]
OOO / Test #93 / 1439449713812 / readers=[62, 62, 62, 61, 62, 62, 61, 61, 61, 61] / writers=[62]
OOO / Test #69 / 1439449713836 / readers=[63, 63, 63, 63, 62, 63, 63, 63, 63, 63] / writers=[63]
OOO / Test #68 / 1439449713812 / readers=[58, 58, 58, 58, 58, 58, 58, 58, 57, 57] / writers=[58]
OOO / Test #120 / 1439449713837 / readers=[64, 65, 64, 64, 64, 64, 64, 64, 64, 64] / writers=[65]
OOO / Test #143 / 1439449713812 / readers=[54, 54, 54, 54, 54, 54, 54, 54, 54, 54] / writers=[55]
OOO / Test #77 / 1439449713812 / readers=[69, 69, 69, 69, 69, 69, 69, 68, 69, 68] / writers=[69]
OOO / Test #81 / 1439449713809 / readers=[59, 59, 59, 59, 60, 59, 59, 59, 59, 59] / writers=[60]
OOO / Test #102 / 1439449713809 / readers=[61, 61, 61, 61, 61, 61, 60, 60, 60, 60] / writers=[61]
OOO / Test #112 / 1439449713809 / readers=[62, 62, 62, 62, 61, 61, 61, 61, 61, 61] / writers=[62]
OOO / Test #128 / 1439449713809 / readers=[64, 64, 63, 63, 63, 63, 63, 63, 63, 63] / writers=[64]
OOO / Test #88 / 1439449713809 / readers=[68, 68, 68, 68, 68, 68, 68, 68, 68, 67] / writers=[68]
OOO / Test #71 / 1439449713809 / readers=[61, 61, 62, 62, 61, 61, 61, 61, 61, 61] / writers=[62]
OOO / Test #77 / 1439449713840 / readers=[70, 70, 70, 70, 70, 70, 70, 69, 69, 69] / writers=[70]
OOO / Test #81 / 1439449713840 / readers=[60, 60, 60, 60, 60, 60, 60, 60, 60, 60] / writers=[61]
OOO / Test #74 / 1439449713809 / readers=[64, 65, 64, 64, 65, 64, 65, 64, 65, 64] / writers=[65]
OOO / Test #102 / 1439449713840 / readers=[62, 62, 62, 62, 61, 62, 61, 61, 61, 61] / writers=[62]
OOO / Test #87 / 1439449713809 / readers=[63, 63, 64, 64, 63, 63, 63, 63, 63, 63] / writers=[64]
OOO / Test #135 / 1439449713809 / readers=[62, 62, 62, 62, 62, 62, 62, 62, 62, 62] / writers=[63]
OOO / Test #63 / 1439449713809 / readers=[54, 53, 53, 53, 53, 53, 54, 53, 53, 53] / writers=[54]
OOO / Test #85 / 1439449713807 / readers=[62, 63, 63, 62, 63, 63, 62, 62, 62, 62] / writers=[63]
OOO / Test #136 / 1439449713807 / readers=[63, 64, 63, 63, 63, 63, 63, 63, 63, 63] / writers=[64]
OOO / Test #65 / 1439449713807 / readers=[71, 71, 71, 71, 71, 71, 70, 70, 70, 70] / writers=[71]
OOO / Test #116 / 1439449713806 / readers=[62, 62, 63, 63, 63, 62, 62, 62, 62, 62] / writers=[63]
OOO / Test #124 / 1439449713806 / readers=[63, 64, 64, 63, 63, 63, 63, 63, 63, 63] / writers=[64]
OOO / Test #117 / 1439449713806 / readers=[63, 63, 63, 62, 62, 62, 62, 62, 62, 62] / writers=[63]
OOO / Test #76 / 1439449713806 / readers=[65, 64, 64, 64, 64, 64, 64, 64, 64, 64] / writers=[65]
OOO / Test #29 / 1439449713806 / readers=[63, 63, 63, 63, 63, 63, 63, 63, 63, 63] / writers=[64]
OOO / Test #151 / 1439449713806 / readers=[59, 59, 58, 59, 59, 59, 58, 59, 58, 58] / writers=[59]
OOO / Test #57 / 1439449713804 / readers=[74, 74, 74, 74, 74, 74, 73, 74, 74, 74] / writers=[74]
OOO / Test #125 / 1439449713804 / readers=[60, 60, 60, 60, 60, 60, 59, 59, 59, 59] / writers=[60]
OOO / Test #96 / 1439449713804 / readers=[63, 63, 63, 62, 62, 62, 62, 62, 62, 62] / writers=[63]
OOO / Test #82 / 1439449713804 / readers=[63, 63, 63, 62, 62, 62, 62, 62, 63, 62] / writers=[63]
OOO / Test #141 / 1439449713804 / readers=[63, 63, 62, 62, 63, 62, 62, 62, 62, 62] / writers=[63]
OOO / Test #118 / 1439449713804 / readers=[58, 58, 58, 58, 58, 58, 58, 58, 58, 57] / writers=[58]
OOO / Test #76 / 1439449713846 / readers=[65, 65, 65, 65, 65, 65, 65, 65, 65, 65] / writers=[66]
OOO / Test #57 / 1439449713846 / readers=[75, 75, 75, 74, 75, 75, 74, 75, 75, 75] / writers=[75]
OOO / Test #10 / 1439449713804 / readers=[69, 70, 70, 70, 70, 70, 70, 70, 69, 70] / writers=[70]
OOO / Test #114 / 1439449713804 / readers=[70, 70, 70, 70, 70, 70, 70, 69, 69, 69] / writers=[70]
OOO / Test #75 / 1439449713804 / readers=[54, 54, 54, 54, 54, 54, 54, 54, 54, 54] / writers=[55]
OOO / Test #101 / 1439449713801 / readers=[57, 56, 57, 57, 57, 57, 57, 57, 56, 56] / writers=[57]
OOO / Test #9 / 1439449713801 / readers=[89, 89, 89, 89, 89, 89, 89, 89, 88, 89] / writers=[89]
OOO / Test #86 / 1439449713801 / readers=[59, 60, 60, 60, 60, 60, 59, 59, 59, 59] / writers=[60]
OOO / Test #10 / 1439449713850 / readers=[70, 71, 71, 71, 71, 71, 70, 71, 70, 71] / writers=[71]
OOO / Test #114 / 1439449713850 / readers=[71, 71, 71, 71, 71, 71, 70, 70, 70, 70] / writers=[71]
OOO / Test #84 / 1439449713801 / readers=[62, 62, 62, 62, 62, 61, 62, 61, 61, 61] / writers=[62]
OOO / Test #101 / 1439449713850 / readers=[58, 57, 58, 58, 58, 58, 58, 57, 57, 57] / writers=[58]
OOO / Test #9 / 1439449713850 / readers=[90, 90, 90, 90, 90, 90, 90, 90, 89, 89] / writers=[90]
OOO / Test #130 / 1439449713801 / readers=[66, 65, 65, 66, 66, 66, 66, 66, 66, 66] / writers=[66]
OOO / Test #37 / 1439449713801 / readers=[62, 63, 63, 62, 63, 62, 62, 62, 62, 62] / writers=[63]
OOO / Test #137 / 1439449713801 / readers=[57, 57, 57, 57, 57, 57, 57, 57, 57, 56] / writers=[57]
OOO / Test #66 / 1439449713801 / readers=[59, 59, 59, 59, 59, 59, 59, 58, 58, 59] / writers=[59]
OOO / Test #154 / 1439449713801 / readers=[65, 65, 65, 65, 65, 65, 65, 65, 65, 65] / writers=[66]
OOO / Test #8 / 1439449713797 / readers=[89, 88, 88, 89, 89, 89, 89, 89, 89, 89] / writers=[89]
OOO / Test #139 / 1439449713797 / readers=[62, 62, 62, 63, 63, 62, 63, 62, 62, 62] / writers=[63]
OOO / Test #37 / 1439449713853 / readers=[63, 64, 63, 63, 64, 63, 63, 63, 63, 63] / writers=[64]
OOO / Test #78 / 1439449713797 / readers=[65, 65, 65, 65, 65, 65, 65, 65, 65, 65] / writers=[66]
OOO / Test #66 / 1439449713853 / readers=[60, 60, 60, 60, 60, 60, 59, 59, 59, 60] / writers=[60]
OOO / Test #52 / 1439449713797 / readers=[70, 70, 70, 70, 70, 69, 69, 70, 70, 69] / writers=[70]
OOO / Test #149 / 1439449713797 / readers=[55, 55, 55, 55, 55, 55, 55, 55, 55, 55] / writers=[56]
OOO / Test #91 / 1439449713797 / readers=[62, 62, 62, 61, 62, 61, 61, 61, 61, 62] / writers=[62]
OOO / Test #127 / 1439449713797 / readers=[62, 62, 61, 62, 61, 61, 62, 61, 62, 61] / writers=[62]
OOO / Test #24 / 1439449713797 / readers=[67, 67, 67, 67, 67, 67, 67, 67, 67, 67] / writers=[68]
OOO / Test #66 / 1439449713855 / readers=[61, 61, 61, 61, 61, 60, 60, 60, 60, 61] / writers=[61]
OOO / Test #21 / 1439449713794 / readers=[83, 83, 82, 83, 82, 83, 83, 83, 82, 82] / writers=[83]
OOO / Test #56 / 1439449713794 / readers=[76, 76, 75, 76, 75, 75, 75, 75, 75, 75] / writers=[76]
OOO / Test #45 / 1439449713794 / readers=[68, 67, 67, 68, 68, 68, 67, 68, 67, 67] / writers=[68]
OOO / Test #91 / 1439449713856 / readers=[63, 63, 62, 62, 63, 62, 62, 62, 62, 63] / writers=[63]
OOO / Test #66 / 1439449713856 / readers=[62, 62, 62, 62, 61, 61, 61, 61, 61, 62] / writers=[62]
OOO / Test #6 / 1439449713794 / readers=[94, 94, 94, 94, 94, 93, 93, 93, 93, 93] / writers=[94]
OOO / Test #90 / 1439449713794 / readers=[61, 61, 61, 61, 60, 60, 61, 60, 60, 60] / writers=[61]
OOO / Test #80 / 1439449713793 / readers=[58, 58, 58, 58, 58, 58, 58, 57, 58, 57] / writers=[58]
OOO / Test #73 / 1439449713793 / readers=[63, 63, 63, 62, 62, 62, 63, 62, 62, 62] / writers=[63]
OOO / Test #145 / 1439449713793 / readers=[59, 59, 59, 59, 59, 59, 59, 59, 59, 59] / writers=[60]
OOO / Test #144 / 1439449713793 / readers=[63, 63, 63, 62, 62, 62, 62, 62, 62, 63] / writers=[63]
OOO / Test #122 / 1439449713793 / readers=[65, 64, 64, 64, 64, 64, 64, 64, 64, 64] / writers=[65]
OOO / Test #32 / 1439449713790 / readers=[65, 66, 66, 66, 66, 66, 66, 66, 66, 66] / writers=[66]
OOO / Test #4 / 1439449713790 / readers=[86, 87, 87, 86, 86, 86, 86, 86, 86, 86] / writers=[87]
OOO / Test #73 / 1439449713859 / readers=[64, 64, 63, 63, 63, 63, 64, 63, 63, 63] / writers=[64]
OOO / Test #48 / 1439449713790 / readers=[64, 64, 64, 65, 64, 64, 64, 64, 64, 64] / writers=[65]
OOO / Test #42 / 1439449713790 / readers=[68, 68, 68, 68, 68, 68, 68, 68, 68, 67] / writers=[68]
OOO / Test #51 / 1439449713790 / readers=[69, 69, 68, 68, 68, 69, 68, 69, 68, 69] / writers=[69]
OOO / Test #41 / 1439449713790 / readers=[59, 59, 60, 59, 59, 60, 60, 60, 59, 60] / writers=[60]
OOO / Test #16 / 1439449713790 / readers=[82, 82, 82, 82, 82, 82, 81, 82, 81, 81] / writers=[82]
OOO / Test #109 / 1439449713790 / readers=[72, 72, 72, 72, 71, 71, 72, 71, 71, 71] / writers=[72]
OOO / Test #12 / 1439449713786 / readers=[88, 88, 87, 88, 88, 88, 88, 88, 88, 88] / writers=[88]
OOO / Test #23 / 1439449713786 / readers=[74, 73, 74, 73, 73, 73, 73, 73, 73, 73] / writers=[74]
OOO / Test #51 / 1439449713862 / readers=[70, 70, 69, 69, 69, 70, 69, 69, 69, 70] / writers=[70]
OOO / Test #33 / 1439449713786 / readers=[59, 59, 59, 59, 59, 59, 59, 58, 59, 58] / writers=[59]
OOO / Test #155 / 1439449713786 / readers=[60, 60, 60, 60, 60, 60, 60, 61, 60, 60] / writers=[61]
OOO / Test #17 / 1439449713786 / readers=[76, 76, 76, 76, 76, 76, 76, 76, 76, 76] / writers=[77]
OOO / Test #19 / 1439449713786 / readers=[70, 70, 70, 70, 70, 70, 70, 71, 70, 70] / writers=[71]
OOO / Test #147 / 1439449713786 / readers=[58, 58, 58, 58, 58, 58, 58, 58, 58, 57] / writers=[58]
OOO / Test #133 / 1439449713786 / readers=[55, 55, 55, 55, 55, 55, 55, 55, 55, 56] / writers=[56]
OOO / Test #46 / 1439449713784 / readers=[69, 69, 70, 69, 70, 69, 69, 70, 70, 70] / writers=[70]
OOO / Test #64 / 1439449713784 / readers=[65, 65, 65, 65, 65, 65, 65, 65, 65, 65] / writers=[66]
OOO / Test #58 / 1439449713784 / readers=[63, 63, 63, 64, 63, 63, 63, 63, 63, 63] / writers=[64]
OOO / Test #19 / 1439449713865 / readers=[71, 71, 71, 71, 71, 71, 71, 71, 71, 71] / writers=[72]
OOO / Test #147 / 1439449713865 / readers=[59, 59, 59, 59, 59, 59, 58, 59, 59, 58] / writers=[59]
OOO / Test #38 / 1439449713784 / readers=[67, 67, 68, 68, 68, 68, 68, 67, 68, 68] / writers=[68]
OOO / Test #35 / 1439449713784 / readers=[69, 68, 69, 69, 69, 69, 69, 69, 69, 69] / writers=[69]
OOO / Test #157 / 1439449713784 / readers=[66, 66, 66, 66, 66, 66, 66, 66, 66, 66] / writers=[67]
OOO / Test #59 / 1439449713784 / readers=[67, 67, 67, 68, 68, 68, 68, 67, 67, 67] / writers=[68]
OOO / Test #146 / 1439449713784 / readers=[66, 65, 65, 65, 66, 66, 65, 65, 65, 65] / writers=[66]
OOO / Test #39 / 1439449713784 / readers=[66, 66, 67, 66, 66, 66, 66, 66, 66, 66] / writers=[67]
OOO / Test #26 / 1439449713781 / readers=[62, 62, 61, 62, 62, 62, 61, 61, 62, 62] / writers=[62]
OOO / Test #38 / 1439449713869 / readers=[68, 68, 69, 69, 69, 69, 69, 68, 69, 68] / writers=[69]
OOO / Test #34 / 1439449713781 / readers=[64, 64, 64, 64, 64, 64, 65, 64, 64, 64] / writers=[65]
OOO / Test #18 / 1439449713781 / readers=[72, 72, 72, 71, 72, 72, 71, 72, 72, 71] / writers=[72]
OOO / Test #198 / 1439449713781 / readers=[64, 65, 65, 64, 64, 64, 65, 64, 64, 64] / writers=[65]
OOO / Test #146 / 1439449713869 / readers=[66, 66, 66, 66, 67, 67, 66, 66, 66, 66] / writers=[67]
OOO / Test #28 / 1439449713781 / readers=[69, 70, 69, 70, 70, 69, 69, 70, 69, 70] / writers=[70]
OOO / Test #40 / 1439449713781 / readers=[65, 65, 66, 66, 65, 65, 66, 65, 65, 65] / writers=[66]
OOO / Test #167 / 1439449713781 / readers=[59, 60, 60, 60, 60, 59, 60, 59, 59, 59] / writers=[60]
OOO / Test #190 / 1439449713781 / readers=[68, 68, 68, 68, 68, 68, 69, 69, 69, 68] / writers=[69]
OOO / Test #95 / 1439449713778 / readers=[69, 70, 69, 69, 69, 69, 69, 69, 69, 69] / writers=[70]
OOO / Test #15 / 1439449713778 / readers=[81, 81, 81, 82, 82, 82, 81, 81, 81, 81] / writers=[82]
OOO / Test #62 / 1439449713778 / readers=[64, 64, 64, 64, 63, 63, 63, 64, 64, 64] / writers=[64]
OOO / Test #40 / 1439449713872 / readers=[66, 66, 67, 66, 66, 66, 67, 66, 66, 66] / writers=[67]
OOO / Test #167 / 1439449713872 / readers=[60, 61, 61, 61, 60, 60, 61, 60, 60, 60] / writers=[61]
OOO / Test #22 / 1439449713778 / readers=[67, 67, 67, 68, 68, 68, 68, 68, 68, 68] / writers=[68]
OOO / Test #180 / 1439449713778 / readers=[58, 58, 58, 58, 58, 58, 58, 57, 57, 58] / writers=[58]
OOO / Test #55 / 1439449713778 / readers=[74, 74, 74, 74, 73, 73, 73, 73, 73, 74] / writers=[74]
OOO / Test #36 / 1439449713775 / readers=[64, 65, 65, 64, 64, 64, 64, 65, 65, 65] / writers=[65]
OOO / Test #31 / 1439449713775 / readers=[63, 64, 63, 64, 64, 64, 63, 64, 64, 64] / writers=[64]
OOO / Test #148 / 1439449713775 / readers=[56, 56, 56, 56, 56, 56, 56, 56, 56, 56] / writers=[57]
OOO / Test #162 / 1439449713775 / readers=[61, 62, 62, 62, 62, 61, 61, 61, 61, 61] / writers=[62]
OOO / Test #44 / 1439449713775 / readers=[66, 65, 65, 65, 65, 65, 65, 65, 65, 65] / writers=[66]
OOO / Test #49 / 1439449713775 / readers=[67, 67, 67, 67, 67, 67, 67, 67, 68, 67] / writers=[68]
OOO / Test #43 / 1439449713775 / readers=[63, 64, 63, 63, 64, 64, 64, 63, 64, 63] / writers=[64]
OOO / Test #31 / 1439449713875 / readers=[64, 65, 64, 64, 65, 65, 64, 65, 65, 65] / writers=[65]
OOO / Test #153 / 1439449713775 / readers=[73, 73, 73, 72, 73, 73, 73, 72, 72, 73] / writers=[73]
OOO / Test #30 / 1439449713775 / readers=[64, 64, 64, 63, 64, 63, 63, 63, 64, 64] / writers=[64]
OOO / Test #14 / 1439449713773 / readers=[95, 95, 95, 95, 95, 95, 94, 95, 95, 95] / writers=[95]
OOO / Test #178 / 1439449713773 / readers=[65, 65, 64, 64, 64, 64, 65, 65, 64, 64] / writers=[65]
OOO / Test #97 / 1439449713772 / readers=[70, 69, 70, 70, 70, 70, 70, 69, 69, 70] / writers=[70]
OOO / Test #27 / 1439449713772 / readers=[62, 62, 62, 62, 61, 61, 61, 61, 62, 62] / writers=[62]
OOO / Test #164 / 1439449713772 / readers=[60, 60, 60, 60, 60, 60, 59, 59, 59, 59] / writers=[60]
OOO / Test #60 / 1439449713772 / readers=[61, 60, 60, 60, 60, 60, 61, 61, 61, 60] / writers=[61]
OOO / Test #20 / 1439449713772 / readers=[63, 63, 62, 62, 63, 62, 62, 62, 63, 63] / writers=[63]
OOO / Test #178 / 1439449713878 / readers=[66, 65, 65, 65, 65, 65, 66, 66, 65, 65] / writers=[66]
OOO / Test #161 / 1439449713772 / readers=[65, 64, 64, 64, 65, 65, 65, 65, 65, 65] / writers=[65]
OOO / Test #166 / 1439449713772 / readers=[58, 58, 58, 59, 59, 59, 59, 58, 58, 58] / writers=[59]
OOO / Test #182 / 1439449713770 / readers=[60, 60, 60, 60, 60, 60, 59, 59, 59, 59] / writers=[60]
OOO / Test #163 / 1439449713770 / readers=[63, 63, 63, 62, 62, 62, 62, 62, 62, 63] / writers=[63]
OOO / Test #171 / 1439449713770 / readers=[63, 63, 63, 63, 63, 62, 62, 62, 62, 62] / writers=[63]
OOO / Test #177 / 1439449713770 / readers=[60, 61, 61, 61, 61, 60, 60, 60, 60, 61] / writers=[61]
OOO / Test #7 / 1439449713770 / readers=[68, 69, 68, 69, 69, 69, 69, 69, 68, 69] / writers=[69]
OOO / Test #161 / 1439449713880 / readers=[66, 65, 65, 65, 66, 66, 65, 66, 66, 66] / writers=[66]
OOO / Test #169 / 1439449713770 / readers=[61, 61, 61, 61, 60, 61, 60, 60, 60, 61] / writers=[61]
OOO / Test #163 / 1439449713881 / readers=[64, 64, 63, 63, 63, 63, 63, 63, 63, 64] / writers=[64]
OOO / Test #13 / 1439449713770 / readers=[85, 85, 85, 85, 85, 86, 86, 85, 85, 85] / writers=[86]
OOO / Test #61 / 1439449713770 / readers=[66, 67, 67, 67, 67, 67, 67, 67, 67, 66] / writers=[67]
OOO / Test #160 / 1439449713769 / readers=[63, 62, 62, 63, 62, 62, 62, 62, 62, 62] / writers=[63]
OOO / Test #156 / 1439449713767 / readers=[61, 60, 61, 61, 61, 61, 61, 60, 60, 60] / writers=[61]
OOO / Test #150 / 1439449713767 / readers=[63, 63, 63, 63, 63, 63, 63, 63, 63, 63] / writers=[64]
OOO / Test #181 / 1439449713767 / readers=[64, 63, 63, 63, 63, 63, 64, 63, 63, 64] / writers=[64]
OOO / Test #158 / 1439449713767 / readers=[61, 62, 62, 62, 61, 61, 61, 61, 61, 61] / writers=[62]
OOO / Test #176 / 1439449713767 / readers=[57, 57, 57, 57, 57, 57, 56, 57, 57, 57] / writers=[57]
OOO / Test #100 / 1439449713767 / readers=[69, 69, 69, 69, 69, 69, 69, 69, 68, 68] / writers=[69]
OOO / Test #156 / 1439449713883 / readers=[62, 61, 62, 62, 62, 62, 61, 61, 61, 61] / writers=[62]
OOO / Test #192 / 1439449713767 / readers=[72, 72, 72, 71, 72, 71, 71, 72, 71, 71] / writers=[72]
OOO / Test #181 / 1439449713883 / readers=[64, 64, 64, 64, 64, 64, 65, 64, 64, 65] / writers=[65]
OOO / Test #195 / 1439449713767 / readers=[59, 59, 59, 59, 59, 59, 59, 58, 59, 58] / writers=[59]
OOO / Test #173 / 1439449713764 / readers=[63, 63, 62, 63, 62, 62, 62, 62, 62, 62] / writers=[63]
OOO / Test #168 / 1439449713764 / readers=[53, 53, 53, 53, 53, 53, 53, 53, 53, 53] / writers=[54]
OOO / Test #54 / 1439449713764 / readers=[74, 74, 74, 74, 74, 74, 74, 74, 73, 74] / writers=[74]
OOO / Test #165 / 1439449713764 / readers=[61, 61, 61, 61, 60, 60, 60, 60, 60, 60] / writers=[61]
OOO / Test #11 / 1439449713764 / readers=[91, 90, 91, 90, 91, 91, 91, 91, 91, 90] / writers=[91]
OOO / Test #195 / 1439449713886 / readers=[60, 60, 60, 60, 60, 60, 60, 59, 59, 59] / writers=[60]
OOO / Test #187 / 1439449713764 / readers=[60, 60, 60, 60, 60, 60, 59, 59, 59, 59] / writers=[60]
OOO / Test #184 / 1439449713760 / readers=[57, 57, 57, 57, 57, 57, 57, 57, 57, 57] / writers=[58]
OOO / Test #193 / 1439449713760 / readers=[59, 59, 59, 59, 59, 58, 59, 59, 58, 58] / writers=[59]
OOO / Test #174 / 1439449713760 / readers=[54, 54, 54, 54, 54, 54, 54, 54, 54, 54] / writers=[55]
OOO / Test #199 / 1439449713760 / readers=[66, 65, 65, 65, 66, 66, 66, 65, 66, 66] / writers=[66]
OOO / Test #194 / 1439449713760 / readers=[60, 60, 60, 61, 60, 61, 60, 60, 60, 60] / writers=[61]
OOO / Test #200 / 1439449713760 / readers=[60, 60, 60, 60, 60, 60, 59, 59, 59, 59] / writers=[60]
OOO / Test #191 / 1439449713760 / readers=[59, 59, 59, 58, 59, 59, 59, 59, 58, 58] / writers=[59]
OOO / Test #152 / 1439449713760 / readers=[61, 62, 62, 62, 61, 61, 61, 61, 61, 61] / writers=[62]
OOO / Test #193 / 1439449713889 / readers=[60, 60, 60, 60, 60, 59, 60, 59, 59, 59] / writers=[60]
OOO / Test #53 / 1439449713757 / readers=[52, 51, 52, 52, 51, 51, 52, 52, 51, 52] / writers=[52]
OOO / Test #197 / 1439449713757 / readers=[64, 65, 64, 64, 64, 64, 64, 64, 65, 64] / writers=[65]
OOO / Test #191 / 1439449713890 / readers=[60, 60, 60, 59, 60, 60, 60, 59, 59, 59] / writers=[60]
OOO / Test #186 / 1439449713757 / readers=[59, 59, 59, 59, 59, 59, 59, 59, 58, 58] / writers=[59]
OOO / Test #183 / 1439449713757 / readers=[57, 58, 58, 57, 58, 58, 58, 58, 58, 57] / writers=[58]
OOO / Test #188 / 1439449713757 / readers=[60, 60, 60, 60, 59, 60, 60, 59, 59, 59] / writers=[60]
OOO / Test #50 / 1439449713757 / readers=[59, 58, 59, 59, 59, 59, 59, 59, 59, 58] / writers=[59]
OOO / Test #186 / 1439449713893 / readers=[60, 60, 60, 60, 60, 60, 60, 59, 59, 59] / writers=[60]
OOO / Test #159 / 1439449713757 / readers=[60, 60, 59, 60, 60, 60, 59, 59, 59, 59] / writers=[60]
OOO / Test #172 / 1439449713757 / readers=[58, 58, 58, 58, 58, 58, 58, 58, 57, 57] / writers=[58]
OOO / Test #185 / 1439449713757 / readers=[54, 54, 54, 54, 54, 54, 54, 54, 54, 54] / writers=[55]
OOO / Test #175 / 1439449713755 / readers=[50, 50, 50, 50, 50, 50, 50, 50, 50, 50] / writers=[51]
OOO / Test #2 / 1439449713755 / readers=[55, 54, 55, 54, 54, 54, 54, 54, 54, 54] / writers=[55]
OOO / Test #189 / 1439449713755 / readers=[43, 42, 42, 42, 42, 42, 42, 42, 42, 42] / writers=[43]
OOO / Test #3 / 1439449713755 / readers=[74, 75, 75, 75, 75, 75, 75, 75, 75, 75] / writers=[75]
OOO / Test #170 / 1439449713755 / readers=[59, 59, 59, 59, 59, 59, 59, 59, 59, 58] / writers=[59]
OOO / Test #47 / 1439449713755 / readers=[55, 55, 55, 55, 55, 55, 56, 55, 55, 55] / writers=[56]
OOO / Test #179 / 1439449713753 / readers=[43, 44, 43, 43, 43, 44, 44, 44, 44, 44] / writers=[44]
OOO / Test #196 / 1439449713753 / readers=[58, 58, 58, 59, 58, 59, 59, 59, 58, 58] / writers=[59]
OOO / Test #47 / 1439449713896 / readers=[56, 56, 56, 56, 56, 56, 56, 56, 56, 56] / writers=[57]
OOO / Test #179 / 1439449713896 / readers=[44, 44, 44, 44, 44, 45, 45, 45, 45, 45] / writers=[45]
OOO / Test #175 / 1439449713893 / readers=[53, 53, 53, 52, 53, 53, 53, 53, 53, 53] / writers=[53]
OOO / Test #185 / 1439449713893 / readers=[57, 57, 57, 57, 57, 57, 57, 57, 57, 56] / writers=[57]
OOO / Test #2 / 1439449713893 / readers=[55, 55, 56, 55, 55, 55, 55, 55, 55, 55] / writers=[56]
OOO / Test #172 / 1439449713893 / readers=[59, 59, 59, 59, 59, 59, 59, 58, 58, 58] / writers=[59]
OOO / Test #159 / 1439449713893 / readers=[60, 61, 60, 61, 61, 61, 60, 60, 60, 60] / writers=[61]
OOO / Test #50 / 1439449713893 / readers=[60, 59, 60, 59, 60, 60, 60, 60, 60, 59] / writers=[60]
OOO / Test #186 / 1439449713893 / readers=[61, 61, 61, 61, 61, 60, 61, 60, 60, 60] / writers=[61]
OOO / Test #188 / 1439449713893 / readers=[61, 61, 61, 61, 60, 61, 60, 60, 60, 60] / writers=[61]
OOO / Test #183 / 1439449713893 / readers=[58, 59, 59, 58, 59, 59, 59, 59, 58, 58] / writers=[59]
OOO / Test #191 / 1439449713893 / readers=[61, 61, 61, 60, 61, 61, 60, 60, 60, 60] / writers=[61]
OOO / Test #197 / 1439449713890 / readers=[65, 66, 65, 65, 65, 65, 65, 65, 65, 65] / writers=[66]
OOO / Test #53 / 1439449713890 / readers=[53, 52, 53, 53, 52, 52, 52, 53, 52, 53] / writers=[53]
OOO / Test #152 / 1439449713890 / readers=[62, 63, 63, 62, 62, 62, 62, 62, 62, 62] / writers=[63]
OOO / Test #193 / 1439449713890 / readers=[61, 61, 61, 61, 61, 60, 60, 60, 60, 60] / writers=[61]
OOO / Test #174 / 1439449713890 / readers=[57, 57, 57, 57, 57, 57, 57, 57, 56, 57] / writers=[57]
OOO / Test #200 / 1439449713890 / readers=[61, 61, 61, 61, 61, 60, 60, 60, 60, 60] / writers=[61]
OOO / Test #199 / 1439449713890 / readers=[66, 66, 66, 66, 67, 67, 67, 66, 67, 67] / writers=[67]
OOO / Test #194 / 1439449713890 / readers=[61, 61, 61, 61, 61, 62, 61, 61, 61, 61] / writers=[62]
OOO / Test #184 / 1439449713887 / readers=[60, 60, 60, 60, 60, 60, 59, 60, 60, 60] / writers=[60]
OOO / Test #193 / 1439449713903 / readers=[62, 62, 62, 62, 61, 61, 61, 61, 61, 61] / writers=[62]
OOO / Test #168 / 1439449713886 / readers=[56, 56, 56, 56, 56, 55, 56, 56, 56, 56] / writers=[56]
OOO / Test #187 / 1439449713886 / readers=[61, 61, 61, 61, 61, 60, 60, 60, 60, 60] / writers=[61]
OOO / Test #199 / 1439449713903 / readers=[67, 67, 67, 67, 68, 68, 68, 67, 68, 67] / writers=[68]
OOO / Test #174 / 1439449713903 / readers=[58, 58, 58, 58, 58, 58, 58, 58, 57, 57] / writers=[58]
OOO / Test #11 / 1439449713886 / readers=[92, 91, 92, 91, 92, 92, 92, 92, 91, 91] / writers=[92]
OOO / Test #195 / 1439449713886 / readers=[61, 61, 61, 61, 61, 61, 60, 60, 60, 60] / writers=[61]
OOO / Test #165 / 1439449713886 / readers=[62, 62, 62, 61, 61, 61, 61, 61, 61, 61] / writers=[62]
OOO / Test #54 / 1439449713886 / readers=[75, 75, 75, 75, 75, 75, 75, 75, 74, 74] / writers=[75]
OOO / Test #174 / 1439449713906 / readers=[59, 59, 59, 59, 59, 59, 59, 58, 58, 58] / writers=[59]
OOO / Test #173 / 1439449713886 / readers=[64, 64, 63, 63, 63, 63, 63, 63, 63, 63] / writers=[64]
OOO / Test #181 / 1439449713886 / readers=[65, 65, 65, 65, 65, 65, 66, 65, 65, 65] / writers=[66]
OOO / Test #11 / 1439449713906 / readers=[92, 92, 93, 92, 93, 93, 93, 93, 92, 92] / writers=[93]
OOO / Test #192 / 1439449713883 / readers=[73, 73, 73, 72, 72, 72, 72, 73, 72, 72] / writers=[73]
OOO / Test #174 / 1439449713906 / readers=[60, 60, 60, 59, 60, 60, 60, 59, 59, 59] / writers=[60]
OOO / Test #100 / 1439449713883 / readers=[70, 70, 70, 70, 70, 70, 70, 69, 69, 69] / writers=[70]
OOO / Test #156 / 1439449713883 / readers=[63, 62, 63, 63, 63, 62, 62, 62, 62, 62] / writers=[63]
OOO / Test #176 / 1439449713883 / readers=[58, 58, 58, 58, 58, 58, 57, 58, 58, 57] / writers=[58]
OOO / Test #150 / 1439449713883 / readers=[66, 65, 66, 66, 66, 66, 66, 66, 66, 66] / writers=[66]
OOO / Test #158 / 1439449713883 / readers=[62, 63, 63, 62, 62, 62, 62, 62, 62, 62] / writers=[63]
OOO / Test #160 / 1439449713883 / readers=[64, 63, 63, 63, 63, 63, 63, 63, 63, 63] / writers=[64]
OOO / Test #174 / 1439449713909 / readers=[61, 61, 61, 60, 61, 61, 60, 60, 60, 60] / writers=[61]
OOO / Test #13 / 1439449713883 / readers=[86, 86, 86, 86, 86, 86, 87, 86, 86, 86] / writers=[87]
OOO / Test #61 / 1439449713883 / readers=[67, 68, 67, 68, 68, 68, 68, 68, 68, 67] / writers=[68]
OOO / Test #176 / 1439449713909 / readers=[59, 59, 59, 59, 59, 59, 58, 58, 59, 58] / writers=[59]
OOO / Test #169 / 1439449713881 / readers=[62, 62, 62, 61, 61, 62, 61, 61, 61, 62] / writers=[62]
OOO / Test #177 / 1439449713881 / readers=[61, 62, 62, 62, 61, 61, 61, 61, 61, 62] / writers=[62]
OOO / Test #163 / 1439449713881 / readers=[65, 64, 64, 64, 64, 64, 64, 64, 64, 65] / writers=[65]
OOO / Test #7 / 1439449713881 / readers=[69, 70, 69, 70, 70, 70, 70, 70, 69, 69] / writers=[70]
OOO / Test #161 / 1439449713881 / readers=[67, 66, 66, 66, 67, 67, 66, 67, 67, 66] / writers=[67]
OOO / Test #171 / 1439449713881 / readers=[64, 64, 64, 64, 63, 63, 63, 63, 63, 63] / writers=[64]
OOO / Test #182 / 1439449713881 / readers=[61, 61, 61, 61, 61, 60, 60, 60, 60, 60] / writers=[61]
OOO / Test #166 / 1439449713880 / readers=[59, 59, 59, 60, 60, 59, 60, 59, 59, 59] / writers=[60]
OOO / Test #178 / 1439449713878 / readers=[66, 66, 66, 66, 66, 66, 67, 67, 66, 66] / writers=[67]
OOO / Test #177 / 1439449713911 / readers=[62, 63, 63, 62, 62, 62, 62, 62, 62, 63] / writers=[63]
OOO / Test #161 / 1439449713911 / readers=[67, 67, 67, 67, 68, 68, 67, 68, 68, 67] / writers=[68]
OOO / Test #164 / 1439449713878 / readers=[61, 61, 61, 61, 61, 60, 60, 60, 60, 60] / writers=[61]
OOO / Test #20 / 1439449713878 / readers=[64, 64, 63, 63, 63, 63, 63, 63, 64, 64] / writers=[64]
OOO / Test #60 / 1439449713878 / readers=[62, 61, 61, 61, 61, 61, 61, 62, 62, 61] / writers=[62]
OOO / Test #27 / 1439449713878 / readers=[63, 63, 63, 62, 62, 62, 62, 62, 63, 63] / writers=[63]
OOO / Test #97 / 1439449713878 / readers=[71, 70, 71, 70, 71, 71, 71, 70, 70, 71] / writers=[71]
OOO / Test #14 / 1439449713878 / readers=[96, 96, 96, 96, 96, 96, 95, 95, 96, 96] / writers=[96]
OOO / Test #164 / 1439449713915 / readers=[62, 62, 62, 62, 61, 61, 61, 61, 61, 61] / writers=[62]
OOO / Test #30 / 1439449713878 / readers=[65, 65, 65, 64, 64, 64, 64, 64, 65, 65] / writers=[65]
OOO / Test #153 / 1439449713878 / readers=[74, 74, 74, 73, 74, 74, 73, 73, 73, 74] / writers=[74]
OOO / Test #31 / 1439449713878 / readers=[65, 66, 65, 65, 66, 66, 65, 66, 65, 66] / writers=[66]
OOO / Test #49 / 1439449713875 / readers=[68, 68, 68, 68, 68, 68, 68, 68, 68, 68] / writers=[69]
OOO / Test #43 / 1439449713875 / readers=[64, 65, 64, 64, 65, 65, 65, 64, 64, 64] / writers=[65]
OOO / Test #148 / 1439449713875 / readers=[59, 59, 59, 59, 59, 59, 59, 59, 58, 59] / writers=[59]
OOO / Test #44 / 1439449713875 / readers=[66, 66, 66, 66, 66, 66, 66, 66, 66, 66] / writers=[67]
OOO / Test #162 / 1439449713875 / readers=[62, 63, 63, 62, 63, 62, 62, 62, 62, 62] / writers=[63]
OOO / Test #36 / 1439449713875 / readers=[65, 66, 65, 65, 65, 65, 65, 66, 66, 66] / writers=[66]
OOO / Test #55 / 1439449713875 / readers=[75, 75, 75, 74, 74, 74, 74, 74, 74, 75] / writers=[75]
OOO / Test #180 / 1439449713875 / readers=[59, 59, 59, 59, 59, 59, 58, 58, 58, 59] / writers=[59]
OOO / Test #43 / 1439449713918 / readers=[65, 66, 65, 65, 66, 66, 65, 65, 65, 65] / writers=[66]
OOO / Test #22 / 1439449713875 / readers=[68, 68, 68, 69, 69, 69, 69, 69, 68, 69] / writers=[69]
OOO / Test #62 / 1439449713872 / readers=[65, 65, 65, 65, 64, 64, 64, 65, 65, 64] / writers=[65]
OOO / Test #167 / 1439449713872 / readers=[61, 62, 62, 62, 61, 61, 61, 61, 61, 61] / writers=[62]
OOO / Test #40 / 1439449713872 / readers=[67, 67, 68, 67, 67, 67, 67, 67, 67, 67] / writers=[68]
OOO / Test #15 / 1439449713872 / readers=[82, 82, 82, 83, 83, 82, 82, 82, 82, 82] / writers=[83]
OOO / Test #95 / 1439449713872 / readers=[70, 70, 70, 70, 70, 70, 70, 70, 70, 70] / writers=[71]
OOO / Test #190 / 1439449713872 / readers=[69, 69, 69, 69, 69, 69, 70, 70, 69, 69] / writers=[70]
OOO / Test #62 / 1439449713921 / readers=[66, 66, 66, 66, 65, 65, 65, 66, 65, 65] / writers=[66]
OOO / Test #28 / 1439449713872 / readers=[70, 71, 70, 71, 71, 70, 70, 70, 70, 71] / writers=[71]
OOO / Test #146 / 1439449713872 / readers=[67, 67, 67, 67, 67, 68, 67, 67, 67, 67] / writers=[68]
OOO / Test #198 / 1439449713869 / readers=[65, 65, 66, 65, 65, 65, 66, 65, 65, 65] / writers=[66]
OOO / Test #18 / 1439449713869 / readers=[73, 73, 73, 72, 73, 72, 72, 73, 73, 72] / writers=[73]
OOO / Test #34 / 1439449713869 / readers=[65, 65, 65, 65, 65, 65, 65, 65, 65, 65] / writers=[66]
OOO / Test #157 / 1439449713869 / readers=[69, 69, 69, 69, 69, 69, 69, 69, 68, 69] / writers=[69]
OOO / Test #26 / 1439449713869 / readers=[63, 63, 62, 63, 62, 63, 62, 62, 63, 63] / writers=[63]
OOO / Test #38 / 1439449713869 / readers=[69, 69, 70, 70, 70, 69, 70, 69, 70, 69] / writers=[70]
OOO / Test #39 / 1439449713869 / readers=[67, 67, 67, 67, 67, 67, 67, 67, 67, 67] / writers=[68]
OOO / Test #59 / 1439449713869 / readers=[68, 68, 68, 69, 69, 69, 68, 68, 68, 68] / writers=[69]
OOO / Test #35 / 1439449713869 / readers=[70, 69, 70, 70, 69, 70, 70, 70, 70, 70] / writers=[70]
OOO / Test #18 / 1439449713925 / readers=[74, 73, 74, 73, 74, 73, 73, 74, 74, 73] / writers=[74]
OOO / Test #64 / 1439449713865 / readers=[68, 68, 68, 68, 68, 68, 68, 68, 68, 67] / writers=[68]
OOO / Test #26 / 1439449713925 / readers=[64, 64, 63, 63, 63, 64, 63, 63, 64, 64] / writers=[64]
OOO / Test #19 / 1439449713865 / readers=[74, 74, 73, 74, 74, 74, 74, 74, 74, 74] / writers=[74]
OOO / Test #58 / 1439449713865 / readers=[64, 64, 64, 64, 64, 64, 64, 64, 64, 64] / writers=[65]
OOO / Test #147 / 1439449713865 / readers=[60, 60, 60, 60, 60, 59, 59, 60, 60, 59] / writers=[60]
OOO / Test #17 / 1439449713865 / readers=[79, 79, 79, 79, 79, 78, 79, 79, 79, 79] / writers=[79]
OOO / Test #133 / 1439449713865 / readers=[56, 56, 56, 56, 56, 56, 56, 56, 56, 56] / writers=[57]
OOO / Test #46 / 1439449713865 / readers=[70, 70, 70, 70, 71, 70, 70, 71, 71, 71] / writers=[71]
OOO / Test #155 / 1439449713865 / readers=[61, 61, 61, 61, 61, 61, 61, 61, 61, 61] / writers=[62]
OOO / Test #33 / 1439449713862 / readers=[60, 60, 60, 60, 60, 60, 59, 59, 60, 59] / writers=[60]
OOO / Test #23 / 1439449713862 / readers=[75, 74, 74, 74, 74, 74, 74, 74, 74, 74] / writers=[75]
OOO / Test #51 / 1439449713862 / readers=[71, 71, 70, 70, 70, 71, 70, 70, 70, 70] / writers=[71]
OOO / Test #16 / 1439449713862 / readers=[83, 83, 83, 82, 83, 83, 82, 83, 82, 82] / writers=[83]
OOO / Test #12 / 1439449713862 / readers=[88, 89, 88, 89, 89, 89, 89, 89, 89, 89] / writers=[89]
OOO / Test #109 / 1439449713862 / readers=[73, 73, 73, 73, 72, 72, 72, 72, 72, 72] / writers=[73]
OOO / Test #41 / 1439449713862 / readers=[60, 60, 61, 60, 60, 61, 61, 61, 60, 60] / writers=[61]
OOO / Test #42 / 1439449713862 / readers=[69, 69, 69, 69, 69, 69, 69, 69, 68, 68] / writers=[69]
OOO / Test #73 / 1439449713862 / readers=[65, 64, 64, 64, 64, 64, 65, 64, 64, 64] / writers=[65]
OOO / Test #48 / 1439449713862 / readers=[65, 65, 65, 65, 65, 65, 65, 65, 65, 65] / writers=[66]
OOO / Test #122 / 1439449713859 / readers=[65, 65, 65, 65, 65, 65, 65, 65, 65, 65] / writers=[66]
OOO / Test #109 / 1439449713930 / readers=[74, 73, 74, 74, 73, 73, 73, 73, 73, 73] / writers=[74]
OOO / Test #41 / 1439449713931 / readers=[61, 61, 62, 61, 61, 61, 62, 62, 61, 61] / writers=[62]
OOO / Test #4 / 1439449713859 / readers=[87, 87, 88, 87, 87, 87, 87, 87, 87, 87] / writers=[88]
OOO / Test #32 / 1439449713859 / readers=[66, 66, 67, 67, 67, 67, 67, 67, 67, 67] / writers=[67]
OOO / Test #145 / 1439449713859 / readers=[62, 62, 62, 62, 62, 62, 62, 62, 62, 61] / writers=[62]
OOO / Test #144 / 1439449713859 / readers=[64, 64, 63, 63, 63, 63, 63, 63, 63, 64] / writers=[64]
OOO / Test #80 / 1439449713859 / readers=[59, 59, 59, 59, 59, 59, 58, 58, 59, 58] / writers=[59]
OOO / Test #90 / 1439449713859 / readers=[62, 62, 62, 62, 61, 61, 61, 61, 61, 61] / writers=[62]
OOO / Test #6 / 1439449713859 / readers=[94, 95, 95, 95, 95, 94, 94, 94, 94, 94] / writers=[95]
OOO / Test #4 / 1439449713933 / readers=[88, 88, 88, 88, 88, 88, 88, 88, 88, 88] / writers=[89]
OOO / Test #32 / 1439449713933 / readers=[67, 67, 68, 68, 68, 67, 68, 68, 68, 68] / writers=[68]
OOO / Test #145 / 1439449713933 / readers=[63, 63, 63, 63, 63, 63, 63, 62, 63, 62] / writers=[63]
OOO / Test #144 / 1439449713933 / readers=[65, 64, 64, 64, 64, 64, 64, 64, 64, 65] / writers=[65]
OOO / Test #66 / 1439449713858 / readers=[63, 63, 63, 62, 62, 62, 62, 62, 62, 63] / writers=[63]
OOO / Test #91 / 1439449713856 / readers=[64, 63, 63, 63, 64, 63, 63, 63, 63, 64] / writers=[64]
OOO / Test #24 / 1439449713856 / readers=[70, 70, 69, 70, 70, 70, 70, 70, 70, 70] / writers=[70]
OOO / Test #45 / 1439449713856 / readers=[69, 68, 68, 68, 69, 69, 68, 69, 68, 68] / writers=[69]
OOO / Test #56 / 1439449713856 / readers=[76, 77, 76, 77, 76, 76, 76, 76, 76, 76] / writers=[77]
OOO / Test #21 / 1439449713856 / readers=[84, 84, 83, 83, 83, 84, 84, 84, 83, 83] / writers=[84]
OOO / Test #66 / 1439449713936 / readers=[63, 63, 63, 63, 63, 63, 63, 63, 63, 63] / writers=[64]
OOO / Test #91 / 1439449713936 / readers=[65, 64, 64, 64, 64, 64, 64, 64, 64, 65] / writers=[65]
OOO / Test #24 / 1439449713936 / readers=[71, 70, 70, 71, 71, 71, 71, 71, 71, 71] / writers=[71]
OOO / Test #127 / 1439449713856 / readers=[63, 63, 62, 62, 62, 62, 63, 62, 63, 62] / writers=[63]
OOO / Test #45 / 1439449713936 / readers=[70, 69, 69, 69, 70, 69, 69, 70, 69, 69] / writers=[70]
OOO / Test #149 / 1439449713856 / readers=[58, 58, 58, 58, 58, 58, 57, 58, 58, 58] / writers=[58]
OOO / Test #52 / 1439449713855 / readers=[71, 71, 71, 70, 71, 70, 70, 71, 71, 70] / writers=[71]
OOO / Test #78 / 1439449713853 / readers=[68, 68, 68, 68, 68, 68, 68, 67, 68, 68] / writers=[68]
OOO / Test #154 / 1439449713853 / readers=[68, 68, 68, 68, 68, 68, 68, 68, 68, 67] / writers=[68]
OOO / Test #139 / 1439449713853 / readers=[63, 63, 63, 64, 64, 63, 63, 63, 63, 63] / writers=[64]
OOO / Test #37 / 1439449713853 / readers=[64, 65, 64, 64, 64, 64, 64, 64, 64, 64] / writers=[65]
OOO / Test #149 / 1439449713939 / readers=[59, 59, 59, 59, 59, 59, 58, 59, 59, 58] / writers=[59]
OOO / Test #8 / 1439449713853 / readers=[90, 89, 89, 90, 90, 90, 90, 89, 90, 90] / writers=[90]
OOO / Test #137 / 1439449713853 / readers=[58, 58, 58, 58, 58, 58, 58, 58, 57, 57] / writers=[58]
OOO / Test #130 / 1439449713853 / readers=[66, 66, 66, 67, 67, 67, 67, 67, 67, 67] / writers=[67]
OOO / Test #9 / 1439449713853 / readers=[90, 91, 91, 91, 91, 91, 91, 91, 90, 90] / writers=[91]
OOO / Test #84 / 1439449713850 / readers=[63, 63, 63, 63, 62, 62, 63, 62, 62, 62] / writers=[63]
OOO / Test #101 / 1439449713850 / readers=[59, 58, 59, 59, 59, 59, 58, 58, 58, 58] / writers=[59]
OOO / Test #114 / 1439449713850 / readers=[72, 72, 72, 72, 72, 71, 71, 71, 71, 71] / writers=[72]
OOO / Test #10 / 1439449713850 / readers=[71, 72, 72, 72, 72, 71, 71, 72, 71, 72] / writers=[72]
OOO / Test #75 / 1439449713850 / readers=[57, 57, 57, 57, 57, 57, 57, 57, 57, 56] / writers=[57]
OOO / Test #86 / 1439449713850 / readers=[60, 61, 61, 61, 61, 60, 60, 60, 60, 60] / writers=[61]
OOO / Test #84 / 1439449713942 / readers=[64, 64, 64, 63, 63, 63, 64, 63, 63, 63] / writers=[64]
OOO / Test #76 / 1439449713847 / readers=[68, 68, 68, 68, 68, 68, 68, 68, 68, 67] / writers=[68]
OOO / Test #114 / 1439449713942 / readers=[73, 73, 73, 73, 72, 72, 72, 72, 72, 72] / writers=[73]
OOO / Test #141 / 1439449713846 / readers=[64, 64, 63, 63, 63, 63, 63, 63, 63, 63] / writers=[64]
OOO / Test #118 / 1439449713846 / readers=[59, 59, 59, 59, 59, 59, 59, 59, 58, 58] / writers=[59]
OOO / Test #57 / 1439449713846 / readers=[76, 76, 76, 75, 76, 75, 75, 76, 76, 76] / writers=[76]
OOO / Test #29 / 1439449713846 / readers=[65, 66, 66, 66, 66, 66, 66, 66, 66, 66] / writers=[66]
OOO / Test #82 / 1439449713846 / readers=[64, 64, 63, 63, 63, 63, 63, 63, 64, 63] / writers=[64]
OOO / Test #125 / 1439449713846 / readers=[61, 61, 61, 61, 61, 60, 60, 60, 60, 60] / writers=[61]
OOO / Test #96 / 1439449713846 / readers=[63, 64, 64, 63, 63, 63, 63, 63, 63, 63] / writers=[64]
OOO / Test #118 / 1439449713947 / readers=[60, 60, 60, 60, 60, 60, 60, 59, 59, 59] / writers=[60]
OOO / Test #151 / 1439449713846 / readers=[60, 60, 59, 60, 60, 60, 59, 59, 59, 59] / writers=[60]
OOO / Test #117 / 1439449713843 / readers=[63, 64, 64, 63, 63, 63, 63, 63, 63, 63] / writers=[64]
OOO / Test #29 / 1439449713947 / readers=[66, 67, 66, 67, 67, 67, 67, 67, 67, 67] / writers=[67]
OOO / Test #116 / 1439449713843 / readers=[63, 63, 64, 64, 63, 63, 63, 63, 63, 63] / writers=[64]
OOO / Test #124 / 1439449713843 / readers=[64, 65, 64, 64, 64, 64, 64, 64, 64, 64] / writers=[65]
OOO / Test #65 / 1439449713843 / readers=[72, 72, 72, 72, 72, 71, 71, 71, 71, 71] / writers=[72]
OOO / Test #135 / 1439449713843 / readers=[65, 65, 65, 65, 65, 64, 65, 65, 65, 65] / writers=[65]
OOO / Test #136 / 1439449713843 / readers=[64, 64, 64, 64, 64, 64, 64, 64, 64, 64] / writers=[65]
OOO / Test #85 / 1439449713843 / readers=[63, 64, 64, 63, 64, 63, 63, 63, 63, 63] / writers=[64]
OOO / Test #116 / 1439449713950 / readers=[64, 64, 65, 64, 64, 64, 64, 64, 64, 64] / writers=[65]
OOO / Test #65 / 1439449713950 / readers=[73, 73, 73, 73, 72, 72, 72, 72, 72, 72] / writers=[73]
OOO / Test #63 / 1439449713843 / readers=[55, 54, 54, 54, 54, 54, 54, 54, 54, 54] / writers=[55]
OOO / Test #124 / 1439449713950 / readers=[65, 65, 65, 65, 65, 65, 65, 65, 65, 65] / writers=[66]
OOO / Test #87 / 1439449713843 / readers=[64, 64, 64, 65, 64, 64, 64, 64, 64, 64] / writers=[65]
OOO / Test #102 / 1439449713843 / readers=[63, 63, 63, 62, 62, 63, 62, 62, 62, 62] / writers=[63]
OOO / Test #74 / 1439449713840 / readers=[65, 65, 65, 65, 66, 65, 66, 65, 66, 65] / writers=[66]
OOO / Test #81 / 1439449713840 / readers=[63, 63, 63, 62, 63, 63, 63, 63, 63, 63] / writers=[63]
OOO / Test #71 / 1439449713840 / readers=[62, 62, 63, 62, 62, 62, 62, 62, 62, 62] / writers=[63]
OOO / Test #88 / 1439449713840 / readers=[69, 69, 69, 69, 69, 69, 68, 69, 69, 68] / writers=[69]
OOO / Test #87 / 1439449713956 / readers=[65, 65, 65, 65, 65, 65, 65, 65, 65, 65] / writers=[66]
OOO / Test #77 / 1439449713840 / readers=[71, 71, 71, 71, 71, 71, 70, 70, 70, 70] / writers=[71]
OOO / Test #128 / 1439449713840 / readers=[65, 64, 64, 64, 64, 64, 64, 64, 64, 64] / writers=[65]
OOO / Test #81 / 1439449713956 / readers=[64, 64, 63, 63, 64, 64, 64, 64, 64, 64] / writers=[64]
OOO / Test #112 / 1439449713840 / readers=[63, 63, 62, 63, 62, 62, 62, 62, 62, 62] / writers=[63]
OOO / Test #143 / 1439449713840 / readers=[57, 57, 57, 57, 57, 57, 57, 57, 57, 56] / writers=[57]
OOO / Test #106 / 1439449713837 / readers=[62, 62, 62, 62, 62, 62, 61, 62, 62, 62] / writers=[62]
OOO / Test #68 / 1439449713837 / readers=[59, 59, 59, 59, 59, 59, 59, 58, 58, 58] / writers=[59]
OOO / Test #120 / 1439449713837 / readers=[65, 65, 65, 65, 65, 65, 65, 65, 65, 65] / writers=[66]
OOO / Test #112 / 1439449713960 / readers=[64, 64, 63, 63, 63, 63, 63, 63, 63, 63] / writers=[64]
OOO / Test #93 / 1439449713837 / readers=[63, 63, 63, 62, 63, 62, 62, 62, 62, 62] / writers=[63]
OOO / Test #106 / 1439449713960 / readers=[63, 63, 63, 63, 62, 63, 62, 63, 63, 63] / writers=[63]
OOO / Test #69 / 1439449713837 / readers=[64, 64, 64, 63, 63, 64, 64, 64, 64, 64] / writers=[64]
OOO / Test #89 / 1439449713837 / readers=[68, 68, 68, 68, 68, 68, 68, 68, 68, 67] / writers=[68]
OOO / Test #68 / 1439449713960 / readers=[60, 60, 60, 60, 60, 60, 59, 59, 59, 59] / writers=[60]
OOO / Test #93 / 1439449713960 / readers=[64, 64, 64, 63, 63, 63, 63, 63, 63, 63] / writers=[64]
OOO / Test #92 / 1439449713836 / readers=[66, 65, 65, 65, 65, 65, 65, 65, 65, 65] / writers=[66]
OOO / Test #132 / 1439449713832 / readers=[59, 59, 59, 59, 59, 59, 58, 59, 58, 58] / writers=[59]
OOO / Test #131 / 1439449713832 / readers=[58, 58, 57, 57, 57, 57, 58, 58, 57, 57] / writers=[58]
OOO / Test #105 / 1439449713832 / readers=[62, 62, 62, 62, 61, 61, 61, 61, 61, 61] / writers=[62]
OOO / Test #92 / 1439449713963 / readers=[66, 66, 66, 66, 66, 66, 66, 66, 66, 66] / writers=[67]
OOO / Test #132 / 1439449713964 / readers=[60, 60, 60, 60, 60, 60, 59, 59, 59, 59] / writers=[60]
OOO / Test #131 / 1439449713964 / readers=[59, 59, 58, 58, 58, 58, 59, 58, 58, 58] / writers=[59]
OOO / Test #104 / 1439449713832 / readers=[64, 64, 64, 65, 64, 64, 64, 64, 64, 64] / writers=[65]
OOO / Test #138 / 1439449713832 / readers=[65, 65, 65, 65, 65, 65, 65, 65, 65, 65] / writers=[66]
OOO / Test #79 / 1439449713832 / readers=[54, 53, 53, 53, 53, 53, 53, 53, 53, 53] / writers=[54]
OOO / Test #67 / 1439449713832 / readers=[60, 60, 60, 61, 61, 60, 60, 60, 60, 60] / writers=[61]
OOO / Test #129 / 1439449713832 / readers=[64, 63, 63, 64, 63, 64, 63, 63, 63, 63] / writers=[64]
OOO / Test #70 / 1439449713829 / readers=[60, 60, 60, 60, 60, 60, 59, 59, 59, 59] / writers=[60]
OOO / Test #123 / 1439449713829 / readers=[58, 58, 58, 58, 58, 58, 58, 58, 58, 57] / writers=[58]
OOO / Test #134 / 1439449713829 / readers=[71, 70, 71, 71, 70, 71, 70, 70, 71, 70] / writers=[71]
OOO / Test #79 / 1439449713967 / readers=[54, 54, 54, 54, 54, 54, 54, 54, 54, 54] / writers=[55]
OOO / Test #67 / 1439449713967 / readers=[61, 61, 61, 62, 61, 61, 61, 61, 61, 61] / writers=[62]
OOO / Test #113 / 1439449713829 / readers=[65, 65, 65, 65, 65, 65, 65, 65, 65, 65] / writers=[66]
OOO / Test #129 / 1439449713967 / readers=[65, 64, 64, 64, 64, 65, 64, 64, 64, 64] / writers=[65]
OOO / Test #123 / 1439449713967 / readers=[59, 59, 59, 59, 59, 59, 59, 58, 59, 58] / writers=[59]
OOO / Test #115 / 1439449713829 / readers=[55, 55, 55, 55, 55, 55, 55, 55, 55, 56] / writers=[56]
OOO / Test #99 / 1439449713829 / readers=[59, 59, 59, 59, 59, 58, 59, 59, 58, 58] / writers=[59]
OOO / Test #110 / 1439449713829 / readers=[62, 62, 62, 62, 62, 61, 61, 61, 61, 62] / writers=[62]
OOO / Test #140 / 1439449713829 / readers=[72, 73, 73, 72, 72, 72, 72, 73, 72, 72] / writers=[73]
OOO / Test #107 / 1439449713826 / readers=[61, 61, 61, 61, 61, 61, 61, 60, 61, 61] / writers=[61]
OOO / Test #121 / 1439449713826 / readers=[60, 60, 61, 61, 61, 61, 60, 60, 60, 60] / writers=[61]
OOO / Test #142 / 1439449713826 / readers=[69, 70, 70, 70, 70, 70, 70, 69, 69, 69] / writers=[70]
OOO / Test #99 / 1439449713970 / readers=[60, 60, 60, 60, 60, 59, 60, 59, 59, 59] / writers=[60]
OOO / Test #110 / 1439449713970 / readers=[63, 63, 63, 63, 62, 62, 62, 62, 62, 63] / writers=[63]
OOO / Test #119 / 1439449713826 / readers=[54, 54, 55, 54, 54, 54, 54, 54, 55, 55] / writers=[55]
OOO / Test #1 / 1439449713826 / readers=[62, 61, 62, 62, 62, 62, 61, 61, 61, 61] / writers=[62]
OOO / Test #83 / 1439449713826 / readers=[69, 69, 68, 69, 69, 69, 68, 69, 69, 69] / writers=[69]
OOO / Test #126 / 1439449713826 / readers=[60, 60, 60, 60, 60, 60, 59, 59, 59, 60] / writers=[60]
OOO / Test #98 / 1439449713824 / readers=[58, 58, 58, 58, 58, 58, 58, 58, 58, 57] / writers=[58]
OOO / Test #94 / 1439449713824 / readers=[53, 53, 52, 53, 52, 52, 53, 53, 53, 53] / writers=[53]
OOO / Test #5 / 1439449713824 / readers=[82, 82, 82, 82, 81, 82, 82, 81, 81, 82] / writers=[82]
OOO / Test #25 / 1439449713824 / readers=[65, 65, 65, 65, 65, 65, 65, 65, 65, 65] / writers=[66]
OOO / Test #83 / 1439449713973 / readers=[70, 70, 69, 70, 70, 70, 69, 70, 69, 70] / writers=[70]
OOO / Test #103 / 1439449713824 / readers=[70, 70, 70, 70, 70, 70, 69, 70, 69, 69] / writers=[70]
OOO / Test #98 / 1439449713973 / readers=[58, 59, 59, 59, 59, 59, 59, 59, 59, 58] / writers=[59]
OOO / Test #111 / 1439449713824 / readers=[69, 70, 69, 70, 70, 70, 70, 69, 69, 69] / writers=[70]
OOO / Test #108 / 1439449713824 / readers=[65, 65, 65, 65, 65, 65, 65, 65, 65, 65] / writers=[66]
OOO / Test #72 / 1439449713824 / readers=[57, 57, 56, 56, 57, 57, 57, 57, 57, 57] / writers=[57]
OOO / Test #111 / 1439449713977 / readers=[70, 71, 70, 71, 71, 71, 70, 70, 70, 70] / writers=[71]
OOO / Test #103 / 1439449713973 / readers=[71, 71, 71, 71, 71, 71, 70, 70, 70, 70] / writers=[71]
OOO / Test #25 / 1439449713973 / readers=[68, 68, 68, 67, 68, 68, 68, 68, 68, 68] / writers=[68]
OOO / Test #83 / 1439449713973 / readers=[70, 71, 70, 71, 71, 71, 70, 71, 70, 71] / writers=[71]
OOO / Test #98 / 1439449713973 / readers=[59, 60, 60, 60, 60, 60, 60, 60, 59, 59] / writers=[60]
OOO / Test #5 / 1439449713973 / readers=[83, 82, 83, 83, 82, 83, 83, 82, 82, 83] / writers=[83]
OOO / Test #94 / 1439449713973 / readers=[54, 53, 53, 54, 53, 53, 54, 54, 54, 54] / writers=[54]
OOO / Test #126 / 1439449713973 / readers=[61, 61, 61, 61, 61, 60, 60, 60, 60, 61] / writers=[61]
OOO / Test #25 / 1439449713977 / readers=[69, 68, 69, 68, 69, 69, 69, 69, 69, 69] / writers=[69]
OOO / Test #1 / 1439449713973 / readers=[63, 62, 63, 63, 62, 63, 62, 62, 62, 62] / writers=[63]
OOO / Test #119 / 1439449713970 / readers=[55, 55, 55, 55, 55, 55, 55, 55, 56, 56] / writers=[56]
OOO / Test #110 / 1439449713970 / readers=[64, 63, 64, 64, 63, 63, 63, 63, 63, 64] / writers=[64]
OOO / Test #142 / 1439449713970 / readers=[70, 71, 71, 71, 71, 71, 70, 70, 70, 70] / writers=[71]
OOO / Test #99 / 1439449713970 / readers=[61, 61, 60, 61, 61, 60, 61, 60, 60, 60] / writers=[61]
OOO / Test #121 / 1439449713970 / readers=[61, 61, 62, 62, 62, 61, 61, 61, 61, 61] / writers=[62]
OOO / Test #107 / 1439449713970 / readers=[62, 62, 62, 62, 62, 62, 61, 61, 62, 62] / writers=[62]
OOO / Test #140 / 1439449713970 / readers=[73, 74, 73, 73, 73, 73, 73, 74, 73, 73] / writers=[74]
OOO / Test #110 / 1439449713980 / readers=[65, 64, 65, 65, 64, 64, 64, 64, 64, 64] / writers=[65]
OOO / Test #115 / 1439449713970 / readers=[56, 56, 56, 56, 56, 56, 56, 56, 56, 56] / writers=[57]
OOO / Test #123 / 1439449713970 / readers=[60, 60, 60, 60, 60, 60, 59, 59, 60, 59] / writers=[60]
OOO / Test #113 / 1439449713968 / readers=[68, 68, 68, 68, 68, 68, 68, 68, 68, 67] / writers=[68]
OOO / Test #129 / 1439449713968 / readers=[65, 65, 65, 65, 65, 66, 65, 65, 65, 65] / writers=[66]
OOO / Test #79 / 1439449713968 / readers=[57, 57, 57, 57, 57, 57, 57, 57, 57, 56] / writers=[57]
OOO / Test #67 / 1439449713967 / readers=[62, 62, 62, 62, 62, 62, 62, 62, 62, 62] / writers=[63]
OOO / Test #134 / 1439449713967 / readers=[72, 71, 72, 71, 71, 72, 71, 71, 72, 71] / writers=[72]
OOO / Test #123 / 1439449713984 / readers=[61, 61, 61, 61, 60, 61, 60, 60, 61, 60] / writers=[61]
OOO / Test #70 / 1439449713967 / readers=[61, 61, 61, 61, 61, 60, 60, 60, 60, 60] / writers=[61]
OOO / Test #129 / 1439449713984 / readers=[66, 66, 66, 66, 66, 66, 66, 66, 66, 66] / writers=[67]
OOO / Test #138 / 1439449713964 / readers=[68, 68, 68, 68, 67, 68, 68, 68, 68, 68] / writers=[68]
OOO / Test #104 / 1439449713964 / readers=[65, 65, 65, 65, 65, 65, 65, 65, 65, 65] / writers=[66]
OOO / Test #92 / 1439449713964 / readers=[69, 69, 69, 69, 69, 69, 69, 69, 68, 69] / writers=[69]
OOO / Test #131 / 1439449713964 / readers=[60, 59, 59, 59, 59, 59, 60, 59, 59, 59] / writers=[60]
OOO / Test #132 / 1439449713964 / readers=[61, 61, 61, 61, 61, 60, 60, 60, 60, 60] / writers=[61]
OOO / Test #105 / 1439449713964 / readers=[63, 63, 63, 62, 62, 62, 62, 62, 62, 62] / writers=[63]
OOO / Test #93 / 1439449713963 / readers=[65, 65, 64, 64, 64, 64, 64, 64, 64, 64] / writers=[65]
OOO / Test #89 / 1439449713960 / readers=[69, 69, 69, 69, 69, 69, 69, 69, 68, 68] / writers=[69]
OOO / Test #92 / 1439449713987 / readers=[70, 70, 70, 70, 70, 70, 70, 69, 69, 70] / writers=[70]
OOO / Test #68 / 1439449713960 / readers=[61, 61, 61, 61, 61, 60, 60, 60, 60, 60] / writers=[61]
OOO / Test #69 / 1439449713960 / readers=[65, 65, 64, 64, 64, 65, 65, 65, 65, 65] / writers=[65]
OOO / Test #104 / 1439449713987 / readers=[68, 68, 68, 68, 68, 68, 68, 68, 68, 67] / writers=[68]
OOO / Test #120 / 1439449713960 / readers=[68, 68, 68, 68, 68, 68, 68, 68, 67, 68] / writers=[68]
OOO / Test #106 / 1439449713960 / readers=[64, 64, 64, 63, 63, 64, 63, 64, 64, 64] / writers=[64]
OOO / Test #112 / 1439449713960 / readers=[65, 64, 64, 64, 64, 64, 64, 64, 64, 64] / writers=[65]
OOO / Test #143 / 1439449713960 / readers=[58, 58, 58, 58, 58, 58, 58, 58, 57, 57] / writers=[58]
OOO / Test #87 / 1439449713956 / readers=[68, 68, 68, 68, 68, 68, 68, 68, 68, 67] / writers=[68]
OOO / Test #104 / 1439449713990 / readers=[69, 69, 69, 69, 69, 69, 69, 68, 69, 68] / writers=[69]
OOO / Test #81 / 1439449713956 / readers=[65, 65, 64, 64, 65, 65, 64, 65, 65, 65] / writers=[65]
OOO / Test #128 / 1439449713956 / readers=[65, 65, 65, 65, 65, 65, 65, 65, 65, 65] / writers=[66]
OOO / Test #120 / 1439449713990 / readers=[69, 69, 69, 69, 69, 69, 69, 69, 68, 68] / writers=[69]
OOO / Test #77 / 1439449713956 / readers=[72, 72, 72, 72, 72, 71, 71, 71, 71, 71] / writers=[72]
OOO / Test #88 / 1439449713956 / readers=[70, 70, 70, 70, 70, 70, 69, 70, 69, 69] / writers=[70]
OOO / Test #71 / 1439449713956 / readers=[63, 63, 63, 63, 63, 63, 63, 63, 63, 63] / writers=[64]
OOO / Test #102 / 1439449713956 / readers=[64, 64, 63, 63, 63, 64, 63, 63, 63, 63] / writers=[64]
OOO / Test #74 / 1439449713956 / readers=[66, 66, 66, 66, 67, 66, 67, 66, 66, 66] / writers=[67]
OOO / Test #124 / 1439449713950 / readers=[68, 68, 68, 68, 68, 68, 68, 68, 68, 67] / writers=[68]
OOO / Test #77 / 1439449713993 / readers=[72, 73, 73, 73, 73, 72, 72, 72, 72, 72] / writers=[73]
OOO / Test #63 / 1439449713950 / readers=[55, 55, 55, 55, 55, 55, 55, 55, 55, 55] / writers=[56]
OOO / Test #102 / 1439449713994 / readers=[64, 65, 64, 64, 64, 65, 64, 64, 64, 64] / writers=[65]
OOO / Test #136 / 1439449713950 / readers=[66, 67, 67, 67, 67, 67, 67, 67, 67, 67] / writers=[67]
OOO / Test #74 / 1439449713994 / readers=[67, 67, 67, 67, 68, 67, 67, 67, 67, 67] / writers=[68]
OOO / Test #65 / 1439449713950 / readers=[74, 74, 73, 74, 73, 73, 73, 73, 73, 73] / writers=[74]
OOO / Test #116 / 1439449713950 / readers=[65, 65, 65, 65, 65, 65, 65, 65, 65, 65] / writers=[66]
OOO / Test #85 / 1439449713950 / readers=[64, 65, 64, 64, 65, 64, 64, 64, 64, 64] / writers=[65]
OOO / Test #135 / 1439449713950 / readers=[66, 66, 66, 65, 66, 65, 66, 66, 66, 66] / writers=[66]
OOO / Test #29 / 1439449713950 / readers=[67, 68, 67, 68, 68, 68, 67, 68, 68, 68] / writers=[68]
OOO / Test #65 / 1439449713997 / readers=[75, 75, 74, 74, 74, 74, 74, 74, 74, 74] / writers=[75]
OOO / Test #151 / 1439449713947 / readers=[61, 61, 60, 61, 61, 60, 60, 60, 60, 60] / writers=[61]
OOO / Test #117 / 1439449713947 / readers=[64, 65, 64, 64, 64, 64, 64, 64, 64, 64] / writers=[65]
OOO / Test #96 / 1439449713947 / readers=[64, 65, 64, 64, 64, 64, 64, 64, 64, 64] / writers=[65]
OOO / Test #82 / 1439449713947 / readers=[65, 64, 64, 64, 64, 64, 64, 64, 65, 64] / writers=[65]
OOO / Test #125 / 1439449713947 / readers=[62, 62, 62, 62, 61, 61, 61, 61, 61, 61] / writers=[62]
OOO / Test #118 / 1439449713947 / readers=[61, 61, 61, 61, 61, 61, 60, 60, 60, 60] / writers=[61]
OOO / Test #57 / 1439449713947 / readers=[77, 77, 77, 76, 76, 76, 76, 77, 77, 77] / writers=[77]
OOO / Test #141 / 1439449713947 / readers=[65, 64, 64, 64, 64, 64, 64, 64, 64, 64] / writers=[65]
OOO / Test #114 / 1439449713942 / readers=[74, 73, 74, 74, 73, 73, 73, 73, 73, 73] / writers=[74]
OOO / Test #76 / 1439449713942 / readers=[69, 69, 69, 69, 69, 69, 69, 69, 68, 68] / writers=[69]
OOO / Test #86 / 1439449713942 / readers=[61, 62, 62, 62, 61, 61, 61, 61, 61, 61] / writers=[62]
OOO / Test #118 / 1439449714000 / readers=[62, 62, 62, 62, 62, 61, 61, 61, 61, 61] / writers=[62]
OOO / Test #57 / 1439449714000 / readers=[77, 78, 78, 77, 77, 77, 77, 78, 78, 78] / writers=[78]
OOO / Test #141 / 1439449714000 / readers=[65, 65, 65, 65, 65, 65, 65, 65, 65, 65] / writers=[66]
OOO / Test #84 / 1439449713942 / readers=[65, 65, 64, 64, 64, 64, 65, 64, 64, 64] / writers=[65]
OOO / Test #75 / 1439449713942 / readers=[58, 58, 58, 57, 58, 58, 58, 58, 58, 57] / writers=[58]
OOO / Test #10 / 1439449713942 / readers=[72, 73, 73, 73, 72, 72, 72, 73, 72, 73] / writers=[73]
OOO / Test #101 / 1439449713942 / readers=[60, 59, 60, 60, 60, 59, 59, 59, 59, 59] / writers=[60]
OOO / Test #9 / 1439449713942 / readers=[91, 91, 92, 92, 92, 92, 92, 92, 91, 91] / writers=[92]
OOO / Test #130 / 1439449713939 / readers=[67, 67, 67, 68, 68, 68, 68, 68, 68, 67] / writers=[68]
OOO / Test #137 / 1439449713939 / readers=[59, 59, 59, 59, 59, 59, 59, 58, 58, 58] / writers=[59]
OOO / Test #84 / 1439449714004 / readers=[66, 65, 65, 65, 65, 65, 66, 65, 65, 65] / writers=[66]
OOO / Test #8 / 1439449713939 / readers=[91, 90, 90, 91, 91, 91, 91, 90, 91, 90] / writers=[91]
OOO / Test #101 / 1439449714004 / readers=[61, 60, 61, 61, 60, 60, 60, 60, 60, 60] / writers=[61]
OOO / Test #37 / 1439449713939 / readers=[65, 65, 65, 65, 65, 65, 65, 65, 65, 65] / writers=[66]
OOO / Test #149 / 1439449713939 / readers=[60, 60, 60, 60, 60, 60, 59, 60, 59, 59] / writers=[60]
OOO / Test #139 / 1439449713939 / readers=[64, 64, 64, 65, 64, 64, 64, 64, 64, 64] / writers=[65]
OOO / Test #154 / 1439449713939 / readers=[69, 69, 69, 69, 69, 69, 69, 69, 68, 68] / writers=[69]
OOO / Test #78 / 1439449713939 / readers=[69, 69, 69, 69, 69, 69, 69, 68, 69, 68] / writers=[69]
OOO / Test #52 / 1439449713939 / readers=[72, 72, 72, 71, 72, 71, 71, 72, 71, 71] / writers=[72]
OOO / Test #45 / 1439449713939 / readers=[71, 70, 70, 70, 70, 70, 70, 71, 70, 70] / writers=[71]
OOO / Test #127 / 1439449713937 / readers=[64, 64, 63, 63, 63, 63, 63, 63, 64, 63] / writers=[64]
OOO / Test #66 / 1439449713936 / readers=[66, 65, 66, 66, 66, 66, 66, 66, 66, 66] / writers=[66]
OOO / Test #139 / 1439449714007 / readers=[65, 65, 65, 65, 65, 65, 65, 65, 65, 65] / writers=[66]
OOO / Test #24 / 1439449713936 / readers=[72, 71, 71, 72, 72, 72, 71, 72, 72, 72] / writers=[72]
OOO / Test #78 / 1439449714007 / readers=[70, 70, 70, 70, 70, 70, 70, 69, 69, 69] / writers=[70]
OOO / Test #91 / 1439449713936 / readers=[65, 65, 65, 65, 65, 65, 65, 65, 65, 66] / writers=[66]
OOO / Test #21 / 1439449713936 / readers=[85, 85, 84, 84, 84, 85, 84, 85, 84, 84] / writers=[85]
OOO / Test #56 / 1439449713936 / readers=[77, 77, 77, 78, 77, 77, 77, 77, 77, 77] / writers=[78]
OOO / Test #144 / 1439449713933 / readers=[65, 65, 65, 65, 65, 65, 65, 65, 65, 66] / writers=[66]
OOO / Test #145 / 1439449713933 / readers=[64, 64, 64, 64, 64, 64, 63, 63, 64, 63] / writers=[64]
OOO / Test #32 / 1439449713933 / readers=[68, 68, 69, 69, 69, 68, 69, 69, 69, 68] / writers=[69]
OOO / Test #6 / 1439449713933 / readers=[95, 95, 96, 96, 96, 95, 95, 95, 95, 95] / writers=[96]
OOO / Test #4 / 1439449713933 / readers=[90, 90, 89, 90, 90, 90, 90, 90, 90, 90] / writers=[90]
OOO / Test #90 / 1439449713933 / readers=[63, 63, 62, 63, 62, 62, 62, 62, 62, 62] / writers=[63]
OOO / Test #144 / 1439449714010 / readers=[66, 66, 66, 66, 66, 66, 66, 66, 66, 66] / writers=[67]
OOO / Test #80 / 1439449713933 / readers=[60, 60, 60, 60, 60, 60, 59, 59, 59, 59] / writers=[60]
OOO / Test #122 / 1439449713931 / readers=[68, 68, 68, 68, 68, 68, 68, 68, 68, 67] / writers=[68]
OOO / Test #48 / 1439449713931 / readers=[68, 68, 68, 68, 68, 68, 68, 68, 68, 67] / writers=[68]
OOO / Test #41 / 1439449713931 / readers=[62, 62, 63, 62, 62, 62, 63, 62, 62, 62] / writers=[63]
OOO / Test #109 / 1439449713931 / readers=[75, 74, 75, 74, 74, 74, 74, 74, 74, 74] / writers=[75]
OOO / Test #73 / 1439449713931 / readers=[65, 65, 65, 65, 65, 65, 66, 65, 65, 65] / writers=[66]
OOO / Test #80 / 1439449714013 / readers=[61, 61, 61, 61, 61, 60, 60, 60, 60, 60] / writers=[61]
OOO / Test #42 / 1439449713931 / readers=[70, 70, 70, 70, 70, 70, 70, 69, 69, 69] / writers=[70]
OOO / Test #12 / 1439449713930 / readers=[89, 90, 89, 90, 90, 90, 90, 90, 90, 89] / writers=[90]
OOO / Test #16 / 1439449713930 / readers=[84, 84, 84, 83, 84, 84, 83, 83, 83, 83] / writers=[84]
OOO / Test #155 / 1439449713928 / readers=[64, 64, 64, 64, 64, 63, 64, 64, 64, 64] / writers=[64]
OOO / Test #23 / 1439449713928 / readers=[75, 75, 75, 75, 75, 75, 75, 75, 75, 75] / writers=[76]
OOO / Test #51 / 1439449713928 / readers=[71, 72, 71, 71, 71, 72, 71, 71, 71, 71] / writers=[72]
OOO / Test #33 / 1439449713928 / readers=[61, 61, 61, 61, 61, 60, 60, 60, 61, 60] / writers=[61]
OOO / Test #133 / 1439449713928 / readers=[59, 59, 59, 59, 58, 59, 59, 59, 59, 59] / writers=[59]
OOO / Test #46 / 1439449713928 / readers=[71, 71, 71, 71, 72, 71, 71, 72, 71, 72] / writers=[72]
OOO / Test #58 / 1439449713928 / readers=[66, 67, 67, 67, 67, 67, 67, 67, 67, 67] / writers=[67]
OOO / Test #17 / 1439449713928 / readers=[80, 80, 80, 80, 79, 79, 80, 80, 80, 80] / writers=[80]
OOO / Test #33 / 1439449714017 / readers=[62, 62, 62, 62, 61, 61, 61, 61, 62, 61] / writers=[62]
OOO / Test #147 / 1439449713928 / readers=[61, 61, 61, 61, 61, 60, 60, 61, 60, 60] / writers=[61]
OOO / Test #133 / 1439449714017 / readers=[60, 60, 60, 60, 59, 60, 60, 60, 59, 60] / writers=[60]
OOO / Test #19 / 1439449713928 / readers=[75, 75, 74, 75, 75, 75, 75, 75, 75, 74] / writers=[75]
OOO / Test #64 / 1439449713925 / readers=[69, 69, 69, 69, 69, 68, 69, 69, 69, 68] / writers=[69]
OOO / Test #39 / 1439449713925 / readers=[70, 70, 70, 70, 70, 70, 69, 70, 70, 70] / writers=[70]
OOO / Test #26 / 1439449713925 / readers=[65, 64, 64, 64, 64, 65, 64, 64, 65, 65] / writers=[65]
OOO / Test #35 / 1439449713925 / readers=[71, 70, 71, 71, 70, 70, 71, 71, 71, 71] / writers=[71]
OOO / Test #18 / 1439449713925 / readers=[75, 74, 75, 74, 74, 74, 74, 75, 75, 74] / writers=[75]
OOO / Test #59 / 1439449713925 / readers=[69, 69, 69, 70, 70, 69, 69, 69, 69, 69] / writers=[70]
OOO / Test #38 / 1439449713925 / readers=[70, 70, 71, 71, 71, 70, 71, 70, 70, 70] / writers=[71]
OOO / Test #34 / 1439449713925 / readers=[67, 68, 68, 68, 68, 68, 68, 68, 68, 68] / writers=[68]
OOO / Test #35 / 1439449714020 / readers=[72, 71, 72, 72, 71, 71, 72, 72, 72, 71] / writers=[72]
OOO / Test #39 / 1439449714020 / readers=[71, 71, 71, 71, 71, 71, 70, 70, 71, 71] / writers=[71]
OOO / Test #157 / 1439449713925 / readers=[70, 70, 70, 70, 70, 70, 70, 69, 69, 70] / writers=[70]
OOO / Test #198 / 1439449713922 / readers=[66, 66, 67, 66, 66, 66, 66, 66, 66, 66] / writers=[67]
OOO / Test #146 / 1439449713922 / readers=[68, 68, 68, 68, 68, 68, 68, 68, 68, 68] / writers=[69]
OOO / Test #28 / 1439449713922 / readers=[71, 72, 71, 72, 71, 71, 71, 71, 71, 72] / writers=[72]
OOO / Test #95 / 1439449713922 / readers=[73, 73, 73, 73, 73, 73, 72, 73, 73, 73] / writers=[73]
OOO / Test #190 / 1439449713922 / readers=[70, 70, 70, 70, 70, 70, 70, 71, 70, 70] / writers=[71]
OOO / Test #62 / 1439449713922 / readers=[66, 67, 67, 67, 66, 66, 66, 67, 66, 66] / writers=[67]
OOO / Test #157 / 1439449714024 / readers=[71, 71, 71, 71, 71, 71, 70, 70, 70, 71] / writers=[71]
OOO / Test #15 / 1439449713921 / readers=[83, 83, 83, 84, 83, 83, 83, 83, 83, 83] / writers=[84]
OOO / Test #28 / 1439449714024 / readers=[72, 72, 72, 73, 72, 72, 72, 72, 72, 73] / writers=[73]
OOO / Test #40 / 1439449713921 / readers=[68, 68, 68, 68, 68, 68, 68, 68, 68, 68] / writers=[69]
OOO / Test #167 / 1439449713921 / readers=[62, 63, 63, 62, 62, 62, 62, 62, 62, 62] / writers=[63]
OOO / Test #22 / 1439449713918 / readers=[69, 69, 69, 70, 70, 70, 69, 70, 69, 70] / writers=[70]
OOO / Test #44 / 1439449713918 / readers=[69, 69, 69, 69, 69, 69, 69, 68, 69, 69] / writers=[69]
OOO / Test #28 / 1439449714026 / readers=[73, 73, 73, 73, 73, 73, 73, 73, 73, 74] / writers=[74]
OOO / Test #43 / 1439449713918 / readers=[66, 66, 66, 66, 67, 67, 66, 66, 66, 66] / writers=[67]
OOO / Test #148 / 1439449713918 / readers=[60, 60, 60, 60, 60, 60, 60, 59, 59, 60] / writers=[60]
OOO / Test #180 / 1439449713918 / readers=[60, 60, 60, 60, 60, 59, 59, 59, 59, 60] / writers=[60]
OOO / Test #55 / 1439449713918 / readers=[76, 75, 76, 75, 75, 75, 75, 75, 75, 76] / writers=[76]
OOO / Test #162 / 1439449713918 / readers=[63, 64, 64, 63, 63, 63, 63, 63, 63, 63] / writers=[64]
OOO / Test #36 / 1439449713918 / readers=[66, 67, 66, 66, 66, 66, 66, 67, 66, 67] / writers=[67]
OOO / Test #49 / 1439449713918 / readers=[71, 71, 71, 71, 71, 71, 71, 70, 71, 71] / writers=[71]
OOO / Test #31 / 1439449713918 / readers=[66, 67, 66, 66, 67, 66, 66, 67, 66, 67] / writers=[67]
OOO / Test #153 / 1439449713915 / readers=[75, 75, 75, 74, 74, 75, 74, 74, 74, 75] / writers=[75]
OOO / Test #30 / 1439449713915 / readers=[66, 66, 65, 65, 65, 65, 65, 65, 66, 66] / writers=[66]
OOO / Test #97 / 1439449713915 / readers=[71, 71, 72, 71, 72, 72, 72, 71, 71, 72] / writers=[72]
OOO / Test #14 / 1439449713915 / readers=[97, 97, 97, 97, 97, 96, 96, 96, 97, 97] / writers=[97]
OOO / Test #164 / 1439449713915 / readers=[63, 63, 63, 62, 62, 62, 62, 62, 62, 62] / writers=[63]
OOO / Test #60 / 1439449713915 / readers=[63, 62, 62, 62, 62, 62, 62, 62, 63, 62] / writers=[63]
OOO / Test #27 / 1439449713915 / readers=[64, 64, 63, 63, 63, 63, 63, 63, 64, 64] / writers=[64]
OOO / Test #20 / 1439449713915 / readers=[65, 64, 64, 64, 64, 64, 64, 64, 65, 65] / writers=[65]
OOO / Test #161 / 1439449713915 / readers=[68, 68, 68, 68, 69, 69, 68, 69, 68, 68] / writers=[69]
OOO / Test #166 / 1439449713911 / readers=[60, 60, 60, 61, 61, 60, 60, 60, 60, 60] / writers=[61]
OOO / Test #178 / 1439449713911 / readers=[67, 67, 67, 67, 67, 67, 67, 68, 67, 67] / writers=[68]
OOO / Test #177 / 1439449713911 / readers=[63, 64, 64, 63, 63, 63, 63, 63, 63, 63] / writers=[64]
OOO / Test #182 / 1439449713911 / readers=[62, 62, 62, 62, 61, 61, 61, 61, 61, 61] / writers=[62]
OOO / Test #171 / 1439449713911 / readers=[65, 65, 65, 64, 64, 64, 64, 64, 64, 64] / writers=[65]
OOO / Test #161 / 1439449714032 / readers=[69, 69, 69, 69, 70, 70, 69, 69, 69, 69] / writers=[70]
OOO / Test #7 / 1439449713911 / readers=[70, 71, 70, 71, 71, 71, 71, 70, 70, 70] / writers=[71]
OOO / Test #178 / 1439449714032 / readers=[68, 68, 68, 68, 68, 68, 68, 68, 68, 68] / writers=[69]
OOO / Test #163 / 1439449713911 / readers=[65, 65, 65, 65, 65, 65, 65, 65, 65, 66] / writers=[66]
OOO / Test #177 / 1439449714032 / readers=[64, 64, 65, 64, 64, 64, 64, 64, 64, 64] / writers=[65]
OOO / Test #169 / 1439449713911 / readers=[63, 63, 62, 62, 62, 63, 62, 62, 62, 63] / writers=[63]
OOO / Test #13 / 1439449713909 / readers=[87, 87, 87, 87, 87, 87, 87, 87, 87, 87] / writers=[88]
OOO / Test #61 / 1439449713909 / readers=[68, 68, 68, 69, 69, 69, 69, 69, 69, 68] / writers=[69]
OOO / Test #176 / 1439449713909 / readers=[60, 60, 60, 60, 60, 59, 59, 59, 60, 59] / writers=[60]
OOO / Test #160 / 1439449713909 / readers=[64, 64, 64, 64, 64, 64, 64, 64, 64, 64] / writers=[65]
OOO / Test #177 / 1439449714034 / readers=[65, 65, 65, 65, 65, 65, 65, 65, 65, 65] / writers=[66]
OOO / Test #158 / 1439449713909 / readers=[63, 64, 63, 63, 63, 63, 63, 63, 63, 63] / writers=[64]
OOO / Test #169 / 1439449714034 / readers=[63, 64, 63, 63, 63, 64, 63, 63, 63, 64] / writers=[64]
OOO / Test #174 / 1439449713909 / readers=[62, 62, 62, 61, 62, 61, 61, 61, 61, 61] / writers=[62]
OOO / Test #61 / 1439449714034 / readers=[69, 69, 69, 69, 70, 70, 70, 70, 70, 69] / writers=[70]
OOO / Test #150 / 1439449713909 / readers=[66, 66, 67, 67, 67, 67, 67, 67, 67, 67] / writers=[67]
OOO / Test #156 / 1439449713909 / readers=[64, 63, 63, 64, 64, 63, 63, 63, 63, 63] / writers=[64]
OOO / Test #100 / 1439449713909 / readers=[71, 71, 71, 71, 70, 71, 71, 70, 70, 70] / writers=[71]
OOO / Test #192 / 1439449713906 / readers=[74, 74, 73, 73, 73, 73, 73, 74, 73, 73] / writers=[74]
OOO / Test #11 / 1439449713906 / readers=[93, 93, 94, 93, 94, 94, 94, 93, 93, 93] / writers=[94]
OOO / Test #181 / 1439449713906 / readers=[66, 66, 66, 66, 66, 66, 66, 66, 66, 66] / writers=[67]
OOO / Test #173 / 1439449713906 / readers=[65, 64, 64, 64, 64, 64, 64, 64, 64, 64] / writers=[65]
OOO / Test #54 / 1439449713906 / readers=[76, 76, 76, 75, 76, 76, 76, 76, 75, 75] / writers=[76]
OOO / Test #165 / 1439449713906 / readers=[63, 63, 62, 62, 62, 62, 62, 62, 62, 62] / writers=[63]
OOO / Test #195 / 1439449713906 / readers=[62, 62, 62, 62, 62, 61, 61, 61, 61, 61] / writers=[62]
OOO / Test #199 / 1439449713904 / readers=[68, 68, 68, 68, 69, 69, 69, 68, 68, 68] / writers=[69]
OOO / Test #168 / 1439449713904 / readers=[56, 57, 57, 57, 57, 56, 57, 57, 57, 57] / writers=[57]
OOO / Test #187 / 1439449713904 / readers=[62, 62, 62, 61, 62, 61, 61, 61, 61, 61] / writers=[62]
OOO / Test #193 / 1439449713903 / readers=[63, 63, 63, 62, 62, 62, 62, 62, 62, 62] / writers=[63]
OOO / Test #184 / 1439449713903 / readers=[61, 61, 61, 61, 61, 60, 60, 61, 61, 61] / writers=[61]
OOO / Test #195 / 1439449714040 / readers=[63, 63, 63, 63, 62, 62, 62, 62, 62, 62] / writers=[63]
OOO / Test #194 / 1439449713903 / readers=[62, 62, 62, 62, 62, 62, 62, 62, 62, 62] / writers=[63]
OOO / Test #168 / 1439449714040 / readers=[57, 58, 58, 58, 58, 57, 58, 58, 58, 57] / writers=[58]
OOO / Test #200 / 1439449713903 / readers=[62, 62, 62, 62, 61, 61, 61, 61, 61, 61] / writers=[62]
OOO / Test #152 / 1439449713903 / readers=[63, 64, 63, 63, 63, 63, 63, 63, 63, 63] / writers=[64]
OOO / Test #187 / 1439449714040 / readers=[63, 63, 63, 62, 62, 62, 62, 62, 62, 62] / writers=[63]
OOO / Test #53 / 1439449713899 / readers=[54, 53, 53, 54, 53, 53, 53, 54, 53, 54] / writers=[54]
OOO / Test #197 / 1439449713899 / readers=[66, 66, 66, 66, 66, 66, 66, 66, 66, 66] / writers=[67]
OOO / Test #191 / 1439449713899 / readers=[62, 62, 62, 61, 62, 61, 61, 61, 61, 61] / writers=[62]
OOO / Test #186 / 1439449713899 / readers=[62, 62, 62, 62, 62, 61, 61, 61, 61, 61] / writers=[62]
OOO / Test #188 / 1439449713899 / readers=[62, 62, 62, 62, 61, 61, 61, 61, 61, 61] / writers=[62]
OOO / Test #187 / 1439449714043 / readers=[64, 64, 63, 63, 63, 63, 63, 63, 63, 63] / writers=[64]
OOO / Test #183 / 1439449713899 / readers=[59, 60, 60, 59, 60, 60, 60, 59, 59, 59] / writers=[60]
OOO / Test #53 / 1439449714043 / readers=[55, 54, 54, 55, 54, 54, 54, 54, 54, 55] / writers=[55]
OOO / Test #50 / 1439449713899 / readers=[61, 60, 61, 60, 60, 61, 61, 61, 61, 60] / writers=[61]
OOO / Test #191 / 1439449714043 / readers=[62, 63, 63, 62, 63, 62, 62, 62, 62, 62] / writers=[63]
OOO / Test #159 / 1439449713899 / readers=[61, 62, 61, 62, 62, 61, 61, 61, 61, 61] / writers=[62]
OOO / Test #172 / 1439449713899 / readers=[60, 60, 60, 60, 60, 60, 59, 59, 59, 59] / writers=[60]
OOO / Test #2 / 1439449713899 / readers=[56, 56, 56, 56, 56, 56, 56, 56, 56, 56] / writers=[57]
OOO / Test #185 / 1439449713896 / readers=[58, 58, 58, 58, 58, 58, 58, 58, 57, 57] / writers=[58]
OOO / Test #47 / 1439449713896 / readers=[59, 59, 59, 59, 59, 59, 59, 59, 58, 59] / writers=[59]
OOO / Test #175 / 1439449713896 / readers=[54, 54, 54, 53, 54, 54, 54, 54, 53, 54] / writers=[54]
OOO / Test #179 / 1439449713896 / readers=[45, 45, 45, 45, 45, 46, 46, 46, 46, 45] / writers=[46]
OOO / Test #196 / 1439449713896 / readers=[59, 59, 59, 60, 59, 60, 60, 59, 59, 59] / writers=[60]
OOO / Test #189 / 1439449713896 / readers=[43, 43, 43, 43, 43, 43, 43, 43, 43, 43] / writers=[44]
OOO / Test #170 / 1439449713896 / readers=[60, 60, 60, 60, 60, 60, 60, 60, 59, 59] / writers=[60]
OOO / Test #3 / 1439449713896 / readers=[75, 75, 76, 76, 76, 76, 76, 76, 76, 76] / writers=[76]
OOO / Test #189 / 1439449714047 / readers=[46, 46, 46, 46, 46, 46, 46, 46, 46, 45] / writers=[46]
OOO / Test #2 / 1439449714047 / readers=[59, 58, 59, 59, 59, 59, 59, 59, 59, 59] / writers=[59]
OOO / Test #196 / 1439449714047 / readers=[60, 60, 60, 61, 60, 61, 60, 60, 60, 60] / writers=[61]
OOO / Test #179 / 1439449714047 / readers=[46, 46, 46, 46, 46, 47, 47, 47, 46, 46] / writers=[47]
OOO / Test #175 / 1439449714047 / readers=[55, 54, 55, 54, 55, 55, 55, 55, 54, 55] / writers=[55]
OOO / Test #185 / 1439449714047 / readers=[59, 59, 59, 59, 59, 58, 59, 59, 58, 58] / writers=[59]
OOO / Test #189 / 1439449714051 / readers=[47, 47, 47, 47, 47, 47, 47, 47, 46, 46] / writers=[47]
OOO / Test #47 / 1439449714047 / readers=[60, 60, 60, 59, 60, 60, 60, 60, 59, 60] / writers=[60]
OOO / Test #2 / 1439449714051 / readers=[60, 59, 60, 60, 60, 60, 60, 60, 60, 59] / writers=[60]
OOO / Test #172 / 1439449714047 / readers=[61, 61, 61, 61, 61, 60, 60, 60, 60, 60] / writers=[61]
OOO / Test #159 / 1439449714047 / readers=[62, 63, 62, 63, 62, 62, 62, 62, 62, 62] / writers=[63]
OOO / Test #191 / 1439449714047 / readers=[63, 64, 64, 63, 63, 63, 63, 63, 63, 63] / writers=[64]
OOO / Test #50 / 1439449714043 / readers=[62, 61, 62, 61, 61, 61, 62, 62, 62, 61] / writers=[62]
OOO / Test #53 / 1439449714043 / readers=[55, 55, 55, 56, 55, 55, 55, 55, 55, 56] / writers=[56]
OOO / Test #183 / 1439449714043 / readers=[60, 61, 61, 60, 61, 61, 60, 60, 60, 60] / writers=[61]
OOO / Test #197 / 1439449714043 / readers=[69, 69, 69, 69, 69, 69, 69, 69, 69, 68] / writers=[69]
OOO / Test #159 / 1439449714053 / readers=[63, 63, 63, 64, 63, 63, 63, 63, 63, 63] / writers=[64]
OOO / Test #188 / 1439449714043 / readers=[63, 63, 63, 62, 62, 62, 62, 62, 62, 62] / writers=[63]
OOO / Test #187 / 1439449714043 / readers=[65, 64, 64, 64, 64, 64, 64, 64, 64, 64] / writers=[65]
OOO / Test #186 / 1439449714043 / readers=[63, 63, 63, 62, 63, 62, 62, 62, 62, 62] / writers=[63]
OOO / Test #200 / 1439449714040 / readers=[63, 63, 63, 62, 62, 62, 62, 62, 62, 62] / writers=[63]
OOO / Test #194 / 1439449714040 / readers=[65, 65, 65, 65, 65, 65, 65, 65, 64, 65] / writers=[65]
OOO / Test #152 / 1439449714040 / readers=[64, 64, 64, 64, 64, 64, 64, 64, 64, 64] / writers=[65]
OOO / Test #168 / 1439449714040 / readers=[58, 59, 59, 59, 59, 58, 59, 59, 58, 58] / writers=[59]
OOO / Test #195 / 1439449714040 / readers=[64, 64, 64, 63, 63, 63, 63, 63, 63, 63] / writers=[64]
OOO / Test #184 / 1439449714040 / readers=[62, 62, 62, 62, 61, 61, 61, 62, 62, 62] / writers=[62]
OOO / Test #194 / 1439449714055 / readers=[66, 66, 65, 66, 66, 66, 66, 66, 65, 66] / writers=[66]
OOO / Test #193 / 1439449714040 / readers=[63, 64, 64, 63, 63, 63, 63, 63, 63, 63] / writers=[64]
OOO / Test #199 / 1439449714040 / readers=[69, 69, 69, 69, 70, 69, 70, 69, 69, 69] / writers=[70]
OOO / Test #54 / 1439449714037 / readers=[76, 77, 77, 76, 77, 77, 77, 77, 76, 76] / writers=[77]
OOO / Test #168 / 1439449714056 / readers=[59, 60, 60, 60, 60, 59, 60, 59, 59, 59] / writers=[60]
OOO / Test #165 / 1439449714037 / readers=[64, 63, 63, 63, 63, 63, 63, 63, 63, 63] / writers=[64]
OOO / Test #181 / 1439449714037 / readers=[69, 69, 69, 69, 69, 69, 69, 69, 68, 69] / writers=[69]
OOO / Test #173 / 1439449714037 / readers=[65, 65, 65, 65, 65, 65, 65, 65, 65, 65] / writers=[66]
OOO / Test #192 / 1439449714037 / readers=[74, 75, 74, 74, 74, 74, 74, 75, 74, 74] / writers=[75]
OOO / Test #11 / 1439449714037 / readers=[94, 94, 95, 94, 95, 95, 94, 94, 94, 94] / writers=[95]
OOO / Test #165 / 1439449714058 / readers=[64, 64, 64, 64, 64, 64, 64, 64, 64, 64] / writers=[65]
OOO / Test #100 / 1439449714037 / readers=[72, 72, 72, 72, 71, 72, 71, 71, 71, 71] / writers=[72]
OOO / Test #156 / 1439449714037 / readers=[65, 64, 64, 65, 64, 64, 64, 64, 64, 64] / writers=[65]
OOO / Test #181 / 1439449714058 / readers=[70, 70, 70, 70, 70, 70, 70, 69, 69, 70] / writers=[70]
OOO / Test #150 / 1439449714037 / readers=[67, 67, 68, 68, 68, 68, 68, 68, 68, 67] / writers=[68]
OOO / Test #61 / 1439449714037 / readers=[70, 70, 70, 70, 71, 71, 70, 71, 71, 70] / writers=[71]
OOO / Test #174 / 1439449714034 / readers=[63, 63, 62, 62, 63, 62, 62, 62, 62, 62] / writers=[63]
OOO / Test #160 / 1439449714034 / readers=[67, 66, 67, 67, 67, 67, 67, 67, 67, 67] / writers=[67]
OOO / Test #177 / 1439449714034 / readers=[67, 68, 68, 68, 68, 68, 68, 68, 68, 68] / writers=[68]
OOO / Test #158 / 1439449714034 / readers=[64, 64, 64, 64, 64, 64, 64, 64, 64, 64] / writers=[65]
OOO / Test #150 / 1439449714061 / readers=[68, 68, 69, 69, 69, 69, 69, 69, 68, 68] / writers=[69]
OOO / Test #169 / 1439449714034 / readers=[64, 64, 64, 64, 64, 65, 64, 64, 64, 65] / writers=[65]
OOO / Test #61 / 1439449714061 / readers=[71, 71, 71, 71, 71, 72, 71, 72, 72, 71] / writers=[72]
OOO / Test #13 / 1439449714034 / readers=[90, 90, 90, 90, 90, 90, 90, 90, 90, 89] / writers=[90]
OOO / Test #174 / 1439449714061 / readers=[64, 64, 63, 63, 63, 63, 63, 63, 63, 63] / writers=[64]
OOO / Test #176 / 1439449714034 / readers=[61, 61, 61, 61, 60, 60, 60, 60, 61, 61] / writers=[61]
OOO / Test #178 / 1439449714032 / readers=[71, 71, 71, 71, 71, 71, 71, 71, 71, 70] / writers=[71]
OOO / Test #163 / 1439449714032 / readers=[66, 66, 66, 66, 66, 66, 66, 66, 66, 66] / writers=[67]
OOO / Test #7 / 1439449714032 / readers=[71, 72, 71, 72, 72, 72, 71, 71, 71, 71] / writers=[72]
OOO / Test #171 / 1439449714032 / readers=[66, 66, 65, 65, 65, 65, 65, 65, 65, 65] / writers=[66]
OOO / Test #182 / 1439449714032 / readers=[63, 63, 63, 62, 62, 62, 62, 62, 62, 62] / writers=[63]
OOO / Test #176 / 1439449714064 / readers=[62, 62, 62, 62, 61, 62, 61, 61, 61, 62] / writers=[62]
OOO / Test #178 / 1439449714064 / readers=[72, 72, 72, 72, 72, 72, 72, 72, 71, 71] / writers=[72]
OOO / Test #161 / 1439449714032 / readers=[70, 70, 70, 70, 71, 70, 70, 70, 70, 70] / writers=[71]
OOO / Test #166 / 1439449714032 / readers=[61, 61, 61, 62, 61, 61, 61, 61, 61, 61] / writers=[62]
OOO / Test #20 / 1439449714032 / readers=[66, 65, 65, 65, 65, 65, 65, 65, 66, 65] / writers=[66]
OOO / Test #27 / 1439449714029 / readers=[65, 64, 64, 64, 64, 64, 64, 64, 65, 65] / writers=[65]
OOO / Test #14 / 1439449714029 / readers=[98, 98, 98, 98, 97, 97, 97, 97, 98, 98] / writers=[98]
OOO / Test #164 / 1439449714029 / readers=[63, 64, 64, 63, 63, 63, 63, 63, 63, 63] / writers=[64]
OOO / Test #60 / 1439449714029 / readers=[63, 63, 63, 63, 63, 63, 63, 63, 64, 63] / writers=[64]
OOO / Test #97 / 1439449714029 / readers=[72, 72, 73, 72, 73, 73, 73, 72, 72, 72] / writers=[73]
OOO / Test #153 / 1439449714029 / readers=[76, 76, 75, 75, 75, 76, 75, 75, 75, 76] / writers=[76]
OOO / Test #30 / 1439449714029 / readers=[67, 66, 66, 66, 66, 66, 66, 66, 67, 67] / writers=[67]
OOO / Test #14 / 1439449714067 / readers=[99, 99, 98, 99, 98, 98, 98, 98, 99, 99] / writers=[99]
OOO / Test #36 / 1439449714029 / readers=[67, 68, 67, 67, 67, 67, 67, 67, 67, 68] / writers=[68]
OOO / Test #31 / 1439449714029 / readers=[67, 67, 67, 67, 68, 67, 67, 68, 67, 68] / writers=[68]
OOO / Test #49 / 1439449714029 / readers=[72, 72, 72, 72, 72, 72, 71, 71, 72, 72] / writers=[72]
OOO / Test #162 / 1439449714026 / readers=[64, 64, 64, 64, 64, 64, 64, 64, 64, 64] / writers=[65]
OOO / Test #55 / 1439449714026 / readers=[76, 76, 77, 76, 76, 76, 76, 76, 76, 77] / writers=[77]
OOO / Test #180 / 1439449714026 / readers=[61, 61, 61, 60, 61, 60, 60, 60, 60, 61] / writers=[61]
OOO / Test #148 / 1439449714026 / readers=[61, 61, 61, 61, 60, 61, 61, 60, 60, 61] / writers=[61]
OOO / Test #40 / 1439449714026 / readers=[70, 71, 71, 71, 71, 71, 71, 71, 71, 71] / writers=[71]
OOO / Test #49 / 1439449714070 / readers=[73, 73, 73, 73, 73, 72, 72, 72, 73, 73] / writers=[73]
OOO / Test #43 / 1439449714026 / readers=[67, 67, 67, 67, 67, 68, 67, 67, 67, 67] / writers=[68]
OOO / Test #55 / 1439449714070 / readers=[77, 77, 77, 77, 77, 77, 77, 77, 77, 78] / writers=[78]
OOO / Test #180 / 1439449714070 / readers=[62, 62, 62, 61, 61, 61, 61, 61, 61, 62] / writers=[62]
OOO / Test #44 / 1439449714026 / readers=[70, 70, 70, 70, 70, 70, 69, 69, 70, 70] / writers=[70]
OOO / Test #22 / 1439449714026 / readers=[70, 70, 70, 71, 71, 71, 70, 70, 70, 71] / writers=[71]
OOO / Test #28 / 1439449714026 / readers=[74, 74, 74, 74, 74, 74, 74, 74, 74, 74] / writers=[75]
OOO / Test #167 / 1439449714026 / readers=[63, 64, 63, 63, 63, 63, 63, 63, 63, 63] / writers=[64]
OOO / Test #15 / 1439449714024 / readers=[84, 84, 84, 84, 84, 84, 84, 84, 84, 84] / writers=[85]
OOO / Test #62 / 1439449714024 / readers=[67, 68, 68, 68, 67, 67, 67, 67, 67, 67] / writers=[68]
OOO / Test #44 / 1439449714073 / readers=[71, 71, 71, 71, 71, 71, 70, 70, 71, 70] / writers=[71]
OOO / Test #157 / 1439449714024 / readers=[72, 72, 71, 72, 72, 72, 71, 71, 71, 72] / writers=[72]
OOO / Test #22 / 1439449714073 / readers=[71, 71, 71, 72, 72, 72, 71, 71, 71, 71] / writers=[72]
OOO / Test #146 / 1439449714024 / readers=[71, 71, 71, 71, 71, 71, 71, 71, 70, 71] / writers=[71]
OOO / Test #190 / 1439449714024 / readers=[71, 71, 71, 71, 71, 71, 71, 71, 71, 71] / writers=[72]
OOO / Test #95 / 1439449714024 / readers=[74, 74, 74, 74, 74, 74, 73, 73, 74, 74] / writers=[74]
OOO / Test #198 / 1439449714024 / readers=[67, 67, 67, 67, 67, 67, 67, 67, 67, 67] / writers=[68]
OOO / Test #39 / 1439449714024 / readers=[72, 72, 72, 72, 72, 72, 71, 71, 71, 72] / writers=[72]
OOO / Test #59 / 1439449714020 / readers=[70, 70, 70, 71, 70, 70, 70, 70, 70, 70] / writers=[71]
OOO / Test #34 / 1439449714020 / readers=[68, 69, 69, 69, 69, 69, 69, 69, 69, 68] / writers=[69]
OOO / Test #38 / 1439449714020 / readers=[71, 71, 72, 72, 72, 71, 71, 71, 71, 71] / writers=[72]
OOO / Test #35 / 1439449714020 / readers=[73, 72, 72, 73, 72, 72, 73, 73, 73, 72] / writers=[73]
OOO / Test #39 / 1439449714076 / readers=[73, 72, 73, 73, 73, 73, 72, 72, 72, 73] / writers=[73]
OOO / Test #18 / 1439449714020 / readers=[75, 75, 76, 75, 75, 75, 75, 76, 76, 75] / writers=[76]
OOO / Test #59 / 1439449714076 / readers=[71, 71, 71, 71, 71, 71, 71, 71, 71, 71] / writers=[72]
OOO / Test #26 / 1439449714020 / readers=[66, 65, 65, 65, 65, 65, 65, 65, 66, 66] / writers=[66]
OOO / Test #64 / 1439449714020 / readers=[70, 70, 70, 70, 70, 69, 70, 69, 70, 69] / writers=[70]
OOO / Test #19 / 1439449714020 / readers=[76, 75, 75, 76, 76, 76, 76, 76, 76, 75] / writers=[76]
OOO / Test #133 / 1439449714017 / readers=[61, 61, 61, 61, 60, 61, 61, 60, 60, 61] / writers=[61]
OOO / Test #147 / 1439449714017 / readers=[62, 62, 62, 62, 61, 61, 61, 62, 61, 61] / writers=[62]
OOO / Test #33 / 1439449714017 / readers=[63, 63, 62, 63, 62, 62, 62, 62, 63, 62] / writers=[63]
OOO / Test #26 / 1439449714080 / readers=[66, 66, 66, 66, 66, 66, 66, 66, 67, 67] / writers=[67]
OOO / Test #17 / 1439449714017 / readers=[81, 81, 81, 80, 80, 80, 81, 81, 81, 81] / writers=[81]
OOO / Test #19 / 1439449714080 / readers=[76, 76, 76, 77, 77, 77, 77, 77, 77, 76] / writers=[77]
OOO / Test #58 / 1439449714017 / readers=[67, 68, 68, 68, 67, 68, 68, 68, 68, 68] / writers=[68]
OOO / Test #23 / 1439449714017 / readers=[78, 78, 78, 77, 78, 78, 78, 78, 78, 78] / writers=[78]
OOO / Test #46 / 1439449714017 / readers=[72, 72, 72, 72, 73, 72, 72, 72, 72, 73] / writers=[73]
OOO / Test #51 / 1439449714017 / readers=[72, 72, 72, 72, 72, 73, 72, 72, 72, 72] / writers=[73]
OOO / Test #155 / 1439449714017 / readers=[65, 65, 65, 65, 64, 64, 65, 65, 65, 65] / writers=[65]
OOO / Test #16 / 1439449714013 / readers=[85, 85, 85, 84, 85, 84, 84, 84, 84, 84] / writers=[85]
OOO / Test #12 / 1439449714013 / readers=[90, 91, 90, 91, 91, 91, 91, 91, 90, 90] / writers=[91]
OOO / Test #42 / 1439449714013 / readers=[71, 71, 71, 71, 71, 71, 70, 70, 70, 70] / writers=[71]
OOO / Test #73 / 1439449714013 / readers=[66, 66, 66, 66, 66, 66, 66, 66, 66, 66] / writers=[67]
OOO / Test #46 / 1439449714083 / readers=[73, 73, 73, 73, 73, 73, 73, 73, 73, 74] / writers=[74]
OOO / Test #51 / 1439449714083 / readers=[73, 73, 73, 73, 73, 73, 73, 73, 73, 73] / writers=[74]
OOO / Test #80 / 1439449714013 / readers=[62, 62, 62, 62, 61, 61, 61, 61, 61, 61] / writers=[62]
OOO / Test #109 / 1439449714013 / readers=[76, 75, 75, 75, 75, 75, 75, 75, 75, 75] / writers=[76]
OOO / Test #41 / 1439449714013 / readers=[63, 63, 64, 63, 63, 63, 63, 63, 63, 63] / writers=[64]
OOO / Test #48 / 1439449714013 / readers=[69, 69, 69, 69, 69, 69, 69, 69, 68, 68] / writers=[69]
OOO / Test #80 / 1439449714088 / readers=[63, 63, 63, 62, 62, 62, 62, 62, 62, 62] / writers=[63]
OOO / Test #122 / 1439449714013 / readers=[69, 69, 69, 69, 69, 69, 69, 69, 68, 68] / writers=[69]
OOO / Test #109 / 1439449714088 / readers=[76, 76, 76, 76, 76, 76, 76, 76, 76, 76] / writers=[77]
OOO / Test #144 / 1439449714010 / readers=[69, 69, 69, 69, 69, 69, 69, 68, 69, 69] / writers=[69]
OOO / Test #6 / 1439449714010 / readers=[96, 96, 96, 97, 97, 96, 96, 96, 96, 96] / writers=[97]
OOO / Test #90 / 1439449714010 / readers=[64, 64, 63, 63, 63, 63, 63, 63, 63, 63] / writers=[64]
OOO / Test #4 / 1439449714010 / readers=[91, 91, 90, 91, 91, 91, 91, 90, 91, 91] / writers=[91]
OOO / Test #32 / 1439449714010 / readers=[69, 69, 70, 70, 70, 69, 69, 70, 70, 69] / writers=[70]
OOO / Test #145 / 1439449714010 / readers=[65, 65, 65, 65, 65, 64, 64, 64, 65, 64] / writers=[65]
OOO / Test #56 / 1439449714010 / readers=[78, 78, 78, 78, 78, 78, 78, 78, 78, 78] / writers=[79]
OOO / Test #21 / 1439449714010 / readers=[86, 86, 85, 85, 85, 86, 85, 85, 85, 85] / writers=[86]
OOO / Test #78 / 1439449714010 / readers=[71, 71, 71, 71, 71, 71, 70, 70, 70, 70] / writers=[71]
OOO / Test #91 / 1439449714010 / readers=[66, 66, 66, 66, 66, 66, 66, 66, 66, 66] / writers=[67]
OOO / Test #139 / 1439449714007 / readers=[68, 68, 68, 68, 68, 68, 68, 68, 68, 67] / writers=[68]
OOO / Test #24 / 1439449714007 / readers=[73, 72, 72, 73, 72, 73, 72, 73, 73, 73] / writers=[73]
OOO / Test #66 / 1439449714007 / readers=[67, 66, 67, 67, 67, 67, 67, 67, 67, 66] / writers=[67]
OOO / Test #21 / 1439449714091 / readers=[87, 86, 86, 86, 86, 87, 86, 86, 86, 86] / writers=[87]
OOO / Test #78 / 1439449714091 / readers=[72, 72, 72, 72, 72, 71, 71, 71, 71, 71] / writers=[72]
OOO / Test #127 / 1439449714007 / readers=[65, 64, 64, 64, 64, 64, 64, 64, 65, 64] / writers=[65]
OOO / Test #45 / 1439449714007 / readers=[72, 71, 71, 71, 71, 71, 71, 71, 71, 71] / writers=[72]
OOO / Test #52 / 1439449714007 / readers=[73, 73, 73, 72, 73, 72, 72, 72, 72, 72] / writers=[73]
OOO / Test #154 / 1439449714007 / readers=[69, 70, 70, 70, 70, 70, 70, 70, 69, 69] / writers=[70]
OOO / Test #149 / 1439449714007 / readers=[61, 61, 61, 61, 61, 61, 60, 60, 60, 60] / writers=[61]
OOO / Test #37 / 1439449714004 / readers=[67, 68, 68, 68, 68, 68, 68, 68, 68, 68] / writers=[68]
OOO / Test #78 / 1439449714094 / readers=[73, 73, 73, 73, 72, 72, 72, 72, 72, 72] / writers=[73]
OOO / Test #8 / 1439449714004 / readers=[92, 91, 91, 91, 92, 92, 92, 91, 92, 91] / writers=[92]
OOO / Test #52 / 1439449714094 / readers=[74, 74, 74, 73, 73, 73, 73, 73, 73, 73] / writers=[74]
OOO / Test #101 / 1439449714004 / readers=[61, 61, 62, 62, 61, 61, 61, 61, 61, 61] / writers=[62]
OOO / Test #84 / 1439449714004 / readers=[66, 66, 66, 66, 66, 66, 67, 66, 66, 66] / writers=[67]
OOO / Test #137 / 1439449714004 / readers=[60, 60, 60, 60, 60, 60, 59, 59, 59, 59] / writers=[60]
OOO / Test #130 / 1439449714004 / readers=[68, 68, 68, 69, 69, 69, 69, 69, 68, 68] / writers=[69]
OOO / Test #9 / 1439449714004 / readers=[92, 92, 92, 93, 93, 93, 93, 93, 92, 92] / writers=[93]
OOO / Test #75 / 1439449714004 / readers=[59, 59, 59, 58, 59, 59, 59, 59, 58, 58] / writers=[59]
OOO / Test #10 / 1439449714004 / readers=[73, 74, 74, 73, 73, 73, 73, 74, 73, 74] / writers=[74]
OOO / Test #84 / 1439449714097 / readers=[67, 67, 67, 67, 67, 67, 67, 67, 67, 67] / writers=[68]
OOO / Test #141 / 1439449714000 / readers=[68, 68, 68, 68, 68, 68, 67, 68, 68, 68] / writers=[68]
OOO / Test #57 / 1439449714000 / readers=[78, 79, 79, 78, 78, 78, 78, 79, 79, 78] / writers=[79]
OOO / Test #118 / 1439449714000 / readers=[63, 63, 63, 62, 63, 62, 62, 62, 62, 62] / writers=[63]
OOO / Test #9 / 1439449714097 / readers=[93, 93, 93, 93, 94, 94, 94, 94, 93, 93] / writers=[94]
OOO / Test #86 / 1439449714000 / readers=[62, 63, 63, 62, 62, 62, 62, 62, 62, 62] / writers=[63]
OOO / Test #76 / 1439449714000 / readers=[70, 70, 70, 70, 70, 70, 69, 70, 69, 69] / writers=[70]
OOO / Test #114 / 1439449714000 / readers=[75, 74, 75, 74, 74, 74, 74, 74, 74, 74] / writers=[75]
OOO / Test #125 / 1439449714000 / readers=[63, 63, 62, 63, 62, 62, 62, 62, 62, 62] / writers=[63]
OOO / Test #82 / 1439449713997 / readers=[65, 65, 65, 65, 65, 65, 65, 65, 66, 65] / writers=[66]
OOO / Test #9 / 1439449714100 / readers=[94, 94, 94, 94, 94, 95, 95, 95, 94, 94] / writers=[95]
OOO / Test #117 / 1439449713997 / readers=[65, 65, 65, 65, 65, 65, 65, 65, 65, 65] / writers=[66]
OOO / Test #76 / 1439449714100 / readers=[71, 71, 71, 71, 71, 71, 70, 70, 70, 70] / writers=[71]
OOO / Test #96 / 1439449713997 / readers=[65, 65, 65, 65, 65, 65, 65, 65, 65, 65] / writers=[66]
OOO / Test #114 / 1439449714100 / readers=[76, 75, 75, 75, 75, 75, 75, 75, 75, 75] / writers=[76]
OOO / Test #151 / 1439449713997 / readers=[62, 62, 61, 62, 61, 61, 61, 61, 61, 61] / writers=[62]
OOO / Test #29 / 1439449713997 / readers=[68, 68, 68, 69, 69, 69, 68, 69, 69, 68] / writers=[69]
OOO / Test #65 / 1439449713997 / readers=[76, 75, 75, 75, 75, 75, 75, 75, 75, 75] / writers=[76]
OOO / Test #116 / 1439449713997 / readers=[68, 68, 68, 68, 68, 68, 68, 68, 68, 67] / writers=[68]
OOO / Test #135 / 1439449713997 / readers=[67, 66, 67, 66, 67, 66, 67, 67, 67, 67] / writers=[67]
OOO / Test #85 / 1439449713997 / readers=[65, 66, 65, 65, 65, 65, 65, 65, 65, 65] / writers=[66]
OOO / Test #29 / 1439449714104 / readers=[69, 69, 69, 70, 70, 69, 69, 70, 70, 69] / writers=[70]
OOO / Test #63 / 1439449713994 / readers=[58, 58, 58, 58, 58, 58, 58, 58, 58, 57] / writers=[58]
OOO / Test #136 / 1439449713994 / readers=[67, 68, 68, 68, 68, 68, 68, 68, 68, 67] / writers=[68]
OOO / Test #74 / 1439449713994 / readers=[68, 68, 68, 68, 68, 68, 68, 68, 68, 68] / writers=[69]
OOO / Test #102 / 1439449713994 / readers=[65, 65, 65, 65, 65, 66, 65, 65, 65, 65] / writers=[66]
OOO / Test #77 / 1439449713994 / readers=[73, 74, 73, 74, 74, 73, 73, 73, 73, 73] / writers=[74]
OOO / Test #71 / 1439449713994 / readers=[66, 65, 66, 66, 66, 66, 66, 66, 66, 66] / writers=[66]
OOO / Test #124 / 1439449713994 / readers=[69, 69, 69, 69, 69, 69, 69, 69, 68, 68] / writers=[69]
OOO / Test #88 / 1439449713994 / readers=[71, 71, 71, 71, 71, 71, 70, 70, 70, 70] / writers=[71]
OOO / Test #128 / 1439449713990 / readers=[68, 68, 68, 68, 68, 68, 68, 68, 68, 67] / writers=[68]
OOO / Test #120 / 1439449713990 / readers=[70, 70, 70, 70, 70, 70, 70, 69, 69, 69] / writers=[70]
OOO / Test #102 / 1439449714107 / readers=[66, 66, 66, 66, 66, 66, 66, 66, 66, 66] / writers=[67]
OOO / Test #81 / 1439449713990 / readers=[66, 65, 65, 65, 66, 66, 65, 66, 66, 66] / writers=[66]
OOO / Test #87 / 1439449713990 / readers=[69, 69, 69, 69, 69, 69, 69, 69, 68, 68] / writers=[69]
OOO / Test #104 / 1439449713990 / readers=[70, 70, 70, 70, 70, 70, 70, 69, 69, 69] / writers=[70]
OOO / Test #143 / 1439449713990 / readers=[59, 59, 59, 59, 59, 59, 59, 58, 58, 58] / writers=[59]
OOO / Test #112 / 1439449713990 / readers=[65, 65, 65, 65, 65, 65, 65, 65, 65, 65] / writers=[66]
OOO / Test #106 / 1439449713990 / readers=[65, 65, 65, 64, 64, 64, 64, 65, 65, 65] / writers=[65]
OOO / Test #69 / 1439449713987 / readers=[66, 65, 65, 65, 65, 66, 66, 66, 66, 66] / writers=[66]
OOO / Test #104 / 1439449714111 / readers=[71, 71, 71, 71, 71, 71, 70, 70, 70, 70] / writers=[71]
OOO / Test #68 / 1439449713987 / readers=[62, 62, 61, 62, 62, 61, 61, 61, 61, 61] / writers=[62]
OOO / Test #143 / 1439449714111 / readers=[60, 60, 60, 60, 60, 60, 59, 59, 59, 59] / writers=[60]
OOO / Test #89 / 1439449713987 / readers=[70, 70, 70, 70, 70, 70, 70, 69, 69, 69] / writers=[70]
OOO / Test #92 / 1439449713987 / readers=[71, 70, 71, 71, 71, 71, 71, 70, 70, 71] / writers=[71]
OOO / Test #93 / 1439449713987 / readers=[66, 65, 65, 65, 65, 65, 65, 65, 65, 65] / writers=[66]
OOO / Test #105 / 1439449713987 / readers=[64, 64, 63, 63, 63, 63, 63, 63, 63, 63] / writers=[64]
OOO / Test #132 / 1439449713987 / readers=[62, 62, 62, 62, 61, 61, 61, 61, 61, 61] / writers=[62]
OOO / Test #131 / 1439449713987 / readers=[60, 60, 60, 60, 60, 60, 61, 60, 60, 60] / writers=[61]
OOO / Test #138 / 1439449713987 / readers=[69, 69, 69, 69, 68, 69, 69, 69, 68, 69] / writers=[69]
OOO / Test #129 / 1439449713984 / readers=[69, 69, 69, 69, 69, 69, 69, 69, 69, 68] / writers=[69]
OOO / Test #67 / 1439449713984 / readers=[65, 64, 65, 65, 65, 65, 65, 65, 65, 65] / writers=[65]
OOO / Test #134 / 1439449713984 / readers=[73, 72, 73, 72, 72, 72, 72, 72, 73, 72] / writers=[73]
OOO / Test #132 / 1439449714114 / readers=[63, 63, 63, 62, 62, 62, 62, 62, 62, 62] / writers=[63]
OOO / Test #70 / 1439449713984 / readers=[62, 62, 62, 62, 61, 61, 61, 61, 61, 61] / writers=[62]
OOO / Test #123 / 1439449713984 / readers=[62, 62, 62, 61, 61, 62, 61, 61, 62, 61] / writers=[62]
OOO / Test #79 / 1439449713984 / readers=[58, 58, 58, 58, 58, 58, 58, 58, 57, 57] / writers=[58]
OOO / Test #115 / 1439449713984 / readers=[59, 59, 59, 59, 59, 59, 59, 59, 58, 59] / writers=[59]
OOO / Test #113 / 1439449713984 / readers=[69, 69, 69, 69, 69, 69, 69, 69, 68, 68] / writers=[69]
OOO / Test #110 / 1439449713980 / readers=[66, 65, 66, 65, 65, 65, 65, 65, 65, 65] / writers=[66]
OOO / Test #140 / 1439449713980 / readers=[74, 75, 74, 74, 74, 74, 74, 74, 74, 74] / writers=[75]
OOO / Test #79 / 1439449714117 / readers=[59, 59, 59, 59, 59, 59, 59, 58, 58, 58] / writers=[59]
OOO / Test #115 / 1439449714117 / readers=[60, 60, 60, 60, 60, 60, 60, 59, 59, 60] / writers=[60]
OOO / Test #107 / 1439449713980 / readers=[63, 63, 63, 63, 63, 62, 62, 62, 63, 63] / writers=[63]
OOO / Test #110 / 1439449714117 / readers=[67, 66, 66, 66, 66, 66, 66, 66, 66, 66] / writers=[67]
OOO / Test #121 / 1439449713980 / readers=[62, 62, 63, 63, 62, 62, 62, 62, 62, 62] / writers=[63]
OOO / Test #99 / 1439449713980 / readers=[62, 62, 61, 62, 62, 61, 61, 61, 61, 61] / writers=[62]
OOO / Test #142 / 1439449713980 / readers=[71, 72, 72, 72, 72, 71, 71, 71, 71, 71] / writers=[72]
OOO / Test #119 / 1439449713980 / readers=[56, 56, 56, 56, 56, 56, 56, 56, 57, 56] / writers=[57]
OOO / Test #1 / 1439449713980 / readers=[64, 63, 63, 64, 63, 64, 63, 63, 63, 63] / writers=[64]
OOO / Test #25 / 1439449713980 / readers=[70, 69, 70, 69, 69, 70, 70, 70, 70, 70] / writers=[70]
OOO / Test #5 / 1439449713977 / readers=[84, 83, 84, 84, 83, 84, 83, 83, 83, 84] / writers=[84]
OOO / Test #126 / 1439449713977 / readers=[62, 62, 62, 62, 61, 61, 61, 61, 61, 62] / writers=[62]
OOO / Test #94 / 1439449713977 / readers=[55, 54, 54, 55, 54, 54, 55, 55, 54, 55] / writers=[55]
OOO / Test #98 / 1439449713977 / readers=[60, 61, 61, 61, 61, 60, 61, 61, 60, 60] / writers=[61]
OOO / Test #1 / 1439449714120 / readers=[65, 64, 64, 64, 64, 65, 64, 64, 64, 64] / writers=[65]
OOO / Test #83 / 1439449713977 / readers=[71, 72, 71, 72, 72, 72, 71, 72, 71, 71] / writers=[72]
OOO / Test #103 / 1439449713977 / readers=[72, 72, 72, 72, 72, 71, 71, 71, 71, 71] / writers=[72]
OOO / Test #72 / 1439449713977 / readers=[58, 58, 57, 57, 58, 58, 58, 58, 58, 57] / writers=[58]
OOO / Test #111 / 1439449713977 / readers=[71, 72, 71, 72, 72, 71, 71, 71, 71, 71] / writers=[72]
OOO / Test #108 / 1439449713977 / readers=[68, 68, 68, 68, 68, 68, 68, 68, 67, 68] / writers=[68]
OOO / Test #103 / 1439449714123 / readers=[73, 72, 73, 73, 73, 72, 72, 72, 72, 72] / writers=[73]
OOO / Test #72 / 1439449714123 / readers=[59, 59, 58, 58, 59, 59, 59, 58, 59, 58] / writers=[59]
OOO / Test #83 / 1439449714120 / readers=[72, 73, 72, 73, 73, 73, 72, 72, 72, 72] / writers=[73]
OOO / Test #98 / 1439449714120 / readers=[61, 62, 62, 62, 61, 61, 62, 62, 61, 61] / writers=[62]
OOO / Test #1 / 1439449714120 / readers=[65, 65, 65, 65, 65, 66, 65, 65, 65, 65] / writers=[66]
OOO / Test #94 / 1439449714120 / readers=[55, 55, 55, 56, 55, 55, 56, 56, 55, 56] / writers=[56]
OOO / Test #111 / 1439449714123 / readers=[72, 73, 72, 73, 72, 72, 72, 72, 72, 72] / writers=[73]
OOO / Test #126 / 1439449714120 / readers=[62, 63, 63, 63, 62, 62, 62, 62, 62, 63] / writers=[63]
OOO / Test #5 / 1439449714120 / readers=[85, 84, 85, 85, 84, 84, 84, 84, 84, 85] / writers=[85]
OOO / Test #25 / 1439449714120 / readers=[71, 70, 71, 70, 70, 70, 71, 71, 71, 71] / writers=[71]
OOO / Test #142 / 1439449714120 / readers=[72, 73, 73, 73, 72, 72, 72, 72, 72, 72] / writers=[73]
OOO / Test #119 / 1439449714120 / readers=[57, 57, 57, 57, 57, 57, 57, 57, 57, 57] / writers=[58]
OOO / Test #111 / 1439449714126 / readers=[73, 73, 73, 74, 73, 73, 73, 73, 73, 73] / writers=[74]
OOO / Test #99 / 1439449714120 / readers=[63, 63, 62, 63, 62, 62, 62, 62, 62, 62] / writers=[63]
OOO / Test #5 / 1439449714126 / readers=[86, 85, 86, 86, 85, 85, 85, 85, 85, 85] / writers=[86]
OOO / Test #121 / 1439449714117 / readers=[63, 63, 64, 63, 63, 63, 63, 63, 63, 63] / writers=[64]
OOO / Test #25 / 1439449714126 / readers=[72, 71, 72, 71, 71, 71, 71, 72, 72, 72] / writers=[72]
OOO / Test #107 / 1439449714117 / readers=[64, 64, 64, 64, 63, 63, 63, 63, 64, 64] / writers=[64]
OOO / Test #110 / 1439449714117 / readers=[67, 67, 67, 67, 67, 67, 67, 67, 67, 67] / writers=[68]
OOO / Test #140 / 1439449714117 / readers=[75, 75, 75, 75, 75, 75, 75, 75, 75, 75] / writers=[76]
OOO / Test #115 / 1439449714117 / readers=[61, 61, 61, 61, 61, 61, 60, 60, 60, 61] / writers=[61]
OOO / Test #79 / 1439449714117 / readers=[60, 60, 60, 60, 60, 60, 59, 59, 59, 59] / writers=[60]
OOO / Test #25 / 1439449714128 / readers=[73, 72, 72, 72, 72, 72, 72, 73, 73, 73] / writers=[73]
OOO / Test #113 / 1439449714117 / readers=[70, 70, 70, 69, 70, 70, 70, 70, 69, 69] / writers=[70]
OOO / Test #123 / 1439449714114 / readers=[63, 63, 62, 62, 62, 63, 62, 62, 63, 62] / writers=[63]
OOO / Test #70 / 1439449714114 / readers=[63, 63, 63, 62, 62, 62, 62, 62, 62, 62] / writers=[63]
OOO / Test #132 / 1439449714114 / readers=[64, 64, 63, 63, 63, 63, 63, 63, 63, 63] / writers=[64]
OOO / Test #79 / 1439449714128 / readers=[61, 60, 61, 61, 61, 61, 60, 60, 60, 60] / writers=[61]
OOO / Test #134 / 1439449714114 / readers=[73, 73, 74, 73, 73, 73, 73, 73, 74, 73] / writers=[74]
OOO / Test #67 / 1439449714114 / readers=[66, 65, 65, 66, 66, 66, 66, 66, 66, 66] / writers=[66]
OOO / Test #129 / 1439449714114 / readers=[70, 70, 70, 70, 70, 70, 70, 70, 69, 69] / writers=[70]
OOO / Test #138 / 1439449714114 / readers=[70, 70, 70, 70, 69, 70, 69, 70, 69, 70] / writers=[70]
OOO / Test #131 / 1439449714114 / readers=[61, 61, 61, 61, 61, 61, 61, 61, 61, 61] / writers=[62]
OOO / Test #134 / 1439449714131 / readers=[74, 74, 74, 74, 74, 74, 74, 74, 75, 74] / writers=[75]
OOO / Test #105 / 1439449714113 / readers=[65, 64, 64, 64, 64, 64, 64, 64, 64, 64] / writers=[65]
OOO / Test #93 / 1439449714113 / readers=[66, 66, 66, 66, 66, 66, 66, 66, 66, 66] / writers=[67]
OOO / Test #89 / 1439449714111 / readers=[71, 71, 71, 71, 71, 71, 70, 70, 70, 70] / writers=[71]
OOO / Test #138 / 1439449714131 / readers=[71, 71, 71, 71, 70, 71, 70, 71, 70, 70] / writers=[71]
OOO / Test #92 / 1439449714111 / readers=[72, 71, 72, 72, 72, 72, 71, 71, 71, 72] / writers=[72]
OOO / Test #68 / 1439449714111 / readers=[63, 63, 62, 63, 62, 62, 62, 62, 62, 62] / writers=[63]
OOO / Test #143 / 1439449714111 / readers=[61, 61, 61, 61, 61, 60, 60, 60, 60, 60] / writers=[61]
OOO / Test #112 / 1439449714111 / readers=[68, 68, 68, 68, 68, 68, 68, 68, 68, 67] / writers=[68]
OOO / Test #104 / 1439449714111 / readers=[72, 72, 71, 72, 72, 72, 71, 71, 71, 71] / writers=[72]
OOO / Test #138 / 1439449714134 / readers=[72, 72, 72, 72, 71, 72, 71, 71, 71, 71] / writers=[72]
OOO / Test #106 / 1439449714111 / readers=[65, 66, 66, 65, 65, 65, 65, 66, 66, 66] / writers=[66]
OOO / Test #92 / 1439449714134 / readers=[73, 72, 73, 73, 73, 72, 72, 72, 72, 73] / writers=[73]
OOO / Test #69 / 1439449714111 / readers=[67, 66, 66, 66, 66, 67, 67, 66, 67, 67] / writers=[67]
OOO / Test #87 / 1439449714107 / readers=[70, 70, 70, 70, 70, 70, 70, 69, 69, 69] / writers=[70]
OOO / Test #68 / 1439449714134 / readers=[64, 64, 63, 63, 63, 63, 63, 63, 63, 63] / writers=[64]
OOO / Test #81 / 1439449714107 / readers=[66, 66, 66, 66, 67, 67, 66, 67, 67, 67] / writers=[67]
OOO / Test #120 / 1439449714107 / readers=[71, 71, 71, 71, 70, 71, 71, 70, 70, 70] / writers=[71]
OOO / Test #128 / 1439449714107 / readers=[69, 69, 69, 69, 69, 69, 69, 69, 68, 68] / writers=[69]
OOO / Test #102 / 1439449714107 / readers=[67, 67, 67, 67, 67, 67, 67, 67, 67, 67] / writers=[68]
OOO / Test #88 / 1439449714107 / readers=[72, 72, 72, 72, 72, 71, 71, 71, 71, 71] / writers=[72]
OOO / Test #124 / 1439449714107 / readers=[70, 70, 70, 70, 70, 70, 70, 69, 69, 69] / writers=[70]
OOO / Test #77 / 1439449714107 / readers=[74, 75, 74, 75, 74, 74, 74, 74, 74, 74] / writers=[75]
OOO / Test #120 / 1439449714137 / readers=[71, 72, 72, 72, 71, 72, 72, 71, 71, 71] / writers=[72]
OOO / Test #71 / 1439449714107 / readers=[66, 66, 67, 67, 67, 67, 67, 67, 67, 67] / writers=[67]
OOO / Test #74 / 1439449714104 / readers=[71, 71, 71, 71, 71, 71, 71, 70, 71, 71] / writers=[71]
OOO / Test #136 / 1439449714104 / readers=[68, 69, 69, 69, 69, 69, 69, 69, 68, 68] / writers=[69]
OOO / Test #63 / 1439449714104 / readers=[59, 59, 59, 59, 59, 59, 59, 58, 59, 58] / writers=[59]
OOO / Test #29 / 1439449714104 / readers=[70, 70, 70, 71, 71, 70, 70, 70, 71, 70] / writers=[71]
OOO / Test #85 / 1439449714104 / readers=[66, 66, 66, 66, 66, 66, 66, 66, 66, 66] / writers=[67]
OOO / Test #135 / 1439449714104 / readers=[67, 67, 68, 67, 68, 67, 68, 68, 68, 68] / writers=[68]
OOO / Test #116 / 1439449714104 / readers=[69, 69, 69, 69, 69, 69, 69, 69, 68, 68] / writers=[69]
OOO / Test #136 / 1439449714140 / readers=[69, 70, 70, 70, 70, 70, 69, 70, 69, 69] / writers=[70]
OOO / Test #65 / 1439449714104 / readers=[76, 76, 76, 76, 76, 76, 76, 76, 76, 76] / writers=[77]
OOO / Test #151 / 1439449714104 / readers=[63, 62, 62, 63, 62, 62, 62, 62, 62, 62] / writers=[63]
OOO / Test #114 / 1439449714104 / readers=[76, 76, 76, 76, 76, 76, 76, 76, 76, 76] / writers=[77]
OOO / Test #96 / 1439449714100 / readers=[68, 68, 68, 68, 68, 68, 68, 68, 68, 67] / writers=[68]
OOO / Test #117 / 1439449714100 / readers=[68, 68, 68, 68, 68, 68, 68, 68, 67, 68] / writers=[68]
OOO / Test #76 / 1439449714100 / readers=[72, 72, 72, 72, 72, 71, 71, 71, 71, 71] / writers=[72]
OOO / Test #82 / 1439449714100 / readers=[66, 66, 66, 66, 66, 66, 66, 66, 66, 66] / writers=[67]
OOO / Test #9 / 1439449714100 / readers=[95, 95, 95, 95, 95, 95, 96, 96, 95, 95] / writers=[96]
OOO / Test #125 / 1439449714100 / readers=[64, 64, 63, 63, 63, 63, 63, 63, 63, 63] / writers=[64]
OOO / Test #96 / 1439449714143 / readers=[69, 69, 69, 69, 69, 69, 69, 69, 68, 68] / writers=[69]
OOO / Test #117 / 1439449714143 / readers=[69, 69, 69, 69, 69, 69, 69, 69, 68, 68] / writers=[69]
OOO / Test #86 / 1439449714100 / readers=[63, 64, 63, 63, 63, 63, 63, 63, 63, 63] / writers=[64]
OOO / Test #141 / 1439449714097 / readers=[69, 69, 69, 69, 69, 69, 68, 69, 69, 68] / writers=[69]
OOO / Test #118 / 1439449714097 / readers=[64, 63, 64, 63, 64, 63, 63, 63, 63, 63] / writers=[64]
OOO / Test #84 / 1439449714097 / readers=[70, 70, 70, 70, 70, 70, 70, 70, 69, 70] / writers=[70]
OOO / Test #57 / 1439449714097 / readers=[79, 80, 80, 79, 79, 79, 79, 80, 79, 79] / writers=[80]
OOO / Test #10 / 1439449714097 / readers=[74, 75, 74, 74, 74, 74, 74, 75, 74, 75] / writers=[75]
OOO / Test #118 / 1439449714146 / readers=[64, 64, 65, 64, 65, 64, 64, 64, 64, 64] / writers=[65]
OOO / Test #75 / 1439449714097 / readers=[60, 60, 60, 59, 60, 60, 60, 59, 59, 59] / writers=[60]
OOO / Test #130 / 1439449714097 / readers=[69, 69, 69, 69, 70, 70, 70, 70, 69, 69] / writers=[70]
OOO / Test #84 / 1439449714146 / readers=[71, 71, 71, 71, 71, 71, 71, 70, 70, 71] / writers=[71]
OOO / Test #137 / 1439449714097 / readers=[61, 61, 61, 61, 61, 60, 60, 60, 60, 60] / writers=[61]
OOO / Test #101 / 1439449714097 / readers=[62, 62, 63, 62, 62, 62, 62, 62, 62, 62] / writers=[63]
OOO / Test #118 / 1439449714147 / readers=[65, 65, 65, 65, 66, 65, 65, 65, 65, 65] / writers=[66]
OOO / Test #8 / 1439449714094 / readers=[93, 92, 92, 92, 93, 93, 92, 92, 93, 92] / writers=[93]
OOO / Test #52 / 1439449714094 / readers=[75, 75, 74, 74, 74, 74, 74, 74, 74, 74] / writers=[75]
OOO / Test #37 / 1439449714094 / readers=[68, 69, 69, 69, 69, 69, 69, 69, 69, 68] / writers=[69]
OOO / Test #78 / 1439449714094 / readers=[74, 74, 74, 73, 73, 73, 73, 73, 73, 73] / writers=[74]
OOO / Test #118 / 1439449714151 / readers=[66, 66, 66, 66, 66, 66, 66, 66, 66, 66] / writers=[67]
OOO / Test #149 / 1439449714094 / readers=[62, 62, 62, 62, 61, 62, 61, 61, 61, 61] / writers=[62]
OOO / Test #52 / 1439449714151 / readers=[75, 76, 75, 75, 75, 75, 75, 75, 75, 75] / writers=[76]
OOO / Test #37 / 1439449714151 / readers=[69, 70, 70, 70, 70, 70, 70, 70, 69, 69] / writers=[70]
OOO / Test #45 / 1439449714094 / readers=[72, 72, 72, 72, 72, 72, 72, 72, 72, 72] / writers=[73]
OOO / Test #154 / 1439449714094 / readers=[70, 71, 71, 71, 71, 71, 71, 70, 70, 70] / writers=[71]
OOO / Test #127 / 1439449714094 / readers=[65, 65, 65, 65, 65, 65, 65, 65, 66, 65] / writers=[66]
OOO / Test #66 / 1439449714091 / readers=[67, 67, 68, 68, 68, 68, 68, 68, 68, 67] / writers=[68]
OOO / Test #91 / 1439449714091 / readers=[69, 69, 69, 69, 69, 69, 69, 69, 68, 69] / writers=[69]
OOO / Test #139 / 1439449714091 / readers=[69, 69, 69, 69, 69, 69, 69, 69, 68, 68] / writers=[69]
OOO / Test #21 / 1439449714091 / readers=[88, 87, 87, 87, 87, 87, 87, 87, 87, 87] / writers=[88]
OOO / Test #24 / 1439449714091 / readers=[74, 73, 73, 73, 73, 74, 73, 74, 74, 74] / writers=[74]
OOO / Test #127 / 1439449714154 / readers=[66, 66, 66, 66, 66, 66, 66, 66, 66, 66] / writers=[67]
OOO / Test #66 / 1439449714154 / readers=[68, 68, 69, 69, 69, 69, 69, 69, 68, 68] / writers=[69]
OOO / Test #56 / 1439449714091 / readers=[81, 81, 80, 81, 81, 81, 81, 81, 81, 81] / writers=[81]
OOO / Test #139 / 1439449714154 / readers=[70, 70, 70, 70, 70, 70, 70, 69, 69, 69] / writers=[70]
OOO / Test #32 / 1439449714091 / readers=[70, 70, 71, 70, 71, 70, 70, 71, 71, 70] / writers=[71]
OOO / Test #145 / 1439449714091 / readers=[66, 66, 65, 66, 66, 65, 65, 65, 66, 65] / writers=[66]
OOO / Test #4 / 1439449714088 / readers=[92, 92, 91, 92, 92, 92, 92, 91, 91, 92] / writers=[92]
OOO / Test #90 / 1439449714088 / readers=[64, 65, 64, 64, 64, 64, 64, 64, 64, 64] / writers=[65]
OOO / Test #109 / 1439449714088 / readers=[79, 79, 79, 79, 79, 79, 79, 79, 79, 78] / writers=[79]
OOO / Test #6 / 1439449714088 / readers=[97, 97, 97, 97, 98, 97, 97, 97, 97, 97] / writers=[98]
OOO / Test #32 / 1439449714157 / readers=[71, 71, 72, 71, 72, 71, 71, 72, 71, 71] / writers=[72]
OOO / Test #144 / 1439449714088 / readers=[70, 70, 70, 70, 70, 70, 70, 69, 69, 70] / writers=[70]
OOO / Test #4 / 1439449714157 / readers=[93, 93, 92, 92, 93, 93, 93, 92, 92, 93] / writers=[93]
OOO / Test #122 / 1439449714088 / readers=[70, 70, 70, 70, 70, 70, 70, 69, 69, 69] / writers=[70]
OOO / Test #48 / 1439449714088 / readers=[70, 70, 70, 70, 70, 70, 70, 69, 69, 69] / writers=[70]
OOO / Test #80 / 1439449714088 / readers=[64, 64, 63, 63, 63, 63, 63, 63, 63, 63] / writers=[64]
OOO / Test #41 / 1439449714088 / readers=[64, 64, 64, 64, 64, 64, 64, 64, 64, 64] / writers=[65]
OOO / Test #51 / 1439449714083 / readers=[76, 76, 75, 76, 76, 76, 76, 76, 76, 76] / writers=[76]
OOO / Test #73 / 1439449714083 / readers=[69, 69, 69, 69, 69, 69, 69, 69, 69, 68] / writers=[69]
OOO / Test #46 / 1439449714083 / readers=[74, 74, 74, 74, 74, 74, 74, 74, 74, 74] / writers=[75]
OOO / Test #16 / 1439449714083 / readers=[86, 86, 85, 85, 86, 85, 85, 85, 85, 85] / writers=[86]
OOO / Test #42 / 1439449714083 / readers=[72, 72, 71, 72, 72, 72, 71, 71, 71, 71] / writers=[72]
OOO / Test #12 / 1439449714083 / readers=[91, 92, 91, 91, 92, 92, 92, 92, 91, 91] / writers=[92]
OOO / Test #155 / 1439449714083 / readers=[66, 66, 66, 65, 65, 65, 66, 66, 66, 66] / writers=[66]
OOO / Test #23 / 1439449714083 / readers=[79, 79, 79, 78, 79, 79, 79, 79, 78, 79] / writers=[79]
OOO / Test #58 / 1439449714080 / readers=[68, 69, 69, 69, 68, 69, 69, 69, 69, 68] / writers=[69]
OOO / Test #33 / 1439449714080 / readers=[64, 64, 63, 63, 63, 63, 63, 63, 64, 63] / writers=[64]
OOO / Test #17 / 1439449714080 / readers=[82, 81, 82, 81, 81, 81, 82, 82, 82, 82] / writers=[82]
OOO / Test #19 / 1439449714080 / readers=[77, 77, 77, 78, 78, 78, 77, 78, 78, 77] / writers=[78]
OOO / Test #58 / 1439449714164 / readers=[69, 70, 70, 70, 69, 70, 70, 70, 69, 69] / writers=[70]
OOO / Test #147 / 1439449714080 / readers=[63, 63, 62, 63, 62, 62, 62, 63, 62, 62] / writers=[63]
OOO / Test #26 / 1439449714080 / readers=[67, 67, 67, 67, 67, 67, 67, 67, 67, 68] / writers=[68]
OOO / Test #33 / 1439449714164 / readers=[65, 64, 64, 64, 64, 64, 64, 64, 65, 64] / writers=[65]
OOO / Test #133 / 1439449714080 / readers=[62, 62, 62, 62, 61, 62, 61, 61, 61, 62] / writers=[62]
OOO / Test #19 / 1439449714164 / readers=[78, 78, 78, 78, 79, 79, 78, 79, 79, 78] / writers=[79]
OOO / Test #58 / 1439449714164 / readers=[70, 70, 71, 71, 70, 71, 71, 71, 70, 70] / writers=[71]
OOO / Test #59 / 1439449714080 / readers=[74, 74, 73, 74, 74, 74, 74, 74, 74, 74] / writers=[74]
OOO / Test #64 / 1439449714080 / readers=[71, 71, 71, 71, 71, 70, 71, 70, 70, 70] / writers=[71]
OOO / Test #18 / 1439449714076 / readers=[76, 76, 77, 76, 76, 76, 76, 76, 77, 76] / writers=[77]
OOO / Test #35 / 1439449714076 / readers=[74, 73, 73, 73, 73, 73, 74, 74, 74, 73] / writers=[74]
OOO / Test #39 / 1439449714076 / readers=[74, 73, 74, 74, 73, 74, 73, 73, 73, 74] / writers=[74]
OOO / Test #38 / 1439449714076 / readers=[72, 72, 73, 73, 72, 72, 72, 72, 72, 72] / writers=[73]
OOO / Test #198 / 1439449714076 / readers=[70, 70, 70, 70, 70, 70, 70, 70, 70, 69] / writers=[70]
OOO / Test #64 / 1439449714167 / readers=[72, 72, 72, 72, 72, 71, 71, 71, 71, 71] / writers=[72]
OOO / Test #34 / 1439449714076 / readers=[69, 70, 70, 70, 70, 70, 70, 69, 70, 69] / writers=[70]
OOO / Test #190 / 1439449714076 / readers=[74, 74, 74, 74, 74, 73, 74, 74, 74, 74] / writers=[74]
OOO / Test #95 / 1439449714076 / readers=[75, 75, 75, 74, 75, 75, 74, 74, 75, 75] / writers=[75]
OOO / Test #146 / 1439449714073 / readers=[72, 72, 72, 71, 72, 72, 72, 72, 71, 72] / writers=[72]
OOO / Test #15 / 1439449714073 / readers=[87, 87, 87, 87, 87, 87, 87, 87, 87, 86] / writers=[87]
OOO / Test #157 / 1439449714073 / readers=[73, 73, 72, 73, 73, 73, 72, 72, 72, 72] / writers=[73]
OOO / Test #22 / 1439449714073 / readers=[72, 72, 72, 72, 73, 73, 72, 72, 72, 72] / writers=[73]
OOO / Test #146 / 1439449714170 / readers=[73, 73, 73, 72, 73, 73, 73, 72, 72, 73] / writers=[73]
OOO / Test #15 / 1439449714170 / readers=[88, 88, 87, 88, 88, 88, 88, 88, 88, 87] / writers=[88]
OOO / Test #157 / 1439449714170 / readers=[74, 74, 73, 74, 74, 73, 73, 73, 73, 73] / writers=[74]
OOO / Test #62 / 1439449714073 / readers=[68, 68, 69, 69, 68, 68, 68, 68, 68, 68] / writers=[69]
OOO / Test #28 / 1439449714073 / readers=[77, 77, 76, 77, 77, 77, 77, 77, 77, 77] / writers=[77]
OOO / Test #44 / 1439449714073 / readers=[72, 72, 72, 72, 72, 72, 71, 71, 71, 71] / writers=[72]
OOO / Test #167 / 1439449714073 / readers=[64, 64, 64, 64, 64, 64, 64, 64, 64, 64] / writers=[65]
OOO / Test #180 / 1439449714073 / readers=[63, 63, 62, 62, 62, 62, 62, 62, 62, 63] / writers=[63]
OOO / Test #44 / 1439449714173 / readers=[73, 73, 73, 73, 73, 72, 72, 72, 72, 72] / writers=[73]
OOO / Test #43 / 1439449714070 / readers=[68, 68, 68, 68, 68, 68, 68, 68, 68, 68] / writers=[69]
OOO / Test #55 / 1439449714070 / readers=[78, 78, 78, 78, 78, 78, 78, 78, 78, 78] / writers=[79]
OOO / Test #49 / 1439449714070 / readers=[74, 74, 74, 74, 73, 73, 73, 73, 74, 74] / writers=[74]
OOO / Test #40 / 1439449714070 / readers=[71, 72, 72, 72, 72, 71, 72, 72, 72, 72] / writers=[72]
OOO / Test #162 / 1439449714070 / readers=[67, 66, 67, 67, 67, 67, 67, 67, 67, 67] / writers=[67]
OOO / Test #148 / 1439449714070 / readers=[61, 62, 62, 62, 61, 62, 62, 61, 61, 62] / writers=[62]
OOO / Test #31 / 1439449714070 / readers=[68, 68, 68, 68, 69, 68, 68, 68, 68, 69] / writers=[69]
OOO / Test #36 / 1439449714067 / readers=[68, 68, 68, 68, 68, 68, 68, 68, 68, 69] / writers=[69]
OOO / Test #14 / 1439449714067 / readers=[100, 100, 99, 99, 99, 99, 99, 99, 100, 100] / writers=[100]
OOO / Test #30 / 1439449714067 / readers=[67, 67, 67, 67, 67, 67, 67, 67, 68, 68] / writers=[68]
OOO / Test #36 / 1439449714177 / readers=[69, 69, 69, 69, 69, 69, 69, 69, 69, 69] / writers=[70]
OOO / Test #60 / 1439449714067 / readers=[64, 64, 64, 64, 64, 64, 64, 64, 64, 64] / writers=[65]
OOO / Test #153 / 1439449714067 / readers=[77, 76, 76, 76, 76, 77, 76, 76, 76, 77] / writers=[77]
OOO / Test #97 / 1439449714067 / readers=[73, 73, 74, 73, 74, 74, 73, 73, 73, 73] / writers=[74]
OOO / Test #14 / 1439449714177 / readers=[101, 100, 100, 100, 100, 100, 100, 100, 101, 101] / writers=[101]
OOO / Test #164 / 1439449714067 / readers=[64, 64, 65, 64, 64, 64, 64, 64, 64, 64] / writers=[65]
OOO / Test #27 / 1439449714067 / readers=[65, 65, 65, 65, 65, 65, 65, 65, 66, 66] / writers=[66]
OOO / Test #20 / 1439449714067 / readers=[66, 66, 66, 66, 66, 66, 66, 66, 67, 66] / writers=[67]
OOO / Test #161 / 1439449714064 / readers=[71, 71, 71, 71, 71, 71, 71, 71, 71, 71] / writers=[72]
OOO / Test #166 / 1439449714064 / readers=[62, 62, 62, 62, 62, 62, 62, 62, 62, 62] / writers=[63]
OOO / Test #178 / 1439449714064 / readers=[73, 73, 73, 73, 73, 72, 73, 73, 72, 72] / writers=[73]
OOO / Test #176 / 1439449714064 / readers=[63, 62, 63, 63, 62, 63, 62, 62, 62, 63] / writers=[63]
OOO / Test #182 / 1439449714064 / readers=[64, 64, 63, 63, 63, 63, 63, 63, 63, 63] / writers=[64]
OOO / Test #163 / 1439449714064 / readers=[69, 69, 69, 69, 69, 69, 69, 69, 68, 69] / writers=[69]
OOO / Test #7 / 1439449714064 / readers=[72, 73, 72, 73, 73, 72, 72, 72, 72, 72] / writers=[73]
OOO / Test #171 / 1439449714064 / readers=[67, 66, 66, 66, 66, 66, 66, 66, 66, 66] / writers=[67]
OOO / Test #174 / 1439449714064 / readers=[65, 64, 64, 64, 64, 64, 64, 64, 64, 64] / writers=[65]
OOO / Test #176 / 1439449714180 / readers=[64, 63, 64, 63, 63, 64, 63, 63, 63, 64] / writers=[64]
OOO / Test #13 / 1439449714061 / readers=[90, 91, 91, 91, 91, 91, 91, 91, 91, 90] / writers=[91]
OOO / Test #158 / 1439449714061 / readers=[66, 67, 67, 67, 67, 67, 67, 67, 67, 67] / writers=[67]
OOO / Test #169 / 1439449714061 / readers=[65, 65, 65, 65, 65, 65, 65, 65, 65, 66] / writers=[66]
OOO / Test #61 / 1439449714061 / readers=[72, 72, 72, 72, 72, 72, 72, 73, 73, 72] / writers=[73]
OOO / Test #150 / 1439449714061 / readers=[69, 69, 70, 69, 70, 70, 70, 70, 69, 69] / writers=[70]
OOO / Test #177 / 1439449714061 / readers=[68, 69, 69, 69, 69, 69, 68, 69, 69, 69] / writers=[69]
OOO / Test #160 / 1439449714061 / readers=[68, 67, 68, 68, 67, 68, 68, 68, 68, 68] / writers=[68]
OOO / Test #165 / 1439449714058 / readers=[67, 67, 67, 67, 67, 67, 67, 67, 67, 66] / writers=[67]
OOO / Test #13 / 1439449714183 / readers=[91, 92, 92, 92, 92, 92, 92, 91, 92, 91] / writers=[92]
OOO / Test #156 / 1439449714058 / readers=[66, 65, 65, 65, 65, 65, 65, 65, 65, 65] / writers=[66]
OOO / Test #150 / 1439449714183 / readers=[70, 70, 71, 70, 71, 71, 71, 71, 70, 70] / writers=[71]
OOO / Test #181 / 1439449714058 / readers=[71, 71, 71, 71, 71, 70, 71, 70, 70, 71] / writers=[71]
OOO / Test #100 / 1439449714058 / readers=[73, 72, 73, 73, 72, 73, 72, 72, 72, 72] / writers=[73]
OOO / Test #11 / 1439449714058 / readers=[95, 95, 96, 95, 96, 95, 95, 95, 95, 95] / writers=[96]
OOO / Test #173 / 1439449714058 / readers=[68, 68, 68, 68, 68, 68, 68, 68, 68, 67] / writers=[68]
OOO / Test #192 / 1439449714058 / readers=[75, 76, 75, 75, 75, 75, 75, 75, 75, 75] / writers=[76]
OOO / Test #150 / 1439449714186 / readers=[71, 71, 72, 71, 72, 72, 72, 71, 71, 71] / writers=[72]
OOO / Test #168 / 1439449714058 / readers=[60, 61, 61, 61, 61, 60, 60, 60, 60, 60] / writers=[61]
OOO / Test #181 / 1439449714186 / readers=[72, 72, 72, 72, 71, 71, 72, 71, 71, 72] / writers=[72]
OOO / Test #54 / 1439449714056 / readers=[77, 78, 77, 77, 78, 78, 78, 78, 77, 77] / writers=[78]
OOO / Test #173 / 1439449714186 / readers=[69, 69, 69, 69, 69, 69, 69, 69, 68, 68] / writers=[69]
OOO / Test #199 / 1439449714056 / readers=[70, 70, 70, 70, 71, 70, 70, 70, 70, 70] / writers=[71]
OOO / Test #193 / 1439449714056 / readers=[64, 65, 64, 64, 64, 64, 64, 64, 64, 64] / writers=[65]
OOO / Test #194 / 1439449714056 / readers=[67, 66, 66, 67, 67, 67, 67, 67, 66, 67] / writers=[67]
OOO / Test #184 / 1439449714056 / readers=[63, 63, 63, 62, 62, 62, 62, 63, 63, 63] / writers=[63]
OOO / Test #152 / 1439449714056 / readers=[66, 67, 67, 67, 67, 67, 67, 67, 67, 67] / writers=[67]
OOO / Test #173 / 1439449714189 / readers=[70, 70, 70, 70, 70, 70, 70, 69, 69, 69] / writers=[70]
OOO / Test #195 / 1439449714056 / readers=[65, 65, 64, 64, 64, 64, 64, 64, 64, 64] / writers=[65]
OOO / Test #200 / 1439449714055 / readers=[64, 64, 63, 63, 63, 63, 63, 63, 63, 63] / writers=[64]
OOO / Test #199 / 1439449714189 / readers=[71, 71, 71, 71, 71, 71, 71, 71, 71, 71] / writers=[72]
OOO / Test #186 / 1439449714055 / readers=[64, 64, 64, 63, 63, 63, 63, 63, 63, 63] / writers=[64]
OOO / Test #187 / 1439449714053 / readers=[65, 65, 65, 65, 65, 65, 65, 65, 65, 65] / writers=[66]
OOO / Test #197 / 1439449714053 / readers=[70, 70, 70, 70, 70, 70, 70, 69, 70, 69] / writers=[70]
OOO / Test #188 / 1439449714053 / readers=[64, 64, 63, 63, 63, 63, 63, 63, 63, 63] / writers=[64]
OOO / Test #183 / 1439449714053 / readers=[61, 62, 62, 61, 62, 61, 61, 61, 61, 61] / writers=[62]
OOO / Test #159 / 1439449714053 / readers=[64, 64, 64, 64, 64, 64, 64, 64, 64, 64] / writers=[65]
OOO / Test #186 / 1439449714192 / readers=[65, 65, 64, 64, 64, 64, 64, 64, 64, 64] / writers=[65]
OOO / Test #53 / 1439449714053 / readers=[56, 56, 56, 56, 56, 56, 56, 56, 56, 57] / writers=[57]
OOO / Test #50 / 1439449714053 / readers=[63, 62, 63, 62, 62, 62, 62, 63, 63, 62] / writers=[63]
OOO / Test #191 / 1439449714053 / readers=[64, 65, 64, 64, 64, 64, 64, 64, 64, 64] / writers=[65]
OOO / Test #188 / 1439449714193 / readers=[65, 64, 64, 64, 64, 64, 64, 64, 64, 64] / writers=[65]
OOO / Test #172 / 1439449714053 / readers=[62, 62, 62, 61, 62, 61, 61, 61, 61, 61] / writers=[62]
OOO / Test #47 / 1439449714051 / readers=[60, 61, 61, 60, 61, 61, 61, 61, 60, 61] / writers=[61]
OOO / Test #2 / 1439449714051 / readers=[61, 60, 61, 61, 61, 61, 61, 60, 61, 60] / writers=[61]
OOO / Test #185 / 1439449714051 / readers=[60, 60, 60, 60, 60, 59, 60, 59, 59, 59] / writers=[60]
OOO / Test #175 / 1439449714051 / readers=[56, 55, 55, 55, 56, 56, 56, 56, 55, 56] / writers=[56]
OOO / Test #189 / 1439449714051 / readers=[48, 48, 48, 48, 48, 48, 48, 47, 47, 47] / writers=[48]
OOO / Test #196 / 1439449714051 / readers=[61, 61, 61, 62, 61, 61, 61, 61, 61, 61] / writers=[62]
OOO / Test #47 / 1439449714196 / readers=[61, 62, 61, 61, 62, 62, 62, 62, 61, 62] / writers=[62]
OOO / Test #179 / 1439449714051 / readers=[47, 47, 47, 47, 47, 48, 48, 47, 47, 47] / writers=[48]
OOO / Test #2 / 1439449714196 / readers=[62, 61, 62, 62, 62, 61, 62, 61, 62, 61] / writers=[62]
OOO / Test #185 / 1439449714196 / readers=[61, 61, 61, 61, 61, 60, 60, 60, 60, 60] / writers=[61]
OOO / Test #3 / 1439449714051 / readers=[76, 76, 76, 77, 77, 77, 77, 77, 77, 77] / writers=[77]
OOO / Test #170 / 1439449714051 / readers=[61, 61, 61, 61, 61, 61, 60, 61, 60, 60] / writers=[61]
OOO / Test #185 / 1439449714199 / readers=[62, 62, 62, 62, 61, 61, 61, 61, 61, 61] / writers=[62]
OOO / Test #2 / 1439449714196 / readers=[63, 62, 63, 63, 63, 62, 62, 62, 63, 62] / writers=[63]
OOO / Test #3 / 1439449714199 / readers=[77, 77, 77, 77, 78, 78, 78, 78, 78, 78] / writers=[78]
OOO / Test #179 / 1439449714196 / readers=[48, 48, 48, 48, 48, 49, 48, 48, 48, 48] / writers=[49]
OOO / Test #196 / 1439449714196 / readers=[62, 62, 62, 62, 62, 62, 62, 62, 62, 62] / writers=[63]
OOO / Test #47 / 1439449714196 / readers=[62, 63, 62, 62, 63, 63, 63, 62, 62, 63] / writers=[63]
OOO / Test #189 / 1439449714196 / readers=[49, 49, 49, 49, 49, 49, 48, 48, 48, 48] / writers=[49]
OOO / Test #3 / 1439449714199 / readers=[78, 78, 78, 78, 79, 79, 79, 79, 79, 78] / writers=[79]
OOO / Test #185 / 1439449714199 / readers=[63, 63, 63, 62, 62, 62, 62, 62, 62, 62] / writers=[63]
OOO / Test #175 / 1439449714196 / readers=[56, 56, 56, 56, 57, 57, 57, 57, 56, 57] / writers=[57]
OOO / Test #172 / 1439449714196 / readers=[63, 63, 63, 62, 62, 62, 62, 62, 62, 62] / writers=[63]
OOO / Test #159 / 1439449714193 / readers=[67, 67, 67, 67, 67, 67, 66, 67, 67, 67] / writers=[67]
OOO / Test #191 / 1439449714193 / readers=[65, 65, 65, 65, 65, 65, 65, 65, 65, 65] / writers=[66]
OOO / Test #50 / 1439449714193 / readers=[64, 63, 64, 63, 63, 63, 63, 63, 64, 63] / writers=[64]
OOO / Test #172 / 1439449714202 / readers=[63, 64, 64, 63, 63, 63, 63, 63, 63, 63] / writers=[64]
OOO / Test #53 / 1439449714193 / readers=[57, 57, 57, 57, 57, 57, 57, 57, 57, 57] / writers=[58]
OOO / Test #188 / 1439449714193 / readers=[65, 65, 65, 65, 65, 65, 65, 65, 65, 65] / writers=[66]
OOO / Test #187 / 1439449714193 / readers=[68, 68, 68, 68, 68, 68, 68, 68, 68, 67] / writers=[68]
OOO / Test #186 / 1439449714193 / readers=[66, 65, 65, 65, 65, 65, 65, 65, 65, 65] / writers=[66]
OOO / Test #183 / 1439449714193 / readers=[62, 63, 63, 62, 62, 62, 62, 62, 62, 62] / writers=[63]
OOO / Test #197 / 1439449714192 / readers=[71, 71, 71, 71, 71, 71, 70, 70, 71, 70] / writers=[71]
OOO / Test #199 / 1439449714189 / readers=[74, 74, 74, 74, 74, 74, 74, 73, 74, 74] / writers=[74]
OOO / Test #200 / 1439449714189 / readers=[65, 64, 64, 64, 64, 64, 64, 64, 64, 64] / writers=[65]
OOO / Test #195 / 1439449714189 / readers=[66, 65, 65, 65, 65, 65, 65, 65, 65, 65] / writers=[66]
OOO / Test #152 / 1439449714189 / readers=[67, 68, 68, 68, 68, 67, 68, 68, 68, 68] / writers=[68]
OOO / Test #173 / 1439449714189 / readers=[71, 71, 71, 71, 71, 71, 70, 70, 70, 70] / writers=[71]
OOO / Test #199 / 1439449714205 / readers=[74, 75, 75, 74, 74, 74, 74, 74, 74, 74] / writers=[75]
OOO / Test #184 / 1439449714189 / readers=[64, 63, 64, 63, 63, 63, 63, 64, 64, 64] / writers=[64]
OOO / Test #194 / 1439449714189 / readers=[67, 67, 67, 68, 68, 68, 68, 68, 67, 68] / writers=[68]
OOO / Test #193 / 1439449714189 / readers=[65, 65, 65, 65, 65, 65, 65, 65, 65, 65] / writers=[66]
OOO / Test #54 / 1439449714186 / readers=[78, 79, 78, 78, 78, 79, 79, 79, 78, 78] / writers=[79]
OOO / Test #168 / 1439449714186 / readers=[61, 62, 62, 62, 61, 61, 61, 61, 61, 61] / writers=[62]
OOO / Test #181 / 1439449714186 / readers=[73, 73, 73, 72, 72, 72, 73, 72, 72, 73] / writers=[73]
OOO / Test #192 / 1439449714186 / readers=[76, 76, 76, 76, 76, 76, 76, 76, 76, 76] / writers=[77]
OOO / Test #194 / 1439449714207 / readers=[68, 68, 68, 69, 69, 69, 69, 69, 68, 68] / writers=[69]
OOO / Test #150 / 1439449714186 / readers=[72, 72, 73, 72, 73, 73, 72, 72, 72, 72] / writers=[73]
OOO / Test #11 / 1439449714186 / readers=[96, 96, 96, 96, 97, 96, 96, 96, 96, 96] / writers=[97]
OOO / Test #100 / 1439449714186 / readers=[74, 73, 74, 73, 73, 74, 73, 73, 73, 73] / writers=[74]
OOO / Test #168 / 1439449714207 / readers=[62, 63, 63, 62, 62, 62, 62, 62, 62, 62] / writers=[63]
OOO / Test #181 / 1439449714207 / readers=[74, 74, 73, 73, 73, 73, 74, 73, 73, 74] / writers=[74]
OOO / Test #156 / 1439449714183 / readers=[66, 66, 66, 66, 66, 66, 66, 66, 66, 66] / writers=[67]
OOO / Test #13 / 1439449714183 / readers=[92, 93, 93, 93, 93, 93, 93, 92, 92, 92] / writers=[93]
OOO / Test #165 / 1439449714183 / readers=[68, 68, 68, 68, 68, 68, 68, 68, 67, 67] / writers=[68]
OOO / Test #160 / 1439449714183 / readers=[69, 68, 69, 69, 68, 69, 69, 69, 69, 68] / writers=[69]
OOO / Test #177 / 1439449714183 / readers=[69, 70, 70, 69, 70, 70, 69, 70, 70, 70] / writers=[70]
OOO / Test #61 / 1439449714183 / readers=[73, 73, 73, 73, 73, 73, 73, 73, 74, 73] / writers=[74]
OOO / Test #169 / 1439449714183 / readers=[66, 66, 66, 66, 66, 66, 66, 66, 66, 66] / writers=[67]
OOO / Test #158 / 1439449714183 / readers=[67, 68, 68, 68, 68, 68, 68, 68, 68, 67] / writers=[68]
OOO / Test #165 / 1439449714211 / readers=[69, 69, 69, 69, 69, 69, 68, 69, 68, 68] / writers=[69]
OOO / Test #160 / 1439449714211 / readers=[70, 69, 70, 70, 69, 70, 70, 70, 69, 69] / writers=[70]
OOO / Test #176 / 1439449714183 / readers=[65, 64, 64, 64, 64, 65, 64, 64, 64, 65] / writers=[65]
OOO / Test #174 / 1439449714180 / readers=[65, 65, 65, 65, 65, 65, 65, 65, 65, 65] / writers=[66]
OOO / Test #171 / 1439449714180 / readers=[67, 67, 67, 67, 67, 67, 67, 67, 67, 67] / writers=[68]
OOO / Test #7 / 1439449714180 / readers=[73, 74, 73, 74, 73, 73, 73, 73, 73, 73] / writers=[74]
OOO / Test #163 / 1439449714180 / readers=[70, 70, 70, 70, 70, 70, 70, 69, 69, 70] / writers=[70]
OOO / Test #166 / 1439449714180 / readers=[65, 65, 64, 65, 65, 65, 65, 65, 65, 65] / writers=[65]
OOO / Test #176 / 1439449714214 / readers=[66, 65, 65, 65, 65, 66, 65, 65, 65, 65] / writers=[66]
OOO / Test #182 / 1439449714180 / readers=[65, 64, 64, 64, 64, 64, 64, 64, 64, 64] / writers=[65]
OOO / Test #160 / 1439449714214 / readers=[71, 70, 71, 71, 70, 71, 71, 70, 70, 70] / writers=[71]
OOO / Test #161 / 1439449714180 / readers=[74, 74, 74, 73, 74, 74, 74, 74, 74, 74] / writers=[74]
OOO / Test #178 / 1439449714180 / readers=[74, 74, 74, 74, 73, 73, 74, 74, 73, 73] / writers=[74]
OOO / Test #20 / 1439449714180 / readers=[67, 67, 67, 67, 67, 67, 67, 67, 67, 67] / writers=[68]
OOO / Test #60 / 1439449714177 / readers=[67, 67, 67, 67, 67, 67, 67, 67, 67, 66] / writers=[67]
OOO / Test #27 / 1439449714177 / readers=[66, 66, 66, 66, 66, 66, 66, 66, 67, 66] / writers=[67]
OOO / Test #164 / 1439449714177 / readers=[65, 65, 65, 65, 65, 65, 65, 65, 65, 65] / writers=[66]
OOO / Test #161 / 1439449714218 / readers=[75, 75, 74, 74, 75, 75, 75, 75, 75, 75] / writers=[75]
OOO / Test #97 / 1439449714177 / readers=[74, 74, 74, 74, 75, 75, 74, 74, 74, 74] / writers=[75]
OOO / Test #14 / 1439449714177 / readers=[102, 101, 101, 101, 101, 101, 101, 101, 102, 101] / writers=[102]
OOO / Test #153 / 1439449714177 / readers=[77, 77, 77, 77, 77, 78, 77, 77, 77, 78] / writers=[78]
OOO / Test #27 / 1439449714218 / readers=[67, 67, 67, 67, 67, 67, 67, 67, 67, 67] / writers=[68]
OOO / Test #36 / 1439449714177 / readers=[72, 72, 72, 71, 72, 72, 72, 72, 72, 72] / writers=[72]
OOO / Test #30 / 1439449714177 / readers=[68, 68, 68, 68, 68, 68, 68, 68, 68, 69] / writers=[69]
OOO / Test #31 / 1439449714174 / readers=[69, 69, 69, 69, 70, 69, 69, 69, 69, 69] / writers=[70]
OOO / Test #55 / 1439449714174 / readers=[81, 81, 81, 81, 81, 81, 81, 81, 80, 81] / writers=[81]
OOO / Test #148 / 1439449714174 / readers=[62, 63, 63, 63, 62, 63, 62, 62, 62, 63] / writers=[63]
OOO / Test #162 / 1439449714174 / readers=[68, 67, 68, 68, 68, 68, 68, 68, 68, 67] / writers=[68]
OOO / Test #36 / 1439449714220 / readers=[73, 73, 73, 72, 72, 73, 73, 73, 73, 73] / writers=[73]
OOO / Test #43 / 1439449714174 / readers=[70, 71, 71, 71, 71, 71, 71, 71, 71, 71] / writers=[71]
OOO / Test #31 / 1439449714220 / readers=[70, 70, 70, 70, 70, 70, 70, 70, 70, 70] / writers=[71]
OOO / Test #40 / 1439449714174 / readers=[72, 73, 73, 73, 72, 72, 73, 73, 73, 73] / writers=[73]
OOO / Test #49 / 1439449714174 / readers=[75, 75, 75, 74, 74, 74, 74, 74, 75, 75] / writers=[75]
OOO / Test #167 / 1439449714174 / readers=[66, 67, 67, 67, 67, 67, 67, 67, 67, 67] / writers=[67]
OOO / Test #44 / 1439449714174 / readers=[74, 74, 74, 74, 73, 73, 73, 73, 73, 73] / writers=[74]
OOO / Test #180 / 1439449714174 / readers=[63, 64, 63, 63, 63, 63, 63, 63, 63, 64] / writers=[64]
OOO / Test #28 / 1439449714170 / readers=[78, 78, 77, 78, 78, 78, 77, 78, 78, 78] / writers=[78]
OOO / Test #62 / 1439449714170 / readers=[69, 69, 70, 69, 69, 69, 69, 69, 69, 69] / writers=[70]
OOO / Test #157 / 1439449714170 / readers=[75, 75, 74, 75, 74, 74, 74, 74, 74, 74] / writers=[75]
OOO / Test #15 / 1439449714170 / readers=[89, 88, 88, 89, 89, 89, 89, 89, 89, 88] / writers=[89]
OOO / Test #22 / 1439449714170 / readers=[73, 73, 73, 73, 74, 73, 73, 73, 73, 73] / writers=[74]
OOO / Test #180 / 1439449714223 / readers=[64, 64, 64, 64, 64, 64, 64, 64, 64, 65] / writers=[65]
OOO / Test #146 / 1439449714170 / readers=[74, 74, 74, 73, 74, 74, 74, 73, 73, 73] / writers=[74]
OOO / Test #95 / 1439449714170 / readers=[76, 76, 75, 75, 76, 76, 75, 75, 76, 76] / writers=[76]
OOO / Test #190 / 1439449714167 / readers=[75, 75, 75, 75, 74, 74, 75, 75, 75, 75] / writers=[75]
OOO / Test #34 / 1439449714167 / readers=[70, 71, 71, 70, 71, 71, 71, 70, 71, 70] / writers=[71]
OOO / Test #198 / 1439449714167 / readers=[71, 71, 71, 71, 71, 71, 71, 71, 70, 70] / writers=[71]
OOO / Test #64 / 1439449714167 / readers=[73, 73, 73, 73, 72, 72, 72, 72, 72, 72] / writers=[73]
OOO / Test #38 / 1439449714167 / readers=[73, 73, 74, 73, 73, 73, 73, 73, 73, 73] / writers=[74]
OOO / Test #35 / 1439449714167 / readers=[75, 74, 74, 74, 74, 74, 75, 75, 74, 74] / writers=[75]
OOO / Test #190 / 1439449714227 / readers=[76, 76, 76, 75, 75, 75, 76, 76, 76, 76] / writers=[76]
OOO / Test #39 / 1439449714167 / readers=[75, 74, 75, 75, 74, 74, 74, 74, 74, 75] / writers=[75]
OOO / Test #34 / 1439449714227 / readers=[71, 72, 72, 71, 71, 72, 72, 71, 72, 71] / writers=[72]
OOO / Test #18 / 1439449714167 / readers=[77, 77, 78, 77, 77, 77, 77, 77, 77, 77] / writers=[78]
OOO / Test #59 / 1439449714167 / readers=[75, 74, 74, 75, 75, 75, 75, 75, 75, 75] / writers=[75]
OOO / Test #58 / 1439449714167 / readers=[71, 71, 72, 72, 71, 72, 71, 72, 71, 71] / writers=[72]
OOO / Test #133 / 1439449714164 / readers=[63, 63, 63, 63, 62, 62, 62, 62, 62, 63] / writers=[63]
OOO / Test #26 / 1439449714164 / readers=[68, 68, 68, 68, 68, 68, 68, 68, 68, 68] / writers=[69]
OOO / Test #19 / 1439449714164 / readers=[79, 79, 79, 79, 79, 80, 79, 80, 80, 79] / writers=[80]
OOO / Test #33 / 1439449714164 / readers=[65, 65, 65, 65, 65, 65, 65, 65, 66, 65] / writers=[66]
OOO / Test #18 / 1439449714230 / readers=[78, 78, 78, 78, 78, 78, 78, 78, 78, 78] / writers=[79]
OOO / Test #59 / 1439449714230 / readers=[75, 75, 75, 76, 76, 76, 76, 76, 76, 76] / writers=[76]
OOO / Test #17 / 1439449714164 / readers=[83, 82, 83, 82, 82, 82, 83, 83, 83, 82] / writers=[83]
OOO / Test #147 / 1439449714164 / readers=[64, 63, 63, 64, 63, 63, 63, 64, 63, 63] / writers=[64]
OOO / Test #23 / 1439449714161 / readers=[80, 80, 80, 79, 80, 80, 80, 80, 79, 79] / writers=[80]
OOO / Test #46 / 1439449714161 / readers=[76, 77, 77, 77, 77, 77, 77, 77, 77, 77] / writers=[77]
OOO / Test #12 / 1439449714161 / readers=[92, 93, 92, 92, 93, 93, 93, 92, 92, 92] / writers=[93]
OOO / Test #155 / 1439449714161 / readers=[67, 67, 66, 66, 66, 66, 67, 67, 67, 67] / writers=[67]
OOO / Test #16 / 1439449714161 / readers=[87, 87, 86, 86, 86, 86, 86, 86, 86, 86] / writers=[87]
OOO / Test #42 / 1439449714161 / readers=[73, 73, 72, 73, 72, 73, 72, 72, 72, 72] / writers=[73]
OOO / Test #23 / 1439449714233 / readers=[81, 81, 81, 80, 81, 81, 81, 80, 80, 80] / writers=[81]
OOO / Test #41 / 1439449714161 / readers=[67, 67, 67, 67, 66, 67, 67, 67, 67, 67] / writers=[67]
OOO / Test #73 / 1439449714161 / readers=[70, 70, 70, 70, 70, 70, 70, 70, 69, 69] / writers=[70]
OOO / Test #12 / 1439449714233 / readers=[93, 94, 93, 93, 94, 94, 93, 93, 93, 93] / writers=[94]
OOO / Test #155 / 1439449714233 / readers=[68, 67, 67, 67, 67, 67, 68, 68, 68, 68] / writers=[68]
OOO / Test #51 / 1439449714161 / readers=[77, 77, 76, 77, 77, 77, 77, 77, 76, 77] / writers=[77]
OOO / Test #80 / 1439449714161 / readers=[65, 64, 64, 64, 64, 64, 64, 64, 64, 64] / writers=[65]
OOO / Test #48 / 1439449714157 / readers=[71, 71, 71, 71, 71, 70, 71, 70, 70, 70] / writers=[71]
OOO / Test #122 / 1439449714157 / readers=[71, 71, 71, 71, 71, 71, 70, 70, 70, 70] / writers=[71]
OOO / Test #144 / 1439449714157 / readers=[71, 71, 71, 71, 71, 71, 70, 70, 70, 71] / writers=[71]
OOO / Test #4 / 1439449714157 / readers=[94, 94, 93, 93, 94, 94, 93, 93, 93, 94] / writers=[94]
OOO / Test #51 / 1439449714237 / readers=[78, 78, 77, 77, 78, 78, 78, 78, 77, 78] / writers=[78]
OOO / Test #6 / 1439449714157 / readers=[98, 98, 98, 98, 98, 98, 98, 98, 98, 98] / writers=[99]
OOO / Test #32 / 1439449714157 / readers=[72, 72, 73, 72, 73, 72, 72, 72, 72, 72] / writers=[73]
OOO / Test #109 / 1439449714157 / readers=[80, 80, 80, 80, 80, 80, 80, 80, 79, 79] / writers=[80]
OOO / Test #90 / 1439449714157 / readers=[65, 65, 65, 65, 65, 65, 65, 65, 65, 65] / writers=[66]
OOO / Test #145 / 1439449714157 / readers=[66, 67, 66, 67, 67, 66, 66, 66, 67, 66] / writers=[67]
OOO / Test #56 / 1439449714154 / readers=[82, 82, 81, 82, 82, 82, 82, 82, 82, 81] / writers=[82]
OOO / Test #127 / 1439449714154 / readers=[69, 69, 69, 69, 69, 69, 69, 69, 69, 68] / writers=[69]
OOO / Test #139 / 1439449714154 / readers=[70, 71, 71, 71, 71, 71, 71, 70, 70, 70] / writers=[71]
OOO / Test #66 / 1439449714154 / readers=[69, 69, 70, 70, 70, 70, 70, 69, 69, 69] / writers=[70]
OOO / Test #24 / 1439449714154 / readers=[75, 74, 74, 74, 74, 75, 74, 74, 75, 75] / writers=[75]
OOO / Test #21 / 1439449714154 / readers=[88, 88, 88, 88, 88, 88, 88, 88, 88, 88] / writers=[89]
OOO / Test #91 / 1439449714154 / readers=[70, 70, 70, 70, 70, 70, 70, 69, 69, 70] / writers=[70]
OOO / Test #45 / 1439449714151 / readers=[75, 75, 75, 75, 75, 75, 75, 75, 75, 74] / writers=[75]
OOO / Test #56 / 1439449714240 / readers=[83, 83, 82, 83, 83, 83, 82, 83, 83, 82] / writers=[83]
OOO / Test #154 / 1439449714151 / readers=[71, 72, 72, 72, 72, 72, 71, 71, 71, 71] / writers=[72]
OOO / Test #149 / 1439449714151 / readers=[63, 63, 63, 63, 62, 62, 62, 62, 62, 62] / writers=[63]
OOO / Test #52 / 1439449714151 / readers=[76, 76, 76, 76, 76, 76, 76, 76, 76, 76] / writers=[77]
OOO / Test #37 / 1439449714151 / readers=[70, 71, 71, 71, 71, 70, 71, 71, 70, 70] / writers=[71]
OOO / Test #118 / 1439449714151 / readers=[69, 69, 69, 69, 69, 69, 69, 69, 69, 68] / writers=[69]
OOO / Test #78 / 1439449714151 / readers=[75, 75, 74, 74, 74, 74, 74, 74, 74, 74] / writers=[75]
OOO / Test #154 / 1439449714243 / readers=[72, 73, 73, 72, 73, 73, 72, 72, 72, 72] / writers=[73]
OOO / Test #8 / 1439449714151 / readers=[94, 93, 93, 93, 94, 93, 93, 93, 94, 93] / writers=[94]
OOO / Test #84 / 1439449714147 / readers=[72, 72, 72, 72, 72, 72, 72, 71, 71, 71] / writers=[72]
OOO / Test #101 / 1439449714147 / readers=[63, 63, 63, 63, 63, 63, 63, 63, 63, 63] / writers=[64]
OOO / Test #137 / 1439449714147 / readers=[62, 62, 62, 62, 61, 61, 61, 61, 61, 61] / writers=[62]
OOO / Test #130 / 1439449714147 / readers=[70, 70, 70, 70, 71, 71, 71, 70, 70, 70] / writers=[71]
OOO / Test #75 / 1439449714147 / readers=[61, 61, 61, 60, 61, 61, 60, 60, 60, 60] / writers=[61]
OOO / Test #57 / 1439449714147 / readers=[80, 81, 81, 80, 80, 80, 80, 80, 80, 80] / writers=[81]
OOO / Test #137 / 1439449714246 / readers=[63, 63, 63, 62, 62, 62, 62, 62, 62, 62] / writers=[63]
OOO / Test #101 / 1439449714246 / readers=[66, 66, 66, 66, 66, 66, 66, 66, 65, 66] / writers=[66]
OOO / Test #10 / 1439449714146 / readers=[75, 76, 75, 75, 75, 75, 75, 76, 75, 75] / writers=[76]
OOO / Test #141 / 1439449714143 / readers=[70, 70, 70, 70, 70, 70, 69, 70, 69, 69] / writers=[70]
OOO / Test #86 / 1439449714143 / readers=[64, 64, 64, 64, 64, 64, 64, 64, 64, 64] / writers=[65]
OOO / Test #137 / 1439449714246 / readers=[63, 64, 64, 63, 63, 63, 63, 63, 63, 63] / writers=[64]
OOO / Test #82 / 1439449714143 / readers=[69, 69, 69, 69, 69, 69, 69, 69, 69, 68] / writers=[69]
OOO / Test #96 / 1439449714143 / readers=[70, 70, 70, 70, 70, 70, 69, 70, 69, 69] / writers=[70]
OOO / Test #117 / 1439449714143 / readers=[70, 70, 70, 70, 70, 70, 69, 70, 69, 69] / writers=[70]
OOO / Test #125 / 1439449714143 / readers=[65, 64, 64, 64, 64, 64, 64, 64, 64, 64] / writers=[65]
OOO / Test #114 / 1439449714143 / readers=[79, 79, 79, 79, 79, 79, 79, 79, 79, 78] / writers=[79]
OOO / Test #137 / 1439449714250 / readers=[64, 65, 64, 64, 64, 64, 64, 64, 64, 64] / writers=[65]
OOO / Test #9 / 1439449714143 / readers=[96, 96, 96, 96, 96, 96, 97, 96, 96, 96] / writers=[97]
OOO / Test #76 / 1439449714143 / readers=[73, 73, 73, 73, 72, 72, 72, 72, 72, 72] / writers=[73]
OOO / Test #117 / 1439449714250 / readers=[71, 71, 71, 71, 71, 71, 70, 70, 70, 70] / writers=[71]
OOO / Test #65 / 1439449714140 / readers=[79, 79, 79, 79, 79, 79, 79, 79, 79, 78] / writers=[79]
OOO / Test #151 / 1439449714140 / readers=[64, 63, 63, 63, 63, 63, 63, 63, 63, 63] / writers=[64]
OOO / Test #85 / 1439449714140 / readers=[69, 69, 69, 69, 69, 69, 69, 69, 69, 68] / writers=[69]
OOO / Test #136 / 1439449714140 / readers=[70, 71, 71, 71, 71, 71, 70, 70, 70, 70] / writers=[71]
OOO / Test #116 / 1439449714140 / readers=[70, 70, 70, 70, 70, 70, 70, 69, 69, 69] / writers=[70]
OOO / Test #135 / 1439449714140 / readers=[68, 68, 69, 68, 69, 68, 69, 69, 69, 68] / writers=[69]
OOO / Test #29 / 1439449714140 / readers=[71, 71, 71, 72, 72, 71, 71, 71, 71, 71] / writers=[72]
OOO / Test #63 / 1439449714140 / readers=[60, 60, 60, 60, 60, 60, 60, 59, 59, 59] / writers=[60]
OOO / Test #74 / 1439449714140 / readers=[71, 72, 72, 72, 72, 72, 72, 71, 72, 72] / writers=[72]
OOO / Test #151 / 1439449714253 / readers=[64, 64, 64, 64, 64, 64, 64, 64, 64, 64] / writers=[65]
OOO / Test #136 / 1439449714253 / readers=[71, 72, 72, 72, 71, 72, 71, 71, 71, 71] / writers=[72]
OOO / Test #77 / 1439449714137 / readers=[75, 76, 75, 75, 75, 75, 75, 75, 75, 75] / writers=[76]
OOO / Test #102 / 1439449714137 / readers=[70, 70, 70, 70, 70, 70, 70, 70, 70, 69] / writers=[70]
OOO / Test #71 / 1439449714137 / readers=[67, 67, 68, 68, 68, 68, 68, 68, 67, 68] / writers=[68]
OOO / Test #124 / 1439449714137 / readers=[71, 71, 71, 71, 71, 71, 70, 70, 70, 70] / writers=[71]
OOO / Test #88 / 1439449714137 / readers=[73, 73, 73, 72, 73, 72, 72, 72, 72, 72] / writers=[73]
OOO / Test #120 / 1439449714137 / readers=[72, 73, 73, 72, 72, 73, 73, 72, 72, 72] / writers=[73]
OOO / Test #77 / 1439449714255 / readers=[76, 76, 76, 76, 76, 76, 76, 76, 76, 76] / writers=[77]
OOO / Test #128 / 1439449714137 / readers=[70, 70, 70, 70, 70, 70, 70, 69, 69, 69] / writers=[70]
OOO / Test #102 / 1439449714255 / readers=[71, 71, 71, 71, 70, 71, 71, 71, 71, 70] / writers=[71]
OOO / Test #68 / 1439449714137 / readers=[65, 64, 64, 64, 64, 64, 64, 64, 64, 64] / writers=[65]
OOO / Test #81 / 1439449714137 / readers=[67, 67, 67, 67, 68, 68, 67, 68, 68, 67] / writers=[68]
OOO / Test #69 / 1439449714134 / readers=[67, 67, 67, 67, 67, 68, 68, 67, 68, 68] / writers=[68]
OOO / Test #87 / 1439449714134 / readers=[71, 71, 71, 71, 71, 70, 71, 70, 70, 70] / writers=[71]
OOO / Test #92 / 1439449714134 / readers=[74, 73, 74, 74, 73, 73, 73, 73, 73, 74] / writers=[74]
OOO / Test #106 / 1439449714134 / readers=[66, 67, 67, 66, 66, 66, 66, 67, 67, 66] / writers=[67]
OOO / Test #138 / 1439449714134 / readers=[73, 73, 73, 72, 72, 73, 72, 72, 72, 72] / writers=[73]
OOO / Test #104 / 1439449714134 / readers=[73, 73, 72, 73, 73, 72, 72, 72, 72, 72] / writers=[73]
OOO / Test #112 / 1439449714134 / readers=[69, 69, 69, 69, 69, 69, 69, 69, 68, 68] / writers=[69]
OOO / Test #69 / 1439449714258 / readers=[68, 68, 68, 68, 68, 69, 69, 68, 69, 68] / writers=[69]
OOO / Test #87 / 1439449714258 / readers=[72, 72, 72, 72, 72, 71, 71, 71, 71, 71] / writers=[72]
OOO / Test #143 / 1439449714134 / readers=[62, 62, 62, 61, 62, 61, 61, 61, 61, 61] / writers=[62]
OOO / Test #106 / 1439449714258 / readers=[67, 68, 67, 67, 67, 67, 67, 68, 68, 67] / writers=[68]
OOO / Test #93 / 1439449714131 / readers=[69, 69, 69, 69, 69, 69, 69, 69, 69, 68] / writers=[69]
OOO / Test #131 / 1439449714131 / readers=[64, 64, 64, 64, 64, 63, 64, 64, 64, 64] / writers=[64]
OOO / Test #89 / 1439449714131 / readers=[72, 72, 72, 72, 72, 71, 71, 71, 71, 71] / writers=[72]
OOO / Test #105 / 1439449714131 / readers=[65, 65, 65, 65, 65, 65, 65, 65, 65, 65] / writers=[66]
OOO / Test #134 / 1439449714131 / readers=[75, 75, 75, 75, 75, 75, 75, 75, 75, 75] / writers=[76]
OOO / Test #129 / 1439449714131 / readers=[71, 71, 71, 71, 71, 71, 71, 70, 70, 70] / writers=[71]
OOO / Test #106 / 1439449714260 / readers=[68, 68, 68, 68, 68, 68, 68, 69, 69, 68] / writers=[69]
OOO / Test #93 / 1439449714260 / readers=[70, 70, 70, 70, 70, 70, 70, 70, 69, 69] / writers=[70]
OOO / Test #67 / 1439449714131 / readers=[67, 66, 66, 67, 67, 67, 66, 67, 67, 67] / writers=[67]
OOO / Test #79 / 1439449714131 / readers=[62, 61, 62, 62, 62, 61, 61, 61, 61, 61] / writers=[62]
OOO / Test #70 / 1439449714129 / readers=[64, 64, 63, 63, 63, 63, 63, 63, 63, 63] / writers=[64]
OOO / Test #132 / 1439449714129 / readers=[65, 64, 64, 64, 64, 64, 64, 64, 64, 64] / writers=[65]
OOO / Test #123 / 1439449714128 / readers=[64, 63, 63, 63, 63, 64, 63, 63, 64, 63] / writers=[64]
OOO / Test #25 / 1439449714128 / readers=[73, 73, 73, 73, 73, 73, 73, 74, 74, 74] / writers=[74]
OOO / Test #113 / 1439449714128 / readers=[71, 71, 71, 70, 71, 71, 71, 70, 70, 70] / writers=[71]
OOO / Test #140 / 1439449714128 / readers=[77, 78, 78, 78, 78, 78, 78, 78, 78, 78] / writers=[78]
OOO / Test #110 / 1439449714128 / readers=[70, 70, 70, 70, 70, 70, 70, 69, 70, 70] / writers=[70]
OOO / Test #115 / 1439449714128 / readers=[62, 62, 62, 62, 62, 61, 61, 61, 61, 62] / writers=[62]
OOO / Test #107 / 1439449714128 / readers=[65, 65, 65, 65, 64, 64, 64, 64, 64, 65] / writers=[65]
OOO / Test #25 / 1439449714263 / readers=[74, 74, 74, 74, 74, 74, 74, 75, 74, 75] / writers=[75]
OOO / Test #119 / 1439449714126 / readers=[59, 60, 60, 60, 60, 60, 60, 60, 60, 60] / writers=[60]
OOO / Test #121 / 1439449714126 / readers=[64, 64, 64, 64, 64, 64, 64, 64, 64, 64] / writers=[65]
OOO / Test #5 / 1439449714126 / readers=[86, 86, 87, 87, 86, 86, 86, 86, 86, 86] / writers=[87]
OOO / Test #99 / 1439449714126 / readers=[64, 64, 63, 63, 63, 63, 63, 63, 63, 63] / writers=[64]
OOO / Test #142 / 1439449714126 / readers=[73, 74, 74, 73, 73, 73, 73, 73, 73, 73] / writers=[74]
OOO / Test #111 / 1439449714126 / readers=[74, 74, 74, 74, 74, 74, 74, 74, 74, 74] / writers=[75]
OOO / Test #126 / 1439449714126 / readers=[63, 64, 64, 63, 63, 63, 63, 63, 63, 64] / writers=[64]
OOO / Test #5 / 1439449714266 / readers=[87, 87, 87, 88, 87, 87, 87, 87, 87, 87] / writers=[88]
OOO / Test #94 / 1439449714123 / readers=[56, 56, 56, 57, 56, 56, 56, 57, 56, 57] / writers=[57]
OOO / Test #1 / 1439449714123 / readers=[66, 66, 66, 66, 66, 66, 66, 66, 66, 66] / writers=[67]
OOO / Test #98 / 1439449714123 / readers=[62, 63, 63, 62, 62, 62, 63, 63, 62, 62] / writers=[63]
OOO / Test #83 / 1439449714123 / readers=[73, 74, 73, 74, 74, 73, 73, 73, 73, 73] / writers=[74]
OOO / Test #72 / 1439449714123 / readers=[60, 59, 59, 59, 60, 60, 60, 59, 60, 59] / writers=[60]
OOO / Test #103 / 1439449714123 / readers=[74, 73, 74, 74, 73, 73, 73, 73, 73, 73] / writers=[74]
OOO / Test #108 / 1439449714123 / readers=[69, 69, 69, 69, 69, 69, 69, 69, 68, 68] / writers=[69]
OOO / Test #98 / 1439449714268 / readers=[63, 64, 63, 63, 63, 63, 64, 64, 63, 63] / writers=[64]
OOO / Test #72 / 1439449714268 / readers=[61, 60, 60, 60, 61, 61, 61, 60, 60, 60] / writers=[61]
OOO / Test #1 / 1439449714266 / readers=[69, 69, 69, 69, 69, 69, 69, 68, 69, 69] / writers=[69]
OOO / Test #111 / 1439449714266 / readers=[77, 77, 76, 77, 77, 77, 77, 77, 77, 77] / writers=[77]
OOO / Test #94 / 1439449714266 / readers=[57, 57, 57, 58, 57, 57, 57, 58, 57, 57] / writers=[58]
OOO / Test #108 / 1439449714268 / readers=[70, 70, 70, 70, 70, 70, 70, 69, 69, 69] / writers=[70]
OOO / Test #126 / 1439449714266 / readers=[64, 65, 64, 64, 64, 64, 64, 64, 64, 65] / writers=[65]
OOO / Test #121 / 1439449714266 / readers=[67, 66, 67, 67, 67, 67, 67, 67, 67, 67] / writers=[67]
OOO / Test #5 / 1439449714266 / readers=[88, 88, 88, 88, 88, 88, 88, 88, 88, 88] / writers=[89]
OOO / Test #142 / 1439449714266 / readers=[74, 75, 74, 74, 74, 74, 74, 74, 74, 74] / writers=[75]
OOO / Test #99 / 1439449714266 / readers=[65, 64, 64, 64, 64, 64, 64, 64, 64, 64] / writers=[65]
OOO / Test #119 / 1439449714266 / readers=[60, 61, 61, 61, 61, 61, 60, 61, 61, 61] / writers=[61]
OOO / Test #126 / 1439449714271 / readers=[65, 65, 65, 65, 65, 65, 65, 65, 65, 66] / writers=[66]
OOO / Test #25 / 1439449714263 / readers=[75, 75, 75, 75, 75, 75, 75, 75, 75, 76] / writers=[76]
OOO / Test #107 / 1439449714263 / readers=[66, 66, 65, 66, 65, 65, 65, 65, 65, 66] / writers=[66]
OOO / Test #110 / 1439449714263 / readers=[71, 71, 71, 71, 71, 71, 71, 70, 70, 71] / writers=[71]
OOO / Test #115 / 1439449714263 / readers=[63, 63, 63, 63, 62, 62, 62, 62, 62, 63] / writers=[63]
OOO / Test #140 / 1439449714263 / readers=[78, 79, 79, 79, 79, 79, 79, 79, 79, 78] / writers=[79]
OOO / Test #113 / 1439449714263 / readers=[72, 72, 72, 71, 72, 72, 71, 71, 71, 71] / writers=[72]
OOO / Test #123 / 1439449714263 / readers=[65, 64, 64, 64, 64, 65, 64, 64, 64, 64] / writers=[65]
OOO / Test #132 / 1439449714263 / readers=[65, 65, 65, 65, 65, 65, 65, 65, 65, 65] / writers=[66]
OOO / Test #79 / 1439449714263 / readers=[63, 62, 62, 63, 63, 62, 62, 62, 62, 62] / writers=[63]
OOO / Test #70 / 1439449714263 / readers=[65, 64, 64, 64, 64, 64, 64, 64, 64, 64] / writers=[65]
OOO / Test #134 / 1439449714261 / readers=[78, 77, 78, 78, 78, 78, 78, 78, 78, 78] / writers=[78]
OOO / Test #113 / 1439449714275 / readers=[73, 73, 73, 72, 72, 73, 72, 72, 72, 72] / writers=[73]
OOO / Test #67 / 1439449714261 / readers=[67, 67, 67, 68, 68, 68, 67, 68, 68, 68] / writers=[68]
OOO / Test #105 / 1439449714261 / readers=[68, 68, 68, 68, 68, 68, 68, 68, 68, 67] / writers=[68]
OOO / Test #93 / 1439449714261 / readers=[71, 71, 71, 71, 71, 71, 71, 70, 70, 70] / writers=[71]
OOO / Test #129 / 1439449714261 / readers=[72, 72, 71, 72, 72, 72, 72, 71, 71, 71] / writers=[72]
OOO / Test #106 / 1439449714261 / readers=[69, 69, 69, 69, 69, 69, 69, 70, 69, 69] / writers=[70]
OOO / Test #89 / 1439449714261 / readers=[73, 73, 73, 73, 72, 72, 72, 72, 72, 72] / writers=[73]
OOO / Test #131 / 1439449714260 / readers=[65, 65, 65, 65, 64, 64, 65, 65, 65, 65] / writers=[65]
OOO / Test #143 / 1439449714258 / readers=[62, 63, 63, 62, 63, 62, 62, 62, 62, 62] / writers=[63]
OOO / Test #112 / 1439449714258 / readers=[70, 70, 70, 70, 70, 70, 70, 69, 69, 69] / writers=[70]
OOO / Test #129 / 1439449714278 / readers=[73, 73, 72, 73, 72, 73, 73, 72, 72, 72] / writers=[73]
OOO / Test #69 / 1439449714258 / readers=[69, 69, 69, 69, 69, 70, 70, 69, 69, 69] / writers=[70]
OOO / Test #87 / 1439449714258 / readers=[73, 72, 73, 73, 73, 72, 72, 72, 72, 72] / writers=[73]
OOO / Test #104 / 1439449714258 / readers=[74, 73, 73, 74, 74, 73, 73, 73, 73, 73] / writers=[74]
OOO / Test #138 / 1439449714258 / readers=[74, 74, 73, 73, 73, 74, 73, 73, 73, 73] / writers=[74]
OOO / Test #92 / 1439449714258 / readers=[75, 74, 75, 74, 74, 74, 74, 74, 74, 75] / writers=[75]
OOO / Test #77 / 1439449714255 / readers=[79, 79, 79, 79, 79, 79, 79, 79, 79, 78] / writers=[79]
OOO / Test #81 / 1439449714255 / readers=[68, 68, 68, 68, 69, 69, 68, 68, 69, 68] / writers=[69]
OOO / Test #68 / 1439449714255 / readers=[65, 65, 65, 65, 65, 65, 65, 65, 65, 65] / writers=[66]
OOO / Test #102 / 1439449714255 / readers=[72, 72, 72, 72, 71, 72, 72, 71, 72, 71] / writers=[72]
OOO / Test #138 / 1439449714282 / readers=[75, 75, 74, 74, 74, 74, 74, 74, 74, 74] / writers=[75]
OOO / Test #128 / 1439449714255 / readers=[71, 71, 71, 71, 71, 71, 70, 70, 70, 70] / writers=[71]
OOO / Test #92 / 1439449714282 / readers=[76, 75, 76, 75, 75, 75, 75, 75, 75, 75] / writers=[76]
OOO / Test #77 / 1439449714282 / readers=[80, 80, 80, 80, 80, 80, 80, 79, 80, 79] / writers=[80]
OOO / Test #120 / 1439449714255 / readers=[73, 74, 74, 73, 73, 74, 73, 73, 73, 73] / writers=[74]
OOO / Test #88 / 1439449714255 / readers=[74, 73, 74, 73, 74, 73, 73, 73, 73, 73] / writers=[74]
OOO / Test #71 / 1439449714255 / readers=[68, 68, 69, 69, 69, 69, 69, 69, 68, 68] / writers=[69]
OOO / Test #124 / 1439449714255 / readers=[71, 72, 72, 72, 72, 72, 71, 71, 71, 71] / writers=[72]
OOO / Test #151 / 1439449714253 / readers=[67, 67, 66, 67, 67, 67, 67, 67, 67, 67] / writers=[67]
OOO / Test #77 / 1439449714286 / readers=[81, 81, 81, 81, 81, 81, 81, 80, 80, 80] / writers=[81]
OOO / Test #136 / 1439449714253 / readers=[72, 73, 73, 72, 72, 73, 72, 72, 72, 72] / writers=[73]
OOO / Test #120 / 1439449714286 / readers=[74, 75, 75, 74, 74, 74, 74, 74, 74, 74] / writers=[75]
OOO / Test #74 / 1439449714253 / readers=[72, 73, 73, 73, 73, 73, 73, 72, 73, 72] / writers=[73]
OOO / Test #124 / 1439449714286 / readers=[72, 73, 73, 73, 72, 73, 72, 72, 72, 72] / writers=[73]
OOO / Test #63 / 1439449714253 / readers=[61, 61, 61, 61, 61, 60, 61, 60, 60, 60] / writers=[61]
OOO / Test #29 / 1439449714253 / readers=[72, 72, 72, 72, 73, 72, 72, 72, 72, 72] / writers=[73]
OOO / Test #135 / 1439449714253 / readers=[69, 69, 70, 69, 70, 69, 70, 70, 69, 69] / writers=[70]
OOO / Test #116 / 1439449714253 / readers=[71, 70, 71, 71, 71, 71, 71, 70, 70, 70] / writers=[71]
OOO / Test #85 / 1439449714253 / readers=[70, 70, 70, 70, 70, 70, 70, 69, 70, 69] / writers=[70]
OOO / Test #65 / 1439449714250 / readers=[80, 80, 80, 80, 80, 80, 80, 80, 79, 79] / writers=[80]
OOO / Test #63 / 1439449714288 / readers=[62, 62, 62, 61, 62, 61, 62, 61, 61, 61] / writers=[62]
OOO / Test #29 / 1439449714288 / readers=[73, 73, 73, 73, 73, 73, 73, 73, 73, 73] / writers=[74]
OOO / Test #135 / 1439449714288 / readers=[70, 70, 71, 70, 71, 70, 71, 70, 70, 70] / writers=[71]
OOO / Test #76 / 1439449714250 / readers=[74, 74, 74, 73, 73, 73, 73, 73, 73, 73] / writers=[74]
OOO / Test #117 / 1439449714250 / readers=[72, 72, 72, 72, 72, 71, 71, 71, 71, 71] / writers=[72]
OOO / Test #9 / 1439449714250 / readers=[97, 97, 97, 97, 97, 97, 97, 97, 97, 97] / writers=[98]
OOO / Test #114 / 1439449714250 / readers=[80, 80, 80, 80, 80, 80, 80, 80, 79, 79] / writers=[80]
OOO / Test #125 / 1439449714250 / readers=[65, 65, 65, 65, 65, 65, 65, 65, 65, 65] / writers=[66]
OOO / Test #137 / 1439449714250 / readers=[65, 65, 65, 65, 65, 65, 65, 65, 65, 65] / writers=[66]
OOO / Test #96 / 1439449714250 / readers=[71, 71, 71, 71, 71, 71, 70, 70, 70, 70] / writers=[71]
OOO / Test #82 / 1439449714250 / readers=[70, 70, 70, 70, 70, 70, 70, 69, 70, 69] / writers=[70]
OOO / Test #86 / 1439449714246 / readers=[66, 67, 67, 67, 67, 67, 67, 67, 67, 67] / writers=[67]
OOO / Test #114 / 1439449714292 / readers=[81, 81, 81, 81, 81, 81, 81, 80, 80, 80] / writers=[81]
OOO / Test #101 / 1439449714246 / readers=[67, 66, 67, 67, 67, 67, 67, 67, 66, 67] / writers=[67]
OOO / Test #141 / 1439449714246 / readers=[71, 71, 71, 70, 71, 71, 70, 71, 70, 70] / writers=[71]
OOO / Test #10 / 1439449714246 / readers=[76, 77, 76, 76, 76, 76, 76, 76, 76, 76] / writers=[77]
OOO / Test #57 / 1439449714246 / readers=[81, 82, 81, 81, 81, 81, 81, 81, 81, 81] / writers=[82]
OOO / Test #75 / 1439449714246 / readers=[62, 62, 62, 61, 62, 61, 61, 61, 61, 61] / writers=[62]
OOO / Test #130 / 1439449714246 / readers=[71, 71, 71, 71, 72, 72, 71, 71, 71, 71] / writers=[72]
OOO / Test #84 / 1439449714243 / readers=[73, 73, 73, 73, 73, 72, 73, 72, 72, 72] / writers=[73]
OOO / Test #8 / 1439449714243 / readers=[95, 94, 94, 94, 94, 94, 94, 94, 95, 94] / writers=[95]
OOO / Test #52 / 1439449714243 / readers=[79, 79, 79, 79, 79, 79, 79, 79, 79, 78] / writers=[79]
OOO / Test #141 / 1439449714295 / readers=[72, 72, 72, 71, 72, 72, 71, 71, 71, 71] / writers=[72]
OOO / Test #75 / 1439449714295 / readers=[63, 63, 63, 62, 62, 62, 62, 62, 62, 62] / writers=[63]
OOO / Test #154 / 1439449714243 / readers=[73, 74, 74, 73, 74, 73, 73, 73, 73, 73] / writers=[74]
OOO / Test #78 / 1439449714243 / readers=[76, 75, 75, 75, 75, 75, 75, 75, 75, 75] / writers=[76]
OOO / Test #118 / 1439449714243 / readers=[70, 70, 70, 70, 70, 70, 70, 70, 69, 69] / writers=[70]
OOO / Test #149 / 1439449714243 / readers=[64, 64, 63, 64, 63, 63, 63, 63, 63, 63] / writers=[64]
OOO / Test #37 / 1439449714243 / readers=[71, 72, 72, 71, 72, 71, 72, 72, 71, 71] / writers=[72]
OOO / Test #56 / 1439449714243 / readers=[84, 84, 83, 84, 83, 84, 83, 84, 84, 83] / writers=[84]
OOO / Test #21 / 1439449714240 / readers=[91, 91, 91, 91, 91, 91, 91, 91, 90, 91] / writers=[91]
OOO / Test #91 / 1439449714240 / readers=[71, 71, 71, 71, 71, 71, 70, 70, 70, 71] / writers=[71]
OOO / Test #118 / 1439449714298 / readers=[71, 71, 71, 71, 71, 71, 71, 70, 70, 70] / writers=[71]
OOO / Test #149 / 1439449714298 / readers=[65, 64, 64, 65, 64, 64, 64, 64, 64, 64] / writers=[65]
OOO / Test #37 / 1439449714298 / readers=[72, 73, 73, 72, 73, 72, 72, 73, 72, 72] / writers=[73]
OOO / Test #56 / 1439449714298 / readers=[85, 85, 84, 85, 84, 84, 84, 85, 85, 84] / writers=[85]
OOO / Test #45 / 1439449714240 / readers=[76, 76, 76, 76, 76, 76, 75, 76, 76, 75] / writers=[76]
OOO / Test #24 / 1439449714240 / readers=[76, 75, 75, 75, 75, 76, 75, 75, 76, 75] / writers=[76]
OOO / Test #66 / 1439449714240 / readers=[70, 70, 71, 71, 71, 71, 70, 70, 70, 70] / writers=[71]
OOO / Test #139 / 1439449714240 / readers=[71, 72, 72, 72, 72, 71, 72, 71, 71, 71] / writers=[72]
OOO / Test #127 / 1439449714240 / readers=[70, 70, 70, 70, 70, 69, 70, 70, 70, 69] / writers=[70]
OOO / Test #90 / 1439449714240 / readers=[68, 68, 68, 68, 68, 68, 68, 68, 68, 67] / writers=[68]
OOO / Test #56 / 1439449714301 / readers=[86, 86, 85, 86, 85, 85, 85, 85, 86, 85] / writers=[86]
OOO / Test #45 / 1439449714301 / readers=[77, 76, 77, 77, 77, 77, 76, 77, 77, 76] / writers=[77]
OOO / Test #145 / 1439449714240 / readers=[67, 68, 67, 68, 68, 67, 67, 67, 67, 67] / writers=[68]
OOO / Test #24 / 1439449714301 / readers=[77, 76, 76, 76, 76, 76, 76, 76, 77, 76] / writers=[77]
OOO / Test #109 / 1439449714239 / readers=[81, 81, 81, 81, 81, 81, 81, 80, 80, 80] / writers=[81]
OOO / Test #6 / 1439449714237 / readers=[101, 101, 101, 101, 101, 101, 101, 101, 101, 100] / writers=[101]
OOO / Test #32 / 1439449714237 / readers=[73, 73, 74, 73, 73, 73, 73, 73, 73, 73] / writers=[74]
OOO / Test #51 / 1439449714237 / readers=[79, 79, 78, 78, 78, 79, 79, 79, 78, 79] / writers=[79]
OOO / Test #109 / 1439449714304 / readers=[82, 82, 82, 82, 81, 82, 82, 81, 81, 81] / writers=[82]
OOO / Test #4 / 1439449714237 / readers=[95, 95, 94, 94, 95, 94, 94, 94, 94, 95] / writers=[95]
OOO / Test #144 / 1439449714237 / readers=[72, 72, 72, 72, 71, 72, 71, 71, 71, 72] / writers=[72]
OOO / Test #122 / 1439449714237 / readers=[72, 72, 72, 72, 71, 72, 71, 71, 71, 71] / writers=[72]
OOO / Test #6 / 1439449714304 / readers=[102, 102, 102, 101, 101, 102, 102, 102, 101, 101] / writers=[102]
OOO / Test #32 / 1439449714304 / readers=[74, 74, 74, 74, 74, 74, 74, 74, 74, 74] / writers=[75]
OOO / Test #48 / 1439449714237 / readers=[72, 72, 72, 72, 72, 71, 71, 71, 71, 71] / writers=[72]
OOO / Test #80 / 1439449714237 / readers=[65, 65, 65, 65, 65, 65, 65, 65, 65, 65] / writers=[66]
OOO / Test #155 / 1439449714237 / readers=[68, 68, 68, 68, 68, 68, 69, 69, 69, 69] / writers=[69]
OOO / Test #73 / 1439449714234 / readers=[71, 71, 71, 71, 71, 71, 71, 70, 70, 70] / writers=[71]
OOO / Test #12 / 1439449714233 / readers=[94, 95, 94, 94, 94, 95, 94, 94, 94, 94] / writers=[95]
OOO / Test #41 / 1439449714233 / readers=[67, 68, 68, 68, 67, 68, 68, 68, 68, 68] / writers=[68]
OOO / Test #42 / 1439449714233 / readers=[74, 74, 73, 74, 73, 73, 73, 73, 73, 73] / writers=[74]
OOO / Test #23 / 1439449714233 / readers=[82, 82, 82, 81, 82, 82, 81, 81, 81, 81] / writers=[82]
OOO / Test #155 / 1439449714307 / readers=[69, 69, 69, 69, 69, 69, 70, 70, 69, 70] / writers=[70]
OOO / Test #16 / 1439449714233 / readers=[88, 87, 87, 87, 87, 87, 87, 87, 87, 87] / writers=[88]
OOO / Test #80 / 1439449714307 / readers=[68, 68, 68, 68, 68, 68, 68, 68, 68, 67] / writers=[68]
OOO / Test #46 / 1439449714233 / readers=[77, 78, 78, 78, 78, 78, 77, 78, 78, 78] / writers=[78]
OOO / Test #147 / 1439449714233 / readers=[64, 64, 64, 65, 64, 64, 64, 65, 64, 64] / writers=[65]
OOO / Test #18 / 1439449714230 / readers=[81, 81, 81, 81, 81, 81, 81, 81, 81, 80] / writers=[81]
OOO / Test #19 / 1439449714230 / readers=[80, 80, 80, 80, 80, 81, 80, 81, 80, 80] / writers=[81]
OOO / Test #26 / 1439449714230 / readers=[71, 71, 71, 71, 71, 71, 70, 71, 71, 71] / writers=[71]
OOO / Test #80 / 1439449714310 / readers=[69, 69, 69, 69, 69, 69, 69, 68, 69, 68] / writers=[69]
OOO / Test #17 / 1439449714230 / readers=[83, 83, 84, 83, 83, 83, 84, 84, 84, 83] / writers=[84]
OOO / Test #59 / 1439449714230 / readers=[76, 76, 76, 77, 77, 77, 77, 77, 76, 77] / writers=[77]
OOO / Test #33 / 1439449714230 / readers=[66, 66, 66, 66, 66, 66, 66, 66, 66, 66] / writers=[67]
OOO / Test #133 / 1439449714230 / readers=[64, 64, 64, 63, 63, 63, 63, 63, 63, 64] / writers=[64]
OOO / Test #19 / 1439449714310 / readers=[81, 81, 81, 81, 81, 81, 81, 82, 81, 81] / writers=[82]
OOO / Test #58 / 1439449714230 / readers=[72, 72, 73, 73, 72, 72, 72, 73, 72, 72] / writers=[73]
OOO / Test #39 / 1439449714227 / readers=[76, 75, 76, 76, 75, 75, 75, 75, 75, 75] / writers=[76]
OOO / Test #38 / 1439449714227 / readers=[74, 74, 74, 74, 74, 74, 74, 74, 74, 74] / writers=[75]
OOO / Test #34 / 1439449714227 / readers=[72, 73, 72, 72, 72, 73, 73, 72, 73, 72] / writers=[73]
OOO / Test #35 / 1439449714227 / readers=[76, 75, 75, 75, 75, 75, 76, 75, 75, 75] / writers=[76]
OOO / Test #190 / 1439449714227 / readers=[77, 77, 76, 76, 76, 76, 77, 77, 77, 77] / writers=[77]
OOO / Test #64 / 1439449714227 / readers=[74, 74, 74, 73, 73, 73, 73, 73, 73, 73] / writers=[74]
OOO / Test #198 / 1439449714227 / readers=[72, 72, 72, 72, 72, 72, 72, 71, 71, 71] / writers=[72]
OOO / Test #95 / 1439449714227 / readers=[76, 77, 76, 76, 77, 77, 76, 76, 77, 77] / writers=[77]
OOO / Test #34 / 1439449714313 / readers=[73, 73, 73, 73, 73, 74, 74, 73, 74, 73] / writers=[74]
OOO / Test #146 / 1439449714227 / readers=[75, 75, 75, 74, 75, 75, 74, 74, 74, 74] / writers=[75]
OOO / Test #22 / 1439449714223 / readers=[74, 74, 74, 74, 74, 74, 74, 74, 74, 74] / writers=[75]
OOO / Test #15 / 1439449714223 / readers=[89, 89, 89, 90, 90, 90, 90, 90, 90, 89] / writers=[90]
OOO / Test #180 / 1439449714223 / readers=[65, 65, 65, 65, 65, 65, 65, 65, 65, 65] / writers=[66]
OOO / Test #157 / 1439449714223 / readers=[76, 75, 75, 76, 75, 75, 75, 75, 75, 75] / writers=[76]
OOO / Test #34 / 1439449714317 / readers=[74, 74, 74, 74, 74, 74, 75, 74, 75, 74] / writers=[75]
OOO / Test #62 / 1439449714223 / readers=[70, 70, 70, 70, 70, 70, 70, 70, 70, 70] / writers=[71]
OOO / Test #28 / 1439449714223 / readers=[78, 79, 78, 79, 79, 79, 78, 79, 79, 79] / writers=[79]
OOO / Test #146 / 1439449714317 / readers=[76, 76, 75, 75, 76, 76, 75, 75, 75, 75] / writers=[76]
OOO / Test #15 / 1439449714317 / readers=[90, 90, 90, 91, 91, 91, 91, 91, 90, 90] / writers=[91]
OOO / Test #44 / 1439449714223 / readers=[75, 75, 75, 74, 74, 74, 74, 74, 74, 74] / writers=[75]
OOO / Test #167 / 1439449714223 / readers=[67, 68, 68, 68, 68, 68, 68, 68, 68, 67] / writers=[68]
OOO / Test #49 / 1439449714223 / readers=[76, 76, 75, 75, 75, 75, 75, 75, 76, 76] / writers=[76]
OOO / Test #31 / 1439449714221 / readers=[72, 73, 73, 73, 73, 73, 73, 73, 73, 73] / writers=[73]
OOO / Test #40 / 1439449714221 / readers=[73, 73, 74, 74, 73, 73, 74, 74, 74, 74] / writers=[74]
OOO / Test #43 / 1439449714221 / readers=[71, 72, 72, 72, 72, 72, 72, 72, 72, 71] / writers=[72]
OOO / Test #167 / 1439449714320 / readers=[68, 69, 69, 69, 69, 69, 69, 68, 69, 68] / writers=[69]
OOO / Test #36 / 1439449714221 / readers=[74, 74, 74, 73, 73, 73, 74, 74, 74, 74] / writers=[74]
OOO / Test #162 / 1439449714221 / readers=[69, 68, 69, 69, 69, 69, 68, 69, 69, 68] / writers=[69]
OOO / Test #148 / 1439449714220 / readers=[63, 64, 63, 64, 63, 64, 63, 63, 63, 64] / writers=[64]
OOO / Test #40 / 1439449714320 / readers=[74, 74, 75, 75, 74, 74, 75, 75, 74, 75] / writers=[75]
OOO / Test #30 / 1439449714220 / readers=[69, 69, 69, 69, 69, 69, 69, 69, 69, 69] / writers=[70]
OOO / Test #55 / 1439449714220 / readers=[82, 82, 82, 82, 82, 82, 82, 81, 81, 82] / writers=[82]
OOO / Test #27 / 1439449714218 / readers=[70, 70, 70, 70, 70, 70, 70, 69, 70, 70] / writers=[70]
OOO / Test #153 / 1439449714218 / readers=[78, 78, 78, 78, 78, 78, 78, 78, 78, 79] / writers=[79]
OOO / Test #14 / 1439449714218 / readers=[103, 102, 102, 102, 102, 102, 102, 102, 102, 102] / writers=[103]
OOO / Test #97 / 1439449714218 / readers=[75, 75, 75, 75, 76, 75, 75, 75, 75, 75] / writers=[76]
OOO / Test #164 / 1439449714218 / readers=[68, 68, 68, 68, 68, 68, 68, 68, 67, 68] / writers=[68]
OOO / Test #55 / 1439449714322 / readers=[83, 83, 83, 83, 83, 83, 82, 82, 82, 83] / writers=[83]
OOO / Test #27 / 1439449714322 / readers=[71, 71, 71, 71, 71, 71, 70, 70, 71, 71] / writers=[71]
OOO / Test #20 / 1439449714218 / readers=[70, 70, 69, 70, 70, 70, 70, 70, 70, 70] / writers=[70]
OOO / Test #161 / 1439449714218 / readers=[76, 75, 75, 75, 76, 76, 76, 76, 76, 76] / writers=[76]
OOO / Test #60 / 1439449714218 / readers=[68, 67, 68, 68, 68, 68, 68, 68, 68, 67] / writers=[68]
OOO / Test #20 / 1439449714326 / readers=[71, 71, 70, 71, 71, 71, 71, 70, 71, 71] / writers=[71]
OOO / Test #178 / 1439449714218 / readers=[75, 75, 75, 74, 74, 74, 75, 75, 74, 74] / writers=[75]
OOO / Test #160 / 1439449714214 / readers=[72, 71, 72, 72, 71, 72, 71, 71, 71, 71] / writers=[72]
OOO / Test #182 / 1439449714214 / readers=[65, 65, 65, 65, 65, 65, 65, 65, 65, 65] / writers=[66]
OOO / Test #171 / 1439449714214 / readers=[70, 70, 70, 70, 70, 70, 70, 69, 70, 70] / writers=[70]
OOO / Test #20 / 1439449714326 / readers=[72, 72, 71, 72, 72, 71, 72, 71, 72, 72] / writers=[72]
OOO / Test #60 / 1439449714326 / readers=[69, 68, 68, 69, 69, 69, 69, 69, 69, 68] / writers=[69]
OOO / Test #166 / 1439449714214 / readers=[66, 65, 65, 66, 66, 66, 66, 66, 66, 66] / writers=[66]
OOO / Test #178 / 1439449714326 / readers=[76, 76, 75, 75, 75, 75, 76, 76, 75, 75] / writers=[76]
OOO / Test #176 / 1439449714214 / readers=[67, 66, 66, 66, 66, 66, 66, 66, 66, 66] / writers=[67]
OOO / Test #163 / 1439449714214 / readers=[71, 71, 71, 71, 71, 71, 70, 70, 70, 71] / writers=[71]
OOO / Test #174 / 1439449714214 / readers=[68, 68, 68, 68, 68, 68, 68, 68, 67, 68] / writers=[68]
OOO / Test #7 / 1439449714214 / readers=[74, 75, 74, 74, 74, 74, 74, 74, 74, 74] / writers=[75]
OOO / Test #169 / 1439449714211 / readers=[69, 69, 69, 69, 69, 69, 69, 69, 68, 69] / writers=[69]
OOO / Test #158 / 1439449714211 / readers=[68, 69, 69, 69, 69, 69, 69, 68, 69, 68] / writers=[69]
OOO / Test #165 / 1439449714211 / readers=[70, 70, 70, 70, 70, 70, 69, 69, 69, 69] / writers=[70]
OOO / Test #61 / 1439449714211 / readers=[74, 74, 74, 74, 74, 74, 74, 74, 74, 74] / writers=[75]
OOO / Test #177 / 1439449714211 / readers=[70, 71, 71, 70, 71, 71, 70, 70, 71, 71] / writers=[71]
OOO / Test #163 / 1439449714329 / readers=[72, 72, 72, 72, 72, 71, 71, 71, 71, 72] / writers=[72]
OOO / Test #156 / 1439449714211 / readers=[69, 69, 69, 69, 69, 69, 69, 69, 69, 68] / writers=[69]
OOO / Test #13 / 1439449714211 / readers=[93, 93, 94, 94, 94, 94, 94, 93, 93, 93] / writers=[94]
OOO / Test #181 / 1439449714211 / readers=[75, 74, 74, 74, 74, 74, 75, 74, 74, 75] / writers=[75]
OOO / Test #192 / 1439449714207 / readers=[79, 79, 79, 79, 79, 79, 79, 79, 78, 79] / writers=[79]
OOO / Test #168 / 1439449714207 / readers=[63, 64, 63, 63, 63, 63, 63, 63, 63, 63] / writers=[64]
OOO / Test #163 / 1439449714332 / readers=[73, 73, 73, 73, 72, 72, 72, 72, 72, 73] / writers=[73]
OOO / Test #100 / 1439449714207 / readers=[74, 74, 75, 74, 74, 75, 74, 74, 74, 74] / writers=[75]
OOO / Test #11 / 1439449714207 / readers=[97, 97, 97, 97, 97, 97, 97, 97, 97, 97] / writers=[98]
OOO / Test #150 / 1439449714207 / readers=[73, 73, 74, 73, 74, 73, 73, 73, 73, 73] / writers=[74]
OOO / Test #194 / 1439449714207 / readers=[69, 69, 69, 70, 69, 70, 70, 70, 69, 69] / writers=[70]
OOO / Test #193 / 1439449714207 / readers=[68, 68, 68, 68, 68, 68, 68, 68, 68, 67] / writers=[68]
OOO / Test #54 / 1439449714207 / readers=[79, 80, 79, 79, 79, 80, 80, 79, 79, 79] / writers=[80]
OOO / Test #199 / 1439449714205 / readers=[75, 76, 75, 75, 75, 75, 75, 75, 75, 75] / writers=[76]
OOO / Test #184 / 1439449714205 / readers=[65, 64, 64, 64, 64, 64, 64, 65, 65, 65] / writers=[65]
OOO / Test #173 / 1439449714205 / readers=[72, 72, 72, 72, 72, 71, 71, 71, 71, 71] / writers=[72]
OOO / Test #152 / 1439449714205 / readers=[68, 69, 69, 69, 69, 68, 69, 69, 69, 68] / writers=[69]
OOO / Test #195 / 1439449714205 / readers=[66, 66, 66, 66, 66, 66, 66, 66, 66, 66] / writers=[67]
OOO / Test #200 / 1439449714205 / readers=[65, 65, 65, 65, 65, 65, 65, 65, 65, 65] / writers=[66]
OOO / Test #183 / 1439449714205 / readers=[63, 64, 63, 63, 63, 63, 63, 63, 63, 63] / writers=[64]
OOO / Test #197 / 1439449714205 / readers=[72, 72, 72, 72, 72, 71, 71, 71, 72, 71] / writers=[72]
OOO / Test #186 / 1439449714205 / readers=[66, 66, 66, 66, 66, 66, 66, 66, 66, 66] / writers=[67]
OOO / Test #188 / 1439449714202 / readers=[68, 68, 68, 68, 68, 68, 68, 68, 68, 67] / writers=[68]
OOO / Test #53 / 1439449714202 / readers=[60, 60, 60, 60, 59, 60, 60, 60, 60, 60] / writers=[60]
OOO / Test #187 / 1439449714202 / readers=[69, 69, 69, 69, 69, 69, 69, 68, 69, 68] / writers=[69]
OOO / Test #191 / 1439449714202 / readers=[68, 68, 68, 68, 68, 68, 68, 68, 67, 68] / writers=[68]
OOO / Test #50 / 1439449714202 / readers=[64, 64, 65, 64, 64, 64, 64, 64, 65, 64] / writers=[65]
OOO / Test #172 / 1439449714202 / readers=[64, 65, 64, 64, 64, 64, 64, 64, 64, 64] / writers=[65]
OOO / Test #159 / 1439449714202 / readers=[68, 68, 68, 68, 68, 68, 67, 67, 68, 68] / writers=[68]
OOO / Test #53 / 1439449714340 / readers=[61, 60, 61, 61, 60, 61, 61, 61, 61, 61] / writers=[61]
OOO / Test #175 / 1439449714202 / readers=[57, 57, 57, 57, 58, 58, 58, 58, 57, 57] / writers=[58]
OOO / Test #187 / 1439449714340 / readers=[70, 70, 70, 70, 70, 70, 70, 69, 69, 69] / writers=[70]
OOO / Test #185 / 1439449714202 / readers=[64, 63, 64, 63, 63, 63, 63, 63, 63, 63] / writers=[64]
OOO / Test #196 / 1439449714199 / readers=[65, 65, 65, 65, 64, 65, 65, 65, 65, 65] / writers=[65]
OOO / Test #3 / 1439449714199 / readers=[79, 79, 79, 79, 80, 80, 80, 79, 80, 79] / writers=[80]
OOO / Test #189 / 1439449714199 / readers=[50, 50, 50, 50, 50, 49, 49, 49, 49, 49] / writers=[50]
OOO / Test #47 / 1439449714199 / readers=[63, 64, 63, 63, 63, 64, 64, 63, 63, 64] / writers=[64]
OOO / Test #179 / 1439449714199 / readers=[49, 49, 49, 49, 49, 49, 49, 49, 49, 49] / writers=[50]
OOO / Test #2 / 1439449714199 / readers=[64, 63, 64, 64, 64, 63, 63, 63, 63, 63] / writers=[64]
OOO / Test #170 / 1439449714199 / readers=[62, 62, 62, 62, 61, 62, 61, 62, 61, 61] / writers=[62]
OOO / Test #3 / 1439449714344 / readers=[80, 80, 80, 80, 81, 81, 81, 80, 80, 80] / writers=[81]
OOO / Test #47 / 1439449714344 / readers=[64, 65, 64, 64, 64, 65, 65, 64, 64, 64] / writers=[65]
OOO / Test #187 / 1439449714344 / readers=[71, 71, 71, 71, 71, 71, 70, 70, 70, 70] / writers=[71]
OOO / Test #196 / 1439449714344 / readers=[66, 65, 66, 66, 65, 66, 66, 66, 66, 66] / writers=[66]
OOO / Test #185 / 1439449714344 / readers=[65, 64, 64, 64, 64, 64, 64, 64, 64, 64] / writers=[65]
OOO / Test #175 / 1439449714340 / readers=[58, 58, 58, 58, 59, 59, 59, 58, 58, 58] / writers=[59]
OOO / Test #159 / 1439449714340 / readers=[69, 69, 69, 69, 69, 69, 68, 68, 68, 69] / writers=[69]
OOO / Test #187 / 1439449714348 / readers=[72, 72, 72, 72, 72, 71, 71, 71, 71, 71] / writers=[72]
OOO / Test #53 / 1439449714340 / readers=[62, 61, 62, 62, 61, 62, 62, 62, 61, 62] / writers=[62]
OOO / Test #196 / 1439449714348 / readers=[67, 66, 66, 67, 66, 67, 67, 67, 67, 67] / writers=[67]
OOO / Test #191 / 1439449714340 / readers=[69, 69, 69, 69, 69, 69, 69, 69, 68, 68] / writers=[69]
OOO / Test #172 / 1439449714340 / readers=[65, 65, 65, 65, 65, 65, 65, 65, 65, 65] / writers=[66]
OOO / Test #187 / 1439449714348 / readers=[73, 73, 73, 72, 73, 72, 72, 72, 72, 72] / writers=[73]
OOO / Test #186 / 1439449714340 / readers=[69, 69, 69, 69, 69, 69, 69, 69, 69, 68] / writers=[69]
OOO / Test #50 / 1439449714340 / readers=[65, 65, 65, 65, 65, 65, 65, 65, 66, 65] / writers=[66]
OOO / Test #188 / 1439449714340 / readers=[69, 69, 69, 69, 68, 69, 69, 69, 69, 68] / writers=[69]
OOO / Test #195 / 1439449714336 / readers=[69, 69, 69, 69, 69, 69, 69, 69, 69, 68] / writers=[69]
OOO / Test #200 / 1439449714336 / readers=[68, 68, 68, 68, 68, 68, 68, 68, 68, 67] / writers=[68]
OOO / Test #183 / 1439449714336 / readers=[64, 64, 64, 64, 64, 64, 64, 64, 64, 64] / writers=[65]
OOO / Test #197 / 1439449714336 / readers=[73, 73, 73, 73, 72, 72, 72, 72, 73, 72] / writers=[73]
OOO / Test #186 / 1439449714350 / readers=[70, 70, 70, 70, 70, 70, 70, 70, 69, 69] / writers=[70]
OOO / Test #188 / 1439449714350 / readers=[70, 70, 70, 70, 69, 70, 70, 70, 69, 69] / writers=[70]
OOO / Test #152 / 1439449714336 / readers=[69, 70, 70, 70, 70, 69, 70, 70, 69, 69] / writers=[70]
OOO / Test #173 / 1439449714336 / readers=[73, 73, 73, 73, 72, 72, 72, 72, 72, 72] / writers=[73]
OOO / Test #184 / 1439449714336 / readers=[65, 65, 65, 65, 65, 65, 65, 66, 66, 66] / writers=[66]
OOO / Test #199 / 1439449714336 / readers=[76, 76, 76, 76, 76, 76, 76, 76, 76, 76] / writers=[77]
OOO / Test #54 / 1439449714336 / readers=[80, 80, 80, 80, 80, 81, 81, 80, 80, 80] / writers=[81]
OOO / Test #193 / 1439449714336 / readers=[69, 69, 69, 69, 69, 68, 69, 69, 69, 68] / writers=[69]
OOO / Test #194 / 1439449714336 / readers=[70, 70, 70, 71, 70, 71, 71, 70, 70, 70] / writers=[71]
OOO / Test #11 / 1439449714333 / readers=[100, 99, 100, 100, 100, 100, 100, 100, 100, 100] / writers=[100]
OOO / Test #150 / 1439449714333 / readers=[74, 74, 75, 74, 74, 74, 74, 74, 74, 74] / writers=[75]
OOO / Test #173 / 1439449714353 / readers=[74, 74, 73, 74, 73, 73, 73, 73, 73, 73] / writers=[74]
OOO / Test #168 / 1439449714333 / readers=[64, 64, 64, 64, 64, 64, 64, 64, 64, 64] / writers=[